Analysis & Synthesis report for Can2
Mon Nov 04 22:02:12 2024
Quartus II 64-Bit Version 13.0.1 Build 232 06/12/2013 Service Pack 1 SJ Web Edition


---------------------
; Table of Contents ;
---------------------
  1. Legal Notice
  2. Analysis & Synthesis Summary
  3. Analysis & Synthesis Settings
  4. Parallel Compilation
  5. Analysis & Synthesis Source Files Read
  6. Analysis & Synthesis Resource Usage Summary
  7. Analysis & Synthesis Resource Utilization by Entity
  8. General Register Statistics
  9. Elapsed Time Per Partition
 10. Analysis & Synthesis Messages



----------------
; Legal Notice ;
----------------
Copyright (C) 1991-2013 Altera Corporation
Your use of Altera Corporation's design tools, logic functions 
and other software and tools, and its AMPP partner logic 
functions, and any output files from any of the foregoing 
(including device programming or simulation files), and any 
associated documentation or information are expressly subject 
to the terms and conditions of the Altera Program License 
Subscription Agreement, Altera MegaCore Function License 
Agreement, or other applicable license agreement, including, 
without limitation, that your use is for the sole purpose of 
programming logic devices manufactured by Altera and sold by 
Altera or its authorized distributors.  Please refer to the 
applicable agreement for further details.



+--------------------------------------------------------------------------------------+
; Analysis & Synthesis Summary                                                         ;
+------------------------------------+-------------------------------------------------+
; Analysis & Synthesis Status        ; Successful - Mon Nov 04 22:02:12 2024           ;
; Quartus II 64-Bit Version          ; 13.0.1 Build 232 06/12/2013 SP 1 SJ Web Edition ;
; Revision Name                      ; Can2                                            ;
; Top-level Entity Name              ; Datapath                                        ;
; Family                             ; Cyclone II                                      ;
; Total logic elements               ; 105                                             ;
;     Total combinational functions  ; 105                                             ;
;     Dedicated logic registers      ; 0                                               ;
; Total registers                    ; 0                                               ;
; Total pins                         ; 24                                              ;
; Total virtual pins                 ; 0                                               ;
; Total memory bits                  ; 0                                               ;
; Embedded Multiplier 9-bit elements ; 0                                               ;
; Total PLLs                         ; 0                                               ;
+------------------------------------+-------------------------------------------------+


+----------------------------------------------------------------------------------------------------------------------+
; Analysis & Synthesis Settings                                                                                        ;
+----------------------------------------------------------------------------+--------------------+--------------------+
; Option                                                                     ; Setting            ; Default Value      ;
+----------------------------------------------------------------------------+--------------------+--------------------+
; Device                                                                     ; EP2C35F672C6       ;                    ;
; Top-level entity name                                                      ; Datapath           ; Can2               ;
; Family name                                                                ; Cyclone II         ; Cyclone IV GX      ;
; Use smart compilation                                                      ; Off                ; Off                ;
; Enable parallel Assembler and TimeQuest Timing Analyzer during compilation ; On                 ; On                 ;
; Enable compact report table                                                ; Off                ; Off                ;
; Restructure Multiplexers                                                   ; Auto               ; Auto               ;
; Create Debugging Nodes for IP Cores                                        ; Off                ; Off                ;
; Preserve fewer node names                                                  ; On                 ; On                 ;
; Disable OpenCore Plus hardware evaluation                                  ; Off                ; Off                ;
; Verilog Version                                                            ; Verilog_2001       ; Verilog_2001       ;
; VHDL Version                                                               ; VHDL_1993          ; VHDL_1993          ;
; State Machine Processing                                                   ; Auto               ; Auto               ;
; Safe State Machine                                                         ; Off                ; Off                ;
; Extract Verilog State Machines                                             ; On                 ; On                 ;
; Extract VHDL State Machines                                                ; On                 ; On                 ;
; Ignore Verilog initial constructs                                          ; Off                ; Off                ;
; Iteration limit for constant Verilog loops                                 ; 5000               ; 5000               ;
; Iteration limit for non-constant Verilog loops                             ; 250                ; 250                ;
; Add Pass-Through Logic to Inferred RAMs                                    ; On                 ; On                 ;
; Infer RAMs from Raw Logic                                                  ; On                 ; On                 ;
; Parallel Synthesis                                                         ; On                 ; On                 ;
; DSP Block Balancing                                                        ; Auto               ; Auto               ;
; NOT Gate Push-Back                                                         ; On                 ; On                 ;
; Power-Up Don't Care                                                        ; On                 ; On                 ;
; Remove Redundant Logic Cells                                               ; Off                ; Off                ;
; Remove Duplicate Registers                                                 ; On                 ; On                 ;
; Ignore CARRY Buffers                                                       ; Off                ; Off                ;
; Ignore CASCADE Buffers                                                     ; Off                ; Off                ;
; Ignore GLOBAL Buffers                                                      ; Off                ; Off                ;
; Ignore ROW GLOBAL Buffers                                                  ; Off                ; Off                ;
; Ignore LCELL Buffers                                                       ; Off                ; Off                ;
; Ignore SOFT Buffers                                                        ; On                 ; On                 ;
; Limit AHDL Integers to 32 Bits                                             ; Off                ; Off                ;
; Optimization Technique                                                     ; Balanced           ; Balanced           ;
; Carry Chain Length                                                         ; 70                 ; 70                 ;
; Auto Carry Chains                                                          ; On                 ; On                 ;
; Auto Open-Drain Pins                                                       ; On                 ; On                 ;
; Perform WYSIWYG Primitive Resynthesis                                      ; Off                ; Off                ;
; Auto ROM Replacement                                                       ; On                 ; On                 ;
; Auto RAM Replacement                                                       ; On                 ; On                 ;
; Auto Shift Register Replacement                                            ; Auto               ; Auto               ;
; Allow Shift Register Merging across Hierarchies                            ; Auto               ; Auto               ;
; Auto Clock Enable Replacement                                              ; On                 ; On                 ;
; Strict RAM Replacement                                                     ; Off                ; Off                ;
; Allow Synchronous Control Signals                                          ; On                 ; On                 ;
; Force Use of Synchronous Clear Signals                                     ; Off                ; Off                ;
; Auto RAM to Logic Cell Conversion                                          ; Off                ; Off                ;
; Auto Resource Sharing                                                      ; Off                ; Off                ;
; Allow Any RAM Size For Recognition                                         ; Off                ; Off                ;
; Allow Any ROM Size For Recognition                                         ; Off                ; Off                ;
; Allow Any Shift Register Size For Recognition                              ; Off                ; Off                ;
; Use LogicLock Constraints during Resource Balancing                        ; On                 ; On                 ;
; Ignore translate_off and synthesis_off directives                          ; Off                ; Off                ;
; Timing-Driven Synthesis                                                    ; Off                ; Off                ;
; Report Parameter Settings                                                  ; On                 ; On                 ;
; Report Source Assignments                                                  ; On                 ; On                 ;
; Report Connectivity Checks                                                 ; On                 ; On                 ;
; Ignore Maximum Fan-Out Assignments                                         ; Off                ; Off                ;
; Synchronization Register Chain Length                                      ; 2                  ; 2                  ;
; PowerPlay Power Optimization                                               ; Normal compilation ; Normal compilation ;
; HDL message level                                                          ; Level2             ; Level2             ;
; Suppress Register Optimization Related Messages                            ; Off                ; Off                ;
; Number of Removed Registers Reported in Synthesis Report                   ; 5000               ; 5000               ;
; Number of Swept Nodes Reported in Synthesis Report                         ; 5000               ; 5000               ;
; Number of Inverted Registers Reported in Synthesis Report                  ; 100                ; 100                ;
; Clock MUX Protection                                                       ; On                 ; On                 ;
; Auto Gated Clock Conversion                                                ; Off                ; Off                ;
; Block Design Naming                                                        ; Auto               ; Auto               ;
; SDC constraint protection                                                  ; Off                ; Off                ;
; Synthesis Effort                                                           ; Auto               ; Auto               ;
; Shift Register Replacement - Allow Asynchronous Clear Signal               ; On                 ; On                 ;
; Pre-Mapping Resynthesis Optimization                                       ; Off                ; Off                ;
; Analysis & Synthesis Message Level                                         ; Medium             ; Medium             ;
; Disable Register Merging Across Hierarchies                                ; Auto               ; Auto               ;
; Resource Aware Inference For Block RAM                                     ; On                 ; On                 ;
; Synthesis Seed                                                             ; 1                  ; 1                  ;
+----------------------------------------------------------------------------+--------------------+--------------------+


Parallel compilation was disabled, but you have multiple processors available. Enable parallel compilation to reduce compilation time.
+-------------------------------------+
; Parallel Compilation                ;
+----------------------------+--------+
; Processors                 ; Number ;
+----------------------------+--------+
; Number detected on machine ; 16     ;
; Maximum allowed            ; 1      ;
+----------------------------+--------+


+-------------------------------------------------------------------------------------------------------------------------------------------------------------------------+
; Analysis & Synthesis Source Files Read                                                                                                                                  ;
+----------------------------------+-----------------+------------------------------------------+---------------------------------------------------------------+---------+
; File Name with User-Entered Path ; Used in Netlist ; File Type                                ; File Name with Absolute Path                                  ; Library ;
+----------------------------------+-----------------+------------------------------------------+---------------------------------------------------------------+---------+
; Sum8Bit.bdf                      ; yes             ; User Block Diagram/Schematic File        ; D:/study/year3/TKLLS/CE118/DoAn/Can2/Sum8Bit.bdf              ;         ;
; 1BitRigthShift.bdf               ; yes             ; User Block Diagram/Schematic File        ; D:/study/year3/TKLLS/CE118/DoAn/Can2/1BitRigthShift.bdf       ;         ;
; 3BitRigthShift.bdf               ; yes             ; User Block Diagram/Schematic File        ; D:/study/year3/TKLLS/CE118/DoAn/Can2/3BitRigthShift.bdf       ;         ;
; SumorSub.bdf                     ; yes             ; User Block Diagram/Schematic File        ; D:/study/year3/TKLLS/CE118/DoAn/Can2/SumorSub.bdf             ;         ;
; Xor8bit.bdf                      ; yes             ; User Block Diagram/Schematic File        ; D:/study/year3/TKLLS/CE118/DoAn/Can2/Xor8bit.bdf              ;         ;
; Datapath.bdf                     ; yes             ; User Block Diagram/Schematic File        ; D:/study/year3/TKLLS/CE118/DoAn/Can2/Datapath.bdf             ;         ;
; minmax.bdf                       ; yes             ; Auto-Found Block Diagram/Schematic File  ; D:/study/year3/TKLLS/CE118/DoAn/Can2/minmax.bdf               ;         ;
; mux21_8bit.bdf                   ; yes             ; Auto-Found Block Diagram/Schematic File  ; D:/study/year3/TKLLS/CE118/DoAn/Can2/mux21_8bit.bdf           ;         ;
; 21mux.bdf                        ; yes             ; Megafunction                             ; c:/altera/13.0sp1/quartus/libraries/others/maxplus2/21mux.bdf ;         ;
; subnbit.bdf                      ; yes             ; Auto-Found Block Diagram/Schematic File  ; D:/study/year3/TKLLS/CE118/DoAn/Can2/subnbit.bdf              ;         ;
; sub1bit.bdf                      ; yes             ; Auto-Found Block Diagram/Schematic File  ; D:/study/year3/TKLLS/CE118/DoAn/Can2/sub1bit.bdf              ;         ;
; sum.bdf                          ; yes             ; Auto-Found Block Diagram/Schematic File  ; D:/study/year3/TKLLS/CE118/DoAn/Can2/sum.bdf                  ;         ;
; trituyetdoi.bdf                  ; yes             ; Auto-Found Block Diagram/Schematic File  ; D:/study/year3/TKLLS/CE118/DoAn/Can2/trituyetdoi.bdf          ;         ;
+----------------------------------+-----------------+------------------------------------------+---------------------------------------------------------------+---------+


+------------------------------------------------------------------------------------------+
; Analysis & Synthesis Resource Usage Summary                                              ;
+---------------------------------------------+--------------------------------------------+
; Resource                                    ; Usage                                      ;
+---------------------------------------------+--------------------------------------------+
; Estimated Total logic elements              ; 105                                        ;
;                                             ;                                            ;
; Total combinational functions               ; 105                                        ;
; Logic element usage by number of LUT inputs ;                                            ;
;     -- 4 input functions                    ; 58                                         ;
;     -- 3 input functions                    ; 42                                         ;
;     -- <=2 input functions                  ; 5                                          ;
;                                             ;                                            ;
; Logic elements by mode                      ;                                            ;
;     -- normal mode                          ; 105                                        ;
;     -- arithmetic mode                      ; 0                                          ;
;                                             ;                                            ;
; Total registers                             ; 0                                          ;
;     -- Dedicated logic registers            ; 0                                          ;
;     -- I/O registers                        ; 0                                          ;
;                                             ;                                            ;
; I/O pins                                    ; 24                                         ;
; Embedded Multiplier 9-bit elements          ; 0                                          ;
; Maximum fan-out node                        ; MinMax:Max|SubnBit:inst1|Sub1Bit:inst|inst ;
; Maximum fan-out                             ; 23                                         ;
; Total fan-out                               ; 376                                        ;
; Average fan-out                             ; 2.91                                       ;
+---------------------------------------------+--------------------------------------------+


+-----------------------------------------------------------------------------------------------------------------------------------------------------------------------------------------------------------------+
; Analysis & Synthesis Resource Utilization by Entity                                                                                                                                                             ;
+----------------------------+-------------------+--------------+-------------+--------------+---------+-----------+------+--------------+---------------------------------------------------------+--------------+
; Compilation Hierarchy Node ; LC Combinationals ; LC Registers ; Memory Bits ; DSP Elements ; DSP 9x9 ; DSP 18x18 ; Pins ; Virtual Pins ; Full Hierarchy Name                                     ; Library Name ;
+----------------------------+-------------------+--------------+-------------+--------------+---------+-----------+------+--------------+---------------------------------------------------------+--------------+
; |Datapath                  ; 105 (0)           ; 0 (0)        ; 0           ; 0            ; 0       ; 0         ; 24   ; 0            ; |Datapath                                               ; work         ;
;    |MinMax:Max2|           ; 17 (0)            ; 0 (0)        ; 0           ; 0            ; 0       ; 0         ; 0    ; 0            ; |Datapath|MinMax:Max2                                   ; work         ;
;       |Mux21_8bit:inst|    ; 8 (0)             ; 0 (0)        ; 0           ; 0            ; 0       ; 0         ; 0    ; 0            ; |Datapath|MinMax:Max2|Mux21_8bit:inst                   ; work         ;
;          |21mux:inst1|     ; 1 (1)             ; 0 (0)        ; 0           ; 0            ; 0       ; 0         ; 0    ; 0            ; |Datapath|MinMax:Max2|Mux21_8bit:inst|21mux:inst1       ; work         ;
;          |21mux:inst2|     ; 1 (1)             ; 0 (0)        ; 0           ; 0            ; 0       ; 0         ; 0    ; 0            ; |Datapath|MinMax:Max2|Mux21_8bit:inst|21mux:inst2       ; work         ;
;          |21mux:inst3|     ; 1 (1)             ; 0 (0)        ; 0           ; 0            ; 0       ; 0         ; 0    ; 0            ; |Datapath|MinMax:Max2|Mux21_8bit:inst|21mux:inst3       ; work         ;
;          |21mux:inst4|     ; 1 (1)             ; 0 (0)        ; 0           ; 0            ; 0       ; 0         ; 0    ; 0            ; |Datapath|MinMax:Max2|Mux21_8bit:inst|21mux:inst4       ; work         ;
;          |21mux:inst5|     ; 1 (1)             ; 0 (0)        ; 0           ; 0            ; 0       ; 0         ; 0    ; 0            ; |Datapath|MinMax:Max2|Mux21_8bit:inst|21mux:inst5       ; work         ;
;          |21mux:inst6|     ; 1 (1)             ; 0 (0)        ; 0           ; 0            ; 0       ; 0         ; 0    ; 0            ; |Datapath|MinMax:Max2|Mux21_8bit:inst|21mux:inst6       ; work         ;
;          |21mux:inst7|     ; 1 (1)             ; 0 (0)        ; 0           ; 0            ; 0       ; 0         ; 0    ; 0            ; |Datapath|MinMax:Max2|Mux21_8bit:inst|21mux:inst7       ; work         ;
;          |21mux:inst|      ; 1 (1)             ; 0 (0)        ; 0           ; 0            ; 0       ; 0         ; 0    ; 0            ; |Datapath|MinMax:Max2|Mux21_8bit:inst|21mux:inst        ; work         ;
;       |SubnBit:inst1|      ; 9 (0)             ; 0 (0)        ; 0           ; 0            ; 0       ; 0         ; 0    ; 0            ; |Datapath|MinMax:Max2|SubnBit:inst1                     ; work         ;
;          |Sub1Bit:inst1|   ; 8 (8)             ; 0 (0)        ; 0           ; 0            ; 0       ; 0         ; 0    ; 0            ; |Datapath|MinMax:Max2|SubnBit:inst1|Sub1Bit:inst1       ; work         ;
;          |Sub1Bit:inst5|   ; 1 (1)             ; 0 (0)        ; 0           ; 0            ; 0       ; 0         ; 0    ; 0            ; |Datapath|MinMax:Max2|SubnBit:inst1|Sub1Bit:inst5       ; work         ;
;    |MinMax:Max|            ; 16 (0)            ; 0 (0)        ; 0           ; 0            ; 0       ; 0         ; 0    ; 0            ; |Datapath|MinMax:Max                                    ; work         ;
;       |Mux21_8bit:inst|    ; 8 (0)             ; 0 (0)        ; 0           ; 0            ; 0       ; 0         ; 0    ; 0            ; |Datapath|MinMax:Max|Mux21_8bit:inst                    ; work         ;
;          |21mux:inst1|     ; 1 (1)             ; 0 (0)        ; 0           ; 0            ; 0       ; 0         ; 0    ; 0            ; |Datapath|MinMax:Max|Mux21_8bit:inst|21mux:inst1        ; work         ;
;          |21mux:inst2|     ; 1 (1)             ; 0 (0)        ; 0           ; 0            ; 0       ; 0         ; 0    ; 0            ; |Datapath|MinMax:Max|Mux21_8bit:inst|21mux:inst2        ; work         ;
;          |21mux:inst3|     ; 1 (1)             ; 0 (0)        ; 0           ; 0            ; 0       ; 0         ; 0    ; 0            ; |Datapath|MinMax:Max|Mux21_8bit:inst|21mux:inst3        ; work         ;
;          |21mux:inst4|     ; 1 (1)             ; 0 (0)        ; 0           ; 0            ; 0       ; 0         ; 0    ; 0            ; |Datapath|MinMax:Max|Mux21_8bit:inst|21mux:inst4        ; work         ;
;          |21mux:inst5|     ; 1 (1)             ; 0 (0)        ; 0           ; 0            ; 0       ; 0         ; 0    ; 0            ; |Datapath|MinMax:Max|Mux21_8bit:inst|21mux:inst5        ; work         ;
;          |21mux:inst6|     ; 1 (1)             ; 0 (0)        ; 0           ; 0            ; 0       ; 0         ; 0    ; 0            ; |Datapath|MinMax:Max|Mux21_8bit:inst|21mux:inst6        ; work         ;
;          |21mux:inst7|     ; 1 (1)             ; 0 (0)        ; 0           ; 0            ; 0       ; 0         ; 0    ; 0            ; |Datapath|MinMax:Max|Mux21_8bit:inst|21mux:inst7        ; work         ;
;          |21mux:inst|      ; 1 (1)             ; 0 (0)        ; 0           ; 0            ; 0       ; 0         ; 0    ; 0            ; |Datapath|MinMax:Max|Mux21_8bit:inst|21mux:inst         ; work         ;
;       |SubnBit:inst1|      ; 8 (0)             ; 0 (0)        ; 0           ; 0            ; 0       ; 0         ; 0    ; 0            ; |Datapath|MinMax:Max|SubnBit:inst1                      ; work         ;
;          |Sub1Bit:inst1|   ; 6 (6)             ; 0 (0)        ; 0           ; 0            ; 0       ; 0         ; 0    ; 0            ; |Datapath|MinMax:Max|SubnBit:inst1|Sub1Bit:inst1        ; work         ;
;          |Sub1Bit:inst|    ; 2 (2)             ; 0 (0)        ; 0           ; 0            ; 0       ; 0         ; 0    ; 0            ; |Datapath|MinMax:Max|SubnBit:inst1|Sub1Bit:inst         ; work         ;
;    |MinMax:Min|            ; 12 (0)            ; 0 (0)        ; 0           ; 0            ; 0       ; 0         ; 0    ; 0            ; |Datapath|MinMax:Min                                    ; work         ;
;       |Mux21_8bit:inst|    ; 12 (0)            ; 0 (0)        ; 0           ; 0            ; 0       ; 0         ; 0    ; 0            ; |Datapath|MinMax:Min|Mux21_8bit:inst                    ; work         ;
;          |21mux:inst1|     ; 2 (2)             ; 0 (0)        ; 0           ; 0            ; 0       ; 0         ; 0    ; 0            ; |Datapath|MinMax:Min|Mux21_8bit:inst|21mux:inst1        ; work         ;
;          |21mux:inst2|     ; 2 (2)             ; 0 (0)        ; 0           ; 0            ; 0       ; 0         ; 0    ; 0            ; |Datapath|MinMax:Min|Mux21_8bit:inst|21mux:inst2        ; work         ;
;          |21mux:inst3|     ; 2 (2)             ; 0 (0)        ; 0           ; 0            ; 0       ; 0         ; 0    ; 0            ; |Datapath|MinMax:Min|Mux21_8bit:inst|21mux:inst3        ; work         ;
;          |21mux:inst4|     ; 2 (2)             ; 0 (0)        ; 0           ; 0            ; 0       ; 0         ; 0    ; 0            ; |Datapath|MinMax:Min|Mux21_8bit:inst|21mux:inst4        ; work         ;
;          |21mux:inst5|     ; 1 (1)             ; 0 (0)        ; 0           ; 0            ; 0       ; 0         ; 0    ; 0            ; |Datapath|MinMax:Min|Mux21_8bit:inst|21mux:inst5        ; work         ;
;          |21mux:inst7|     ; 2 (2)             ; 0 (0)        ; 0           ; 0            ; 0       ; 0         ; 0    ; 0            ; |Datapath|MinMax:Min|Mux21_8bit:inst|21mux:inst7        ; work         ;
;          |21mux:inst|      ; 1 (1)             ; 0 (0)        ; 0           ; 0            ; 0       ; 0         ; 0    ; 0            ; |Datapath|MinMax:Min|Mux21_8bit:inst|21mux:inst         ; work         ;
;    |SumorSub:Add|          ; 22 (0)            ; 0 (0)        ; 0           ; 0            ; 0       ; 0         ; 0    ; 0            ; |Datapath|SumorSub:Add                                  ; work         ;
;       |Sum8Bit:inst|       ; 22 (0)            ; 0 (0)        ; 0           ; 0            ; 0       ; 0         ; 0    ; 0            ; |Datapath|SumorSub:Add|Sum8Bit:inst                     ; work         ;
;          |Sum:inst1|       ; 1 (1)             ; 0 (0)        ; 0           ; 0            ; 0       ; 0         ; 0    ; 0            ; |Datapath|SumorSub:Add|Sum8Bit:inst|Sum:inst1           ; work         ;
;          |Sum:inst2|       ; 3 (3)             ; 0 (0)        ; 0           ; 0            ; 0       ; 0         ; 0    ; 0            ; |Datapath|SumorSub:Add|Sum8Bit:inst|Sum:inst2           ; work         ;
;          |Sum:inst3|       ; 3 (3)             ; 0 (0)        ; 0           ; 0            ; 0       ; 0         ; 0    ; 0            ; |Datapath|SumorSub:Add|Sum8Bit:inst|Sum:inst3           ; work         ;
;          |Sum:inst4|       ; 3 (3)             ; 0 (0)        ; 0           ; 0            ; 0       ; 0         ; 0    ; 0            ; |Datapath|SumorSub:Add|Sum8Bit:inst|Sum:inst4           ; work         ;
;          |Sum:inst5|       ; 3 (3)             ; 0 (0)        ; 0           ; 0            ; 0       ; 0         ; 0    ; 0            ; |Datapath|SumorSub:Add|Sum8Bit:inst|Sum:inst5           ; work         ;
;          |Sum:inst6|       ; 4 (4)             ; 0 (0)        ; 0           ; 0            ; 0       ; 0         ; 0    ; 0            ; |Datapath|SumorSub:Add|Sum8Bit:inst|Sum:inst6           ; work         ;
;          |Sum:inst7|       ; 2 (2)             ; 0 (0)        ; 0           ; 0            ; 0       ; 0         ; 0    ; 0            ; |Datapath|SumorSub:Add|Sum8Bit:inst|Sum:inst7           ; work         ;
;          |Sum:inst|        ; 3 (3)             ; 0 (0)        ; 0           ; 0            ; 0       ; 0         ; 0    ; 0            ; |Datapath|SumorSub:Add|Sum8Bit:inst|Sum:inst            ; work         ;
;    |SumorSub:Sub|          ; 17 (0)            ; 0 (0)        ; 0           ; 0            ; 0       ; 0         ; 0    ; 0            ; |Datapath|SumorSub:Sub                                  ; work         ;
;       |Sum8Bit:inst|       ; 17 (0)            ; 0 (0)        ; 0           ; 0            ; 0       ; 0         ; 0    ; 0            ; |Datapath|SumorSub:Sub|Sum8Bit:inst                     ; work         ;
;          |Sum:inst1|       ; 1 (1)             ; 0 (0)        ; 0           ; 0            ; 0       ; 0         ; 0    ; 0            ; |Datapath|SumorSub:Sub|Sum8Bit:inst|Sum:inst1           ; work         ;
;          |Sum:inst2|       ; 1 (1)             ; 0 (0)        ; 0           ; 0            ; 0       ; 0         ; 0    ; 0            ; |Datapath|SumorSub:Sub|Sum8Bit:inst|Sum:inst2           ; work         ;
;          |Sum:inst3|       ; 3 (3)             ; 0 (0)        ; 0           ; 0            ; 0       ; 0         ; 0    ; 0            ; |Datapath|SumorSub:Sub|Sum8Bit:inst|Sum:inst3           ; work         ;
;          |Sum:inst4|       ; 3 (3)             ; 0 (0)        ; 0           ; 0            ; 0       ; 0         ; 0    ; 0            ; |Datapath|SumorSub:Sub|Sum8Bit:inst|Sum:inst4           ; work         ;
;          |Sum:inst5|       ; 3 (3)             ; 0 (0)        ; 0           ; 0            ; 0       ; 0         ; 0    ; 0            ; |Datapath|SumorSub:Sub|Sum8Bit:inst|Sum:inst5           ; work         ;
;          |Sum:inst7|       ; 6 (6)             ; 0 (0)        ; 0           ; 0            ; 0       ; 0         ; 0    ; 0            ; |Datapath|SumorSub:Sub|Sum8Bit:inst|Sum:inst7           ; work         ;
;    |TriTuyetDoi:inst1|     ; 11 (0)            ; 0 (0)        ; 0           ; 0            ; 0       ; 0         ; 0    ; 0            ; |Datapath|TriTuyetDoi:inst1                             ; work         ;
;       |Mux21_8bit:inst|    ; 8 (0)             ; 0 (0)        ; 0           ; 0            ; 0       ; 0         ; 0    ; 0            ; |Datapath|TriTuyetDoi:inst1|Mux21_8bit:inst             ; work         ;
;          |21mux:inst1|     ; 1 (1)             ; 0 (0)        ; 0           ; 0            ; 0       ; 0         ; 0    ; 0            ; |Datapath|TriTuyetDoi:inst1|Mux21_8bit:inst|21mux:inst1 ; work         ;
;          |21mux:inst2|     ; 1 (1)             ; 0 (0)        ; 0           ; 0            ; 0       ; 0         ; 0    ; 0            ; |Datapath|TriTuyetDoi:inst1|Mux21_8bit:inst|21mux:inst2 ; work         ;
;          |21mux:inst3|     ; 1 (1)             ; 0 (0)        ; 0           ; 0            ; 0       ; 0         ; 0    ; 0            ; |Datapath|TriTuyetDoi:inst1|Mux21_8bit:inst|21mux:inst3 ; work         ;
;          |21mux:inst4|     ; 1 (1)             ; 0 (0)        ; 0           ; 0            ; 0       ; 0         ; 0    ; 0            ; |Datapath|TriTuyetDoi:inst1|Mux21_8bit:inst|21mux:inst4 ; work         ;
;          |21mux:inst5|     ; 1 (1)             ; 0 (0)        ; 0           ; 0            ; 0       ; 0         ; 0    ; 0            ; |Datapath|TriTuyetDoi:inst1|Mux21_8bit:inst|21mux:inst5 ; work         ;
;          |21mux:inst7|     ; 1 (1)             ; 0 (0)        ; 0           ; 0            ; 0       ; 0         ; 0    ; 0            ; |Datapath|TriTuyetDoi:inst1|Mux21_8bit:inst|21mux:inst7 ; work         ;
;          |21mux:inst|      ; 2 (2)             ; 0 (0)        ; 0           ; 0            ; 0       ; 0         ; 0    ; 0            ; |Datapath|TriTuyetDoi:inst1|Mux21_8bit:inst|21mux:inst  ; work         ;
;       |SubnBit:inst1|      ; 3 (0)             ; 0 (0)        ; 0           ; 0            ; 0       ; 0         ; 0    ; 0            ; |Datapath|TriTuyetDoi:inst1|SubnBit:inst1               ; work         ;
;          |Sub1Bit:inst2|   ; 1 (1)             ; 0 (0)        ; 0           ; 0            ; 0       ; 0         ; 0    ; 0            ; |Datapath|TriTuyetDoi:inst1|SubnBit:inst1|Sub1Bit:inst2 ; work         ;
;          |Sub1Bit:inst7|   ; 2 (2)             ; 0 (0)        ; 0           ; 0            ; 0       ; 0         ; 0    ; 0            ; |Datapath|TriTuyetDoi:inst1|SubnBit:inst1|Sub1Bit:inst7 ; work         ;
;    |TriTuyetDoi:inst7|     ; 10 (0)            ; 0 (0)        ; 0           ; 0            ; 0       ; 0         ; 0    ; 0            ; |Datapath|TriTuyetDoi:inst7                             ; work         ;
;       |Mux21_8bit:inst|    ; 7 (0)             ; 0 (0)        ; 0           ; 0            ; 0       ; 0         ; 0    ; 0            ; |Datapath|TriTuyetDoi:inst7|Mux21_8bit:inst             ; work         ;
;          |21mux:inst1|     ; 1 (1)             ; 0 (0)        ; 0           ; 0            ; 0       ; 0         ; 0    ; 0            ; |Datapath|TriTuyetDoi:inst7|Mux21_8bit:inst|21mux:inst1 ; work         ;
;          |21mux:inst2|     ; 1 (1)             ; 0 (0)        ; 0           ; 0            ; 0       ; 0         ; 0    ; 0            ; |Datapath|TriTuyetDoi:inst7|Mux21_8bit:inst|21mux:inst2 ; work         ;
;          |21mux:inst3|     ; 1 (1)             ; 0 (0)        ; 0           ; 0            ; 0       ; 0         ; 0    ; 0            ; |Datapath|TriTuyetDoi:inst7|Mux21_8bit:inst|21mux:inst3 ; work         ;
;          |21mux:inst4|     ; 1 (1)             ; 0 (0)        ; 0           ; 0            ; 0       ; 0         ; 0    ; 0            ; |Datapath|TriTuyetDoi:inst7|Mux21_8bit:inst|21mux:inst4 ; work         ;
;          |21mux:inst5|     ; 1 (1)             ; 0 (0)        ; 0           ; 0            ; 0       ; 0         ; 0    ; 0            ; |Datapath|TriTuyetDoi:inst7|Mux21_8bit:inst|21mux:inst5 ; work         ;
;          |21mux:inst7|     ; 1 (1)             ; 0 (0)        ; 0           ; 0            ; 0       ; 0         ; 0    ; 0            ; |Datapath|TriTuyetDoi:inst7|Mux21_8bit:inst|21mux:inst7 ; work         ;
;          |21mux:inst|      ; 1 (1)             ; 0 (0)        ; 0           ; 0            ; 0       ; 0         ; 0    ; 0            ; |Datapath|TriTuyetDoi:inst7|Mux21_8bit:inst|21mux:inst  ; work         ;
;       |SubnBit:inst1|      ; 3 (0)             ; 0 (0)        ; 0           ; 0            ; 0       ; 0         ; 0    ; 0            ; |Datapath|TriTuyetDoi:inst7|SubnBit:inst1               ; work         ;
;          |Sub1Bit:inst2|   ; 1 (1)             ; 0 (0)        ; 0           ; 0            ; 0       ; 0         ; 0    ; 0            ; |Datapath|TriTuyetDoi:inst7|SubnBit:inst1|Sub1Bit:inst2 ; work         ;
;          |Sub1Bit:inst7|   ; 2 (2)             ; 0 (0)        ; 0           ; 0            ; 0       ; 0         ; 0    ; 0            ; |Datapath|TriTuyetDoi:inst7|SubnBit:inst1|Sub1Bit:inst7 ; work         ;
+----------------------------+-------------------+--------------+-------------+--------------+---------+-----------+------+--------------+---------------------------------------------------------+--------------+
Note: For table entries with two numbers listed, the numbers in parentheses indicate the number of resources of the given type used by the specific entity alone. The numbers listed outside of parentheses indicate the total resources of the given type used by the specific entity and all of its sub-entities in the hierarchy.


+------------------------------------------------------+
; General Register Statistics                          ;
+----------------------------------------------+-------+
; Statistic                                    ; Value ;
+----------------------------------------------+-------+
; Total registers                              ; 0     ;
; Number of registers using Synchronous Clear  ; 0     ;
; Number of registers using Synchronous Load   ; 0     ;
; Number of registers using Asynchronous Clear ; 0     ;
; Number of registers using Asynchronous Load  ; 0     ;
; Number of registers using Clock Enable       ; 0     ;
; Number of registers using Preset             ; 0     ;
+----------------------------------------------+-------+


+-------------------------------+
; Elapsed Time Per Partition    ;
+----------------+--------------+
; Partition Name ; Elapsed Time ;
+----------------+--------------+
; Top            ; 00:00:00     ;
+----------------+--------------+


+-------------------------------+
; Analysis & Synthesis Messages ;
+-------------------------------+
Info: *******************************************************************
Info: Running Quartus II 64-Bit Analysis & Synthesis
    Info: Version 13.0.1 Build 232 06/12/2013 Service Pack 1 SJ Web Edition
    Info: Processing started: Mon Nov 04 22:02:11 2024
Info: Command: quartus_map --read_settings_files=on --write_settings_files=off Can2 -c Can2
Warning (20028): Parallel compilation is not licensed and has been disabled
Info (12021): Found 1 design units, including 1 entities, in source file can2.bdf
    Info (12023): Found entity 1: Can2
Info (12021): Found 1 design units, including 1 entities, in source file sum8bit.bdf
    Info (12023): Found entity 1: Sum8Bit
Info (12021): Found 1 design units, including 1 entities, in source file 1bitrigthshift.bdf
    Info (12023): Found entity 1: 1BitRigthShift
Info (12021): Found 1 design units, including 1 entities, in source file 3bitrigthshift.bdf
    Info (12023): Found entity 1: 3BitRigthShift
Info (12021): Found 1 design units, including 1 entities, in source file sumorsub.bdf
    Info (12023): Found entity 1: SumorSub
Info (12021): Found 1 design units, including 1 entities, in source file xor8bit.bdf
    Info (12023): Found entity 1: Xor8bit
Info (12021): Found 1 design units, including 1 entities, in source file datapath.bdf
    Info (12023): Found entity 1: Datapath
Info (12127): Elaborating entity "Datapath" for the top level hierarchy
Warning (12125): Using design file minmax.bdf, which is not specified as a design file for the current project, but contains definitions for 1 design units and 1 entities in project
    Info (12023): Found entity 1: MinMax
Info (12128): Elaborating entity "MinMax" for hierarchy "MinMax:Max2"
Warning (12125): Using design file mux21_8bit.bdf, which is not specified as a design file for the current project, but contains definitions for 1 design units and 1 entities in project
    Info (12023): Found entity 1: Mux21_8bit
Info (12128): Elaborating entity "Mux21_8bit" for hierarchy "MinMax:Max2|Mux21_8bit:inst"
Info (12128): Elaborating entity "21mux" for hierarchy "MinMax:Max2|Mux21_8bit:inst|21mux:inst"
Info (12130): Elaborated megafunction instantiation "MinMax:Max2|Mux21_8bit:inst|21mux:inst"
Warning (12125): Using design file subnbit.bdf, which is not specified as a design file for the current project, but contains definitions for 1 design units and 1 entities in project
    Info (12023): Found entity 1: SubnBit
Info (12128): Elaborating entity "SubnBit" for hierarchy "MinMax:Max2|SubnBit:inst1"
Warning (12125): Using design file sub1bit.bdf, which is not specified as a design file for the current project, but contains definitions for 1 design units and 1 entities in project
    Info (12023): Found entity 1: Sub1Bit
Info (12128): Elaborating entity "Sub1Bit" for hierarchy "MinMax:Max2|SubnBit:inst1|Sub1Bit:inst"
Info (12128): Elaborating entity "SumorSub" for hierarchy "SumorSub:Add"
Info (12128): Elaborating entity "Sum8Bit" for hierarchy "SumorSub:Add|Sum8Bit:inst"
Warning (275085): Found inconsistent dimensions for element "Cnext"
Warning (275080): Converted elements in bus name "Cnext" using legacy naming rules. Make any assignments on the new names, not on the original names.
    Warning (275081): Converted element name(s) from "Cnext[6]" to "Cnext6"
    Warning (275081): Converted element name(s) from "Cnext[4]" to "Cnext4"
    Warning (275081): Converted element name(s) from "Cnext[3]" to "Cnext3"
    Warning (275081): Converted element name(s) from "Cnext[5]" to "Cnext5"
    Warning (275081): Converted element name(s) from "Cnext[2]" to "Cnext2"
    Warning (275081): Converted element name(s) from "Cnext[1]" to "Cnext1"
    Warning (275081): Converted element name(s) from "Cnext[0]" to "Cnext0"
    Warning (275081): Converted element name(s) from "Cnext[7]" to "Cnext7"
    Warning (275081): Converted element name(s) from "Cnext[6]" to "Cnext6"
    Warning (275081): Converted element name(s) from "Cnext[5]" to "Cnext5"
    Warning (275081): Converted element name(s) from "Cnext[4]" to "Cnext4"
    Warning (275081): Converted element name(s) from "Cnext[3]" to "Cnext3"
    Warning (275081): Converted element name(s) from "Cnext[2]" to "Cnext2"
    Warning (275081): Converted element name(s) from "Cnext[1]" to "Cnext1"
    Warning (275081): Converted element name(s) from "Cnext[0]" to "Cnext0"
    Warning (275081): Converted element name(s) from "Cnext[7]" to "Cnext7"
Warning (12125): Using design file sum.bdf, which is not specified as a design file for the current project, but contains definitions for 1 design units and 1 entities in project
    Info (12023): Found entity 1: Sum
Info (12128): Elaborating entity "Sum" for hierarchy "SumorSub:Add|Sum8Bit:inst|Sum:inst"
Info (12128): Elaborating entity "Xor8bit" for hierarchy "SumorSub:Add|Xor8bit:inst2"
Warning (275011): Block or symbol "XOR" of instance "inst" overlaps another block or symbol
Info (12128): Elaborating entity "1BitRigthShift" for hierarchy "1BitRigthShift:inst"
Warning (12125): Using design file trituyetdoi.bdf, which is not specified as a design file for the current project, but contains definitions for 1 design units and 1 entities in project
    Info (12023): Found entity 1: TriTuyetDoi
Info (12128): Elaborating entity "TriTuyetDoi" for hierarchy "TriTuyetDoi:inst7"
Info (12128): Elaborating entity "3BitRigthShift" for hierarchy "3BitRigthShift:inst2"
Info (16010): Generating hard_block partition "hard_block:auto_generated_inst"
    Info (16011): Adding 0 node(s), including 0 DDIO, 0 PLL, 0 transceiver and 0 LCELL
Info (21057): Implemented 129 device resources after synthesis - the final resource count might be different
    Info (21058): Implemented 16 input pins
    Info (21059): Implemented 8 output pins
    Info (21061): Implemented 105 logic cells
Info: Quartus II 64-Bit Analysis & Synthesis was successful. 0 errors, 26 warnings
    Info: Peak virtual memory: 4600 megabytes
    Info: Processing ended: Mon Nov 04 22:02:12 2024
    Info: Elapsed time: 00:00:01
    Info: Total CPU time (on all processors): 00:00:01


