Simulator report for Can2
Mon Nov 04 22:00:00 2024
Quartus II 64-Bit Version 13.0.1 Build 232 06/12/2013 Service Pack 1 SJ Web Edition


---------------------
; Table of Contents ;
---------------------
  1. Legal Notice
  2. Simulator Summary
  3. Simulator Settings
  4. Simulation Waveforms
  5. Coverage Summary
  6. Complete 1/0-Value Coverage
  7. Missing 1-Value Coverage
  8. Missing 0-Value Coverage
  9. Simulator INI Usage
 10. Simulator Messages



----------------
; Legal Notice ;
----------------
Copyright (C) 1991-2013 Altera Corporation
Your use of Altera Corporation's design tools, logic functions 
and other software and tools, and its AMPP partner logic 
functions, and any output files from any of the foregoing 
(including device programming or simulation files), and any 
associated documentation or information are expressly subject 
to the terms and conditions of the Altera Program License 
Subscription Agreement, Altera MegaCore Function License 
Agreement, or other applicable license agreement, including, 
without limitation, that your use is for the sole purpose of 
programming logic devices manufactured by Altera and sold by 
Altera or its authorized distributors.  Please refer to the 
applicable agreement for further details.



+--------------------------------------------+
; Simulator Summary                          ;
+-----------------------------+--------------+
; Type                        ; Value        ;
+-----------------------------+--------------+
; Simulation Start Time       ; 0 ps         ;
; Simulation End Time         ; 1.0 us       ;
; Simulation Netlist Size     ; 329 nodes    ;
; Simulation Coverage         ;      11.85 % ;
; Total Number of Transitions ; 166          ;
; Simulation Breakpoints      ; 0            ;
; Family                      ; Cyclone II   ;
+-----------------------------+--------------+


+-----------------------------------------------------------------------------------------------------------------------------------------------------------------+
; Simulator Settings                                                                                                                                              ;
+--------------------------------------------------------------------------------------------+----------------------------------------------------+---------------+
; Option                                                                                     ; Setting                                            ; Default Value ;
+--------------------------------------------------------------------------------------------+----------------------------------------------------+---------------+
; Simulation mode                                                                            ; Functional                                         ; Timing        ;
; Start time                                                                                 ; 0 ns                                               ; 0 ns          ;
; Simulation results format                                                                  ; VWF                                                ;               ;
; Vector input source                                                                        ; D:/study/year3/TKLLS/CE118/DoAn/Can2/Waveform6.vwf ;               ;
; Add pins automatically to simulation output waveforms                                      ; On                                                 ; On            ;
; Check outputs                                                                              ; Off                                                ; Off           ;
; Report simulation coverage                                                                 ; On                                                 ; On            ;
; Display complete 1/0 value coverage report                                                 ; On                                                 ; On            ;
; Display missing 1-value coverage report                                                    ; On                                                 ; On            ;
; Display missing 0-value coverage report                                                    ; On                                                 ; On            ;
; Detect setup and hold time violations                                                      ; Off                                                ; Off           ;
; Detect glitches                                                                            ; Off                                                ; Off           ;
; Disable timing delays in Timing Simulation                                                 ; Off                                                ; Off           ;
; Generate Signal Activity File                                                              ; Off                                                ; Off           ;
; Generate VCD File for PowerPlay Power Analyzer                                             ; Off                                                ; Off           ;
; Group bus channels in simulation results                                                   ; Off                                                ; Off           ;
; Preserve fewer signal transitions to reduce memory requirements                            ; On                                                 ; On            ;
; Trigger vector comparison with the specified mode                                          ; INPUT_EDGE                                         ; INPUT_EDGE    ;
; Disable setup and hold time violations detection in input registers of bi-directional pins ; Off                                                ; Off           ;
; Overwrite Waveform Inputs With Simulation Outputs                                          ; Off                                                ;               ;
; Perform Glitch Filtering in Timing Simulation                                              ; Auto                                               ; Auto          ;
+--------------------------------------------------------------------------------------------+----------------------------------------------------+---------------+


+----------------------+
; Simulation Waveforms ;
+----------------------+
Waveform report data cannot be output to ASCII.
Please use Quartus II 64-Bit to view the waveform report data.


+--------------------------------------------------------------------+
; Coverage Summary                                                   ;
+-----------------------------------------------------+--------------+
; Type                                                ; Value        ;
+-----------------------------------------------------+--------------+
; Total coverage as a percentage                      ;      11.85 % ;
; Total nodes checked                                 ; 329          ;
; Total output ports checked                          ; 329          ;
; Total output ports with complete 1/0-value coverage ; 39           ;
; Total output ports with no 1/0-value coverage       ; 226          ;
; Total output ports with no 1-value coverage         ; 283          ;
; Total output ports with no 0-value coverage         ; 233          ;
+-----------------------------------------------------+--------------+


The following table displays output ports that toggle between 1 and 0 during simulation.
+----------------------------------------------------------------------------------------------------------------------------------------------------+
; Complete 1/0-Value Coverage                                                                                                                        ;
+----------------------------------------------------------------+----------------------------------------------------------------+------------------+
; Node Name                                                      ; Output Port Name                                               ; Output Port Type ;
+----------------------------------------------------------------+----------------------------------------------------------------+------------------+
; |Datapath|MinMax:Max|SubnBit:inst1|Sub1Bit:inst6|inst12        ; |Datapath|MinMax:Max|SubnBit:inst1|Sub1Bit:inst6|inst12        ; out0             ;
; |Datapath|MinMax:Max|SubnBit:inst1|Sub1Bit:inst6|inst11        ; |Datapath|MinMax:Max|SubnBit:inst1|Sub1Bit:inst6|inst11        ; out0             ;
; |Datapath|MinMax:Max|SubnBit:inst1|Sub1Bit:inst7|inst12        ; |Datapath|MinMax:Max|SubnBit:inst1|Sub1Bit:inst7|inst12        ; out0             ;
; |Datapath|MinMax:Max|SubnBit:inst1|Sub1Bit:inst7|inst11        ; |Datapath|MinMax:Max|SubnBit:inst1|Sub1Bit:inst7|inst11        ; out0             ;
; |Datapath|MinMax:Max|SubnBit:inst1|Sub1Bit:inst3|inst12        ; |Datapath|MinMax:Max|SubnBit:inst1|Sub1Bit:inst3|inst12        ; out0             ;
; |Datapath|MinMax:Max|SubnBit:inst1|Sub1Bit:inst3|inst11        ; |Datapath|MinMax:Max|SubnBit:inst1|Sub1Bit:inst3|inst11        ; out0             ;
; |Datapath|MinMax:Max|SubnBit:inst1|Sub1Bit:inst2|inst12        ; |Datapath|MinMax:Max|SubnBit:inst1|Sub1Bit:inst2|inst12        ; out0             ;
; |Datapath|MinMax:Max|SubnBit:inst1|Sub1Bit:inst2|inst11        ; |Datapath|MinMax:Max|SubnBit:inst1|Sub1Bit:inst2|inst11        ; out0             ;
; |Datapath|MinMax:Max|SubnBit:inst1|Sub1Bit:inst1|inst12        ; |Datapath|MinMax:Max|SubnBit:inst1|Sub1Bit:inst1|inst12        ; out0             ;
; |Datapath|MinMax:Max|SubnBit:inst1|Sub1Bit:inst1|inst11        ; |Datapath|MinMax:Max|SubnBit:inst1|Sub1Bit:inst1|inst11        ; out0             ;
; |Datapath|MinMax:Max|SubnBit:inst1|Sub1Bit:inst|inst           ; |Datapath|MinMax:Max|SubnBit:inst1|Sub1Bit:inst|inst           ; out0             ;
; |Datapath|TriTuyetDoi:inst7|SubnBit:inst1|Sub1Bit:inst6|inst   ; |Datapath|TriTuyetDoi:inst7|SubnBit:inst1|Sub1Bit:inst6|inst   ; out0             ;
; |Datapath|TriTuyetDoi:inst7|SubnBit:inst1|Sub1Bit:inst6|inst12 ; |Datapath|TriTuyetDoi:inst7|SubnBit:inst1|Sub1Bit:inst6|inst12 ; out0             ;
; |Datapath|TriTuyetDoi:inst7|SubnBit:inst1|Sub1Bit:inst6|inst11 ; |Datapath|TriTuyetDoi:inst7|SubnBit:inst1|Sub1Bit:inst6|inst11 ; out0             ;
; |Datapath|TriTuyetDoi:inst7|SubnBit:inst1|Sub1Bit:inst7|inst   ; |Datapath|TriTuyetDoi:inst7|SubnBit:inst1|Sub1Bit:inst7|inst   ; out0             ;
; |Datapath|TriTuyetDoi:inst7|SubnBit:inst1|Sub1Bit:inst7|inst12 ; |Datapath|TriTuyetDoi:inst7|SubnBit:inst1|Sub1Bit:inst7|inst12 ; out0             ;
; |Datapath|TriTuyetDoi:inst7|SubnBit:inst1|Sub1Bit:inst7|inst11 ; |Datapath|TriTuyetDoi:inst7|SubnBit:inst1|Sub1Bit:inst7|inst11 ; out0             ;
; |Datapath|TriTuyetDoi:inst7|SubnBit:inst1|Sub1Bit:inst3|inst   ; |Datapath|TriTuyetDoi:inst7|SubnBit:inst1|Sub1Bit:inst3|inst   ; out0             ;
; |Datapath|TriTuyetDoi:inst7|SubnBit:inst1|Sub1Bit:inst3|inst12 ; |Datapath|TriTuyetDoi:inst7|SubnBit:inst1|Sub1Bit:inst3|inst12 ; out0             ;
; |Datapath|TriTuyetDoi:inst7|SubnBit:inst1|Sub1Bit:inst3|inst11 ; |Datapath|TriTuyetDoi:inst7|SubnBit:inst1|Sub1Bit:inst3|inst11 ; out0             ;
; |Datapath|TriTuyetDoi:inst7|SubnBit:inst1|Sub1Bit:inst2|inst   ; |Datapath|TriTuyetDoi:inst7|SubnBit:inst1|Sub1Bit:inst2|inst   ; out0             ;
; |Datapath|TriTuyetDoi:inst7|SubnBit:inst1|Sub1Bit:inst2|inst12 ; |Datapath|TriTuyetDoi:inst7|SubnBit:inst1|Sub1Bit:inst2|inst12 ; out0             ;
; |Datapath|TriTuyetDoi:inst7|SubnBit:inst1|Sub1Bit:inst2|inst11 ; |Datapath|TriTuyetDoi:inst7|SubnBit:inst1|Sub1Bit:inst2|inst11 ; out0             ;
; |Datapath|TriTuyetDoi:inst7|SubnBit:inst1|Sub1Bit:inst1|inst   ; |Datapath|TriTuyetDoi:inst7|SubnBit:inst1|Sub1Bit:inst1|inst   ; out0             ;
; |Datapath|TriTuyetDoi:inst7|SubnBit:inst1|Sub1Bit:inst1|inst12 ; |Datapath|TriTuyetDoi:inst7|SubnBit:inst1|Sub1Bit:inst1|inst12 ; out0             ;
; |Datapath|TriTuyetDoi:inst7|SubnBit:inst1|Sub1Bit:inst1|inst11 ; |Datapath|TriTuyetDoi:inst7|SubnBit:inst1|Sub1Bit:inst1|inst11 ; out0             ;
; |Datapath|TriTuyetDoi:inst7|SubnBit:inst1|Sub1Bit:inst|inst    ; |Datapath|TriTuyetDoi:inst7|SubnBit:inst1|Sub1Bit:inst|inst    ; out0             ;
; |Datapath|MinMax:Min|SubnBit:inst1|Sub1Bit:inst6|inst12        ; |Datapath|MinMax:Min|SubnBit:inst1|Sub1Bit:inst6|inst12        ; out0             ;
; |Datapath|MinMax:Min|SubnBit:inst1|Sub1Bit:inst6|inst11        ; |Datapath|MinMax:Min|SubnBit:inst1|Sub1Bit:inst6|inst11        ; out0             ;
; |Datapath|MinMax:Min|SubnBit:inst1|Sub1Bit:inst7|inst12        ; |Datapath|MinMax:Min|SubnBit:inst1|Sub1Bit:inst7|inst12        ; out0             ;
; |Datapath|MinMax:Min|SubnBit:inst1|Sub1Bit:inst7|inst11        ; |Datapath|MinMax:Min|SubnBit:inst1|Sub1Bit:inst7|inst11        ; out0             ;
; |Datapath|MinMax:Min|SubnBit:inst1|Sub1Bit:inst3|inst12        ; |Datapath|MinMax:Min|SubnBit:inst1|Sub1Bit:inst3|inst12        ; out0             ;
; |Datapath|MinMax:Min|SubnBit:inst1|Sub1Bit:inst3|inst11        ; |Datapath|MinMax:Min|SubnBit:inst1|Sub1Bit:inst3|inst11        ; out0             ;
; |Datapath|MinMax:Min|SubnBit:inst1|Sub1Bit:inst2|inst12        ; |Datapath|MinMax:Min|SubnBit:inst1|Sub1Bit:inst2|inst12        ; out0             ;
; |Datapath|MinMax:Min|SubnBit:inst1|Sub1Bit:inst2|inst11        ; |Datapath|MinMax:Min|SubnBit:inst1|Sub1Bit:inst2|inst11        ; out0             ;
; |Datapath|MinMax:Min|SubnBit:inst1|Sub1Bit:inst1|inst12        ; |Datapath|MinMax:Min|SubnBit:inst1|Sub1Bit:inst1|inst12        ; out0             ;
; |Datapath|MinMax:Min|SubnBit:inst1|Sub1Bit:inst1|inst11        ; |Datapath|MinMax:Min|SubnBit:inst1|Sub1Bit:inst1|inst11        ; out0             ;
; |Datapath|MinMax:Min|SubnBit:inst1|Sub1Bit:inst|inst           ; |Datapath|MinMax:Min|SubnBit:inst1|Sub1Bit:inst|inst           ; out0             ;
; |Datapath|MinMax:Max2|SubnBit:inst1|Sub1Bit:inst6|inst7        ; |Datapath|MinMax:Max2|SubnBit:inst1|Sub1Bit:inst6|inst7        ; out0             ;
+----------------------------------------------------------------+----------------------------------------------------------------+------------------+


The following table displays output ports that do not toggle to 1 during simulation.
+----------------------------------------------------------------------------------------------------------------------------------------------------+
; Missing 1-Value Coverage                                                                                                                           ;
+----------------------------------------------------------------+----------------------------------------------------------------+------------------+
; Node Name                                                      ; Output Port Name                                               ; Output Port Type ;
+----------------------------------------------------------------+----------------------------------------------------------------+------------------+
; |Datapath|Out[7]                                               ; |Datapath|Out[7]                                               ; pin_out          ;
; |Datapath|Out[6]                                               ; |Datapath|Out[6]                                               ; pin_out          ;
; |Datapath|Out[5]                                               ; |Datapath|Out[5]                                               ; pin_out          ;
; |Datapath|Out[4]                                               ; |Datapath|Out[4]                                               ; pin_out          ;
; |Datapath|Out[3]                                               ; |Datapath|Out[3]                                               ; pin_out          ;
; |Datapath|Out[2]                                               ; |Datapath|Out[2]                                               ; pin_out          ;
; |Datapath|Out[1]                                               ; |Datapath|Out[1]                                               ; pin_out          ;
; |Datapath|Out[0]                                               ; |Datapath|Out[0]                                               ; pin_out          ;
; |Datapath|A[7]                                                 ; |Datapath|A[7]                                                 ; out              ;
; |Datapath|A[6]                                                 ; |Datapath|A[6]                                                 ; out              ;
; |Datapath|A[5]                                                 ; |Datapath|A[5]                                                 ; out              ;
; |Datapath|A[4]                                                 ; |Datapath|A[4]                                                 ; out              ;
; |Datapath|A[3]                                                 ; |Datapath|A[3]                                                 ; out              ;
; |Datapath|A[2]                                                 ; |Datapath|A[2]                                                 ; out              ;
; |Datapath|A[1]                                                 ; |Datapath|A[1]                                                 ; out              ;
; |Datapath|A[0]                                                 ; |Datapath|A[0]                                                 ; out              ;
; |Datapath|B[7]                                                 ; |Datapath|B[7]                                                 ; out              ;
; |Datapath|B[6]                                                 ; |Datapath|B[6]                                                 ; out              ;
; |Datapath|B[5]                                                 ; |Datapath|B[5]                                                 ; out              ;
; |Datapath|B[4]                                                 ; |Datapath|B[4]                                                 ; out              ;
; |Datapath|B[3]                                                 ; |Datapath|B[3]                                                 ; out              ;
; |Datapath|B[2]                                                 ; |Datapath|B[2]                                                 ; out              ;
; |Datapath|B[1]                                                 ; |Datapath|B[1]                                                 ; out              ;
; |Datapath|B[0]                                                 ; |Datapath|B[0]                                                 ; out              ;
; |Datapath|MinMax:Max|SubnBit:inst1|Sub1Bit:inst4|inst10        ; |Datapath|MinMax:Max|SubnBit:inst1|Sub1Bit:inst4|inst10        ; out0             ;
; |Datapath|MinMax:Max|SubnBit:inst1|Sub1Bit:inst5|inst7         ; |Datapath|MinMax:Max|SubnBit:inst1|Sub1Bit:inst5|inst7         ; out0             ;
; |Datapath|MinMax:Max|SubnBit:inst1|Sub1Bit:inst5|inst12        ; |Datapath|MinMax:Max|SubnBit:inst1|Sub1Bit:inst5|inst12        ; out0             ;
; |Datapath|MinMax:Max|SubnBit:inst1|Sub1Bit:inst5|inst10        ; |Datapath|MinMax:Max|SubnBit:inst1|Sub1Bit:inst5|inst10        ; out0             ;
; |Datapath|MinMax:Max|SubnBit:inst1|Sub1Bit:inst5|inst11        ; |Datapath|MinMax:Max|SubnBit:inst1|Sub1Bit:inst5|inst11        ; out0             ;
; |Datapath|MinMax:Max|SubnBit:inst1|Sub1Bit:inst6|inst7         ; |Datapath|MinMax:Max|SubnBit:inst1|Sub1Bit:inst6|inst7         ; out0             ;
; |Datapath|MinMax:Max|SubnBit:inst1|Sub1Bit:inst6|inst10        ; |Datapath|MinMax:Max|SubnBit:inst1|Sub1Bit:inst6|inst10        ; out0             ;
; |Datapath|MinMax:Max|SubnBit:inst1|Sub1Bit:inst7|inst7         ; |Datapath|MinMax:Max|SubnBit:inst1|Sub1Bit:inst7|inst7         ; out0             ;
; |Datapath|MinMax:Max|SubnBit:inst1|Sub1Bit:inst7|inst10        ; |Datapath|MinMax:Max|SubnBit:inst1|Sub1Bit:inst7|inst10        ; out0             ;
; |Datapath|MinMax:Max|SubnBit:inst1|Sub1Bit:inst3|inst7         ; |Datapath|MinMax:Max|SubnBit:inst1|Sub1Bit:inst3|inst7         ; out0             ;
; |Datapath|MinMax:Max|SubnBit:inst1|Sub1Bit:inst3|inst10        ; |Datapath|MinMax:Max|SubnBit:inst1|Sub1Bit:inst3|inst10        ; out0             ;
; |Datapath|MinMax:Max|SubnBit:inst1|Sub1Bit:inst2|inst7         ; |Datapath|MinMax:Max|SubnBit:inst1|Sub1Bit:inst2|inst7         ; out0             ;
; |Datapath|MinMax:Max|SubnBit:inst1|Sub1Bit:inst2|inst10        ; |Datapath|MinMax:Max|SubnBit:inst1|Sub1Bit:inst2|inst10        ; out0             ;
; |Datapath|MinMax:Max|SubnBit:inst1|Sub1Bit:inst1|inst7         ; |Datapath|MinMax:Max|SubnBit:inst1|Sub1Bit:inst1|inst7         ; out0             ;
; |Datapath|MinMax:Max|SubnBit:inst1|Sub1Bit:inst1|inst10        ; |Datapath|MinMax:Max|SubnBit:inst1|Sub1Bit:inst1|inst10        ; out0             ;
; |Datapath|MinMax:Max|SubnBit:inst1|Sub1Bit:inst|inst7          ; |Datapath|MinMax:Max|SubnBit:inst1|Sub1Bit:inst|inst7          ; out0             ;
; |Datapath|MinMax:Max|Mux21_8bit:inst|21mux:inst6|5             ; |Datapath|MinMax:Max|Mux21_8bit:inst|21mux:inst6|5             ; out0             ;
; |Datapath|MinMax:Max|Mux21_8bit:inst|21mux:inst6|6             ; |Datapath|MinMax:Max|Mux21_8bit:inst|21mux:inst6|6             ; out0             ;
; |Datapath|MinMax:Max|Mux21_8bit:inst|21mux:inst6|7             ; |Datapath|MinMax:Max|Mux21_8bit:inst|21mux:inst6|7             ; out0             ;
; |Datapath|MinMax:Max|Mux21_8bit:inst|21mux:inst5|5             ; |Datapath|MinMax:Max|Mux21_8bit:inst|21mux:inst5|5             ; out0             ;
; |Datapath|MinMax:Max|Mux21_8bit:inst|21mux:inst5|6             ; |Datapath|MinMax:Max|Mux21_8bit:inst|21mux:inst5|6             ; out0             ;
; |Datapath|MinMax:Max|Mux21_8bit:inst|21mux:inst5|7             ; |Datapath|MinMax:Max|Mux21_8bit:inst|21mux:inst5|7             ; out0             ;
; |Datapath|MinMax:Max|Mux21_8bit:inst|21mux:inst4|5             ; |Datapath|MinMax:Max|Mux21_8bit:inst|21mux:inst4|5             ; out0             ;
; |Datapath|MinMax:Max|Mux21_8bit:inst|21mux:inst4|6             ; |Datapath|MinMax:Max|Mux21_8bit:inst|21mux:inst4|6             ; out0             ;
; |Datapath|MinMax:Max|Mux21_8bit:inst|21mux:inst4|7             ; |Datapath|MinMax:Max|Mux21_8bit:inst|21mux:inst4|7             ; out0             ;
; |Datapath|MinMax:Max|Mux21_8bit:inst|21mux:inst7|5             ; |Datapath|MinMax:Max|Mux21_8bit:inst|21mux:inst7|5             ; out0             ;
; |Datapath|MinMax:Max|Mux21_8bit:inst|21mux:inst7|6             ; |Datapath|MinMax:Max|Mux21_8bit:inst|21mux:inst7|6             ; out0             ;
; |Datapath|MinMax:Max|Mux21_8bit:inst|21mux:inst7|7             ; |Datapath|MinMax:Max|Mux21_8bit:inst|21mux:inst7|7             ; out0             ;
; |Datapath|MinMax:Max|Mux21_8bit:inst|21mux:inst3|5             ; |Datapath|MinMax:Max|Mux21_8bit:inst|21mux:inst3|5             ; out0             ;
; |Datapath|MinMax:Max|Mux21_8bit:inst|21mux:inst3|6             ; |Datapath|MinMax:Max|Mux21_8bit:inst|21mux:inst3|6             ; out0             ;
; |Datapath|MinMax:Max|Mux21_8bit:inst|21mux:inst3|7             ; |Datapath|MinMax:Max|Mux21_8bit:inst|21mux:inst3|7             ; out0             ;
; |Datapath|MinMax:Max|Mux21_8bit:inst|21mux:inst2|5             ; |Datapath|MinMax:Max|Mux21_8bit:inst|21mux:inst2|5             ; out0             ;
; |Datapath|MinMax:Max|Mux21_8bit:inst|21mux:inst2|6             ; |Datapath|MinMax:Max|Mux21_8bit:inst|21mux:inst2|6             ; out0             ;
; |Datapath|MinMax:Max|Mux21_8bit:inst|21mux:inst2|7             ; |Datapath|MinMax:Max|Mux21_8bit:inst|21mux:inst2|7             ; out0             ;
; |Datapath|MinMax:Max|Mux21_8bit:inst|21mux:inst1|5             ; |Datapath|MinMax:Max|Mux21_8bit:inst|21mux:inst1|5             ; out0             ;
; |Datapath|MinMax:Max|Mux21_8bit:inst|21mux:inst1|6             ; |Datapath|MinMax:Max|Mux21_8bit:inst|21mux:inst1|6             ; out0             ;
; |Datapath|MinMax:Max|Mux21_8bit:inst|21mux:inst1|7             ; |Datapath|MinMax:Max|Mux21_8bit:inst|21mux:inst1|7             ; out0             ;
; |Datapath|MinMax:Max|Mux21_8bit:inst|21mux:inst|5              ; |Datapath|MinMax:Max|Mux21_8bit:inst|21mux:inst|5              ; out0             ;
; |Datapath|MinMax:Max|Mux21_8bit:inst|21mux:inst|6              ; |Datapath|MinMax:Max|Mux21_8bit:inst|21mux:inst|6              ; out0             ;
; |Datapath|MinMax:Max|Mux21_8bit:inst|21mux:inst|7              ; |Datapath|MinMax:Max|Mux21_8bit:inst|21mux:inst|7              ; out0             ;
; |Datapath|SumorSub:Sub|Sum8Bit:inst|Sum:inst6|inst2            ; |Datapath|SumorSub:Sub|Sum8Bit:inst|Sum:inst6|inst2            ; out0             ;
; |Datapath|SumorSub:Sub|Sum8Bit:inst|Sum:inst6|inst3            ; |Datapath|SumorSub:Sub|Sum8Bit:inst|Sum:inst6|inst3            ; out0             ;
; |Datapath|SumorSub:Sub|Sum8Bit:inst|Sum:inst7|inst1            ; |Datapath|SumorSub:Sub|Sum8Bit:inst|Sum:inst7|inst1            ; out0             ;
; |Datapath|SumorSub:Sub|Sum8Bit:inst|Sum:inst7|inst             ; |Datapath|SumorSub:Sub|Sum8Bit:inst|Sum:inst7|inst             ; out0             ;
; |Datapath|SumorSub:Sub|Sum8Bit:inst|Sum:inst7|inst2            ; |Datapath|SumorSub:Sub|Sum8Bit:inst|Sum:inst7|inst2            ; out0             ;
; |Datapath|SumorSub:Sub|Sum8Bit:inst|Sum:inst7|inst4            ; |Datapath|SumorSub:Sub|Sum8Bit:inst|Sum:inst7|inst4            ; out0             ;
; |Datapath|SumorSub:Sub|Sum8Bit:inst|Sum:inst7|inst5            ; |Datapath|SumorSub:Sub|Sum8Bit:inst|Sum:inst7|inst5            ; out0             ;
; |Datapath|SumorSub:Sub|Sum8Bit:inst|Sum:inst7|inst3            ; |Datapath|SumorSub:Sub|Sum8Bit:inst|Sum:inst7|inst3            ; out0             ;
; |Datapath|SumorSub:Sub|Sum8Bit:inst|Sum:inst3|inst1            ; |Datapath|SumorSub:Sub|Sum8Bit:inst|Sum:inst3|inst1            ; out0             ;
; |Datapath|SumorSub:Sub|Sum8Bit:inst|Sum:inst3|inst2            ; |Datapath|SumorSub:Sub|Sum8Bit:inst|Sum:inst3|inst2            ; out0             ;
; |Datapath|SumorSub:Sub|Sum8Bit:inst|Sum:inst3|inst4            ; |Datapath|SumorSub:Sub|Sum8Bit:inst|Sum:inst3|inst4            ; out0             ;
; |Datapath|SumorSub:Sub|Sum8Bit:inst|Sum:inst3|inst5            ; |Datapath|SumorSub:Sub|Sum8Bit:inst|Sum:inst3|inst5            ; out0             ;
; |Datapath|SumorSub:Sub|Sum8Bit:inst|Sum:inst3|inst3            ; |Datapath|SumorSub:Sub|Sum8Bit:inst|Sum:inst3|inst3            ; out0             ;
; |Datapath|SumorSub:Sub|Sum8Bit:inst|Sum:inst5|inst1            ; |Datapath|SumorSub:Sub|Sum8Bit:inst|Sum:inst5|inst1            ; out0             ;
; |Datapath|SumorSub:Sub|Sum8Bit:inst|Sum:inst5|inst             ; |Datapath|SumorSub:Sub|Sum8Bit:inst|Sum:inst5|inst             ; out0             ;
; |Datapath|SumorSub:Sub|Sum8Bit:inst|Sum:inst5|inst2            ; |Datapath|SumorSub:Sub|Sum8Bit:inst|Sum:inst5|inst2            ; out0             ;
; |Datapath|SumorSub:Sub|Sum8Bit:inst|Sum:inst5|inst4            ; |Datapath|SumorSub:Sub|Sum8Bit:inst|Sum:inst5|inst4            ; out0             ;
; |Datapath|SumorSub:Sub|Sum8Bit:inst|Sum:inst5|inst5            ; |Datapath|SumorSub:Sub|Sum8Bit:inst|Sum:inst5|inst5            ; out0             ;
; |Datapath|SumorSub:Sub|Sum8Bit:inst|Sum:inst5|inst3            ; |Datapath|SumorSub:Sub|Sum8Bit:inst|Sum:inst5|inst3            ; out0             ;
; |Datapath|SumorSub:Sub|Sum8Bit:inst|Sum:inst4|inst1            ; |Datapath|SumorSub:Sub|Sum8Bit:inst|Sum:inst4|inst1            ; out0             ;
; |Datapath|SumorSub:Sub|Sum8Bit:inst|Sum:inst4|inst             ; |Datapath|SumorSub:Sub|Sum8Bit:inst|Sum:inst4|inst             ; out0             ;
; |Datapath|SumorSub:Sub|Sum8Bit:inst|Sum:inst4|inst2            ; |Datapath|SumorSub:Sub|Sum8Bit:inst|Sum:inst4|inst2            ; out0             ;
; |Datapath|SumorSub:Sub|Sum8Bit:inst|Sum:inst4|inst4            ; |Datapath|SumorSub:Sub|Sum8Bit:inst|Sum:inst4|inst4            ; out0             ;
; |Datapath|SumorSub:Sub|Sum8Bit:inst|Sum:inst4|inst5            ; |Datapath|SumorSub:Sub|Sum8Bit:inst|Sum:inst4|inst5            ; out0             ;
; |Datapath|SumorSub:Sub|Sum8Bit:inst|Sum:inst4|inst3            ; |Datapath|SumorSub:Sub|Sum8Bit:inst|Sum:inst4|inst3            ; out0             ;
; |Datapath|SumorSub:Sub|Sum8Bit:inst|Sum:inst2|inst1            ; |Datapath|SumorSub:Sub|Sum8Bit:inst|Sum:inst2|inst1            ; out0             ;
; |Datapath|SumorSub:Sub|Sum8Bit:inst|Sum:inst2|inst2            ; |Datapath|SumorSub:Sub|Sum8Bit:inst|Sum:inst2|inst2            ; out0             ;
; |Datapath|SumorSub:Sub|Sum8Bit:inst|Sum:inst2|inst5            ; |Datapath|SumorSub:Sub|Sum8Bit:inst|Sum:inst2|inst5            ; out0             ;
; |Datapath|SumorSub:Sub|Sum8Bit:inst|Sum:inst1|inst1            ; |Datapath|SumorSub:Sub|Sum8Bit:inst|Sum:inst1|inst1            ; out0             ;
; |Datapath|SumorSub:Sub|Sum8Bit:inst|Sum:inst1|inst2            ; |Datapath|SumorSub:Sub|Sum8Bit:inst|Sum:inst1|inst2            ; out0             ;
; |Datapath|SumorSub:Sub|Sum8Bit:inst|Sum:inst1|inst5            ; |Datapath|SumorSub:Sub|Sum8Bit:inst|Sum:inst1|inst5            ; out0             ;
; |Datapath|SumorSub:Sub|Sum8Bit:inst|Sum:inst|inst1             ; |Datapath|SumorSub:Sub|Sum8Bit:inst|Sum:inst|inst1             ; out0             ;
; |Datapath|TriTuyetDoi:inst1|SubnBit:inst1|Sub1Bit:inst5|inst   ; |Datapath|TriTuyetDoi:inst1|SubnBit:inst1|Sub1Bit:inst5|inst   ; out0             ;
; |Datapath|TriTuyetDoi:inst1|SubnBit:inst1|Sub1Bit:inst5|inst12 ; |Datapath|TriTuyetDoi:inst1|SubnBit:inst1|Sub1Bit:inst5|inst12 ; out0             ;
; |Datapath|TriTuyetDoi:inst1|SubnBit:inst1|Sub1Bit:inst5|inst11 ; |Datapath|TriTuyetDoi:inst1|SubnBit:inst1|Sub1Bit:inst5|inst11 ; out0             ;
; |Datapath|TriTuyetDoi:inst1|SubnBit:inst1|Sub1Bit:inst6|inst   ; |Datapath|TriTuyetDoi:inst1|SubnBit:inst1|Sub1Bit:inst6|inst   ; out0             ;
; |Datapath|TriTuyetDoi:inst1|SubnBit:inst1|Sub1Bit:inst6|inst12 ; |Datapath|TriTuyetDoi:inst1|SubnBit:inst1|Sub1Bit:inst6|inst12 ; out0             ;
; |Datapath|TriTuyetDoi:inst1|SubnBit:inst1|Sub1Bit:inst6|inst11 ; |Datapath|TriTuyetDoi:inst1|SubnBit:inst1|Sub1Bit:inst6|inst11 ; out0             ;
; |Datapath|TriTuyetDoi:inst1|SubnBit:inst1|Sub1Bit:inst7|inst   ; |Datapath|TriTuyetDoi:inst1|SubnBit:inst1|Sub1Bit:inst7|inst   ; out0             ;
; |Datapath|TriTuyetDoi:inst1|SubnBit:inst1|Sub1Bit:inst7|inst12 ; |Datapath|TriTuyetDoi:inst1|SubnBit:inst1|Sub1Bit:inst7|inst12 ; out0             ;
; |Datapath|TriTuyetDoi:inst1|SubnBit:inst1|Sub1Bit:inst7|inst11 ; |Datapath|TriTuyetDoi:inst1|SubnBit:inst1|Sub1Bit:inst7|inst11 ; out0             ;
; |Datapath|TriTuyetDoi:inst1|SubnBit:inst1|Sub1Bit:inst3|inst   ; |Datapath|TriTuyetDoi:inst1|SubnBit:inst1|Sub1Bit:inst3|inst   ; out0             ;
; |Datapath|TriTuyetDoi:inst1|SubnBit:inst1|Sub1Bit:inst3|inst12 ; |Datapath|TriTuyetDoi:inst1|SubnBit:inst1|Sub1Bit:inst3|inst12 ; out0             ;
; |Datapath|TriTuyetDoi:inst1|SubnBit:inst1|Sub1Bit:inst3|inst11 ; |Datapath|TriTuyetDoi:inst1|SubnBit:inst1|Sub1Bit:inst3|inst11 ; out0             ;
; |Datapath|TriTuyetDoi:inst1|SubnBit:inst1|Sub1Bit:inst2|inst   ; |Datapath|TriTuyetDoi:inst1|SubnBit:inst1|Sub1Bit:inst2|inst   ; out0             ;
; |Datapath|TriTuyetDoi:inst1|SubnBit:inst1|Sub1Bit:inst2|inst12 ; |Datapath|TriTuyetDoi:inst1|SubnBit:inst1|Sub1Bit:inst2|inst12 ; out0             ;
; |Datapath|TriTuyetDoi:inst1|SubnBit:inst1|Sub1Bit:inst2|inst11 ; |Datapath|TriTuyetDoi:inst1|SubnBit:inst1|Sub1Bit:inst2|inst11 ; out0             ;
; |Datapath|TriTuyetDoi:inst1|SubnBit:inst1|Sub1Bit:inst1|inst   ; |Datapath|TriTuyetDoi:inst1|SubnBit:inst1|Sub1Bit:inst1|inst   ; out0             ;
; |Datapath|TriTuyetDoi:inst1|SubnBit:inst1|Sub1Bit:inst1|inst12 ; |Datapath|TriTuyetDoi:inst1|SubnBit:inst1|Sub1Bit:inst1|inst12 ; out0             ;
; |Datapath|TriTuyetDoi:inst1|SubnBit:inst1|Sub1Bit:inst1|inst11 ; |Datapath|TriTuyetDoi:inst1|SubnBit:inst1|Sub1Bit:inst1|inst11 ; out0             ;
; |Datapath|TriTuyetDoi:inst1|SubnBit:inst1|Sub1Bit:inst|inst    ; |Datapath|TriTuyetDoi:inst1|SubnBit:inst1|Sub1Bit:inst|inst    ; out0             ;
; |Datapath|TriTuyetDoi:inst1|Mux21_8bit:inst|21mux:inst6|5      ; |Datapath|TriTuyetDoi:inst1|Mux21_8bit:inst|21mux:inst6|5      ; out0             ;
; |Datapath|TriTuyetDoi:inst1|Mux21_8bit:inst|21mux:inst6|6      ; |Datapath|TriTuyetDoi:inst1|Mux21_8bit:inst|21mux:inst6|6      ; out0             ;
; |Datapath|TriTuyetDoi:inst1|Mux21_8bit:inst|21mux:inst5|5      ; |Datapath|TriTuyetDoi:inst1|Mux21_8bit:inst|21mux:inst5|5      ; out0             ;
; |Datapath|TriTuyetDoi:inst1|Mux21_8bit:inst|21mux:inst5|6      ; |Datapath|TriTuyetDoi:inst1|Mux21_8bit:inst|21mux:inst5|6      ; out0             ;
; |Datapath|TriTuyetDoi:inst1|Mux21_8bit:inst|21mux:inst4|5      ; |Datapath|TriTuyetDoi:inst1|Mux21_8bit:inst|21mux:inst4|5      ; out0             ;
; |Datapath|TriTuyetDoi:inst1|Mux21_8bit:inst|21mux:inst4|6      ; |Datapath|TriTuyetDoi:inst1|Mux21_8bit:inst|21mux:inst4|6      ; out0             ;
; |Datapath|TriTuyetDoi:inst1|Mux21_8bit:inst|21mux:inst4|7      ; |Datapath|TriTuyetDoi:inst1|Mux21_8bit:inst|21mux:inst4|7      ; out0             ;
; |Datapath|TriTuyetDoi:inst1|Mux21_8bit:inst|21mux:inst7|5      ; |Datapath|TriTuyetDoi:inst1|Mux21_8bit:inst|21mux:inst7|5      ; out0             ;
; |Datapath|TriTuyetDoi:inst1|Mux21_8bit:inst|21mux:inst7|6      ; |Datapath|TriTuyetDoi:inst1|Mux21_8bit:inst|21mux:inst7|6      ; out0             ;
; |Datapath|TriTuyetDoi:inst1|Mux21_8bit:inst|21mux:inst7|7      ; |Datapath|TriTuyetDoi:inst1|Mux21_8bit:inst|21mux:inst7|7      ; out0             ;
; |Datapath|TriTuyetDoi:inst1|Mux21_8bit:inst|21mux:inst3|5      ; |Datapath|TriTuyetDoi:inst1|Mux21_8bit:inst|21mux:inst3|5      ; out0             ;
; |Datapath|TriTuyetDoi:inst1|Mux21_8bit:inst|21mux:inst3|6      ; |Datapath|TriTuyetDoi:inst1|Mux21_8bit:inst|21mux:inst3|6      ; out0             ;
; |Datapath|TriTuyetDoi:inst1|Mux21_8bit:inst|21mux:inst3|7      ; |Datapath|TriTuyetDoi:inst1|Mux21_8bit:inst|21mux:inst3|7      ; out0             ;
; |Datapath|TriTuyetDoi:inst1|Mux21_8bit:inst|21mux:inst2|5      ; |Datapath|TriTuyetDoi:inst1|Mux21_8bit:inst|21mux:inst2|5      ; out0             ;
; |Datapath|TriTuyetDoi:inst1|Mux21_8bit:inst|21mux:inst2|6      ; |Datapath|TriTuyetDoi:inst1|Mux21_8bit:inst|21mux:inst2|6      ; out0             ;
; |Datapath|TriTuyetDoi:inst1|Mux21_8bit:inst|21mux:inst2|7      ; |Datapath|TriTuyetDoi:inst1|Mux21_8bit:inst|21mux:inst2|7      ; out0             ;
; |Datapath|TriTuyetDoi:inst1|Mux21_8bit:inst|21mux:inst1|5      ; |Datapath|TriTuyetDoi:inst1|Mux21_8bit:inst|21mux:inst1|5      ; out0             ;
; |Datapath|TriTuyetDoi:inst1|Mux21_8bit:inst|21mux:inst1|6      ; |Datapath|TriTuyetDoi:inst1|Mux21_8bit:inst|21mux:inst1|6      ; out0             ;
; |Datapath|TriTuyetDoi:inst1|Mux21_8bit:inst|21mux:inst1|7      ; |Datapath|TriTuyetDoi:inst1|Mux21_8bit:inst|21mux:inst1|7      ; out0             ;
; |Datapath|TriTuyetDoi:inst1|Mux21_8bit:inst|21mux:inst|6       ; |Datapath|TriTuyetDoi:inst1|Mux21_8bit:inst|21mux:inst|6       ; out0             ;
; |Datapath|TriTuyetDoi:inst7|SubnBit:inst1|Sub1Bit:inst5|inst   ; |Datapath|TriTuyetDoi:inst7|SubnBit:inst1|Sub1Bit:inst5|inst   ; out0             ;
; |Datapath|TriTuyetDoi:inst7|SubnBit:inst1|Sub1Bit:inst5|inst12 ; |Datapath|TriTuyetDoi:inst7|SubnBit:inst1|Sub1Bit:inst5|inst12 ; out0             ;
; |Datapath|TriTuyetDoi:inst7|SubnBit:inst1|Sub1Bit:inst5|inst11 ; |Datapath|TriTuyetDoi:inst7|SubnBit:inst1|Sub1Bit:inst5|inst11 ; out0             ;
; |Datapath|TriTuyetDoi:inst7|Mux21_8bit:inst|21mux:inst6|5      ; |Datapath|TriTuyetDoi:inst7|Mux21_8bit:inst|21mux:inst6|5      ; out0             ;
; |Datapath|TriTuyetDoi:inst7|Mux21_8bit:inst|21mux:inst6|6      ; |Datapath|TriTuyetDoi:inst7|Mux21_8bit:inst|21mux:inst6|6      ; out0             ;
; |Datapath|TriTuyetDoi:inst7|Mux21_8bit:inst|21mux:inst5|5      ; |Datapath|TriTuyetDoi:inst7|Mux21_8bit:inst|21mux:inst5|5      ; out0             ;
; |Datapath|TriTuyetDoi:inst7|Mux21_8bit:inst|21mux:inst5|6      ; |Datapath|TriTuyetDoi:inst7|Mux21_8bit:inst|21mux:inst5|6      ; out0             ;
; |Datapath|TriTuyetDoi:inst7|Mux21_8bit:inst|21mux:inst5|7      ; |Datapath|TriTuyetDoi:inst7|Mux21_8bit:inst|21mux:inst5|7      ; out0             ;
; |Datapath|TriTuyetDoi:inst7|Mux21_8bit:inst|21mux:inst4|5      ; |Datapath|TriTuyetDoi:inst7|Mux21_8bit:inst|21mux:inst4|5      ; out0             ;
; |Datapath|TriTuyetDoi:inst7|Mux21_8bit:inst|21mux:inst4|6      ; |Datapath|TriTuyetDoi:inst7|Mux21_8bit:inst|21mux:inst4|6      ; out0             ;
; |Datapath|TriTuyetDoi:inst7|Mux21_8bit:inst|21mux:inst7|5      ; |Datapath|TriTuyetDoi:inst7|Mux21_8bit:inst|21mux:inst7|5      ; out0             ;
; |Datapath|TriTuyetDoi:inst7|Mux21_8bit:inst|21mux:inst7|6      ; |Datapath|TriTuyetDoi:inst7|Mux21_8bit:inst|21mux:inst7|6      ; out0             ;
; |Datapath|TriTuyetDoi:inst7|Mux21_8bit:inst|21mux:inst7|7      ; |Datapath|TriTuyetDoi:inst7|Mux21_8bit:inst|21mux:inst7|7      ; out0             ;
; |Datapath|TriTuyetDoi:inst7|Mux21_8bit:inst|21mux:inst3|5      ; |Datapath|TriTuyetDoi:inst7|Mux21_8bit:inst|21mux:inst3|5      ; out0             ;
; |Datapath|TriTuyetDoi:inst7|Mux21_8bit:inst|21mux:inst3|6      ; |Datapath|TriTuyetDoi:inst7|Mux21_8bit:inst|21mux:inst3|6      ; out0             ;
; |Datapath|TriTuyetDoi:inst7|Mux21_8bit:inst|21mux:inst3|7      ; |Datapath|TriTuyetDoi:inst7|Mux21_8bit:inst|21mux:inst3|7      ; out0             ;
; |Datapath|TriTuyetDoi:inst7|Mux21_8bit:inst|21mux:inst2|5      ; |Datapath|TriTuyetDoi:inst7|Mux21_8bit:inst|21mux:inst2|5      ; out0             ;
; |Datapath|TriTuyetDoi:inst7|Mux21_8bit:inst|21mux:inst2|6      ; |Datapath|TriTuyetDoi:inst7|Mux21_8bit:inst|21mux:inst2|6      ; out0             ;
; |Datapath|TriTuyetDoi:inst7|Mux21_8bit:inst|21mux:inst2|7      ; |Datapath|TriTuyetDoi:inst7|Mux21_8bit:inst|21mux:inst2|7      ; out0             ;
; |Datapath|TriTuyetDoi:inst7|Mux21_8bit:inst|21mux:inst1|5      ; |Datapath|TriTuyetDoi:inst7|Mux21_8bit:inst|21mux:inst1|5      ; out0             ;
; |Datapath|TriTuyetDoi:inst7|Mux21_8bit:inst|21mux:inst1|6      ; |Datapath|TriTuyetDoi:inst7|Mux21_8bit:inst|21mux:inst1|6      ; out0             ;
; |Datapath|TriTuyetDoi:inst7|Mux21_8bit:inst|21mux:inst1|7      ; |Datapath|TriTuyetDoi:inst7|Mux21_8bit:inst|21mux:inst1|7      ; out0             ;
; |Datapath|TriTuyetDoi:inst7|Mux21_8bit:inst|21mux:inst|6       ; |Datapath|TriTuyetDoi:inst7|Mux21_8bit:inst|21mux:inst|6       ; out0             ;
; |Datapath|MinMax:Min|SubnBit:inst1|Sub1Bit:inst4|inst10        ; |Datapath|MinMax:Min|SubnBit:inst1|Sub1Bit:inst4|inst10        ; out0             ;
; |Datapath|MinMax:Min|SubnBit:inst1|Sub1Bit:inst5|inst7         ; |Datapath|MinMax:Min|SubnBit:inst1|Sub1Bit:inst5|inst7         ; out0             ;
; |Datapath|MinMax:Min|SubnBit:inst1|Sub1Bit:inst5|inst12        ; |Datapath|MinMax:Min|SubnBit:inst1|Sub1Bit:inst5|inst12        ; out0             ;
; |Datapath|MinMax:Min|SubnBit:inst1|Sub1Bit:inst5|inst10        ; |Datapath|MinMax:Min|SubnBit:inst1|Sub1Bit:inst5|inst10        ; out0             ;
; |Datapath|MinMax:Min|SubnBit:inst1|Sub1Bit:inst5|inst11        ; |Datapath|MinMax:Min|SubnBit:inst1|Sub1Bit:inst5|inst11        ; out0             ;
; |Datapath|MinMax:Min|SubnBit:inst1|Sub1Bit:inst6|inst7         ; |Datapath|MinMax:Min|SubnBit:inst1|Sub1Bit:inst6|inst7         ; out0             ;
; |Datapath|MinMax:Min|SubnBit:inst1|Sub1Bit:inst6|inst10        ; |Datapath|MinMax:Min|SubnBit:inst1|Sub1Bit:inst6|inst10        ; out0             ;
; |Datapath|MinMax:Min|SubnBit:inst1|Sub1Bit:inst7|inst7         ; |Datapath|MinMax:Min|SubnBit:inst1|Sub1Bit:inst7|inst7         ; out0             ;
; |Datapath|MinMax:Min|SubnBit:inst1|Sub1Bit:inst7|inst10        ; |Datapath|MinMax:Min|SubnBit:inst1|Sub1Bit:inst7|inst10        ; out0             ;
; |Datapath|MinMax:Min|SubnBit:inst1|Sub1Bit:inst3|inst7         ; |Datapath|MinMax:Min|SubnBit:inst1|Sub1Bit:inst3|inst7         ; out0             ;
; |Datapath|MinMax:Min|SubnBit:inst1|Sub1Bit:inst3|inst10        ; |Datapath|MinMax:Min|SubnBit:inst1|Sub1Bit:inst3|inst10        ; out0             ;
; |Datapath|MinMax:Min|SubnBit:inst1|Sub1Bit:inst2|inst7         ; |Datapath|MinMax:Min|SubnBit:inst1|Sub1Bit:inst2|inst7         ; out0             ;
; |Datapath|MinMax:Min|SubnBit:inst1|Sub1Bit:inst2|inst10        ; |Datapath|MinMax:Min|SubnBit:inst1|Sub1Bit:inst2|inst10        ; out0             ;
; |Datapath|MinMax:Min|SubnBit:inst1|Sub1Bit:inst1|inst7         ; |Datapath|MinMax:Min|SubnBit:inst1|Sub1Bit:inst1|inst7         ; out0             ;
; |Datapath|MinMax:Min|SubnBit:inst1|Sub1Bit:inst1|inst10        ; |Datapath|MinMax:Min|SubnBit:inst1|Sub1Bit:inst1|inst10        ; out0             ;
; |Datapath|MinMax:Min|SubnBit:inst1|Sub1Bit:inst|inst7          ; |Datapath|MinMax:Min|SubnBit:inst1|Sub1Bit:inst|inst7          ; out0             ;
; |Datapath|MinMax:Min|Mux21_8bit:inst|21mux:inst5|5             ; |Datapath|MinMax:Min|Mux21_8bit:inst|21mux:inst5|5             ; out0             ;
; |Datapath|MinMax:Min|Mux21_8bit:inst|21mux:inst5|6             ; |Datapath|MinMax:Min|Mux21_8bit:inst|21mux:inst5|6             ; out0             ;
; |Datapath|MinMax:Min|Mux21_8bit:inst|21mux:inst4|5             ; |Datapath|MinMax:Min|Mux21_8bit:inst|21mux:inst4|5             ; out0             ;
; |Datapath|MinMax:Min|Mux21_8bit:inst|21mux:inst4|6             ; |Datapath|MinMax:Min|Mux21_8bit:inst|21mux:inst4|6             ; out0             ;
; |Datapath|MinMax:Min|Mux21_8bit:inst|21mux:inst4|7             ; |Datapath|MinMax:Min|Mux21_8bit:inst|21mux:inst4|7             ; out0             ;
; |Datapath|MinMax:Min|Mux21_8bit:inst|21mux:inst7|5             ; |Datapath|MinMax:Min|Mux21_8bit:inst|21mux:inst7|5             ; out0             ;
; |Datapath|MinMax:Min|Mux21_8bit:inst|21mux:inst7|6             ; |Datapath|MinMax:Min|Mux21_8bit:inst|21mux:inst7|6             ; out0             ;
; |Datapath|MinMax:Min|Mux21_8bit:inst|21mux:inst7|7             ; |Datapath|MinMax:Min|Mux21_8bit:inst|21mux:inst7|7             ; out0             ;
; |Datapath|MinMax:Min|Mux21_8bit:inst|21mux:inst3|5             ; |Datapath|MinMax:Min|Mux21_8bit:inst|21mux:inst3|5             ; out0             ;
; |Datapath|MinMax:Min|Mux21_8bit:inst|21mux:inst3|6             ; |Datapath|MinMax:Min|Mux21_8bit:inst|21mux:inst3|6             ; out0             ;
; |Datapath|MinMax:Min|Mux21_8bit:inst|21mux:inst3|7             ; |Datapath|MinMax:Min|Mux21_8bit:inst|21mux:inst3|7             ; out0             ;
; |Datapath|MinMax:Min|Mux21_8bit:inst|21mux:inst2|5             ; |Datapath|MinMax:Min|Mux21_8bit:inst|21mux:inst2|5             ; out0             ;
; |Datapath|MinMax:Min|Mux21_8bit:inst|21mux:inst2|6             ; |Datapath|MinMax:Min|Mux21_8bit:inst|21mux:inst2|6             ; out0             ;
; |Datapath|MinMax:Min|Mux21_8bit:inst|21mux:inst2|7             ; |Datapath|MinMax:Min|Mux21_8bit:inst|21mux:inst2|7             ; out0             ;
; |Datapath|MinMax:Min|Mux21_8bit:inst|21mux:inst1|5             ; |Datapath|MinMax:Min|Mux21_8bit:inst|21mux:inst1|5             ; out0             ;
; |Datapath|MinMax:Min|Mux21_8bit:inst|21mux:inst1|6             ; |Datapath|MinMax:Min|Mux21_8bit:inst|21mux:inst1|6             ; out0             ;
; |Datapath|MinMax:Min|Mux21_8bit:inst|21mux:inst1|7             ; |Datapath|MinMax:Min|Mux21_8bit:inst|21mux:inst1|7             ; out0             ;
; |Datapath|MinMax:Min|Mux21_8bit:inst|21mux:inst|5              ; |Datapath|MinMax:Min|Mux21_8bit:inst|21mux:inst|5              ; out0             ;
; |Datapath|MinMax:Min|Mux21_8bit:inst|21mux:inst|6              ; |Datapath|MinMax:Min|Mux21_8bit:inst|21mux:inst|6              ; out0             ;
; |Datapath|MinMax:Min|Mux21_8bit:inst|21mux:inst|7              ; |Datapath|MinMax:Min|Mux21_8bit:inst|21mux:inst|7              ; out0             ;
; |Datapath|SumorSub:Add|Sum8Bit:inst|Sum:inst6|inst             ; |Datapath|SumorSub:Add|Sum8Bit:inst|Sum:inst6|inst             ; out0             ;
; |Datapath|SumorSub:Add|Sum8Bit:inst|Sum:inst6|inst3            ; |Datapath|SumorSub:Add|Sum8Bit:inst|Sum:inst6|inst3            ; out0             ;
; |Datapath|SumorSub:Add|Sum8Bit:inst|Sum:inst7|inst1            ; |Datapath|SumorSub:Add|Sum8Bit:inst|Sum:inst7|inst1            ; out0             ;
; |Datapath|SumorSub:Add|Sum8Bit:inst|Sum:inst7|inst             ; |Datapath|SumorSub:Add|Sum8Bit:inst|Sum:inst7|inst             ; out0             ;
; |Datapath|SumorSub:Add|Sum8Bit:inst|Sum:inst7|inst2            ; |Datapath|SumorSub:Add|Sum8Bit:inst|Sum:inst7|inst2            ; out0             ;
; |Datapath|SumorSub:Add|Sum8Bit:inst|Sum:inst7|inst4            ; |Datapath|SumorSub:Add|Sum8Bit:inst|Sum:inst7|inst4            ; out0             ;
; |Datapath|SumorSub:Add|Sum8Bit:inst|Sum:inst7|inst5            ; |Datapath|SumorSub:Add|Sum8Bit:inst|Sum:inst7|inst5            ; out0             ;
; |Datapath|SumorSub:Add|Sum8Bit:inst|Sum:inst7|inst3            ; |Datapath|SumorSub:Add|Sum8Bit:inst|Sum:inst7|inst3            ; out0             ;
; |Datapath|SumorSub:Add|Sum8Bit:inst|Sum:inst3|inst1            ; |Datapath|SumorSub:Add|Sum8Bit:inst|Sum:inst3|inst1            ; out0             ;
; |Datapath|SumorSub:Add|Sum8Bit:inst|Sum:inst3|inst             ; |Datapath|SumorSub:Add|Sum8Bit:inst|Sum:inst3|inst             ; out0             ;
; |Datapath|SumorSub:Add|Sum8Bit:inst|Sum:inst3|inst2            ; |Datapath|SumorSub:Add|Sum8Bit:inst|Sum:inst3|inst2            ; out0             ;
; |Datapath|SumorSub:Add|Sum8Bit:inst|Sum:inst3|inst4            ; |Datapath|SumorSub:Add|Sum8Bit:inst|Sum:inst3|inst4            ; out0             ;
; |Datapath|SumorSub:Add|Sum8Bit:inst|Sum:inst3|inst5            ; |Datapath|SumorSub:Add|Sum8Bit:inst|Sum:inst3|inst5            ; out0             ;
; |Datapath|SumorSub:Add|Sum8Bit:inst|Sum:inst3|inst3            ; |Datapath|SumorSub:Add|Sum8Bit:inst|Sum:inst3|inst3            ; out0             ;
; |Datapath|SumorSub:Add|Sum8Bit:inst|Sum:inst5|inst1            ; |Datapath|SumorSub:Add|Sum8Bit:inst|Sum:inst5|inst1            ; out0             ;
; |Datapath|SumorSub:Add|Sum8Bit:inst|Sum:inst5|inst             ; |Datapath|SumorSub:Add|Sum8Bit:inst|Sum:inst5|inst             ; out0             ;
; |Datapath|SumorSub:Add|Sum8Bit:inst|Sum:inst5|inst2            ; |Datapath|SumorSub:Add|Sum8Bit:inst|Sum:inst5|inst2            ; out0             ;
; |Datapath|SumorSub:Add|Sum8Bit:inst|Sum:inst5|inst4            ; |Datapath|SumorSub:Add|Sum8Bit:inst|Sum:inst5|inst4            ; out0             ;
; |Datapath|SumorSub:Add|Sum8Bit:inst|Sum:inst5|inst5            ; |Datapath|SumorSub:Add|Sum8Bit:inst|Sum:inst5|inst5            ; out0             ;
; |Datapath|SumorSub:Add|Sum8Bit:inst|Sum:inst5|inst3            ; |Datapath|SumorSub:Add|Sum8Bit:inst|Sum:inst5|inst3            ; out0             ;
; |Datapath|SumorSub:Add|Sum8Bit:inst|Sum:inst4|inst1            ; |Datapath|SumorSub:Add|Sum8Bit:inst|Sum:inst4|inst1            ; out0             ;
; |Datapath|SumorSub:Add|Sum8Bit:inst|Sum:inst4|inst             ; |Datapath|SumorSub:Add|Sum8Bit:inst|Sum:inst4|inst             ; out0             ;
; |Datapath|SumorSub:Add|Sum8Bit:inst|Sum:inst4|inst2            ; |Datapath|SumorSub:Add|Sum8Bit:inst|Sum:inst4|inst2            ; out0             ;
; |Datapath|SumorSub:Add|Sum8Bit:inst|Sum:inst4|inst4            ; |Datapath|SumorSub:Add|Sum8Bit:inst|Sum:inst4|inst4            ; out0             ;
; |Datapath|SumorSub:Add|Sum8Bit:inst|Sum:inst4|inst5            ; |Datapath|SumorSub:Add|Sum8Bit:inst|Sum:inst4|inst5            ; out0             ;
; |Datapath|SumorSub:Add|Sum8Bit:inst|Sum:inst4|inst3            ; |Datapath|SumorSub:Add|Sum8Bit:inst|Sum:inst4|inst3            ; out0             ;
; |Datapath|SumorSub:Add|Sum8Bit:inst|Sum:inst2|inst1            ; |Datapath|SumorSub:Add|Sum8Bit:inst|Sum:inst2|inst1            ; out0             ;
; |Datapath|SumorSub:Add|Sum8Bit:inst|Sum:inst2|inst             ; |Datapath|SumorSub:Add|Sum8Bit:inst|Sum:inst2|inst             ; out0             ;
; |Datapath|SumorSub:Add|Sum8Bit:inst|Sum:inst2|inst2            ; |Datapath|SumorSub:Add|Sum8Bit:inst|Sum:inst2|inst2            ; out0             ;
; |Datapath|SumorSub:Add|Sum8Bit:inst|Sum:inst2|inst4            ; |Datapath|SumorSub:Add|Sum8Bit:inst|Sum:inst2|inst4            ; out0             ;
; |Datapath|SumorSub:Add|Sum8Bit:inst|Sum:inst2|inst5            ; |Datapath|SumorSub:Add|Sum8Bit:inst|Sum:inst2|inst5            ; out0             ;
; |Datapath|SumorSub:Add|Sum8Bit:inst|Sum:inst2|inst3            ; |Datapath|SumorSub:Add|Sum8Bit:inst|Sum:inst2|inst3            ; out0             ;
; |Datapath|SumorSub:Add|Sum8Bit:inst|Sum:inst1|inst1            ; |Datapath|SumorSub:Add|Sum8Bit:inst|Sum:inst1|inst1            ; out0             ;
; |Datapath|SumorSub:Add|Sum8Bit:inst|Sum:inst1|inst             ; |Datapath|SumorSub:Add|Sum8Bit:inst|Sum:inst1|inst             ; out0             ;
; |Datapath|SumorSub:Add|Sum8Bit:inst|Sum:inst1|inst2            ; |Datapath|SumorSub:Add|Sum8Bit:inst|Sum:inst1|inst2            ; out0             ;
; |Datapath|SumorSub:Add|Sum8Bit:inst|Sum:inst1|inst4            ; |Datapath|SumorSub:Add|Sum8Bit:inst|Sum:inst1|inst4            ; out0             ;
; |Datapath|SumorSub:Add|Sum8Bit:inst|Sum:inst1|inst5            ; |Datapath|SumorSub:Add|Sum8Bit:inst|Sum:inst1|inst5            ; out0             ;
; |Datapath|SumorSub:Add|Sum8Bit:inst|Sum:inst1|inst3            ; |Datapath|SumorSub:Add|Sum8Bit:inst|Sum:inst1|inst3            ; out0             ;
; |Datapath|SumorSub:Add|Sum8Bit:inst|Sum:inst|inst1             ; |Datapath|SumorSub:Add|Sum8Bit:inst|Sum:inst|inst1             ; out0             ;
; |Datapath|MinMax:Max2|SubnBit:inst1|Sub1Bit:inst4|inst10       ; |Datapath|MinMax:Max2|SubnBit:inst1|Sub1Bit:inst4|inst10       ; out0             ;
; |Datapath|MinMax:Max2|SubnBit:inst1|Sub1Bit:inst5|inst7        ; |Datapath|MinMax:Max2|SubnBit:inst1|Sub1Bit:inst5|inst7        ; out0             ;
; |Datapath|MinMax:Max2|SubnBit:inst1|Sub1Bit:inst5|inst12       ; |Datapath|MinMax:Max2|SubnBit:inst1|Sub1Bit:inst5|inst12       ; out0             ;
; |Datapath|MinMax:Max2|SubnBit:inst1|Sub1Bit:inst5|inst10       ; |Datapath|MinMax:Max2|SubnBit:inst1|Sub1Bit:inst5|inst10       ; out0             ;
; |Datapath|MinMax:Max2|SubnBit:inst1|Sub1Bit:inst5|inst11       ; |Datapath|MinMax:Max2|SubnBit:inst1|Sub1Bit:inst5|inst11       ; out0             ;
; |Datapath|MinMax:Max2|SubnBit:inst1|Sub1Bit:inst6|inst12       ; |Datapath|MinMax:Max2|SubnBit:inst1|Sub1Bit:inst6|inst12       ; out0             ;
; |Datapath|MinMax:Max2|SubnBit:inst1|Sub1Bit:inst6|inst10       ; |Datapath|MinMax:Max2|SubnBit:inst1|Sub1Bit:inst6|inst10       ; out0             ;
; |Datapath|MinMax:Max2|SubnBit:inst1|Sub1Bit:inst6|inst11       ; |Datapath|MinMax:Max2|SubnBit:inst1|Sub1Bit:inst6|inst11       ; out0             ;
; |Datapath|MinMax:Max2|SubnBit:inst1|Sub1Bit:inst7|inst7        ; |Datapath|MinMax:Max2|SubnBit:inst1|Sub1Bit:inst7|inst7        ; out0             ;
; |Datapath|MinMax:Max2|SubnBit:inst1|Sub1Bit:inst7|inst12       ; |Datapath|MinMax:Max2|SubnBit:inst1|Sub1Bit:inst7|inst12       ; out0             ;
; |Datapath|MinMax:Max2|SubnBit:inst1|Sub1Bit:inst7|inst10       ; |Datapath|MinMax:Max2|SubnBit:inst1|Sub1Bit:inst7|inst10       ; out0             ;
; |Datapath|MinMax:Max2|SubnBit:inst1|Sub1Bit:inst7|inst11       ; |Datapath|MinMax:Max2|SubnBit:inst1|Sub1Bit:inst7|inst11       ; out0             ;
; |Datapath|MinMax:Max2|SubnBit:inst1|Sub1Bit:inst3|inst7        ; |Datapath|MinMax:Max2|SubnBit:inst1|Sub1Bit:inst3|inst7        ; out0             ;
; |Datapath|MinMax:Max2|SubnBit:inst1|Sub1Bit:inst3|inst12       ; |Datapath|MinMax:Max2|SubnBit:inst1|Sub1Bit:inst3|inst12       ; out0             ;
; |Datapath|MinMax:Max2|SubnBit:inst1|Sub1Bit:inst3|inst10       ; |Datapath|MinMax:Max2|SubnBit:inst1|Sub1Bit:inst3|inst10       ; out0             ;
; |Datapath|MinMax:Max2|SubnBit:inst1|Sub1Bit:inst3|inst11       ; |Datapath|MinMax:Max2|SubnBit:inst1|Sub1Bit:inst3|inst11       ; out0             ;
; |Datapath|MinMax:Max2|SubnBit:inst1|Sub1Bit:inst2|inst7        ; |Datapath|MinMax:Max2|SubnBit:inst1|Sub1Bit:inst2|inst7        ; out0             ;
; |Datapath|MinMax:Max2|SubnBit:inst1|Sub1Bit:inst2|inst12       ; |Datapath|MinMax:Max2|SubnBit:inst1|Sub1Bit:inst2|inst12       ; out0             ;
; |Datapath|MinMax:Max2|SubnBit:inst1|Sub1Bit:inst2|inst10       ; |Datapath|MinMax:Max2|SubnBit:inst1|Sub1Bit:inst2|inst10       ; out0             ;
; |Datapath|MinMax:Max2|SubnBit:inst1|Sub1Bit:inst2|inst11       ; |Datapath|MinMax:Max2|SubnBit:inst1|Sub1Bit:inst2|inst11       ; out0             ;
; |Datapath|MinMax:Max2|SubnBit:inst1|Sub1Bit:inst1|inst7        ; |Datapath|MinMax:Max2|SubnBit:inst1|Sub1Bit:inst1|inst7        ; out0             ;
; |Datapath|MinMax:Max2|SubnBit:inst1|Sub1Bit:inst1|inst12       ; |Datapath|MinMax:Max2|SubnBit:inst1|Sub1Bit:inst1|inst12       ; out0             ;
; |Datapath|MinMax:Max2|SubnBit:inst1|Sub1Bit:inst1|inst10       ; |Datapath|MinMax:Max2|SubnBit:inst1|Sub1Bit:inst1|inst10       ; out0             ;
; |Datapath|MinMax:Max2|SubnBit:inst1|Sub1Bit:inst1|inst11       ; |Datapath|MinMax:Max2|SubnBit:inst1|Sub1Bit:inst1|inst11       ; out0             ;
; |Datapath|MinMax:Max2|SubnBit:inst1|Sub1Bit:inst|inst          ; |Datapath|MinMax:Max2|SubnBit:inst1|Sub1Bit:inst|inst          ; out0             ;
; |Datapath|MinMax:Max2|SubnBit:inst1|Sub1Bit:inst|inst7         ; |Datapath|MinMax:Max2|SubnBit:inst1|Sub1Bit:inst|inst7         ; out0             ;
; |Datapath|MinMax:Max2|Mux21_8bit:inst|21mux:inst6|5            ; |Datapath|MinMax:Max2|Mux21_8bit:inst|21mux:inst6|5            ; out0             ;
; |Datapath|MinMax:Max2|Mux21_8bit:inst|21mux:inst6|6            ; |Datapath|MinMax:Max2|Mux21_8bit:inst|21mux:inst6|6            ; out0             ;
; |Datapath|MinMax:Max2|Mux21_8bit:inst|21mux:inst6|7            ; |Datapath|MinMax:Max2|Mux21_8bit:inst|21mux:inst6|7            ; out0             ;
; |Datapath|MinMax:Max2|Mux21_8bit:inst|21mux:inst5|5            ; |Datapath|MinMax:Max2|Mux21_8bit:inst|21mux:inst5|5            ; out0             ;
; |Datapath|MinMax:Max2|Mux21_8bit:inst|21mux:inst5|6            ; |Datapath|MinMax:Max2|Mux21_8bit:inst|21mux:inst5|6            ; out0             ;
; |Datapath|MinMax:Max2|Mux21_8bit:inst|21mux:inst5|7            ; |Datapath|MinMax:Max2|Mux21_8bit:inst|21mux:inst5|7            ; out0             ;
; |Datapath|MinMax:Max2|Mux21_8bit:inst|21mux:inst4|5            ; |Datapath|MinMax:Max2|Mux21_8bit:inst|21mux:inst4|5            ; out0             ;
; |Datapath|MinMax:Max2|Mux21_8bit:inst|21mux:inst4|6            ; |Datapath|MinMax:Max2|Mux21_8bit:inst|21mux:inst4|6            ; out0             ;
; |Datapath|MinMax:Max2|Mux21_8bit:inst|21mux:inst4|7            ; |Datapath|MinMax:Max2|Mux21_8bit:inst|21mux:inst4|7            ; out0             ;
; |Datapath|MinMax:Max2|Mux21_8bit:inst|21mux:inst7|5            ; |Datapath|MinMax:Max2|Mux21_8bit:inst|21mux:inst7|5            ; out0             ;
; |Datapath|MinMax:Max2|Mux21_8bit:inst|21mux:inst7|6            ; |Datapath|MinMax:Max2|Mux21_8bit:inst|21mux:inst7|6            ; out0             ;
; |Datapath|MinMax:Max2|Mux21_8bit:inst|21mux:inst7|7            ; |Datapath|MinMax:Max2|Mux21_8bit:inst|21mux:inst7|7            ; out0             ;
; |Datapath|MinMax:Max2|Mux21_8bit:inst|21mux:inst3|5            ; |Datapath|MinMax:Max2|Mux21_8bit:inst|21mux:inst3|5            ; out0             ;
; |Datapath|MinMax:Max2|Mux21_8bit:inst|21mux:inst3|6            ; |Datapath|MinMax:Max2|Mux21_8bit:inst|21mux:inst3|6            ; out0             ;
; |Datapath|MinMax:Max2|Mux21_8bit:inst|21mux:inst3|7            ; |Datapath|MinMax:Max2|Mux21_8bit:inst|21mux:inst3|7            ; out0             ;
; |Datapath|MinMax:Max2|Mux21_8bit:inst|21mux:inst2|5            ; |Datapath|MinMax:Max2|Mux21_8bit:inst|21mux:inst2|5            ; out0             ;
; |Datapath|MinMax:Max2|Mux21_8bit:inst|21mux:inst2|6            ; |Datapath|MinMax:Max2|Mux21_8bit:inst|21mux:inst2|6            ; out0             ;
; |Datapath|MinMax:Max2|Mux21_8bit:inst|21mux:inst2|7            ; |Datapath|MinMax:Max2|Mux21_8bit:inst|21mux:inst2|7            ; out0             ;
; |Datapath|MinMax:Max2|Mux21_8bit:inst|21mux:inst1|5            ; |Datapath|MinMax:Max2|Mux21_8bit:inst|21mux:inst1|5            ; out0             ;
; |Datapath|MinMax:Max2|Mux21_8bit:inst|21mux:inst1|6            ; |Datapath|MinMax:Max2|Mux21_8bit:inst|21mux:inst1|6            ; out0             ;
; |Datapath|MinMax:Max2|Mux21_8bit:inst|21mux:inst1|7            ; |Datapath|MinMax:Max2|Mux21_8bit:inst|21mux:inst1|7            ; out0             ;
; |Datapath|MinMax:Max2|Mux21_8bit:inst|21mux:inst|5             ; |Datapath|MinMax:Max2|Mux21_8bit:inst|21mux:inst|5             ; out0             ;
; |Datapath|MinMax:Max2|Mux21_8bit:inst|21mux:inst|6             ; |Datapath|MinMax:Max2|Mux21_8bit:inst|21mux:inst|6             ; out0             ;
; |Datapath|MinMax:Max2|Mux21_8bit:inst|21mux:inst|7             ; |Datapath|MinMax:Max2|Mux21_8bit:inst|21mux:inst|7             ; out0             ;
+----------------------------------------------------------------+----------------------------------------------------------------+------------------+


The following table displays output ports that do not toggle to 0 during simulation.
+----------------------------------------------------------------------------------------------------------------------------------------------------+
; Missing 0-Value Coverage                                                                                                                           ;
+----------------------------------------------------------------+----------------------------------------------------------------+------------------+
; Node Name                                                      ; Output Port Name                                               ; Output Port Type ;
+----------------------------------------------------------------+----------------------------------------------------------------+------------------+
; |Datapath|Out[7]                                               ; |Datapath|Out[7]                                               ; pin_out          ;
; |Datapath|Out[6]                                               ; |Datapath|Out[6]                                               ; pin_out          ;
; |Datapath|Out[5]                                               ; |Datapath|Out[5]                                               ; pin_out          ;
; |Datapath|Out[4]                                               ; |Datapath|Out[4]                                               ; pin_out          ;
; |Datapath|Out[3]                                               ; |Datapath|Out[3]                                               ; pin_out          ;
; |Datapath|Out[0]                                               ; |Datapath|Out[0]                                               ; pin_out          ;
; |Datapath|A[7]                                                 ; |Datapath|A[7]                                                 ; out              ;
; |Datapath|A[6]                                                 ; |Datapath|A[6]                                                 ; out              ;
; |Datapath|A[5]                                                 ; |Datapath|A[5]                                                 ; out              ;
; |Datapath|A[4]                                                 ; |Datapath|A[4]                                                 ; out              ;
; |Datapath|A[3]                                                 ; |Datapath|A[3]                                                 ; out              ;
; |Datapath|A[1]                                                 ; |Datapath|A[1]                                                 ; out              ;
; |Datapath|B[7]                                                 ; |Datapath|B[7]                                                 ; out              ;
; |Datapath|B[6]                                                 ; |Datapath|B[6]                                                 ; out              ;
; |Datapath|B[5]                                                 ; |Datapath|B[5]                                                 ; out              ;
; |Datapath|B[4]                                                 ; |Datapath|B[4]                                                 ; out              ;
; |Datapath|B[3]                                                 ; |Datapath|B[3]                                                 ; out              ;
; |Datapath|B[2]                                                 ; |Datapath|B[2]                                                 ; out              ;
; |Datapath|MinMax:Max|SubnBit:inst1|Sub1Bit:inst4|inst10        ; |Datapath|MinMax:Max|SubnBit:inst1|Sub1Bit:inst4|inst10        ; out0             ;
; |Datapath|MinMax:Max|SubnBit:inst1|Sub1Bit:inst5|inst11        ; |Datapath|MinMax:Max|SubnBit:inst1|Sub1Bit:inst5|inst11        ; out0             ;
; |Datapath|MinMax:Max|SubnBit:inst1|Sub1Bit:inst6|inst10        ; |Datapath|MinMax:Max|SubnBit:inst1|Sub1Bit:inst6|inst10        ; out0             ;
; |Datapath|MinMax:Max|SubnBit:inst1|Sub1Bit:inst7|inst7         ; |Datapath|MinMax:Max|SubnBit:inst1|Sub1Bit:inst7|inst7         ; out0             ;
; |Datapath|MinMax:Max|SubnBit:inst1|Sub1Bit:inst7|inst10        ; |Datapath|MinMax:Max|SubnBit:inst1|Sub1Bit:inst7|inst10        ; out0             ;
; |Datapath|MinMax:Max|SubnBit:inst1|Sub1Bit:inst3|inst7         ; |Datapath|MinMax:Max|SubnBit:inst1|Sub1Bit:inst3|inst7         ; out0             ;
; |Datapath|MinMax:Max|SubnBit:inst1|Sub1Bit:inst3|inst10        ; |Datapath|MinMax:Max|SubnBit:inst1|Sub1Bit:inst3|inst10        ; out0             ;
; |Datapath|MinMax:Max|SubnBit:inst1|Sub1Bit:inst2|inst7         ; |Datapath|MinMax:Max|SubnBit:inst1|Sub1Bit:inst2|inst7         ; out0             ;
; |Datapath|MinMax:Max|SubnBit:inst1|Sub1Bit:inst2|inst10        ; |Datapath|MinMax:Max|SubnBit:inst1|Sub1Bit:inst2|inst10        ; out0             ;
; |Datapath|MinMax:Max|SubnBit:inst1|Sub1Bit:inst1|inst7         ; |Datapath|MinMax:Max|SubnBit:inst1|Sub1Bit:inst1|inst7         ; out0             ;
; |Datapath|MinMax:Max|SubnBit:inst1|Sub1Bit:inst1|inst10        ; |Datapath|MinMax:Max|SubnBit:inst1|Sub1Bit:inst1|inst10        ; out0             ;
; |Datapath|MinMax:Max|SubnBit:inst1|Sub1Bit:inst|inst7          ; |Datapath|MinMax:Max|SubnBit:inst1|Sub1Bit:inst|inst7          ; out0             ;
; |Datapath|MinMax:Max|Mux21_8bit:inst|21mux:inst6|7             ; |Datapath|MinMax:Max|Mux21_8bit:inst|21mux:inst6|7             ; out0             ;
; |Datapath|MinMax:Max|Mux21_8bit:inst|21mux:inst5|5             ; |Datapath|MinMax:Max|Mux21_8bit:inst|21mux:inst5|5             ; out0             ;
; |Datapath|MinMax:Max|Mux21_8bit:inst|21mux:inst5|6             ; |Datapath|MinMax:Max|Mux21_8bit:inst|21mux:inst5|6             ; out0             ;
; |Datapath|MinMax:Max|Mux21_8bit:inst|21mux:inst5|7             ; |Datapath|MinMax:Max|Mux21_8bit:inst|21mux:inst5|7             ; out0             ;
; |Datapath|MinMax:Max|Mux21_8bit:inst|21mux:inst4|7             ; |Datapath|MinMax:Max|Mux21_8bit:inst|21mux:inst4|7             ; out0             ;
; |Datapath|MinMax:Max|Mux21_8bit:inst|21mux:inst7|5             ; |Datapath|MinMax:Max|Mux21_8bit:inst|21mux:inst7|5             ; out0             ;
; |Datapath|MinMax:Max|Mux21_8bit:inst|21mux:inst7|6             ; |Datapath|MinMax:Max|Mux21_8bit:inst|21mux:inst7|6             ; out0             ;
; |Datapath|MinMax:Max|Mux21_8bit:inst|21mux:inst7|7             ; |Datapath|MinMax:Max|Mux21_8bit:inst|21mux:inst7|7             ; out0             ;
; |Datapath|MinMax:Max|Mux21_8bit:inst|21mux:inst3|5             ; |Datapath|MinMax:Max|Mux21_8bit:inst|21mux:inst3|5             ; out0             ;
; |Datapath|MinMax:Max|Mux21_8bit:inst|21mux:inst3|6             ; |Datapath|MinMax:Max|Mux21_8bit:inst|21mux:inst3|6             ; out0             ;
; |Datapath|MinMax:Max|Mux21_8bit:inst|21mux:inst3|7             ; |Datapath|MinMax:Max|Mux21_8bit:inst|21mux:inst3|7             ; out0             ;
; |Datapath|MinMax:Max|Mux21_8bit:inst|21mux:inst2|5             ; |Datapath|MinMax:Max|Mux21_8bit:inst|21mux:inst2|5             ; out0             ;
; |Datapath|MinMax:Max|Mux21_8bit:inst|21mux:inst2|6             ; |Datapath|MinMax:Max|Mux21_8bit:inst|21mux:inst2|6             ; out0             ;
; |Datapath|MinMax:Max|Mux21_8bit:inst|21mux:inst2|7             ; |Datapath|MinMax:Max|Mux21_8bit:inst|21mux:inst2|7             ; out0             ;
; |Datapath|MinMax:Max|Mux21_8bit:inst|21mux:inst1|5             ; |Datapath|MinMax:Max|Mux21_8bit:inst|21mux:inst1|5             ; out0             ;
; |Datapath|MinMax:Max|Mux21_8bit:inst|21mux:inst1|6             ; |Datapath|MinMax:Max|Mux21_8bit:inst|21mux:inst1|6             ; out0             ;
; |Datapath|MinMax:Max|Mux21_8bit:inst|21mux:inst1|7             ; |Datapath|MinMax:Max|Mux21_8bit:inst|21mux:inst1|7             ; out0             ;
; |Datapath|MinMax:Max|Mux21_8bit:inst|21mux:inst|5              ; |Datapath|MinMax:Max|Mux21_8bit:inst|21mux:inst|5              ; out0             ;
; |Datapath|MinMax:Max|Mux21_8bit:inst|21mux:inst|6              ; |Datapath|MinMax:Max|Mux21_8bit:inst|21mux:inst|6              ; out0             ;
; |Datapath|MinMax:Max|Mux21_8bit:inst|21mux:inst|7              ; |Datapath|MinMax:Max|Mux21_8bit:inst|21mux:inst|7              ; out0             ;
; |Datapath|SumorSub:Sub|Sum8Bit:inst|Sum:inst6|inst             ; |Datapath|SumorSub:Sub|Sum8Bit:inst|Sum:inst6|inst             ; out0             ;
; |Datapath|SumorSub:Sub|Sum8Bit:inst|Sum:inst6|inst2            ; |Datapath|SumorSub:Sub|Sum8Bit:inst|Sum:inst6|inst2            ; out0             ;
; |Datapath|SumorSub:Sub|Sum8Bit:inst|Sum:inst7|inst1            ; |Datapath|SumorSub:Sub|Sum8Bit:inst|Sum:inst7|inst1            ; out0             ;
; |Datapath|SumorSub:Sub|Sum8Bit:inst|Sum:inst7|inst             ; |Datapath|SumorSub:Sub|Sum8Bit:inst|Sum:inst7|inst             ; out0             ;
; |Datapath|SumorSub:Sub|Sum8Bit:inst|Sum:inst7|inst2            ; |Datapath|SumorSub:Sub|Sum8Bit:inst|Sum:inst7|inst2            ; out0             ;
; |Datapath|SumorSub:Sub|Sum8Bit:inst|Sum:inst7|inst4            ; |Datapath|SumorSub:Sub|Sum8Bit:inst|Sum:inst7|inst4            ; out0             ;
; |Datapath|SumorSub:Sub|Sum8Bit:inst|Sum:inst7|inst5            ; |Datapath|SumorSub:Sub|Sum8Bit:inst|Sum:inst7|inst5            ; out0             ;
; |Datapath|SumorSub:Sub|Sum8Bit:inst|Sum:inst7|inst3            ; |Datapath|SumorSub:Sub|Sum8Bit:inst|Sum:inst7|inst3            ; out0             ;
; |Datapath|SumorSub:Sub|Sum8Bit:inst|Sum:inst3|inst             ; |Datapath|SumorSub:Sub|Sum8Bit:inst|Sum:inst3|inst             ; out0             ;
; |Datapath|SumorSub:Sub|Sum8Bit:inst|Sum:inst3|inst2            ; |Datapath|SumorSub:Sub|Sum8Bit:inst|Sum:inst3|inst2            ; out0             ;
; |Datapath|SumorSub:Sub|Sum8Bit:inst|Sum:inst3|inst4            ; |Datapath|SumorSub:Sub|Sum8Bit:inst|Sum:inst3|inst4            ; out0             ;
; |Datapath|SumorSub:Sub|Sum8Bit:inst|Sum:inst5|inst1            ; |Datapath|SumorSub:Sub|Sum8Bit:inst|Sum:inst5|inst1            ; out0             ;
; |Datapath|SumorSub:Sub|Sum8Bit:inst|Sum:inst5|inst             ; |Datapath|SumorSub:Sub|Sum8Bit:inst|Sum:inst5|inst             ; out0             ;
; |Datapath|SumorSub:Sub|Sum8Bit:inst|Sum:inst5|inst2            ; |Datapath|SumorSub:Sub|Sum8Bit:inst|Sum:inst5|inst2            ; out0             ;
; |Datapath|SumorSub:Sub|Sum8Bit:inst|Sum:inst5|inst4            ; |Datapath|SumorSub:Sub|Sum8Bit:inst|Sum:inst5|inst4            ; out0             ;
; |Datapath|SumorSub:Sub|Sum8Bit:inst|Sum:inst5|inst5            ; |Datapath|SumorSub:Sub|Sum8Bit:inst|Sum:inst5|inst5            ; out0             ;
; |Datapath|SumorSub:Sub|Sum8Bit:inst|Sum:inst5|inst3            ; |Datapath|SumorSub:Sub|Sum8Bit:inst|Sum:inst5|inst3            ; out0             ;
; |Datapath|SumorSub:Sub|Sum8Bit:inst|Sum:inst4|inst1            ; |Datapath|SumorSub:Sub|Sum8Bit:inst|Sum:inst4|inst1            ; out0             ;
; |Datapath|SumorSub:Sub|Sum8Bit:inst|Sum:inst4|inst             ; |Datapath|SumorSub:Sub|Sum8Bit:inst|Sum:inst4|inst             ; out0             ;
; |Datapath|SumorSub:Sub|Sum8Bit:inst|Sum:inst4|inst2            ; |Datapath|SumorSub:Sub|Sum8Bit:inst|Sum:inst4|inst2            ; out0             ;
; |Datapath|SumorSub:Sub|Sum8Bit:inst|Sum:inst4|inst4            ; |Datapath|SumorSub:Sub|Sum8Bit:inst|Sum:inst4|inst4            ; out0             ;
; |Datapath|SumorSub:Sub|Sum8Bit:inst|Sum:inst4|inst5            ; |Datapath|SumorSub:Sub|Sum8Bit:inst|Sum:inst4|inst5            ; out0             ;
; |Datapath|SumorSub:Sub|Sum8Bit:inst|Sum:inst4|inst3            ; |Datapath|SumorSub:Sub|Sum8Bit:inst|Sum:inst4|inst3            ; out0             ;
; |Datapath|SumorSub:Sub|Sum8Bit:inst|Sum:inst2|inst1            ; |Datapath|SumorSub:Sub|Sum8Bit:inst|Sum:inst2|inst1            ; out0             ;
; |Datapath|SumorSub:Sub|Sum8Bit:inst|Sum:inst2|inst2            ; |Datapath|SumorSub:Sub|Sum8Bit:inst|Sum:inst2|inst2            ; out0             ;
; |Datapath|SumorSub:Sub|Sum8Bit:inst|Sum:inst2|inst5            ; |Datapath|SumorSub:Sub|Sum8Bit:inst|Sum:inst2|inst5            ; out0             ;
; |Datapath|SumorSub:Sub|Sum8Bit:inst|Sum:inst1|inst1            ; |Datapath|SumorSub:Sub|Sum8Bit:inst|Sum:inst1|inst1            ; out0             ;
; |Datapath|SumorSub:Sub|Sum8Bit:inst|Sum:inst1|inst2            ; |Datapath|SumorSub:Sub|Sum8Bit:inst|Sum:inst1|inst2            ; out0             ;
; |Datapath|SumorSub:Sub|Sum8Bit:inst|Sum:inst1|inst5            ; |Datapath|SumorSub:Sub|Sum8Bit:inst|Sum:inst1|inst5            ; out0             ;
; |Datapath|SumorSub:Sub|Sum8Bit:inst|Sum:inst|inst1             ; |Datapath|SumorSub:Sub|Sum8Bit:inst|Sum:inst|inst1             ; out0             ;
; |Datapath|TriTuyetDoi:inst1|SubnBit:inst1|Sub1Bit:inst5|inst   ; |Datapath|TriTuyetDoi:inst1|SubnBit:inst1|Sub1Bit:inst5|inst   ; out0             ;
; |Datapath|TriTuyetDoi:inst1|SubnBit:inst1|Sub1Bit:inst5|inst11 ; |Datapath|TriTuyetDoi:inst1|SubnBit:inst1|Sub1Bit:inst5|inst11 ; out0             ;
; |Datapath|TriTuyetDoi:inst1|Mux21_8bit:inst|21mux:inst6|6      ; |Datapath|TriTuyetDoi:inst1|Mux21_8bit:inst|21mux:inst6|6      ; out0             ;
; |Datapath|TriTuyetDoi:inst1|Mux21_8bit:inst|21mux:inst6|7      ; |Datapath|TriTuyetDoi:inst1|Mux21_8bit:inst|21mux:inst6|7      ; out0             ;
; |Datapath|TriTuyetDoi:inst1|Mux21_8bit:inst|21mux:inst5|6      ; |Datapath|TriTuyetDoi:inst1|Mux21_8bit:inst|21mux:inst5|6      ; out0             ;
; |Datapath|TriTuyetDoi:inst1|Mux21_8bit:inst|21mux:inst5|7      ; |Datapath|TriTuyetDoi:inst1|Mux21_8bit:inst|21mux:inst5|7      ; out0             ;
; |Datapath|TriTuyetDoi:inst1|Mux21_8bit:inst|21mux:inst4|5      ; |Datapath|TriTuyetDoi:inst1|Mux21_8bit:inst|21mux:inst4|5      ; out0             ;
; |Datapath|TriTuyetDoi:inst1|Mux21_8bit:inst|21mux:inst4|6      ; |Datapath|TriTuyetDoi:inst1|Mux21_8bit:inst|21mux:inst4|6      ; out0             ;
; |Datapath|TriTuyetDoi:inst1|Mux21_8bit:inst|21mux:inst4|7      ; |Datapath|TriTuyetDoi:inst1|Mux21_8bit:inst|21mux:inst4|7      ; out0             ;
; |Datapath|TriTuyetDoi:inst1|Mux21_8bit:inst|21mux:inst7|5      ; |Datapath|TriTuyetDoi:inst1|Mux21_8bit:inst|21mux:inst7|5      ; out0             ;
; |Datapath|TriTuyetDoi:inst1|Mux21_8bit:inst|21mux:inst7|6      ; |Datapath|TriTuyetDoi:inst1|Mux21_8bit:inst|21mux:inst7|6      ; out0             ;
; |Datapath|TriTuyetDoi:inst1|Mux21_8bit:inst|21mux:inst7|7      ; |Datapath|TriTuyetDoi:inst1|Mux21_8bit:inst|21mux:inst7|7      ; out0             ;
; |Datapath|TriTuyetDoi:inst1|Mux21_8bit:inst|21mux:inst3|5      ; |Datapath|TriTuyetDoi:inst1|Mux21_8bit:inst|21mux:inst3|5      ; out0             ;
; |Datapath|TriTuyetDoi:inst1|Mux21_8bit:inst|21mux:inst3|6      ; |Datapath|TriTuyetDoi:inst1|Mux21_8bit:inst|21mux:inst3|6      ; out0             ;
; |Datapath|TriTuyetDoi:inst1|Mux21_8bit:inst|21mux:inst3|7      ; |Datapath|TriTuyetDoi:inst1|Mux21_8bit:inst|21mux:inst3|7      ; out0             ;
; |Datapath|TriTuyetDoi:inst1|Mux21_8bit:inst|21mux:inst2|5      ; |Datapath|TriTuyetDoi:inst1|Mux21_8bit:inst|21mux:inst2|5      ; out0             ;
; |Datapath|TriTuyetDoi:inst1|Mux21_8bit:inst|21mux:inst2|6      ; |Datapath|TriTuyetDoi:inst1|Mux21_8bit:inst|21mux:inst2|6      ; out0             ;
; |Datapath|TriTuyetDoi:inst1|Mux21_8bit:inst|21mux:inst2|7      ; |Datapath|TriTuyetDoi:inst1|Mux21_8bit:inst|21mux:inst2|7      ; out0             ;
; |Datapath|TriTuyetDoi:inst1|Mux21_8bit:inst|21mux:inst1|5      ; |Datapath|TriTuyetDoi:inst1|Mux21_8bit:inst|21mux:inst1|5      ; out0             ;
; |Datapath|TriTuyetDoi:inst1|Mux21_8bit:inst|21mux:inst1|6      ; |Datapath|TriTuyetDoi:inst1|Mux21_8bit:inst|21mux:inst1|6      ; out0             ;
; |Datapath|TriTuyetDoi:inst1|Mux21_8bit:inst|21mux:inst1|7      ; |Datapath|TriTuyetDoi:inst1|Mux21_8bit:inst|21mux:inst1|7      ; out0             ;
; |Datapath|TriTuyetDoi:inst1|Mux21_8bit:inst|21mux:inst|6       ; |Datapath|TriTuyetDoi:inst1|Mux21_8bit:inst|21mux:inst|6       ; out0             ;
; |Datapath|TriTuyetDoi:inst7|Mux21_8bit:inst|21mux:inst6|6      ; |Datapath|TriTuyetDoi:inst7|Mux21_8bit:inst|21mux:inst6|6      ; out0             ;
; |Datapath|TriTuyetDoi:inst7|Mux21_8bit:inst|21mux:inst6|7      ; |Datapath|TriTuyetDoi:inst7|Mux21_8bit:inst|21mux:inst6|7      ; out0             ;
; |Datapath|TriTuyetDoi:inst7|Mux21_8bit:inst|21mux:inst5|5      ; |Datapath|TriTuyetDoi:inst7|Mux21_8bit:inst|21mux:inst5|5      ; out0             ;
; |Datapath|TriTuyetDoi:inst7|Mux21_8bit:inst|21mux:inst5|6      ; |Datapath|TriTuyetDoi:inst7|Mux21_8bit:inst|21mux:inst5|6      ; out0             ;
; |Datapath|TriTuyetDoi:inst7|Mux21_8bit:inst|21mux:inst5|7      ; |Datapath|TriTuyetDoi:inst7|Mux21_8bit:inst|21mux:inst5|7      ; out0             ;
; |Datapath|TriTuyetDoi:inst7|Mux21_8bit:inst|21mux:inst4|6      ; |Datapath|TriTuyetDoi:inst7|Mux21_8bit:inst|21mux:inst4|6      ; out0             ;
; |Datapath|TriTuyetDoi:inst7|Mux21_8bit:inst|21mux:inst4|7      ; |Datapath|TriTuyetDoi:inst7|Mux21_8bit:inst|21mux:inst4|7      ; out0             ;
; |Datapath|TriTuyetDoi:inst7|Mux21_8bit:inst|21mux:inst7|5      ; |Datapath|TriTuyetDoi:inst7|Mux21_8bit:inst|21mux:inst7|5      ; out0             ;
; |Datapath|TriTuyetDoi:inst7|Mux21_8bit:inst|21mux:inst7|6      ; |Datapath|TriTuyetDoi:inst7|Mux21_8bit:inst|21mux:inst7|6      ; out0             ;
; |Datapath|TriTuyetDoi:inst7|Mux21_8bit:inst|21mux:inst7|7      ; |Datapath|TriTuyetDoi:inst7|Mux21_8bit:inst|21mux:inst7|7      ; out0             ;
; |Datapath|TriTuyetDoi:inst7|Mux21_8bit:inst|21mux:inst3|5      ; |Datapath|TriTuyetDoi:inst7|Mux21_8bit:inst|21mux:inst3|5      ; out0             ;
; |Datapath|TriTuyetDoi:inst7|Mux21_8bit:inst|21mux:inst3|6      ; |Datapath|TriTuyetDoi:inst7|Mux21_8bit:inst|21mux:inst3|6      ; out0             ;
; |Datapath|TriTuyetDoi:inst7|Mux21_8bit:inst|21mux:inst3|7      ; |Datapath|TriTuyetDoi:inst7|Mux21_8bit:inst|21mux:inst3|7      ; out0             ;
; |Datapath|TriTuyetDoi:inst7|Mux21_8bit:inst|21mux:inst2|5      ; |Datapath|TriTuyetDoi:inst7|Mux21_8bit:inst|21mux:inst2|5      ; out0             ;
; |Datapath|TriTuyetDoi:inst7|Mux21_8bit:inst|21mux:inst2|6      ; |Datapath|TriTuyetDoi:inst7|Mux21_8bit:inst|21mux:inst2|6      ; out0             ;
; |Datapath|TriTuyetDoi:inst7|Mux21_8bit:inst|21mux:inst2|7      ; |Datapath|TriTuyetDoi:inst7|Mux21_8bit:inst|21mux:inst2|7      ; out0             ;
; |Datapath|TriTuyetDoi:inst7|Mux21_8bit:inst|21mux:inst1|5      ; |Datapath|TriTuyetDoi:inst7|Mux21_8bit:inst|21mux:inst1|5      ; out0             ;
; |Datapath|TriTuyetDoi:inst7|Mux21_8bit:inst|21mux:inst1|6      ; |Datapath|TriTuyetDoi:inst7|Mux21_8bit:inst|21mux:inst1|6      ; out0             ;
; |Datapath|TriTuyetDoi:inst7|Mux21_8bit:inst|21mux:inst1|7      ; |Datapath|TriTuyetDoi:inst7|Mux21_8bit:inst|21mux:inst1|7      ; out0             ;
; |Datapath|TriTuyetDoi:inst7|Mux21_8bit:inst|21mux:inst|6       ; |Datapath|TriTuyetDoi:inst7|Mux21_8bit:inst|21mux:inst|6       ; out0             ;
; |Datapath|MinMax:Min|SubnBit:inst1|Sub1Bit:inst4|inst10        ; |Datapath|MinMax:Min|SubnBit:inst1|Sub1Bit:inst4|inst10        ; out0             ;
; |Datapath|MinMax:Min|SubnBit:inst1|Sub1Bit:inst5|inst11        ; |Datapath|MinMax:Min|SubnBit:inst1|Sub1Bit:inst5|inst11        ; out0             ;
; |Datapath|MinMax:Min|SubnBit:inst1|Sub1Bit:inst6|inst10        ; |Datapath|MinMax:Min|SubnBit:inst1|Sub1Bit:inst6|inst10        ; out0             ;
; |Datapath|MinMax:Min|SubnBit:inst1|Sub1Bit:inst7|inst7         ; |Datapath|MinMax:Min|SubnBit:inst1|Sub1Bit:inst7|inst7         ; out0             ;
; |Datapath|MinMax:Min|SubnBit:inst1|Sub1Bit:inst7|inst10        ; |Datapath|MinMax:Min|SubnBit:inst1|Sub1Bit:inst7|inst10        ; out0             ;
; |Datapath|MinMax:Min|SubnBit:inst1|Sub1Bit:inst3|inst7         ; |Datapath|MinMax:Min|SubnBit:inst1|Sub1Bit:inst3|inst7         ; out0             ;
; |Datapath|MinMax:Min|SubnBit:inst1|Sub1Bit:inst3|inst10        ; |Datapath|MinMax:Min|SubnBit:inst1|Sub1Bit:inst3|inst10        ; out0             ;
; |Datapath|MinMax:Min|SubnBit:inst1|Sub1Bit:inst2|inst7         ; |Datapath|MinMax:Min|SubnBit:inst1|Sub1Bit:inst2|inst7         ; out0             ;
; |Datapath|MinMax:Min|SubnBit:inst1|Sub1Bit:inst2|inst10        ; |Datapath|MinMax:Min|SubnBit:inst1|Sub1Bit:inst2|inst10        ; out0             ;
; |Datapath|MinMax:Min|SubnBit:inst1|Sub1Bit:inst1|inst7         ; |Datapath|MinMax:Min|SubnBit:inst1|Sub1Bit:inst1|inst7         ; out0             ;
; |Datapath|MinMax:Min|SubnBit:inst1|Sub1Bit:inst1|inst10        ; |Datapath|MinMax:Min|SubnBit:inst1|Sub1Bit:inst1|inst10        ; out0             ;
; |Datapath|MinMax:Min|SubnBit:inst1|Sub1Bit:inst|inst7          ; |Datapath|MinMax:Min|SubnBit:inst1|Sub1Bit:inst|inst7          ; out0             ;
; |Datapath|MinMax:Min|Mux21_8bit:inst|21mux:inst5|6             ; |Datapath|MinMax:Min|Mux21_8bit:inst|21mux:inst5|6             ; out0             ;
; |Datapath|MinMax:Min|Mux21_8bit:inst|21mux:inst5|7             ; |Datapath|MinMax:Min|Mux21_8bit:inst|21mux:inst5|7             ; out0             ;
; |Datapath|MinMax:Min|Mux21_8bit:inst|21mux:inst4|5             ; |Datapath|MinMax:Min|Mux21_8bit:inst|21mux:inst4|5             ; out0             ;
; |Datapath|MinMax:Min|Mux21_8bit:inst|21mux:inst4|6             ; |Datapath|MinMax:Min|Mux21_8bit:inst|21mux:inst4|6             ; out0             ;
; |Datapath|MinMax:Min|Mux21_8bit:inst|21mux:inst4|7             ; |Datapath|MinMax:Min|Mux21_8bit:inst|21mux:inst4|7             ; out0             ;
; |Datapath|MinMax:Min|Mux21_8bit:inst|21mux:inst7|5             ; |Datapath|MinMax:Min|Mux21_8bit:inst|21mux:inst7|5             ; out0             ;
; |Datapath|MinMax:Min|Mux21_8bit:inst|21mux:inst7|6             ; |Datapath|MinMax:Min|Mux21_8bit:inst|21mux:inst7|6             ; out0             ;
; |Datapath|MinMax:Min|Mux21_8bit:inst|21mux:inst7|7             ; |Datapath|MinMax:Min|Mux21_8bit:inst|21mux:inst7|7             ; out0             ;
; |Datapath|MinMax:Min|Mux21_8bit:inst|21mux:inst3|5             ; |Datapath|MinMax:Min|Mux21_8bit:inst|21mux:inst3|5             ; out0             ;
; |Datapath|MinMax:Min|Mux21_8bit:inst|21mux:inst3|6             ; |Datapath|MinMax:Min|Mux21_8bit:inst|21mux:inst3|6             ; out0             ;
; |Datapath|MinMax:Min|Mux21_8bit:inst|21mux:inst3|7             ; |Datapath|MinMax:Min|Mux21_8bit:inst|21mux:inst3|7             ; out0             ;
; |Datapath|MinMax:Min|Mux21_8bit:inst|21mux:inst2|5             ; |Datapath|MinMax:Min|Mux21_8bit:inst|21mux:inst2|5             ; out0             ;
; |Datapath|MinMax:Min|Mux21_8bit:inst|21mux:inst2|6             ; |Datapath|MinMax:Min|Mux21_8bit:inst|21mux:inst2|6             ; out0             ;
; |Datapath|MinMax:Min|Mux21_8bit:inst|21mux:inst2|7             ; |Datapath|MinMax:Min|Mux21_8bit:inst|21mux:inst2|7             ; out0             ;
; |Datapath|MinMax:Min|Mux21_8bit:inst|21mux:inst1|5             ; |Datapath|MinMax:Min|Mux21_8bit:inst|21mux:inst1|5             ; out0             ;
; |Datapath|MinMax:Min|Mux21_8bit:inst|21mux:inst1|6             ; |Datapath|MinMax:Min|Mux21_8bit:inst|21mux:inst1|6             ; out0             ;
; |Datapath|MinMax:Min|Mux21_8bit:inst|21mux:inst1|7             ; |Datapath|MinMax:Min|Mux21_8bit:inst|21mux:inst1|7             ; out0             ;
; |Datapath|MinMax:Min|Mux21_8bit:inst|21mux:inst|5              ; |Datapath|MinMax:Min|Mux21_8bit:inst|21mux:inst|5              ; out0             ;
; |Datapath|MinMax:Min|Mux21_8bit:inst|21mux:inst|6              ; |Datapath|MinMax:Min|Mux21_8bit:inst|21mux:inst|6              ; out0             ;
; |Datapath|MinMax:Min|Mux21_8bit:inst|21mux:inst|7              ; |Datapath|MinMax:Min|Mux21_8bit:inst|21mux:inst|7              ; out0             ;
; |Datapath|SumorSub:Add|Sum8Bit:inst|Sum:inst6|inst             ; |Datapath|SumorSub:Add|Sum8Bit:inst|Sum:inst6|inst             ; out0             ;
; |Datapath|SumorSub:Add|Sum8Bit:inst|Sum:inst7|inst             ; |Datapath|SumorSub:Add|Sum8Bit:inst|Sum:inst7|inst             ; out0             ;
; |Datapath|SumorSub:Add|Sum8Bit:inst|Sum:inst7|inst2            ; |Datapath|SumorSub:Add|Sum8Bit:inst|Sum:inst7|inst2            ; out0             ;
; |Datapath|SumorSub:Add|Sum8Bit:inst|Sum:inst7|inst4            ; |Datapath|SumorSub:Add|Sum8Bit:inst|Sum:inst7|inst4            ; out0             ;
; |Datapath|SumorSub:Add|Sum8Bit:inst|Sum:inst7|inst5            ; |Datapath|SumorSub:Add|Sum8Bit:inst|Sum:inst7|inst5            ; out0             ;
; |Datapath|SumorSub:Add|Sum8Bit:inst|Sum:inst7|inst3            ; |Datapath|SumorSub:Add|Sum8Bit:inst|Sum:inst7|inst3            ; out0             ;
; |Datapath|SumorSub:Add|Sum8Bit:inst|Sum:inst3|inst2            ; |Datapath|SumorSub:Add|Sum8Bit:inst|Sum:inst3|inst2            ; out0             ;
; |Datapath|SumorSub:Add|Sum8Bit:inst|Sum:inst3|inst4            ; |Datapath|SumorSub:Add|Sum8Bit:inst|Sum:inst3|inst4            ; out0             ;
; |Datapath|SumorSub:Add|Sum8Bit:inst|Sum:inst3|inst5            ; |Datapath|SumorSub:Add|Sum8Bit:inst|Sum:inst3|inst5            ; out0             ;
; |Datapath|SumorSub:Add|Sum8Bit:inst|Sum:inst3|inst3            ; |Datapath|SumorSub:Add|Sum8Bit:inst|Sum:inst3|inst3            ; out0             ;
; |Datapath|SumorSub:Add|Sum8Bit:inst|Sum:inst5|inst1            ; |Datapath|SumorSub:Add|Sum8Bit:inst|Sum:inst5|inst1            ; out0             ;
; |Datapath|SumorSub:Add|Sum8Bit:inst|Sum:inst5|inst             ; |Datapath|SumorSub:Add|Sum8Bit:inst|Sum:inst5|inst             ; out0             ;
; |Datapath|SumorSub:Add|Sum8Bit:inst|Sum:inst5|inst2            ; |Datapath|SumorSub:Add|Sum8Bit:inst|Sum:inst5|inst2            ; out0             ;
; |Datapath|SumorSub:Add|Sum8Bit:inst|Sum:inst5|inst4            ; |Datapath|SumorSub:Add|Sum8Bit:inst|Sum:inst5|inst4            ; out0             ;
; |Datapath|SumorSub:Add|Sum8Bit:inst|Sum:inst5|inst5            ; |Datapath|SumorSub:Add|Sum8Bit:inst|Sum:inst5|inst5            ; out0             ;
; |Datapath|SumorSub:Add|Sum8Bit:inst|Sum:inst5|inst3            ; |Datapath|SumorSub:Add|Sum8Bit:inst|Sum:inst5|inst3            ; out0             ;
; |Datapath|SumorSub:Add|Sum8Bit:inst|Sum:inst4|inst1            ; |Datapath|SumorSub:Add|Sum8Bit:inst|Sum:inst4|inst1            ; out0             ;
; |Datapath|SumorSub:Add|Sum8Bit:inst|Sum:inst4|inst             ; |Datapath|SumorSub:Add|Sum8Bit:inst|Sum:inst4|inst             ; out0             ;
; |Datapath|SumorSub:Add|Sum8Bit:inst|Sum:inst4|inst2            ; |Datapath|SumorSub:Add|Sum8Bit:inst|Sum:inst4|inst2            ; out0             ;
; |Datapath|SumorSub:Add|Sum8Bit:inst|Sum:inst4|inst4            ; |Datapath|SumorSub:Add|Sum8Bit:inst|Sum:inst4|inst4            ; out0             ;
; |Datapath|SumorSub:Add|Sum8Bit:inst|Sum:inst4|inst5            ; |Datapath|SumorSub:Add|Sum8Bit:inst|Sum:inst4|inst5            ; out0             ;
; |Datapath|SumorSub:Add|Sum8Bit:inst|Sum:inst4|inst3            ; |Datapath|SumorSub:Add|Sum8Bit:inst|Sum:inst4|inst3            ; out0             ;
; |Datapath|SumorSub:Add|Sum8Bit:inst|Sum:inst2|inst1            ; |Datapath|SumorSub:Add|Sum8Bit:inst|Sum:inst2|inst1            ; out0             ;
; |Datapath|SumorSub:Add|Sum8Bit:inst|Sum:inst2|inst             ; |Datapath|SumorSub:Add|Sum8Bit:inst|Sum:inst2|inst             ; out0             ;
; |Datapath|SumorSub:Add|Sum8Bit:inst|Sum:inst2|inst2            ; |Datapath|SumorSub:Add|Sum8Bit:inst|Sum:inst2|inst2            ; out0             ;
; |Datapath|SumorSub:Add|Sum8Bit:inst|Sum:inst2|inst4            ; |Datapath|SumorSub:Add|Sum8Bit:inst|Sum:inst2|inst4            ; out0             ;
; |Datapath|SumorSub:Add|Sum8Bit:inst|Sum:inst2|inst5            ; |Datapath|SumorSub:Add|Sum8Bit:inst|Sum:inst2|inst5            ; out0             ;
; |Datapath|SumorSub:Add|Sum8Bit:inst|Sum:inst2|inst3            ; |Datapath|SumorSub:Add|Sum8Bit:inst|Sum:inst2|inst3            ; out0             ;
; |Datapath|SumorSub:Add|Sum8Bit:inst|Sum:inst1|inst1            ; |Datapath|SumorSub:Add|Sum8Bit:inst|Sum:inst1|inst1            ; out0             ;
; |Datapath|SumorSub:Add|Sum8Bit:inst|Sum:inst1|inst             ; |Datapath|SumorSub:Add|Sum8Bit:inst|Sum:inst1|inst             ; out0             ;
; |Datapath|SumorSub:Add|Sum8Bit:inst|Sum:inst1|inst2            ; |Datapath|SumorSub:Add|Sum8Bit:inst|Sum:inst1|inst2            ; out0             ;
; |Datapath|SumorSub:Add|Sum8Bit:inst|Sum:inst1|inst4            ; |Datapath|SumorSub:Add|Sum8Bit:inst|Sum:inst1|inst4            ; out0             ;
; |Datapath|SumorSub:Add|Sum8Bit:inst|Sum:inst1|inst5            ; |Datapath|SumorSub:Add|Sum8Bit:inst|Sum:inst1|inst5            ; out0             ;
; |Datapath|SumorSub:Add|Sum8Bit:inst|Sum:inst1|inst3            ; |Datapath|SumorSub:Add|Sum8Bit:inst|Sum:inst1|inst3            ; out0             ;
; |Datapath|SumorSub:Add|Sum8Bit:inst|Sum:inst|inst1             ; |Datapath|SumorSub:Add|Sum8Bit:inst|Sum:inst|inst1             ; out0             ;
; |Datapath|MinMax:Max2|SubnBit:inst1|Sub1Bit:inst5|inst12       ; |Datapath|MinMax:Max2|SubnBit:inst1|Sub1Bit:inst5|inst12       ; out0             ;
; |Datapath|MinMax:Max2|SubnBit:inst1|Sub1Bit:inst5|inst10       ; |Datapath|MinMax:Max2|SubnBit:inst1|Sub1Bit:inst5|inst10       ; out0             ;
; |Datapath|MinMax:Max2|SubnBit:inst1|Sub1Bit:inst5|inst11       ; |Datapath|MinMax:Max2|SubnBit:inst1|Sub1Bit:inst5|inst11       ; out0             ;
; |Datapath|MinMax:Max2|SubnBit:inst1|Sub1Bit:inst6|inst12       ; |Datapath|MinMax:Max2|SubnBit:inst1|Sub1Bit:inst6|inst12       ; out0             ;
; |Datapath|MinMax:Max2|SubnBit:inst1|Sub1Bit:inst6|inst10       ; |Datapath|MinMax:Max2|SubnBit:inst1|Sub1Bit:inst6|inst10       ; out0             ;
; |Datapath|MinMax:Max2|SubnBit:inst1|Sub1Bit:inst6|inst11       ; |Datapath|MinMax:Max2|SubnBit:inst1|Sub1Bit:inst6|inst11       ; out0             ;
; |Datapath|MinMax:Max2|SubnBit:inst1|Sub1Bit:inst7|inst7        ; |Datapath|MinMax:Max2|SubnBit:inst1|Sub1Bit:inst7|inst7        ; out0             ;
; |Datapath|MinMax:Max2|SubnBit:inst1|Sub1Bit:inst7|inst12       ; |Datapath|MinMax:Max2|SubnBit:inst1|Sub1Bit:inst7|inst12       ; out0             ;
; |Datapath|MinMax:Max2|SubnBit:inst1|Sub1Bit:inst7|inst10       ; |Datapath|MinMax:Max2|SubnBit:inst1|Sub1Bit:inst7|inst10       ; out0             ;
; |Datapath|MinMax:Max2|SubnBit:inst1|Sub1Bit:inst7|inst11       ; |Datapath|MinMax:Max2|SubnBit:inst1|Sub1Bit:inst7|inst11       ; out0             ;
; |Datapath|MinMax:Max2|SubnBit:inst1|Sub1Bit:inst3|inst7        ; |Datapath|MinMax:Max2|SubnBit:inst1|Sub1Bit:inst3|inst7        ; out0             ;
; |Datapath|MinMax:Max2|SubnBit:inst1|Sub1Bit:inst3|inst12       ; |Datapath|MinMax:Max2|SubnBit:inst1|Sub1Bit:inst3|inst12       ; out0             ;
; |Datapath|MinMax:Max2|SubnBit:inst1|Sub1Bit:inst3|inst10       ; |Datapath|MinMax:Max2|SubnBit:inst1|Sub1Bit:inst3|inst10       ; out0             ;
; |Datapath|MinMax:Max2|SubnBit:inst1|Sub1Bit:inst3|inst11       ; |Datapath|MinMax:Max2|SubnBit:inst1|Sub1Bit:inst3|inst11       ; out0             ;
; |Datapath|MinMax:Max2|SubnBit:inst1|Sub1Bit:inst2|inst7        ; |Datapath|MinMax:Max2|SubnBit:inst1|Sub1Bit:inst2|inst7        ; out0             ;
; |Datapath|MinMax:Max2|SubnBit:inst1|Sub1Bit:inst2|inst12       ; |Datapath|MinMax:Max2|SubnBit:inst1|Sub1Bit:inst2|inst12       ; out0             ;
; |Datapath|MinMax:Max2|SubnBit:inst1|Sub1Bit:inst2|inst10       ; |Datapath|MinMax:Max2|SubnBit:inst1|Sub1Bit:inst2|inst10       ; out0             ;
; |Datapath|MinMax:Max2|SubnBit:inst1|Sub1Bit:inst2|inst11       ; |Datapath|MinMax:Max2|SubnBit:inst1|Sub1Bit:inst2|inst11       ; out0             ;
; |Datapath|MinMax:Max2|SubnBit:inst1|Sub1Bit:inst1|inst7        ; |Datapath|MinMax:Max2|SubnBit:inst1|Sub1Bit:inst1|inst7        ; out0             ;
; |Datapath|MinMax:Max2|SubnBit:inst1|Sub1Bit:inst1|inst12       ; |Datapath|MinMax:Max2|SubnBit:inst1|Sub1Bit:inst1|inst12       ; out0             ;
; |Datapath|MinMax:Max2|SubnBit:inst1|Sub1Bit:inst1|inst10       ; |Datapath|MinMax:Max2|SubnBit:inst1|Sub1Bit:inst1|inst10       ; out0             ;
; |Datapath|MinMax:Max2|SubnBit:inst1|Sub1Bit:inst1|inst11       ; |Datapath|MinMax:Max2|SubnBit:inst1|Sub1Bit:inst1|inst11       ; out0             ;
; |Datapath|MinMax:Max2|SubnBit:inst1|Sub1Bit:inst|inst          ; |Datapath|MinMax:Max2|SubnBit:inst1|Sub1Bit:inst|inst          ; out0             ;
; |Datapath|MinMax:Max2|SubnBit:inst1|Sub1Bit:inst|inst7         ; |Datapath|MinMax:Max2|SubnBit:inst1|Sub1Bit:inst|inst7         ; out0             ;
; |Datapath|MinMax:Max2|Mux21_8bit:inst|21mux:inst6|5            ; |Datapath|MinMax:Max2|Mux21_8bit:inst|21mux:inst6|5            ; out0             ;
; |Datapath|MinMax:Max2|Mux21_8bit:inst|21mux:inst6|6            ; |Datapath|MinMax:Max2|Mux21_8bit:inst|21mux:inst6|6            ; out0             ;
; |Datapath|MinMax:Max2|Mux21_8bit:inst|21mux:inst6|7            ; |Datapath|MinMax:Max2|Mux21_8bit:inst|21mux:inst6|7            ; out0             ;
; |Datapath|MinMax:Max2|Mux21_8bit:inst|21mux:inst5|7            ; |Datapath|MinMax:Max2|Mux21_8bit:inst|21mux:inst5|7            ; out0             ;
; |Datapath|MinMax:Max2|Mux21_8bit:inst|21mux:inst4|7            ; |Datapath|MinMax:Max2|Mux21_8bit:inst|21mux:inst4|7            ; out0             ;
; |Datapath|MinMax:Max2|Mux21_8bit:inst|21mux:inst7|5            ; |Datapath|MinMax:Max2|Mux21_8bit:inst|21mux:inst7|5            ; out0             ;
; |Datapath|MinMax:Max2|Mux21_8bit:inst|21mux:inst7|6            ; |Datapath|MinMax:Max2|Mux21_8bit:inst|21mux:inst7|6            ; out0             ;
; |Datapath|MinMax:Max2|Mux21_8bit:inst|21mux:inst7|7            ; |Datapath|MinMax:Max2|Mux21_8bit:inst|21mux:inst7|7            ; out0             ;
; |Datapath|MinMax:Max2|Mux21_8bit:inst|21mux:inst3|5            ; |Datapath|MinMax:Max2|Mux21_8bit:inst|21mux:inst3|5            ; out0             ;
; |Datapath|MinMax:Max2|Mux21_8bit:inst|21mux:inst3|6            ; |Datapath|MinMax:Max2|Mux21_8bit:inst|21mux:inst3|6            ; out0             ;
; |Datapath|MinMax:Max2|Mux21_8bit:inst|21mux:inst3|7            ; |Datapath|MinMax:Max2|Mux21_8bit:inst|21mux:inst3|7            ; out0             ;
; |Datapath|MinMax:Max2|Mux21_8bit:inst|21mux:inst2|5            ; |Datapath|MinMax:Max2|Mux21_8bit:inst|21mux:inst2|5            ; out0             ;
; |Datapath|MinMax:Max2|Mux21_8bit:inst|21mux:inst2|6            ; |Datapath|MinMax:Max2|Mux21_8bit:inst|21mux:inst2|6            ; out0             ;
; |Datapath|MinMax:Max2|Mux21_8bit:inst|21mux:inst2|7            ; |Datapath|MinMax:Max2|Mux21_8bit:inst|21mux:inst2|7            ; out0             ;
; |Datapath|MinMax:Max2|Mux21_8bit:inst|21mux:inst1|5            ; |Datapath|MinMax:Max2|Mux21_8bit:inst|21mux:inst1|5            ; out0             ;
; |Datapath|MinMax:Max2|Mux21_8bit:inst|21mux:inst1|6            ; |Datapath|MinMax:Max2|Mux21_8bit:inst|21mux:inst1|6            ; out0             ;
; |Datapath|MinMax:Max2|Mux21_8bit:inst|21mux:inst1|7            ; |Datapath|MinMax:Max2|Mux21_8bit:inst|21mux:inst1|7            ; out0             ;
; |Datapath|MinMax:Max2|Mux21_8bit:inst|21mux:inst|5             ; |Datapath|MinMax:Max2|Mux21_8bit:inst|21mux:inst|5             ; out0             ;
; |Datapath|MinMax:Max2|Mux21_8bit:inst|21mux:inst|6             ; |Datapath|MinMax:Max2|Mux21_8bit:inst|21mux:inst|6             ; out0             ;
; |Datapath|MinMax:Max2|Mux21_8bit:inst|21mux:inst|7             ; |Datapath|MinMax:Max2|Mux21_8bit:inst|21mux:inst|7             ; out0             ;
+----------------------------------------------------------------+----------------------------------------------------------------+------------------+


+---------------------+
; Simulator INI Usage ;
+--------+------------+
; Option ; Usage      ;
+--------+------------+


+--------------------+
; Simulator Messages ;
+--------------------+
Info: *******************************************************************
Info: Running Quartus II 64-Bit Simulator
    Info: Version 13.0.1 Build 232 06/12/2013 Service Pack 1 SJ Web Edition
    Info: Processing started: Mon Nov 04 21:59:59 2024
Info: Command: quartus_sim --simulation_results_format=VWF Can2 -c Can2
Info (324025): Using vector source file "D:/study/year3/TKLLS/CE118/DoAn/Can2/Waveform6.vwf"
Info (310003): Option to preserve fewer signal transitions to reduce memory requirements is enabled
    Info (310004): Simulation has been partitioned into sub-simulations according to the maximum transition count determined by the engine. Transitions from memory will be flushed out to disk at the end of each sub-simulation to reduce memory requirements.
Info (310002): Simulation partitioned into 1 sub-simulations
Info (328053): Simulation coverage is      11.85 %
Info (328052): Number of transitions in simulation is 166
Info (324045): Vector file Can2.sim.vwf is saved in VWF text format. You can compress it into CVWF format in order to reduce file size. For more details please refer to the Quartus II Help.
Info: Quartus II 64-Bit Simulator was successful. 0 errors, 0 warnings
    Info: Peak virtual memory: 4445 megabytes
    Info: Processing ended: Mon Nov 04 22:00:00 2024
    Info: Elapsed time: 00:00:01
    Info: Total CPU time (on all processors): 00:00:00


