Analysis & Synthesis report for square_root_SRA
Tue Dec 03 04:09:09 2024
Quartus II 64-Bit Version 13.0.1 Build 232 06/12/2013 Service Pack 1 SJ Web Edition


---------------------
; Table of Contents ;
---------------------
  1. Legal Notice
  2. Analysis & Synthesis Summary
  3. Analysis & Synthesis Settings
  4. Parallel Compilation
  5. Parameter Settings for User Entity Instance: DATAPATH:inst1|BUSMUX:inst
  6. Parameter Settings for User Entity Instance: DATAPATH:inst1|AbsMax:inst6|BUSMUX:inst10
  7. Parameter Settings for User Entity Instance: DATAPATH:inst1|AbsMax:inst6|BUSMUX:inst12
  8. Parameter Settings for User Entity Instance: DATAPATH:inst1|AbsMax:inst6|BUSMUX:inst11
  9. Parameter Settings for User Entity Instance: DATAPATH:inst1|mux41_8bit:inst4|BUSMUX:inst2
 10. Parameter Settings for User Entity Instance: DATAPATH:inst1|mux41_8bit:inst4|BUSMUX:inst
 11. Parameter Settings for User Entity Instance: DATAPATH:inst1|mux41_8bit:inst4|BUSMUX:inst1
 12. Parameter Settings for User Entity Instance: DATAPATH:inst1|AddAbsSubMin:inst8|BUSMUX:inst25
 13. Parameter Settings for User Entity Instance: DATAPATH:inst1|AddAbsSubMin:inst8|BUSMUX:inst24
 14. Parameter Settings for User Entity Instance: DATAPATH:inst1|BUSMUX:inst7
 15. Analysis & Synthesis Messages



----------------
; Legal Notice ;
----------------
Copyright (C) 1991-2013 Altera Corporation
Your use of Altera Corporation's design tools, logic functions 
and other software and tools, and its AMPP partner logic 
functions, and any output files from any of the foregoing 
(including device programming or simulation files), and any 
associated documentation or information are expressly subject 
to the terms and conditions of the Altera Program License 
Subscription Agreement, Altera MegaCore Function License 
Agreement, or other applicable license agreement, including, 
without limitation, that your use is for the sole purpose of 
programming logic devices manufactured by Altera and sold by 
Altera or its authorized distributors.  Please refer to the 
applicable agreement for further details.



+--------------------------------------------------------------------------------------+
; Analysis & Synthesis Summary                                                         ;
+------------------------------------+-------------------------------------------------+
; Analysis & Synthesis Status        ; Failed - Tue Dec 03 04:09:09 2024               ;
; Quartus II 64-Bit Version          ; 13.0.1 Build 232 06/12/2013 SP 1 SJ Web Edition ;
; Revision Name                      ; square_root_SRA                                 ;
; Top-level Entity Name              ; SRA_FINAL                                       ;
; Family                             ; Cyclone II                                      ;
; Total logic elements               ; N/A until Partition Merge                       ;
;     Total combinational functions  ; N/A until Partition Merge                       ;
;     Dedicated logic registers      ; N/A until Partition Merge                       ;
; Total registers                    ; N/A until Partition Merge                       ;
; Total pins                         ; N/A until Partition Merge                       ;
; Total virtual pins                 ; N/A until Partition Merge                       ;
; Total memory bits                  ; N/A until Partition Merge                       ;
; Embedded Multiplier 9-bit elements ; N/A until Partition Merge                       ;
; Total PLLs                         ; N/A until Partition Merge                       ;
+------------------------------------+-------------------------------------------------+


+----------------------------------------------------------------------------------------------------------------------+
; Analysis & Synthesis Settings                                                                                        ;
+----------------------------------------------------------------------------+--------------------+--------------------+
; Option                                                                     ; Setting            ; Default Value      ;
+----------------------------------------------------------------------------+--------------------+--------------------+
; Device                                                                     ; EP2C35F672C6       ;                    ;
; Top-level entity name                                                      ; SRA_FINAL          ; square_root_SRA    ;
; Family name                                                                ; Cyclone II         ; Cyclone IV GX      ;
; Use smart compilation                                                      ; Off                ; Off                ;
; Enable parallel Assembler and TimeQuest Timing Analyzer during compilation ; On                 ; On                 ;
; Enable compact report table                                                ; Off                ; Off                ;
; Restructure Multiplexers                                                   ; Auto               ; Auto               ;
; Create Debugging Nodes for IP Cores                                        ; Off                ; Off                ;
; Preserve fewer node names                                                  ; On                 ; On                 ;
; Disable OpenCore Plus hardware evaluation                                  ; Off                ; Off                ;
; Verilog Version                                                            ; Verilog_2001       ; Verilog_2001       ;
; VHDL Version                                                               ; VHDL_1993          ; VHDL_1993          ;
; State Machine Processing                                                   ; Auto               ; Auto               ;
; Safe State Machine                                                         ; Off                ; Off                ;
; Extract Verilog State Machines                                             ; On                 ; On                 ;
; Extract VHDL State Machines                                                ; On                 ; On                 ;
; Ignore Verilog initial constructs                                          ; Off                ; Off                ;
; Iteration limit for constant Verilog loops                                 ; 5000               ; 5000               ;
; Iteration limit for non-constant Verilog loops                             ; 250                ; 250                ;
; Add Pass-Through Logic to Inferred RAMs                                    ; On                 ; On                 ;
; Infer RAMs from Raw Logic                                                  ; On                 ; On                 ;
; Parallel Synthesis                                                         ; On                 ; On                 ;
; DSP Block Balancing                                                        ; Auto               ; Auto               ;
; NOT Gate Push-Back                                                         ; On                 ; On                 ;
; Power-Up Don't Care                                                        ; On                 ; On                 ;
; Remove Redundant Logic Cells                                               ; Off                ; Off                ;
; Remove Duplicate Registers                                                 ; On                 ; On                 ;
; Ignore CARRY Buffers                                                       ; Off                ; Off                ;
; Ignore CASCADE Buffers                                                     ; Off                ; Off                ;
; Ignore GLOBAL Buffers                                                      ; Off                ; Off                ;
; Ignore ROW GLOBAL Buffers                                                  ; Off                ; Off                ;
; Ignore LCELL Buffers                                                       ; Off                ; Off                ;
; Ignore SOFT Buffers                                                        ; On                 ; On                 ;
; Limit AHDL Integers to 32 Bits                                             ; Off                ; Off                ;
; Optimization Technique                                                     ; Balanced           ; Balanced           ;
; Carry Chain Length                                                         ; 70                 ; 70                 ;
; Auto Carry Chains                                                          ; On                 ; On                 ;
; Auto Open-Drain Pins                                                       ; On                 ; On                 ;
; Perform WYSIWYG Primitive Resynthesis                                      ; Off                ; Off                ;
; Auto ROM Replacement                                                       ; On                 ; On                 ;
; Auto RAM Replacement                                                       ; On                 ; On                 ;
; Auto Shift Register Replacement                                            ; Auto               ; Auto               ;
; Allow Shift Register Merging across Hierarchies                            ; Auto               ; Auto               ;
; Auto Clock Enable Replacement                                              ; On                 ; On                 ;
; Strict RAM Replacement                                                     ; Off                ; Off                ;
; Allow Synchronous Control Signals                                          ; On                 ; On                 ;
; Force Use of Synchronous Clear Signals                                     ; Off                ; Off                ;
; Auto RAM to Logic Cell Conversion                                          ; Off                ; Off                ;
; Auto Resource Sharing                                                      ; Off                ; Off                ;
; Allow Any RAM Size For Recognition                                         ; Off                ; Off                ;
; Allow Any ROM Size For Recognition                                         ; Off                ; Off                ;
; Allow Any Shift Register Size For Recognition                              ; Off                ; Off                ;
; Use LogicLock Constraints during Resource Balancing                        ; On                 ; On                 ;
; Ignore translate_off and synthesis_off directives                          ; Off                ; Off                ;
; Timing-Driven Synthesis                                                    ; Off                ; Off                ;
; Report Parameter Settings                                                  ; On                 ; On                 ;
; Report Source Assignments                                                  ; On                 ; On                 ;
; Report Connectivity Checks                                                 ; On                 ; On                 ;
; Ignore Maximum Fan-Out Assignments                                         ; Off                ; Off                ;
; Synchronization Register Chain Length                                      ; 2                  ; 2                  ;
; PowerPlay Power Optimization                                               ; Normal compilation ; Normal compilation ;
; HDL message level                                                          ; Level2             ; Level2             ;
; Suppress Register Optimization Related Messages                            ; Off                ; Off                ;
; Number of Removed Registers Reported in Synthesis Report                   ; 5000               ; 5000               ;
; Number of Swept Nodes Reported in Synthesis Report                         ; 5000               ; 5000               ;
; Number of Inverted Registers Reported in Synthesis Report                  ; 100                ; 100                ;
; Clock MUX Protection                                                       ; On                 ; On                 ;
; Auto Gated Clock Conversion                                                ; Off                ; Off                ;
; Block Design Naming                                                        ; Auto               ; Auto               ;
; SDC constraint protection                                                  ; Off                ; Off                ;
; Synthesis Effort                                                           ; Auto               ; Auto               ;
; Shift Register Replacement - Allow Asynchronous Clear Signal               ; On                 ; On                 ;
; Pre-Mapping Resynthesis Optimization                                       ; Off                ; Off                ;
; Analysis & Synthesis Message Level                                         ; Medium             ; Medium             ;
; Disable Register Merging Across Hierarchies                                ; Auto               ; Auto               ;
; Resource Aware Inference For Block RAM                                     ; On                 ; On                 ;
; Synthesis Seed                                                             ; 1                  ; 1                  ;
+----------------------------------------------------------------------------+--------------------+--------------------+


Parallel compilation was disabled, but you have multiple processors available. Enable parallel compilation to reduce compilation time.
+-------------------------------------+
; Parallel Compilation                ;
+----------------------------+--------+
; Processors                 ; Number ;
+----------------------------+--------+
; Number detected on machine ; 16     ;
; Maximum allowed            ; 1      ;
+----------------------------+--------+


+-------------------------------------------------------------------------+
; Parameter Settings for User Entity Instance: DATAPATH:inst1|BUSMUX:inst ;
+----------------+-------+------------------------------------------------+
; Parameter Name ; Value ; Type                                           ;
+----------------+-------+------------------------------------------------+
; WIDTH          ; 8     ; Signed Integer                                 ;
+----------------+-------+------------------------------------------------+
Note: In order to hide this table in the UI and the text report file, please set the "Show Parameter Settings in Synthesis Report" option in "Analysis and Synthesis Settings -> More Settings" to "Off".


+----------------------------------------------------------------------------------------+
; Parameter Settings for User Entity Instance: DATAPATH:inst1|AbsMax:inst6|BUSMUX:inst10 ;
+----------------+-------+---------------------------------------------------------------+
; Parameter Name ; Value ; Type                                                          ;
+----------------+-------+---------------------------------------------------------------+
; WIDTH          ; 8     ; Signed Integer                                                ;
+----------------+-------+---------------------------------------------------------------+
Note: In order to hide this table in the UI and the text report file, please set the "Show Parameter Settings in Synthesis Report" option in "Analysis and Synthesis Settings -> More Settings" to "Off".


+----------------------------------------------------------------------------------------+
; Parameter Settings for User Entity Instance: DATAPATH:inst1|AbsMax:inst6|BUSMUX:inst12 ;
+----------------+-------+---------------------------------------------------------------+
; Parameter Name ; Value ; Type                                                          ;
+----------------+-------+---------------------------------------------------------------+
; WIDTH          ; 8     ; Signed Integer                                                ;
+----------------+-------+---------------------------------------------------------------+
Note: In order to hide this table in the UI and the text report file, please set the "Show Parameter Settings in Synthesis Report" option in "Analysis and Synthesis Settings -> More Settings" to "Off".


+----------------------------------------------------------------------------------------+
; Parameter Settings for User Entity Instance: DATAPATH:inst1|AbsMax:inst6|BUSMUX:inst11 ;
+----------------+-------+---------------------------------------------------------------+
; Parameter Name ; Value ; Type                                                          ;
+----------------+-------+---------------------------------------------------------------+
; WIDTH          ; 8     ; Signed Integer                                                ;
+----------------+-------+---------------------------------------------------------------+
Note: In order to hide this table in the UI and the text report file, please set the "Show Parameter Settings in Synthesis Report" option in "Analysis and Synthesis Settings -> More Settings" to "Off".


+-------------------------------------------------------------------------------------------+
; Parameter Settings for User Entity Instance: DATAPATH:inst1|mux41_8bit:inst4|BUSMUX:inst2 ;
+----------------+-------+------------------------------------------------------------------+
; Parameter Name ; Value ; Type                                                             ;
+----------------+-------+------------------------------------------------------------------+
; WIDTH          ; 8     ; Signed Integer                                                   ;
+----------------+-------+------------------------------------------------------------------+
Note: In order to hide this table in the UI and the text report file, please set the "Show Parameter Settings in Synthesis Report" option in "Analysis and Synthesis Settings -> More Settings" to "Off".


+------------------------------------------------------------------------------------------+
; Parameter Settings for User Entity Instance: DATAPATH:inst1|mux41_8bit:inst4|BUSMUX:inst ;
+----------------+-------+-----------------------------------------------------------------+
; Parameter Name ; Value ; Type                                                            ;
+----------------+-------+-----------------------------------------------------------------+
; WIDTH          ; 8     ; Signed Integer                                                  ;
+----------------+-------+-----------------------------------------------------------------+
Note: In order to hide this table in the UI and the text report file, please set the "Show Parameter Settings in Synthesis Report" option in "Analysis and Synthesis Settings -> More Settings" to "Off".


+-------------------------------------------------------------------------------------------+
; Parameter Settings for User Entity Instance: DATAPATH:inst1|mux41_8bit:inst4|BUSMUX:inst1 ;
+----------------+-------+------------------------------------------------------------------+
; Parameter Name ; Value ; Type                                                             ;
+----------------+-------+------------------------------------------------------------------+
; WIDTH          ; 8     ; Signed Integer                                                   ;
+----------------+-------+------------------------------------------------------------------+
Note: In order to hide this table in the UI and the text report file, please set the "Show Parameter Settings in Synthesis Report" option in "Analysis and Synthesis Settings -> More Settings" to "Off".


+----------------------------------------------------------------------------------------------+
; Parameter Settings for User Entity Instance: DATAPATH:inst1|AddAbsSubMin:inst8|BUSMUX:inst25 ;
+----------------+-------+---------------------------------------------------------------------+
; Parameter Name ; Value ; Type                                                                ;
+----------------+-------+---------------------------------------------------------------------+
; WIDTH          ; 8     ; Signed Integer                                                      ;
+----------------+-------+---------------------------------------------------------------------+
Note: In order to hide this table in the UI and the text report file, please set the "Show Parameter Settings in Synthesis Report" option in "Analysis and Synthesis Settings -> More Settings" to "Off".


+----------------------------------------------------------------------------------------------+
; Parameter Settings for User Entity Instance: DATAPATH:inst1|AddAbsSubMin:inst8|BUSMUX:inst24 ;
+----------------+-------+---------------------------------------------------------------------+
; Parameter Name ; Value ; Type                                                                ;
+----------------+-------+---------------------------------------------------------------------+
; WIDTH          ; 8     ; Signed Integer                                                      ;
+----------------+-------+---------------------------------------------------------------------+
Note: In order to hide this table in the UI and the text report file, please set the "Show Parameter Settings in Synthesis Report" option in "Analysis and Synthesis Settings -> More Settings" to "Off".


+--------------------------------------------------------------------------+
; Parameter Settings for User Entity Instance: DATAPATH:inst1|BUSMUX:inst7 ;
+----------------+-------+-------------------------------------------------+
; Parameter Name ; Value ; Type                                            ;
+----------------+-------+-------------------------------------------------+
; WIDTH          ; 8     ; Signed Integer                                  ;
+----------------+-------+-------------------------------------------------+
Note: In order to hide this table in the UI and the text report file, please set the "Show Parameter Settings in Synthesis Report" option in "Analysis and Synthesis Settings -> More Settings" to "Off".


+-------------------------------+
; Analysis & Synthesis Messages ;
+-------------------------------+
Info: *******************************************************************
Info: Running Quartus II 64-Bit Analysis & Synthesis
    Info: Version 13.0.1 Build 232 06/12/2013 Service Pack 1 SJ Web Edition
    Info: Processing started: Tue Dec 03 04:09:08 2024
Info: Command: quartus_map --read_settings_files=on --write_settings_files=off square_root_SRA -c square_root_SRA
Warning (20028): Parallel compilation is not licensed and has been disabled
Info (12021): Found 1 design units, including 1 entities, in source file mux41_8bit.bdf
    Info (12023): Found entity 1: mux41_8bit
Info (12021): Found 1 design units, including 1 entities, in source file rfc.bdf
    Info (12023): Found entity 1: RFC
Info (12021): Found 1 design units, including 1 entities, in source file register4x4.bdf
    Info (12023): Found entity 1: Register4x4
Info (12021): Found 1 design units, including 1 entities, in source file decoder2_4.bdf
    Info (12023): Found entity 1: Decoder2_4
Info (12021): Found 1 design units, including 1 entities, in source file register4x8.bdf
    Info (12023): Found entity 1: Register4x8
Info (12021): Found 1 design units, including 1 entities, in source file register8x8.bdf
    Info (12023): Found entity 1: Register8x8
Info (12021): Found 1 design units, including 1 entities, in source file 1bitrightshift.bdf
    Info (12023): Found entity 1: 1BitRightShift
Info (12021): Found 1 design units, including 1 entities, in source file 3bitrightshift.bdf
    Info (12023): Found entity 1: 3BitRightShift
Info (12021): Found 1 design units, including 1 entities, in source file fulladder.bdf
    Info (12023): Found entity 1: FullAdder
Info (12021): Found 1 design units, including 1 entities, in source file adder8bit.bdf
    Info (12023): Found entity 1: Adder8bit
Info (12021): Found 1 design units, including 1 entities, in source file addabssubmin.bdf
    Info (12023): Found entity 1: AddAbsSubMin
Info (12021): Found 1 design units, including 1 entities, in source file absmax.bdf
    Info (12023): Found entity 1: AbsMax
Info (12021): Found 1 design units, including 1 entities, in source file datapath.bdf
    Info (12023): Found entity 1: DATAPATH
Info (12021): Found 1 design units, including 1 entities, in source file currentstate.bdf
    Info (12023): Found entity 1: CurrentState
Info (12021): Found 1 design units, including 1 entities, in source file nextstate.bdf
    Info (12023): Found entity 1: NextState
Info (12021): Found 1 design units, including 1 entities, in source file fsm.bdf
    Info (12023): Found entity 1: FSM
Info (12021): Found 1 design units, including 1 entities, in source file absmin.bdf
    Info (12023): Found entity 1: AbsMin
Info (12021): Found 1 design units, including 1 entities, in source file addabssubmax.bdf
    Info (12023): Found entity 1: AddAbsSubMax
Info (12021): Found 1 design units, including 1 entities, in source file sra_controller.bdf
    Info (12023): Found entity 1: SRA_Controller
Info (12021): Found 1 design units, including 1 entities, in source file sra_final.bdf
    Info (12023): Found entity 1: SRA_FINAL
Info (12021): Found 1 design units, including 1 entities, in source file test.bdf
    Info (12023): Found entity 1: TEST
Info (12021): Found 1 design units, including 1 entities, in source file datapath_dc.bdf
    Info (12023): Found entity 1: DATAPATH_DC
Info (12021): Found 1 design units, including 1 entities, in source file dc_controller.bdf
    Info (12023): Found entity 1: DC_Controller
Info (12021): Found 1 design units, including 1 entities, in source file dc_final.bdf
    Info (12023): Found entity 1: DC_FINAL
Info (12021): Found 1 design units, including 1 entities, in source file sra_final_controller.bdf
    Info (12023): Found entity 1: SRA_FINAL_CONTROLLER
Info (12021): Found 1 design units, including 1 entities, in source file dc_final_controller.bdf
    Info (12023): Found entity 1: DC_FINAL_CONTROLLER
Info (12021): Found 1 design units, including 1 entities, in source file register1x8.bdf
    Info (12023): Found entity 1: Register1x8
Info (12021): Found 1 design units, including 1 entities, in source file test_a.bdf
    Info (12023): Found entity 1: test_a
Info (12127): Elaborating entity "SRA_FINAL" for the top level hierarchy
Info (12128): Elaborating entity "DATAPATH" for hierarchy "DATAPATH:inst1"
Info (12128): Elaborating entity "Register4x8" for hierarchy "DATAPATH:inst1|Register4x8:inst1"
Info (12128): Elaborating entity "Register4x4" for hierarchy "DATAPATH:inst1|Register4x8:inst1|Register4x4:inst1"
Info (12128): Elaborating entity "RFC" for hierarchy "DATAPATH:inst1|Register4x8:inst1|Register4x4:inst1|RFC:inst3"
Info (12128): Elaborating entity "Decoder2_4" for hierarchy "DATAPATH:inst1|Register4x8:inst1|Register4x4:inst1|Decoder2_4:inst"
Warning (275080): Converted elements in bus name "Q" using legacy naming rules. Make any assignments on the new names, not on the original names.
    Warning (275081): Converted element name(s) from "Q[3]" to "Q3"
    Warning (275081): Converted element name(s) from "Q[2]" to "Q2"
    Warning (275081): Converted element name(s) from "Q[1]" to "Q1"
    Warning (275081): Converted element name(s) from "Q[0]" to "Q0"
Info (12128): Elaborating entity "BUSMUX" for hierarchy "DATAPATH:inst1|BUSMUX:inst"
Info (12130): Elaborated megafunction instantiation "DATAPATH:inst1|BUSMUX:inst"
Info (12133): Instantiated megafunction "DATAPATH:inst1|BUSMUX:inst" with the following parameter:
    Info (12134): Parameter "WIDTH" = "8"
Info (12128): Elaborating entity "lpm_mux" for hierarchy "DATAPATH:inst1|BUSMUX:inst|lpm_mux:$00000"
Info (12131): Elaborated megafunction instantiation "DATAPATH:inst1|BUSMUX:inst|lpm_mux:$00000", which is child of megafunction instantiation "DATAPATH:inst1|BUSMUX:inst"
Info (12021): Found 1 design units, including 1 entities, in source file db/mux_smc.tdf
    Info (12023): Found entity 1: mux_smc
Info (12128): Elaborating entity "mux_smc" for hierarchy "DATAPATH:inst1|BUSMUX:inst|lpm_mux:$00000|mux_smc:auto_generated"
Info (12128): Elaborating entity "AbsMax" for hierarchy "DATAPATH:inst1|AbsMax:inst6"
Info (12128): Elaborating entity "Adder8bit" for hierarchy "DATAPATH:inst1|AbsMax:inst6|Adder8bit:inst"
Warning (275085): Found inconsistent dimensions for element "Cnext"
Warning (275080): Converted elements in bus name "Cnext" using legacy naming rules. Make any assignments on the new names, not on the original names.
    Warning (275081): Converted element name(s) from "Cnext[6]" to "Cnext6"
    Warning (275081): Converted element name(s) from "Cnext[4]" to "Cnext4"
    Warning (275081): Converted element name(s) from "Cnext[3]" to "Cnext3"
    Warning (275081): Converted element name(s) from "Cnext[5]" to "Cnext5"
    Warning (275081): Converted element name(s) from "Cnext[2]" to "Cnext2"
    Warning (275081): Converted element name(s) from "Cnext[1]" to "Cnext1"
    Warning (275081): Converted element name(s) from "Cnext[0]" to "Cnext0"
    Warning (275081): Converted element name(s) from "Cnext[7]" to "Cnext7"
    Warning (275081): Converted element name(s) from "Cnext[6]" to "Cnext6"
    Warning (275081): Converted element name(s) from "Cnext[5]" to "Cnext5"
    Warning (275081): Converted element name(s) from "Cnext[4]" to "Cnext4"
    Warning (275081): Converted element name(s) from "Cnext[3]" to "Cnext3"
    Warning (275081): Converted element name(s) from "Cnext[2]" to "Cnext2"
    Warning (275081): Converted element name(s) from "Cnext[1]" to "Cnext1"
    Warning (275081): Converted element name(s) from "Cnext[0]" to "Cnext0"
    Warning (275081): Converted element name(s) from "Cnext[7]" to "Cnext7"
Info (12128): Elaborating entity "FullAdder" for hierarchy "DATAPATH:inst1|AbsMax:inst6|Adder8bit:inst|FullAdder:inst"
Info (12128): Elaborating entity "Register8x8" for hierarchy "DATAPATH:inst1|Register8x8:inst2"
Info (12128): Elaborating entity "mux41_8bit" for hierarchy "DATAPATH:inst1|mux41_8bit:inst4"
Info (12128): Elaborating entity "AddAbsSubMin" for hierarchy "DATAPATH:inst1|AddAbsSubMin:inst8"
Info (12128): Elaborating entity "1BitRightShift" for hierarchy "DATAPATH:inst1|1BitRightShift:inst9"
Info (12128): Elaborating entity "3BitRightShift" for hierarchy "DATAPATH:inst1|3BitRightShift:inst10"
Info (12128): Elaborating entity "SRA_FINAL_CONTROLLER" for hierarchy "SRA_FINAL_CONTROLLER:inst"
Info (12128): Elaborating entity "SRA_Controller" for hierarchy "SRA_FINAL_CONTROLLER:inst|SRA_Controller:instB"
Info (12128): Elaborating entity "CurrentState" for hierarchy "SRA_FINAL_CONTROLLER:inst|CurrentState:inst2"
Info (12128): Elaborating entity "NextState" for hierarchy "SRA_FINAL_CONTROLLER:inst|NextState:inst4"
Error (12002): Port "ABS_MAX" does not exist in macrofunction "inst"
Error (12002): Port "AD_AB_S_M[0]" does not exist in macrofunction "inst"
Error (12002): Port "AD_AB_S_M[1]" does not exist in macrofunction "inst"
Error (12002): Port "OUT_ENABLE" does not exist in macrofunction "inst"
Error (12002): Port "RA1[0]" does not exist in macrofunction "inst"
Error (12002): Port "RA1[1]" does not exist in macrofunction "inst"
Error (12002): Port "RA2[0]" does not exist in macrofunction "inst"
Error (12002): Port "RA2[1]" does not exist in macrofunction "inst"
Error (12002): Port "RA2[2]" does not exist in macrofunction "inst"
Error (12002): Port "RA3[0]" does not exist in macrofunction "inst"
Error (12002): Port "RA3[1]" does not exist in macrofunction "inst"
Error (12002): Port "RE1" does not exist in macrofunction "inst"
Error (12002): Port "RE2" does not exist in macrofunction "inst"
Error (12002): Port "RE3" does not exist in macrofunction "inst"
Error (12002): Port "SL1" does not exist in macrofunction "inst"
Error (12002): Port "SL2[0]" does not exist in macrofunction "inst"
Error (12002): Port "SL2[1]" does not exist in macrofunction "inst"
Error (12002): Port "SL3" does not exist in macrofunction "inst"
Error (12002): Port "WA1[0]" does not exist in macrofunction "inst"
Error (12002): Port "WA1[1]" does not exist in macrofunction "inst"
Error (12002): Port "WA2[0]" does not exist in macrofunction "inst"
Error (12002): Port "WA2[1]" does not exist in macrofunction "inst"
Error (12002): Port "WA2[2]" does not exist in macrofunction "inst"
Error (12002): Port "WA3[0]" does not exist in macrofunction "inst"
Error (12002): Port "WA3[1]" does not exist in macrofunction "inst"
Error (12002): Port "WE1" does not exist in macrofunction "inst"
Error (12002): Port "WE2" does not exist in macrofunction "inst"
Error (12002): Port "WE3" does not exist in macrofunction "inst"
Error: Quartus II 64-Bit Analysis & Synthesis was unsuccessful. 28 errors, 24 warnings
    Error: Peak virtual memory: 4583 megabytes
    Error: Processing ended: Tue Dec 03 04:09:10 2024
    Error: Elapsed time: 00:00:02
    Error: Total CPU time (on all processors): 00:00:00


