Simulator report for Tong1_9
Tue Oct 15 09:05:06 2024
Quartus II 64-Bit Version 13.0.1 Build 232 06/12/2013 Service Pack 1 SJ Web Edition


---------------------
; Table of Contents ;
---------------------
  1. Legal Notice
  2. Simulator Summary
  3. Simulator Settings
  4. Simulation Waveforms
  5. Coverage Summary
  6. Complete 1/0-Value Coverage
  7. Missing 1-Value Coverage
  8. Missing 0-Value Coverage
  9. Simulator INI Usage
 10. Simulator Messages



----------------
; Legal Notice ;
----------------
Copyright (C) 1991-2013 Altera Corporation
Your use of Altera Corporation's design tools, logic functions 
and other software and tools, and its AMPP partner logic 
functions, and any output files from any of the foregoing 
(including device programming or simulation files), and any 
associated documentation or information are expressly subject 
to the terms and conditions of the Altera Program License 
Subscription Agreement, Altera MegaCore Function License 
Agreement, or other applicable license agreement, including, 
without limitation, that your use is for the sole purpose of 
programming logic devices manufactured by Altera and sold by 
Altera or its authorized distributors.  Please refer to the 
applicable agreement for further details.



+--------------------------------------------+
; Simulator Summary                          ;
+-----------------------------+--------------+
; Type                        ; Value        ;
+-----------------------------+--------------+
; Simulation Start Time       ; 0 ps         ;
; Simulation End Time         ; 1.0 us       ;
; Simulation Netlist Size     ; 199 nodes    ;
; Simulation Coverage         ;      38.69 % ;
; Total Number of Transitions ; 738          ;
; Simulation Breakpoints      ; 0            ;
; Family                      ; Cyclone II   ;
+-----------------------------+--------------+


+--------------------------------------------------------------------------------------------------------------------------------------------------------------+
; Simulator Settings                                                                                                                                           ;
+--------------------------------------------------------------------------------------------+-------------------------------------------------+---------------+
; Option                                                                                     ; Setting                                         ; Default Value ;
+--------------------------------------------------------------------------------------------+-------------------------------------------------+---------------+
; Simulation mode                                                                            ; Functional                                      ; Timing        ;
; Start time                                                                                 ; 0 ns                                            ; 0 ns          ;
; Simulation results format                                                                  ; VWF                                             ;               ;
; Vector input source                                                                        ; C:/Users/gialu/CE118/DoAn/Tong1_9/Waveform1.vwf ;               ;
; Add pins automatically to simulation output waveforms                                      ; On                                              ; On            ;
; Check outputs                                                                              ; Off                                             ; Off           ;
; Report simulation coverage                                                                 ; On                                              ; On            ;
; Display complete 1/0 value coverage report                                                 ; On                                              ; On            ;
; Display missing 1-value coverage report                                                    ; On                                              ; On            ;
; Display missing 0-value coverage report                                                    ; On                                              ; On            ;
; Detect setup and hold time violations                                                      ; Off                                             ; Off           ;
; Detect glitches                                                                            ; Off                                             ; Off           ;
; Disable timing delays in Timing Simulation                                                 ; Off                                             ; Off           ;
; Generate Signal Activity File                                                              ; Off                                             ; Off           ;
; Generate VCD File for PowerPlay Power Analyzer                                             ; Off                                             ; Off           ;
; Group bus channels in simulation results                                                   ; Off                                             ; Off           ;
; Preserve fewer signal transitions to reduce memory requirements                            ; On                                              ; On            ;
; Trigger vector comparison with the specified mode                                          ; INPUT_EDGE                                      ; INPUT_EDGE    ;
; Disable setup and hold time violations detection in input registers of bi-directional pins ; Off                                             ; Off           ;
; Overwrite Waveform Inputs With Simulation Outputs                                          ; Off                                             ;               ;
; Perform Glitch Filtering in Timing Simulation                                              ; Auto                                            ; Auto          ;
+--------------------------------------------------------------------------------------------+-------------------------------------------------+---------------+


+----------------------+
; Simulation Waveforms ;
+----------------------+
Waveform report data cannot be output to ASCII.
Please use Quartus II 64-Bit to view the waveform report data.


+--------------------------------------------------------------------+
; Coverage Summary                                                   ;
+-----------------------------------------------------+--------------+
; Type                                                ; Value        ;
+-----------------------------------------------------+--------------+
; Total coverage as a percentage                      ;      38.69 % ;
; Total nodes checked                                 ; 199          ;
; Total output ports checked                          ; 199          ;
; Total output ports with complete 1/0-value coverage ; 77           ;
; Total output ports with no 1/0-value coverage       ; 108          ;
; Total output ports with no 1-value coverage         ; 111          ;
; Total output ports with no 0-value coverage         ; 119          ;
+-----------------------------------------------------+--------------+


The following table displays output ports that toggle between 1 and 0 during simulation.
+----------------------------------------------------------------------------------------------------------------------------------------------+
; Complete 1/0-Value Coverage                                                                                                                  ;
+-------------------------------------------------------------+-------------------------------------------------------------+------------------+
; Node Name                                                   ; Output Port Name                                            ; Output Port Type ;
+-------------------------------------------------------------+-------------------------------------------------------------+------------------+
; |Tong1_9|CLK                                                ; |Tong1_9|CLK                                                ; out              ;
; |Tong1_9|Y[4]                                               ; |Tong1_9|Y[4]                                               ; pin_out          ;
; |Tong1_9|Y[3]                                               ; |Tong1_9|Y[3]                                               ; pin_out          ;
; |Tong1_9|Y[2]                                               ; |Tong1_9|Y[2]                                               ; pin_out          ;
; |Tong1_9|Y[1]                                               ; |Tong1_9|Y[1]                                               ; pin_out          ;
; |Tong1_9|Y[0]                                               ; |Tong1_9|Y[0]                                               ; pin_out          ;
; |Tong1_9|Sum_6bit:inst44|Sum:inst|inst                      ; |Tong1_9|Sum_6bit:inst44|Sum:inst|inst                      ; out0             ;
; |Tong1_9|Sum_6bit:inst44|Sum:inst|inst3                     ; |Tong1_9|Sum_6bit:inst44|Sum:inst|inst3                     ; out0             ;
; |Tong1_9|Sum_6bit:inst44|Sum:inst1|inst1                    ; |Tong1_9|Sum_6bit:inst44|Sum:inst1|inst1                    ; out0             ;
; |Tong1_9|Sum_6bit:inst44|Sum:inst1|inst                     ; |Tong1_9|Sum_6bit:inst44|Sum:inst1|inst                     ; out0             ;
; |Tong1_9|Sum_6bit:inst44|Sum:inst1|inst2                    ; |Tong1_9|Sum_6bit:inst44|Sum:inst1|inst2                    ; out0             ;
; |Tong1_9|Sum_6bit:inst44|Sum:inst1|inst4                    ; |Tong1_9|Sum_6bit:inst44|Sum:inst1|inst4                    ; out0             ;
; |Tong1_9|Sum_6bit:inst44|Sum:inst1|inst5                    ; |Tong1_9|Sum_6bit:inst44|Sum:inst1|inst5                    ; out0             ;
; |Tong1_9|Sum_6bit:inst44|Sum:inst1|inst3                    ; |Tong1_9|Sum_6bit:inst44|Sum:inst1|inst3                    ; out0             ;
; |Tong1_9|Sum_6bit:inst44|Sum:inst2|inst1                    ; |Tong1_9|Sum_6bit:inst44|Sum:inst2|inst1                    ; out0             ;
; |Tong1_9|Sum_6bit:inst44|Sum:inst2|inst                     ; |Tong1_9|Sum_6bit:inst44|Sum:inst2|inst                     ; out0             ;
; |Tong1_9|Sum_6bit:inst44|Sum:inst2|inst2                    ; |Tong1_9|Sum_6bit:inst44|Sum:inst2|inst2                    ; out0             ;
; |Tong1_9|Sum_6bit:inst44|Sum:inst2|inst4                    ; |Tong1_9|Sum_6bit:inst44|Sum:inst2|inst4                    ; out0             ;
; |Tong1_9|Sum_6bit:inst44|Sum:inst2|inst5                    ; |Tong1_9|Sum_6bit:inst44|Sum:inst2|inst5                    ; out0             ;
; |Tong1_9|Sum_6bit:inst44|Sum:inst2|inst3                    ; |Tong1_9|Sum_6bit:inst44|Sum:inst2|inst3                    ; out0             ;
; |Tong1_9|Sum_6bit:inst44|Sum:inst5|inst1                    ; |Tong1_9|Sum_6bit:inst44|Sum:inst5|inst1                    ; out0             ;
; |Tong1_9|Sum_6bit:inst44|Sum:inst5|inst                     ; |Tong1_9|Sum_6bit:inst44|Sum:inst5|inst                     ; out0             ;
; |Tong1_9|Sum_6bit:inst44|Sum:inst5|inst2                    ; |Tong1_9|Sum_6bit:inst44|Sum:inst5|inst2                    ; out0             ;
; |Tong1_9|Sum_6bit:inst44|Sum:inst5|inst4                    ; |Tong1_9|Sum_6bit:inst44|Sum:inst5|inst4                    ; out0             ;
; |Tong1_9|Sum_6bit:inst44|Sum:inst5|inst5                    ; |Tong1_9|Sum_6bit:inst44|Sum:inst5|inst5                    ; out0             ;
; |Tong1_9|Sum_6bit:inst44|Sum:inst5|inst3                    ; |Tong1_9|Sum_6bit:inst44|Sum:inst5|inst3                    ; out0             ;
; |Tong1_9|Sum_6bit:inst44|Sum:inst3|inst1                    ; |Tong1_9|Sum_6bit:inst44|Sum:inst3|inst1                    ; out0             ;
; |Tong1_9|Sum_6bit:inst44|Sum:inst3|inst5                    ; |Tong1_9|Sum_6bit:inst44|Sum:inst3|inst5                    ; out0             ;
; |Tong1_9|Sum_6bit:inst44|Sum:inst4|inst1                    ; |Tong1_9|Sum_6bit:inst44|Sum:inst4|inst1                    ; out0             ;
; |Tong1_9|Mux2_6bit:inst45|Mux2:inst5|inst                   ; |Tong1_9|Mux2_6bit:inst45|Mux2:inst5|inst                   ; out0             ;
; |Tong1_9|Mux2_6bit:inst45|Mux2:inst4|inst                   ; |Tong1_9|Mux2_6bit:inst45|Mux2:inst4|inst                   ; out0             ;
; |Tong1_9|Mux2_6bit:inst45|Mux2:inst3|inst                   ; |Tong1_9|Mux2_6bit:inst45|Mux2:inst3|inst                   ; out0             ;
; |Tong1_9|Mux2_6bit:inst45|Mux2:inst2|inst                   ; |Tong1_9|Mux2_6bit:inst45|Mux2:inst2|inst                   ; out0             ;
; |Tong1_9|Mux2_6bit:inst45|Mux2:inst1|inst                   ; |Tong1_9|Mux2_6bit:inst45|Mux2:inst1|inst                   ; out0             ;
; |Tong1_9|Mux2_6bit:inst45|Mux2:inst|inst                    ; |Tong1_9|Mux2_6bit:inst45|Mux2:inst|inst                    ; out0             ;
; |Tong1_9|Register_4x8:inst13|register:inst1|A[3]            ; |Tong1_9|Register_4x8:inst13|register:inst1|A[3]            ; out0             ;
; |Tong1_9|Register_4x8:inst13|register:inst1|A[2]            ; |Tong1_9|Register_4x8:inst13|register:inst1|A[2]            ; out0             ;
; |Tong1_9|Register_4x8:inst13|register:inst1|A[1]            ; |Tong1_9|Register_4x8:inst13|register:inst1|A[1]            ; out0             ;
; |Tong1_9|Register_4x8:inst13|register:inst1|A[0]            ; |Tong1_9|Register_4x8:inst13|register:inst1|A[0]            ; out0             ;
; |Tong1_9|Register_4x8:inst13|register:inst1|RFC:inst6|inst1 ; |Tong1_9|Register_4x8:inst13|register:inst1|RFC:inst6|inst1 ; out              ;
; |Tong1_9|Register_4x8:inst13|register:inst1|RFC:inst6|inst  ; |Tong1_9|Register_4x8:inst13|register:inst1|RFC:inst6|inst  ; regout           ;
; |Tong1_9|Register_4x8:inst13|register:inst1|RFC:inst6|inst4 ; |Tong1_9|Register_4x8:inst13|register:inst1|RFC:inst6|inst4 ; out0             ;
; |Tong1_9|Register_4x8:inst13|register:inst1|RFC:inst6|inst3 ; |Tong1_9|Register_4x8:inst13|register:inst1|RFC:inst6|inst3 ; out0             ;
; |Tong1_9|Register_4x8:inst13|register:inst1|RFC:inst5|inst1 ; |Tong1_9|Register_4x8:inst13|register:inst1|RFC:inst5|inst1 ; out              ;
; |Tong1_9|Register_4x8:inst13|register:inst1|RFC:inst5|inst  ; |Tong1_9|Register_4x8:inst13|register:inst1|RFC:inst5|inst  ; regout           ;
; |Tong1_9|Register_4x8:inst13|register:inst1|RFC:inst5|inst4 ; |Tong1_9|Register_4x8:inst13|register:inst1|RFC:inst5|inst4 ; out0             ;
; |Tong1_9|Register_4x8:inst13|register:inst1|RFC:inst5|inst3 ; |Tong1_9|Register_4x8:inst13|register:inst1|RFC:inst5|inst3 ; out0             ;
; |Tong1_9|Register_4x8:inst13|register:inst1|RFC:inst4|inst1 ; |Tong1_9|Register_4x8:inst13|register:inst1|RFC:inst4|inst1 ; out              ;
; |Tong1_9|Register_4x8:inst13|register:inst1|RFC:inst4|inst  ; |Tong1_9|Register_4x8:inst13|register:inst1|RFC:inst4|inst  ; regout           ;
; |Tong1_9|Register_4x8:inst13|register:inst1|RFC:inst4|inst4 ; |Tong1_9|Register_4x8:inst13|register:inst1|RFC:inst4|inst4 ; out0             ;
; |Tong1_9|Register_4x8:inst13|register:inst1|RFC:inst4|inst3 ; |Tong1_9|Register_4x8:inst13|register:inst1|RFC:inst4|inst3 ; out0             ;
; |Tong1_9|Register_4x8:inst13|register:inst1|RFC:inst3|inst1 ; |Tong1_9|Register_4x8:inst13|register:inst1|RFC:inst3|inst1 ; out              ;
; |Tong1_9|Register_4x8:inst13|register:inst1|RFC:inst3|inst  ; |Tong1_9|Register_4x8:inst13|register:inst1|RFC:inst3|inst  ; regout           ;
; |Tong1_9|Register_4x8:inst13|register:inst1|RFC:inst3|inst4 ; |Tong1_9|Register_4x8:inst13|register:inst1|RFC:inst3|inst4 ; out0             ;
; |Tong1_9|Register_4x8:inst13|register:inst1|RFC:inst3|inst3 ; |Tong1_9|Register_4x8:inst13|register:inst1|RFC:inst3|inst3 ; out0             ;
; |Tong1_9|Register_4x8:inst13|register:inst|A[0]             ; |Tong1_9|Register_4x8:inst13|register:inst|A[0]             ; out0             ;
; |Tong1_9|Register_4x8:inst13|register:inst|RFC:inst6|inst1  ; |Tong1_9|Register_4x8:inst13|register:inst|RFC:inst6|inst1  ; out              ;
; |Tong1_9|Register_4x8:inst13|register:inst|RFC:inst6|inst   ; |Tong1_9|Register_4x8:inst13|register:inst|RFC:inst6|inst   ; regout           ;
; |Tong1_9|Register_4x8:inst13|register:inst|RFC:inst6|inst4  ; |Tong1_9|Register_4x8:inst13|register:inst|RFC:inst6|inst4  ; out0             ;
; |Tong1_9|Register_4x8:inst13|register:inst|RFC:inst6|inst3  ; |Tong1_9|Register_4x8:inst13|register:inst|RFC:inst6|inst3  ; out0             ;
; |Tong1_9|Register_4x8:inst13|register:inst|RFC:inst5|inst4  ; |Tong1_9|Register_4x8:inst13|register:inst|RFC:inst5|inst4  ; out0             ;
; |Tong1_9|Register_4x8:inst13|register:inst|RFC:inst5|inst3  ; |Tong1_9|Register_4x8:inst13|register:inst|RFC:inst5|inst3  ; out0             ;
; |Tong1_9|counter:inst10|inst1                               ; |Tong1_9|counter:inst10|inst1                               ; regout           ;
; |Tong1_9|counter:inst10|inst2                               ; |Tong1_9|counter:inst10|inst2                               ; regout           ;
; |Tong1_9|counter:inst10|inst3                               ; |Tong1_9|counter:inst10|inst3                               ; regout           ;
; |Tong1_9|counter:inst10|Mux2:inst9|inst                     ; |Tong1_9|counter:inst10|Mux2:inst9|inst                     ; out0             ;
; |Tong1_9|counter:inst10|Mux2:inst12|inst2                   ; |Tong1_9|counter:inst10|Mux2:inst12|inst2                   ; out0             ;
; |Tong1_9|counter:inst10|Mux2:inst12|inst                    ; |Tong1_9|counter:inst10|Mux2:inst12|inst                    ; out0             ;
; |Tong1_9|counter:inst10|Mux2:inst11|inst                    ; |Tong1_9|counter:inst10|Mux2:inst11|inst                    ; out0             ;
; |Tong1_9|counter:inst10|HAS:inst7|inst1                     ; |Tong1_9|counter:inst10|HAS:inst7|inst1                     ; out0             ;
; |Tong1_9|counter:inst10|HAS:inst7|inst2                     ; |Tong1_9|counter:inst10|HAS:inst7|inst2                     ; out0             ;
; |Tong1_9|counter:inst10|HAS:inst6|inst1                     ; |Tong1_9|counter:inst10|HAS:inst6|inst1                     ; out0             ;
; |Tong1_9|counter:inst10|HAS:inst6|inst2                     ; |Tong1_9|counter:inst10|HAS:inst6|inst2                     ; out0             ;
; |Tong1_9|counter:inst10|HAS:inst5|inst1                     ; |Tong1_9|counter:inst10|HAS:inst5|inst1                     ; out0             ;
; |Tong1_9|counter:inst10|HAS:inst5|inst2                     ; |Tong1_9|counter:inst10|HAS:inst5|inst2                     ; out0             ;
; |Tong1_9|counter:inst10|Mux2:inst10|inst                    ; |Tong1_9|counter:inst10|Mux2:inst10|inst                    ; out0             ;
; |Tong1_9|counter:inst10|HAS:inst4|inst1                     ; |Tong1_9|counter:inst10|HAS:inst4|inst1                     ; out0             ;
+-------------------------------------------------------------+-------------------------------------------------------------+------------------+


The following table displays output ports that do not toggle to 1 during simulation.
+--------------------------------------------------------------------------------------------------------------------------------------------------------------+
; Missing 1-Value Coverage                                                                                                                                     ;
+---------------------------------------------------------------------+---------------------------------------------------------------------+------------------+
; Node Name                                                           ; Output Port Name                                                    ; Output Port Type ;
+---------------------------------------------------------------------+---------------------------------------------------------------------+------------------+
; |Tong1_9|START                                                      ; |Tong1_9|START                                                      ; out              ;
; |Tong1_9|WA[1]                                                      ; |Tong1_9|WA[1]                                                      ; out              ;
; |Tong1_9|WA[0]                                                      ; |Tong1_9|WA[0]                                                      ; out              ;
; |Tong1_9|Register_4x8:inst13|register:inst1|RFC:inst18|inst1        ; |Tong1_9|Register_4x8:inst13|register:inst1|RFC:inst18|inst1        ; out              ;
; |Tong1_9|Register_4x8:inst13|register:inst1|RFC:inst18|inst         ; |Tong1_9|Register_4x8:inst13|register:inst1|RFC:inst18|inst         ; regout           ;
; |Tong1_9|Register_4x8:inst13|register:inst1|RFC:inst18|inst4        ; |Tong1_9|Register_4x8:inst13|register:inst1|RFC:inst18|inst4        ; out0             ;
; |Tong1_9|Register_4x8:inst13|register:inst1|RFC:inst18|inst3        ; |Tong1_9|Register_4x8:inst13|register:inst1|RFC:inst18|inst3        ; out0             ;
; |Tong1_9|Register_4x8:inst13|register:inst1|RFC:inst18|inst2        ; |Tong1_9|Register_4x8:inst13|register:inst1|RFC:inst18|inst2        ; out0             ;
; |Tong1_9|Register_4x8:inst13|register:inst1|RFC:inst14|inst1        ; |Tong1_9|Register_4x8:inst13|register:inst1|RFC:inst14|inst1        ; out              ;
; |Tong1_9|Register_4x8:inst13|register:inst1|RFC:inst14|inst         ; |Tong1_9|Register_4x8:inst13|register:inst1|RFC:inst14|inst         ; regout           ;
; |Tong1_9|Register_4x8:inst13|register:inst1|RFC:inst14|inst4        ; |Tong1_9|Register_4x8:inst13|register:inst1|RFC:inst14|inst4        ; out0             ;
; |Tong1_9|Register_4x8:inst13|register:inst1|RFC:inst14|inst3        ; |Tong1_9|Register_4x8:inst13|register:inst1|RFC:inst14|inst3        ; out0             ;
; |Tong1_9|Register_4x8:inst13|register:inst1|RFC:inst14|inst2        ; |Tong1_9|Register_4x8:inst13|register:inst1|RFC:inst14|inst2        ; out0             ;
; |Tong1_9|Register_4x8:inst13|register:inst1|RFC:inst10|inst1        ; |Tong1_9|Register_4x8:inst13|register:inst1|RFC:inst10|inst1        ; out              ;
; |Tong1_9|Register_4x8:inst13|register:inst1|RFC:inst10|inst         ; |Tong1_9|Register_4x8:inst13|register:inst1|RFC:inst10|inst         ; regout           ;
; |Tong1_9|Register_4x8:inst13|register:inst1|RFC:inst10|inst4        ; |Tong1_9|Register_4x8:inst13|register:inst1|RFC:inst10|inst4        ; out0             ;
; |Tong1_9|Register_4x8:inst13|register:inst1|RFC:inst10|inst3        ; |Tong1_9|Register_4x8:inst13|register:inst1|RFC:inst10|inst3        ; out0             ;
; |Tong1_9|Register_4x8:inst13|register:inst1|RFC:inst10|inst2        ; |Tong1_9|Register_4x8:inst13|register:inst1|RFC:inst10|inst2        ; out0             ;
; |Tong1_9|Register_4x8:inst13|register:inst1|RFC:inst5|inst2         ; |Tong1_9|Register_4x8:inst13|register:inst1|RFC:inst5|inst2         ; out0             ;
; |Tong1_9|Register_4x8:inst13|register:inst1|RFC:inst17|inst1        ; |Tong1_9|Register_4x8:inst13|register:inst1|RFC:inst17|inst1        ; out              ;
; |Tong1_9|Register_4x8:inst13|register:inst1|RFC:inst17|inst         ; |Tong1_9|Register_4x8:inst13|register:inst1|RFC:inst17|inst         ; regout           ;
; |Tong1_9|Register_4x8:inst13|register:inst1|RFC:inst17|inst4        ; |Tong1_9|Register_4x8:inst13|register:inst1|RFC:inst17|inst4        ; out0             ;
; |Tong1_9|Register_4x8:inst13|register:inst1|RFC:inst17|inst3        ; |Tong1_9|Register_4x8:inst13|register:inst1|RFC:inst17|inst3        ; out0             ;
; |Tong1_9|Register_4x8:inst13|register:inst1|RFC:inst17|inst2        ; |Tong1_9|Register_4x8:inst13|register:inst1|RFC:inst17|inst2        ; out0             ;
; |Tong1_9|Register_4x8:inst13|register:inst1|RFC:inst13|inst1        ; |Tong1_9|Register_4x8:inst13|register:inst1|RFC:inst13|inst1        ; out              ;
; |Tong1_9|Register_4x8:inst13|register:inst1|RFC:inst13|inst         ; |Tong1_9|Register_4x8:inst13|register:inst1|RFC:inst13|inst         ; regout           ;
; |Tong1_9|Register_4x8:inst13|register:inst1|RFC:inst13|inst4        ; |Tong1_9|Register_4x8:inst13|register:inst1|RFC:inst13|inst4        ; out0             ;
; |Tong1_9|Register_4x8:inst13|register:inst1|RFC:inst13|inst3        ; |Tong1_9|Register_4x8:inst13|register:inst1|RFC:inst13|inst3        ; out0             ;
; |Tong1_9|Register_4x8:inst13|register:inst1|RFC:inst13|inst2        ; |Tong1_9|Register_4x8:inst13|register:inst1|RFC:inst13|inst2        ; out0             ;
; |Tong1_9|Register_4x8:inst13|register:inst1|RFC:inst9|inst1         ; |Tong1_9|Register_4x8:inst13|register:inst1|RFC:inst9|inst1         ; out              ;
; |Tong1_9|Register_4x8:inst13|register:inst1|RFC:inst9|inst          ; |Tong1_9|Register_4x8:inst13|register:inst1|RFC:inst9|inst          ; regout           ;
; |Tong1_9|Register_4x8:inst13|register:inst1|RFC:inst9|inst4         ; |Tong1_9|Register_4x8:inst13|register:inst1|RFC:inst9|inst4         ; out0             ;
; |Tong1_9|Register_4x8:inst13|register:inst1|RFC:inst9|inst3         ; |Tong1_9|Register_4x8:inst13|register:inst1|RFC:inst9|inst3         ; out0             ;
; |Tong1_9|Register_4x8:inst13|register:inst1|RFC:inst9|inst2         ; |Tong1_9|Register_4x8:inst13|register:inst1|RFC:inst9|inst2         ; out0             ;
; |Tong1_9|Register_4x8:inst13|register:inst1|RFC:inst8|inst1         ; |Tong1_9|Register_4x8:inst13|register:inst1|RFC:inst8|inst1         ; out              ;
; |Tong1_9|Register_4x8:inst13|register:inst1|RFC:inst8|inst          ; |Tong1_9|Register_4x8:inst13|register:inst1|RFC:inst8|inst          ; regout           ;
; |Tong1_9|Register_4x8:inst13|register:inst1|RFC:inst8|inst4         ; |Tong1_9|Register_4x8:inst13|register:inst1|RFC:inst8|inst4         ; out0             ;
; |Tong1_9|Register_4x8:inst13|register:inst1|RFC:inst8|inst3         ; |Tong1_9|Register_4x8:inst13|register:inst1|RFC:inst8|inst3         ; out0             ;
; |Tong1_9|Register_4x8:inst13|register:inst1|RFC:inst8|inst2         ; |Tong1_9|Register_4x8:inst13|register:inst1|RFC:inst8|inst2         ; out0             ;
; |Tong1_9|Register_4x8:inst13|register:inst1|RFC:inst12|inst1        ; |Tong1_9|Register_4x8:inst13|register:inst1|RFC:inst12|inst1        ; out              ;
; |Tong1_9|Register_4x8:inst13|register:inst1|RFC:inst12|inst         ; |Tong1_9|Register_4x8:inst13|register:inst1|RFC:inst12|inst         ; regout           ;
; |Tong1_9|Register_4x8:inst13|register:inst1|RFC:inst12|inst4        ; |Tong1_9|Register_4x8:inst13|register:inst1|RFC:inst12|inst4        ; out0             ;
; |Tong1_9|Register_4x8:inst13|register:inst1|RFC:inst12|inst3        ; |Tong1_9|Register_4x8:inst13|register:inst1|RFC:inst12|inst3        ; out0             ;
; |Tong1_9|Register_4x8:inst13|register:inst1|RFC:inst12|inst2        ; |Tong1_9|Register_4x8:inst13|register:inst1|RFC:inst12|inst2        ; out0             ;
; |Tong1_9|Register_4x8:inst13|register:inst1|RFC:inst16|inst1        ; |Tong1_9|Register_4x8:inst13|register:inst1|RFC:inst16|inst1        ; out              ;
; |Tong1_9|Register_4x8:inst13|register:inst1|RFC:inst16|inst         ; |Tong1_9|Register_4x8:inst13|register:inst1|RFC:inst16|inst         ; regout           ;
; |Tong1_9|Register_4x8:inst13|register:inst1|RFC:inst16|inst4        ; |Tong1_9|Register_4x8:inst13|register:inst1|RFC:inst16|inst4        ; out0             ;
; |Tong1_9|Register_4x8:inst13|register:inst1|RFC:inst16|inst3        ; |Tong1_9|Register_4x8:inst13|register:inst1|RFC:inst16|inst3        ; out0             ;
; |Tong1_9|Register_4x8:inst13|register:inst1|RFC:inst16|inst2        ; |Tong1_9|Register_4x8:inst13|register:inst1|RFC:inst16|inst2        ; out0             ;
; |Tong1_9|Register_4x8:inst13|register:inst1|RFC:inst15|inst1        ; |Tong1_9|Register_4x8:inst13|register:inst1|RFC:inst15|inst1        ; out              ;
; |Tong1_9|Register_4x8:inst13|register:inst1|RFC:inst15|inst         ; |Tong1_9|Register_4x8:inst13|register:inst1|RFC:inst15|inst         ; regout           ;
; |Tong1_9|Register_4x8:inst13|register:inst1|RFC:inst15|inst4        ; |Tong1_9|Register_4x8:inst13|register:inst1|RFC:inst15|inst4        ; out0             ;
; |Tong1_9|Register_4x8:inst13|register:inst1|RFC:inst15|inst3        ; |Tong1_9|Register_4x8:inst13|register:inst1|RFC:inst15|inst3        ; out0             ;
; |Tong1_9|Register_4x8:inst13|register:inst1|RFC:inst15|inst2        ; |Tong1_9|Register_4x8:inst13|register:inst1|RFC:inst15|inst2        ; out0             ;
; |Tong1_9|Register_4x8:inst13|register:inst1|RFC:inst11|inst1        ; |Tong1_9|Register_4x8:inst13|register:inst1|RFC:inst11|inst1        ; out              ;
; |Tong1_9|Register_4x8:inst13|register:inst1|RFC:inst11|inst         ; |Tong1_9|Register_4x8:inst13|register:inst1|RFC:inst11|inst         ; regout           ;
; |Tong1_9|Register_4x8:inst13|register:inst1|RFC:inst11|inst4        ; |Tong1_9|Register_4x8:inst13|register:inst1|RFC:inst11|inst4        ; out0             ;
; |Tong1_9|Register_4x8:inst13|register:inst1|RFC:inst11|inst3        ; |Tong1_9|Register_4x8:inst13|register:inst1|RFC:inst11|inst3        ; out0             ;
; |Tong1_9|Register_4x8:inst13|register:inst1|RFC:inst11|inst2        ; |Tong1_9|Register_4x8:inst13|register:inst1|RFC:inst11|inst2        ; out0             ;
; |Tong1_9|Register_4x8:inst13|register:inst1|RFC:inst7|inst1         ; |Tong1_9|Register_4x8:inst13|register:inst1|RFC:inst7|inst1         ; out              ;
; |Tong1_9|Register_4x8:inst13|register:inst1|RFC:inst7|inst          ; |Tong1_9|Register_4x8:inst13|register:inst1|RFC:inst7|inst          ; regout           ;
; |Tong1_9|Register_4x8:inst13|register:inst1|RFC:inst7|inst4         ; |Tong1_9|Register_4x8:inst13|register:inst1|RFC:inst7|inst4         ; out0             ;
; |Tong1_9|Register_4x8:inst13|register:inst1|RFC:inst7|inst3         ; |Tong1_9|Register_4x8:inst13|register:inst1|RFC:inst7|inst3         ; out0             ;
; |Tong1_9|Register_4x8:inst13|register:inst1|RFC:inst7|inst2         ; |Tong1_9|Register_4x8:inst13|register:inst1|RFC:inst7|inst2         ; out0             ;
; |Tong1_9|Register_4x8:inst13|register:inst1|Decoder2_4:inst20|inst  ; |Tong1_9|Register_4x8:inst13|register:inst1|Decoder2_4:inst20|inst  ; out0             ;
; |Tong1_9|Register_4x8:inst13|register:inst1|Decoder2_4:inst20|inst1 ; |Tong1_9|Register_4x8:inst13|register:inst1|Decoder2_4:inst20|inst1 ; out0             ;
; |Tong1_9|Register_4x8:inst13|register:inst1|Decoder2_4:inst20|inst2 ; |Tong1_9|Register_4x8:inst13|register:inst1|Decoder2_4:inst20|inst2 ; out0             ;
; |Tong1_9|Register_4x8:inst13|register:inst1|Decoder2_4:inst20|inst3 ; |Tong1_9|Register_4x8:inst13|register:inst1|Decoder2_4:inst20|inst3 ; out0             ;
; |Tong1_9|Register_4x8:inst13|register:inst1|Decoder2_4:inst|inst    ; |Tong1_9|Register_4x8:inst13|register:inst1|Decoder2_4:inst|inst    ; out0             ;
; |Tong1_9|Register_4x8:inst13|register:inst1|Decoder2_4:inst|inst1   ; |Tong1_9|Register_4x8:inst13|register:inst1|Decoder2_4:inst|inst1   ; out0             ;
; |Tong1_9|Register_4x8:inst13|register:inst1|Decoder2_4:inst|inst2   ; |Tong1_9|Register_4x8:inst13|register:inst1|Decoder2_4:inst|inst2   ; out0             ;
; |Tong1_9|Register_4x8:inst13|register:inst1|Decoder2_4:inst|inst3   ; |Tong1_9|Register_4x8:inst13|register:inst1|Decoder2_4:inst|inst3   ; out0             ;
; |Tong1_9|Register_4x8:inst13|register:inst|RFC:inst6|inst2          ; |Tong1_9|Register_4x8:inst13|register:inst|RFC:inst6|inst2          ; out0             ;
; |Tong1_9|Register_4x8:inst13|register:inst|RFC:inst18|inst1         ; |Tong1_9|Register_4x8:inst13|register:inst|RFC:inst18|inst1         ; out              ;
; |Tong1_9|Register_4x8:inst13|register:inst|RFC:inst18|inst          ; |Tong1_9|Register_4x8:inst13|register:inst|RFC:inst18|inst          ; regout           ;
; |Tong1_9|Register_4x8:inst13|register:inst|RFC:inst18|inst4         ; |Tong1_9|Register_4x8:inst13|register:inst|RFC:inst18|inst4         ; out0             ;
; |Tong1_9|Register_4x8:inst13|register:inst|RFC:inst18|inst3         ; |Tong1_9|Register_4x8:inst13|register:inst|RFC:inst18|inst3         ; out0             ;
; |Tong1_9|Register_4x8:inst13|register:inst|RFC:inst18|inst2         ; |Tong1_9|Register_4x8:inst13|register:inst|RFC:inst18|inst2         ; out0             ;
; |Tong1_9|Register_4x8:inst13|register:inst|RFC:inst14|inst1         ; |Tong1_9|Register_4x8:inst13|register:inst|RFC:inst14|inst1         ; out              ;
; |Tong1_9|Register_4x8:inst13|register:inst|RFC:inst14|inst          ; |Tong1_9|Register_4x8:inst13|register:inst|RFC:inst14|inst          ; regout           ;
; |Tong1_9|Register_4x8:inst13|register:inst|RFC:inst14|inst4         ; |Tong1_9|Register_4x8:inst13|register:inst|RFC:inst14|inst4         ; out0             ;
; |Tong1_9|Register_4x8:inst13|register:inst|RFC:inst14|inst3         ; |Tong1_9|Register_4x8:inst13|register:inst|RFC:inst14|inst3         ; out0             ;
; |Tong1_9|Register_4x8:inst13|register:inst|RFC:inst14|inst2         ; |Tong1_9|Register_4x8:inst13|register:inst|RFC:inst14|inst2         ; out0             ;
; |Tong1_9|Register_4x8:inst13|register:inst|RFC:inst10|inst1         ; |Tong1_9|Register_4x8:inst13|register:inst|RFC:inst10|inst1         ; out              ;
; |Tong1_9|Register_4x8:inst13|register:inst|RFC:inst10|inst          ; |Tong1_9|Register_4x8:inst13|register:inst|RFC:inst10|inst          ; regout           ;
; |Tong1_9|Register_4x8:inst13|register:inst|RFC:inst10|inst4         ; |Tong1_9|Register_4x8:inst13|register:inst|RFC:inst10|inst4         ; out0             ;
; |Tong1_9|Register_4x8:inst13|register:inst|RFC:inst10|inst3         ; |Tong1_9|Register_4x8:inst13|register:inst|RFC:inst10|inst3         ; out0             ;
; |Tong1_9|Register_4x8:inst13|register:inst|RFC:inst10|inst2         ; |Tong1_9|Register_4x8:inst13|register:inst|RFC:inst10|inst2         ; out0             ;
; |Tong1_9|Register_4x8:inst13|register:inst|RFC:inst17|inst1         ; |Tong1_9|Register_4x8:inst13|register:inst|RFC:inst17|inst1         ; out              ;
; |Tong1_9|Register_4x8:inst13|register:inst|RFC:inst17|inst          ; |Tong1_9|Register_4x8:inst13|register:inst|RFC:inst17|inst          ; regout           ;
; |Tong1_9|Register_4x8:inst13|register:inst|RFC:inst17|inst4         ; |Tong1_9|Register_4x8:inst13|register:inst|RFC:inst17|inst4         ; out0             ;
; |Tong1_9|Register_4x8:inst13|register:inst|RFC:inst17|inst3         ; |Tong1_9|Register_4x8:inst13|register:inst|RFC:inst17|inst3         ; out0             ;
; |Tong1_9|Register_4x8:inst13|register:inst|RFC:inst17|inst2         ; |Tong1_9|Register_4x8:inst13|register:inst|RFC:inst17|inst2         ; out0             ;
; |Tong1_9|Register_4x8:inst13|register:inst|RFC:inst13|inst1         ; |Tong1_9|Register_4x8:inst13|register:inst|RFC:inst13|inst1         ; out              ;
; |Tong1_9|Register_4x8:inst13|register:inst|RFC:inst13|inst          ; |Tong1_9|Register_4x8:inst13|register:inst|RFC:inst13|inst          ; regout           ;
; |Tong1_9|Register_4x8:inst13|register:inst|RFC:inst13|inst4         ; |Tong1_9|Register_4x8:inst13|register:inst|RFC:inst13|inst4         ; out0             ;
; |Tong1_9|Register_4x8:inst13|register:inst|RFC:inst13|inst3         ; |Tong1_9|Register_4x8:inst13|register:inst|RFC:inst13|inst3         ; out0             ;
; |Tong1_9|Register_4x8:inst13|register:inst|RFC:inst13|inst2         ; |Tong1_9|Register_4x8:inst13|register:inst|RFC:inst13|inst2         ; out0             ;
; |Tong1_9|Register_4x8:inst13|register:inst|RFC:inst9|inst1          ; |Tong1_9|Register_4x8:inst13|register:inst|RFC:inst9|inst1          ; out              ;
; |Tong1_9|Register_4x8:inst13|register:inst|RFC:inst9|inst           ; |Tong1_9|Register_4x8:inst13|register:inst|RFC:inst9|inst           ; regout           ;
; |Tong1_9|Register_4x8:inst13|register:inst|RFC:inst9|inst4          ; |Tong1_9|Register_4x8:inst13|register:inst|RFC:inst9|inst4          ; out0             ;
; |Tong1_9|Register_4x8:inst13|register:inst|RFC:inst9|inst3          ; |Tong1_9|Register_4x8:inst13|register:inst|RFC:inst9|inst3          ; out0             ;
; |Tong1_9|Register_4x8:inst13|register:inst|RFC:inst9|inst2          ; |Tong1_9|Register_4x8:inst13|register:inst|RFC:inst9|inst2          ; out0             ;
; |Tong1_9|Register_4x8:inst13|register:inst|Decoder2_4:inst20|inst   ; |Tong1_9|Register_4x8:inst13|register:inst|Decoder2_4:inst20|inst   ; out0             ;
; |Tong1_9|Register_4x8:inst13|register:inst|Decoder2_4:inst20|inst1  ; |Tong1_9|Register_4x8:inst13|register:inst|Decoder2_4:inst20|inst1  ; out0             ;
; |Tong1_9|Register_4x8:inst13|register:inst|Decoder2_4:inst20|inst2  ; |Tong1_9|Register_4x8:inst13|register:inst|Decoder2_4:inst20|inst2  ; out0             ;
; |Tong1_9|Register_4x8:inst13|register:inst|Decoder2_4:inst20|inst3  ; |Tong1_9|Register_4x8:inst13|register:inst|Decoder2_4:inst20|inst3  ; out0             ;
; |Tong1_9|Register_4x8:inst13|register:inst|Decoder2_4:inst|inst     ; |Tong1_9|Register_4x8:inst13|register:inst|Decoder2_4:inst|inst     ; out0             ;
; |Tong1_9|Register_4x8:inst13|register:inst|Decoder2_4:inst|inst1    ; |Tong1_9|Register_4x8:inst13|register:inst|Decoder2_4:inst|inst1    ; out0             ;
; |Tong1_9|Register_4x8:inst13|register:inst|Decoder2_4:inst|inst2    ; |Tong1_9|Register_4x8:inst13|register:inst|Decoder2_4:inst|inst2    ; out0             ;
; |Tong1_9|Register_4x8:inst13|register:inst|Decoder2_4:inst|inst3    ; |Tong1_9|Register_4x8:inst13|register:inst|Decoder2_4:inst|inst3    ; out0             ;
+---------------------------------------------------------------------+---------------------------------------------------------------------+------------------+


The following table displays output ports that do not toggle to 0 during simulation.
+--------------------------------------------------------------------------------------------------------------------------------------------------------------+
; Missing 0-Value Coverage                                                                                                                                     ;
+---------------------------------------------------------------------+---------------------------------------------------------------------+------------------+
; Node Name                                                           ; Output Port Name                                                    ; Output Port Type ;
+---------------------------------------------------------------------+---------------------------------------------------------------------+------------------+
; |Tong1_9|Valid                                                      ; |Tong1_9|Valid                                                      ; pin_out          ;
; |Tong1_9|Y[5]                                                       ; |Tong1_9|Y[5]                                                       ; pin_out          ;
; |Tong1_9|WA[1]                                                      ; |Tong1_9|WA[1]                                                      ; out              ;
; |Tong1_9|WA[0]                                                      ; |Tong1_9|WA[0]                                                      ; out              ;
; |Tong1_9|Register_4x8:inst13|register:inst1|RFC:inst6|inst2         ; |Tong1_9|Register_4x8:inst13|register:inst1|RFC:inst6|inst2         ; out0             ;
; |Tong1_9|Register_4x8:inst13|register:inst1|RFC:inst18|inst1        ; |Tong1_9|Register_4x8:inst13|register:inst1|RFC:inst18|inst1        ; out              ;
; |Tong1_9|Register_4x8:inst13|register:inst1|RFC:inst18|inst         ; |Tong1_9|Register_4x8:inst13|register:inst1|RFC:inst18|inst         ; regout           ;
; |Tong1_9|Register_4x8:inst13|register:inst1|RFC:inst18|inst4        ; |Tong1_9|Register_4x8:inst13|register:inst1|RFC:inst18|inst4        ; out0             ;
; |Tong1_9|Register_4x8:inst13|register:inst1|RFC:inst18|inst3        ; |Tong1_9|Register_4x8:inst13|register:inst1|RFC:inst18|inst3        ; out0             ;
; |Tong1_9|Register_4x8:inst13|register:inst1|RFC:inst18|inst2        ; |Tong1_9|Register_4x8:inst13|register:inst1|RFC:inst18|inst2        ; out0             ;
; |Tong1_9|Register_4x8:inst13|register:inst1|RFC:inst14|inst1        ; |Tong1_9|Register_4x8:inst13|register:inst1|RFC:inst14|inst1        ; out              ;
; |Tong1_9|Register_4x8:inst13|register:inst1|RFC:inst14|inst         ; |Tong1_9|Register_4x8:inst13|register:inst1|RFC:inst14|inst         ; regout           ;
; |Tong1_9|Register_4x8:inst13|register:inst1|RFC:inst14|inst4        ; |Tong1_9|Register_4x8:inst13|register:inst1|RFC:inst14|inst4        ; out0             ;
; |Tong1_9|Register_4x8:inst13|register:inst1|RFC:inst14|inst3        ; |Tong1_9|Register_4x8:inst13|register:inst1|RFC:inst14|inst3        ; out0             ;
; |Tong1_9|Register_4x8:inst13|register:inst1|RFC:inst14|inst2        ; |Tong1_9|Register_4x8:inst13|register:inst1|RFC:inst14|inst2        ; out0             ;
; |Tong1_9|Register_4x8:inst13|register:inst1|RFC:inst10|inst1        ; |Tong1_9|Register_4x8:inst13|register:inst1|RFC:inst10|inst1        ; out              ;
; |Tong1_9|Register_4x8:inst13|register:inst1|RFC:inst10|inst         ; |Tong1_9|Register_4x8:inst13|register:inst1|RFC:inst10|inst         ; regout           ;
; |Tong1_9|Register_4x8:inst13|register:inst1|RFC:inst10|inst4        ; |Tong1_9|Register_4x8:inst13|register:inst1|RFC:inst10|inst4        ; out0             ;
; |Tong1_9|Register_4x8:inst13|register:inst1|RFC:inst10|inst3        ; |Tong1_9|Register_4x8:inst13|register:inst1|RFC:inst10|inst3        ; out0             ;
; |Tong1_9|Register_4x8:inst13|register:inst1|RFC:inst10|inst2        ; |Tong1_9|Register_4x8:inst13|register:inst1|RFC:inst10|inst2        ; out0             ;
; |Tong1_9|Register_4x8:inst13|register:inst1|RFC:inst5|inst2         ; |Tong1_9|Register_4x8:inst13|register:inst1|RFC:inst5|inst2         ; out0             ;
; |Tong1_9|Register_4x8:inst13|register:inst1|RFC:inst17|inst1        ; |Tong1_9|Register_4x8:inst13|register:inst1|RFC:inst17|inst1        ; out              ;
; |Tong1_9|Register_4x8:inst13|register:inst1|RFC:inst17|inst         ; |Tong1_9|Register_4x8:inst13|register:inst1|RFC:inst17|inst         ; regout           ;
; |Tong1_9|Register_4x8:inst13|register:inst1|RFC:inst17|inst4        ; |Tong1_9|Register_4x8:inst13|register:inst1|RFC:inst17|inst4        ; out0             ;
; |Tong1_9|Register_4x8:inst13|register:inst1|RFC:inst17|inst3        ; |Tong1_9|Register_4x8:inst13|register:inst1|RFC:inst17|inst3        ; out0             ;
; |Tong1_9|Register_4x8:inst13|register:inst1|RFC:inst17|inst2        ; |Tong1_9|Register_4x8:inst13|register:inst1|RFC:inst17|inst2        ; out0             ;
; |Tong1_9|Register_4x8:inst13|register:inst1|RFC:inst13|inst1        ; |Tong1_9|Register_4x8:inst13|register:inst1|RFC:inst13|inst1        ; out              ;
; |Tong1_9|Register_4x8:inst13|register:inst1|RFC:inst13|inst         ; |Tong1_9|Register_4x8:inst13|register:inst1|RFC:inst13|inst         ; regout           ;
; |Tong1_9|Register_4x8:inst13|register:inst1|RFC:inst13|inst4        ; |Tong1_9|Register_4x8:inst13|register:inst1|RFC:inst13|inst4        ; out0             ;
; |Tong1_9|Register_4x8:inst13|register:inst1|RFC:inst13|inst3        ; |Tong1_9|Register_4x8:inst13|register:inst1|RFC:inst13|inst3        ; out0             ;
; |Tong1_9|Register_4x8:inst13|register:inst1|RFC:inst13|inst2        ; |Tong1_9|Register_4x8:inst13|register:inst1|RFC:inst13|inst2        ; out0             ;
; |Tong1_9|Register_4x8:inst13|register:inst1|RFC:inst9|inst1         ; |Tong1_9|Register_4x8:inst13|register:inst1|RFC:inst9|inst1         ; out              ;
; |Tong1_9|Register_4x8:inst13|register:inst1|RFC:inst9|inst          ; |Tong1_9|Register_4x8:inst13|register:inst1|RFC:inst9|inst          ; regout           ;
; |Tong1_9|Register_4x8:inst13|register:inst1|RFC:inst9|inst4         ; |Tong1_9|Register_4x8:inst13|register:inst1|RFC:inst9|inst4         ; out0             ;
; |Tong1_9|Register_4x8:inst13|register:inst1|RFC:inst9|inst3         ; |Tong1_9|Register_4x8:inst13|register:inst1|RFC:inst9|inst3         ; out0             ;
; |Tong1_9|Register_4x8:inst13|register:inst1|RFC:inst9|inst2         ; |Tong1_9|Register_4x8:inst13|register:inst1|RFC:inst9|inst2         ; out0             ;
; |Tong1_9|Register_4x8:inst13|register:inst1|RFC:inst4|inst2         ; |Tong1_9|Register_4x8:inst13|register:inst1|RFC:inst4|inst2         ; out0             ;
; |Tong1_9|Register_4x8:inst13|register:inst1|RFC:inst8|inst1         ; |Tong1_9|Register_4x8:inst13|register:inst1|RFC:inst8|inst1         ; out              ;
; |Tong1_9|Register_4x8:inst13|register:inst1|RFC:inst8|inst          ; |Tong1_9|Register_4x8:inst13|register:inst1|RFC:inst8|inst          ; regout           ;
; |Tong1_9|Register_4x8:inst13|register:inst1|RFC:inst8|inst4         ; |Tong1_9|Register_4x8:inst13|register:inst1|RFC:inst8|inst4         ; out0             ;
; |Tong1_9|Register_4x8:inst13|register:inst1|RFC:inst8|inst3         ; |Tong1_9|Register_4x8:inst13|register:inst1|RFC:inst8|inst3         ; out0             ;
; |Tong1_9|Register_4x8:inst13|register:inst1|RFC:inst8|inst2         ; |Tong1_9|Register_4x8:inst13|register:inst1|RFC:inst8|inst2         ; out0             ;
; |Tong1_9|Register_4x8:inst13|register:inst1|RFC:inst12|inst1        ; |Tong1_9|Register_4x8:inst13|register:inst1|RFC:inst12|inst1        ; out              ;
; |Tong1_9|Register_4x8:inst13|register:inst1|RFC:inst12|inst         ; |Tong1_9|Register_4x8:inst13|register:inst1|RFC:inst12|inst         ; regout           ;
; |Tong1_9|Register_4x8:inst13|register:inst1|RFC:inst12|inst4        ; |Tong1_9|Register_4x8:inst13|register:inst1|RFC:inst12|inst4        ; out0             ;
; |Tong1_9|Register_4x8:inst13|register:inst1|RFC:inst12|inst3        ; |Tong1_9|Register_4x8:inst13|register:inst1|RFC:inst12|inst3        ; out0             ;
; |Tong1_9|Register_4x8:inst13|register:inst1|RFC:inst12|inst2        ; |Tong1_9|Register_4x8:inst13|register:inst1|RFC:inst12|inst2        ; out0             ;
; |Tong1_9|Register_4x8:inst13|register:inst1|RFC:inst16|inst1        ; |Tong1_9|Register_4x8:inst13|register:inst1|RFC:inst16|inst1        ; out              ;
; |Tong1_9|Register_4x8:inst13|register:inst1|RFC:inst16|inst         ; |Tong1_9|Register_4x8:inst13|register:inst1|RFC:inst16|inst         ; regout           ;
; |Tong1_9|Register_4x8:inst13|register:inst1|RFC:inst16|inst4        ; |Tong1_9|Register_4x8:inst13|register:inst1|RFC:inst16|inst4        ; out0             ;
; |Tong1_9|Register_4x8:inst13|register:inst1|RFC:inst16|inst3        ; |Tong1_9|Register_4x8:inst13|register:inst1|RFC:inst16|inst3        ; out0             ;
; |Tong1_9|Register_4x8:inst13|register:inst1|RFC:inst16|inst2        ; |Tong1_9|Register_4x8:inst13|register:inst1|RFC:inst16|inst2        ; out0             ;
; |Tong1_9|Register_4x8:inst13|register:inst1|RFC:inst15|inst1        ; |Tong1_9|Register_4x8:inst13|register:inst1|RFC:inst15|inst1        ; out              ;
; |Tong1_9|Register_4x8:inst13|register:inst1|RFC:inst15|inst         ; |Tong1_9|Register_4x8:inst13|register:inst1|RFC:inst15|inst         ; regout           ;
; |Tong1_9|Register_4x8:inst13|register:inst1|RFC:inst15|inst4        ; |Tong1_9|Register_4x8:inst13|register:inst1|RFC:inst15|inst4        ; out0             ;
; |Tong1_9|Register_4x8:inst13|register:inst1|RFC:inst15|inst3        ; |Tong1_9|Register_4x8:inst13|register:inst1|RFC:inst15|inst3        ; out0             ;
; |Tong1_9|Register_4x8:inst13|register:inst1|RFC:inst15|inst2        ; |Tong1_9|Register_4x8:inst13|register:inst1|RFC:inst15|inst2        ; out0             ;
; |Tong1_9|Register_4x8:inst13|register:inst1|RFC:inst11|inst1        ; |Tong1_9|Register_4x8:inst13|register:inst1|RFC:inst11|inst1        ; out              ;
; |Tong1_9|Register_4x8:inst13|register:inst1|RFC:inst11|inst         ; |Tong1_9|Register_4x8:inst13|register:inst1|RFC:inst11|inst         ; regout           ;
; |Tong1_9|Register_4x8:inst13|register:inst1|RFC:inst11|inst4        ; |Tong1_9|Register_4x8:inst13|register:inst1|RFC:inst11|inst4        ; out0             ;
; |Tong1_9|Register_4x8:inst13|register:inst1|RFC:inst11|inst3        ; |Tong1_9|Register_4x8:inst13|register:inst1|RFC:inst11|inst3        ; out0             ;
; |Tong1_9|Register_4x8:inst13|register:inst1|RFC:inst11|inst2        ; |Tong1_9|Register_4x8:inst13|register:inst1|RFC:inst11|inst2        ; out0             ;
; |Tong1_9|Register_4x8:inst13|register:inst1|RFC:inst7|inst1         ; |Tong1_9|Register_4x8:inst13|register:inst1|RFC:inst7|inst1         ; out              ;
; |Tong1_9|Register_4x8:inst13|register:inst1|RFC:inst7|inst          ; |Tong1_9|Register_4x8:inst13|register:inst1|RFC:inst7|inst          ; regout           ;
; |Tong1_9|Register_4x8:inst13|register:inst1|RFC:inst7|inst4         ; |Tong1_9|Register_4x8:inst13|register:inst1|RFC:inst7|inst4         ; out0             ;
; |Tong1_9|Register_4x8:inst13|register:inst1|RFC:inst7|inst3         ; |Tong1_9|Register_4x8:inst13|register:inst1|RFC:inst7|inst3         ; out0             ;
; |Tong1_9|Register_4x8:inst13|register:inst1|RFC:inst7|inst2         ; |Tong1_9|Register_4x8:inst13|register:inst1|RFC:inst7|inst2         ; out0             ;
; |Tong1_9|Register_4x8:inst13|register:inst1|Decoder2_4:inst20|inst  ; |Tong1_9|Register_4x8:inst13|register:inst1|Decoder2_4:inst20|inst  ; out0             ;
; |Tong1_9|Register_4x8:inst13|register:inst1|Decoder2_4:inst20|inst1 ; |Tong1_9|Register_4x8:inst13|register:inst1|Decoder2_4:inst20|inst1 ; out0             ;
; |Tong1_9|Register_4x8:inst13|register:inst1|Decoder2_4:inst20|inst2 ; |Tong1_9|Register_4x8:inst13|register:inst1|Decoder2_4:inst20|inst2 ; out0             ;
; |Tong1_9|Register_4x8:inst13|register:inst1|Decoder2_4:inst|inst    ; |Tong1_9|Register_4x8:inst13|register:inst1|Decoder2_4:inst|inst    ; out0             ;
; |Tong1_9|Register_4x8:inst13|register:inst1|Decoder2_4:inst|inst1   ; |Tong1_9|Register_4x8:inst13|register:inst1|Decoder2_4:inst|inst1   ; out0             ;
; |Tong1_9|Register_4x8:inst13|register:inst1|Decoder2_4:inst|inst2   ; |Tong1_9|Register_4x8:inst13|register:inst1|Decoder2_4:inst|inst2   ; out0             ;
; |Tong1_9|Register_4x8:inst13|register:inst1|Decoder2_4:inst|inst3   ; |Tong1_9|Register_4x8:inst13|register:inst1|Decoder2_4:inst|inst3   ; out0             ;
; |Tong1_9|Register_4x8:inst13|register:inst1|RFC:inst3|inst2         ; |Tong1_9|Register_4x8:inst13|register:inst1|RFC:inst3|inst2         ; out0             ;
; |Tong1_9|Register_4x8:inst13|register:inst|A[1]                     ; |Tong1_9|Register_4x8:inst13|register:inst|A[1]                     ; out0             ;
; |Tong1_9|Register_4x8:inst13|register:inst|RFC:inst6|inst2          ; |Tong1_9|Register_4x8:inst13|register:inst|RFC:inst6|inst2          ; out0             ;
; |Tong1_9|Register_4x8:inst13|register:inst|RFC:inst18|inst1         ; |Tong1_9|Register_4x8:inst13|register:inst|RFC:inst18|inst1         ; out              ;
; |Tong1_9|Register_4x8:inst13|register:inst|RFC:inst18|inst          ; |Tong1_9|Register_4x8:inst13|register:inst|RFC:inst18|inst          ; regout           ;
; |Tong1_9|Register_4x8:inst13|register:inst|RFC:inst18|inst4         ; |Tong1_9|Register_4x8:inst13|register:inst|RFC:inst18|inst4         ; out0             ;
; |Tong1_9|Register_4x8:inst13|register:inst|RFC:inst18|inst3         ; |Tong1_9|Register_4x8:inst13|register:inst|RFC:inst18|inst3         ; out0             ;
; |Tong1_9|Register_4x8:inst13|register:inst|RFC:inst18|inst2         ; |Tong1_9|Register_4x8:inst13|register:inst|RFC:inst18|inst2         ; out0             ;
; |Tong1_9|Register_4x8:inst13|register:inst|RFC:inst14|inst1         ; |Tong1_9|Register_4x8:inst13|register:inst|RFC:inst14|inst1         ; out              ;
; |Tong1_9|Register_4x8:inst13|register:inst|RFC:inst14|inst          ; |Tong1_9|Register_4x8:inst13|register:inst|RFC:inst14|inst          ; regout           ;
; |Tong1_9|Register_4x8:inst13|register:inst|RFC:inst14|inst4         ; |Tong1_9|Register_4x8:inst13|register:inst|RFC:inst14|inst4         ; out0             ;
; |Tong1_9|Register_4x8:inst13|register:inst|RFC:inst14|inst3         ; |Tong1_9|Register_4x8:inst13|register:inst|RFC:inst14|inst3         ; out0             ;
; |Tong1_9|Register_4x8:inst13|register:inst|RFC:inst14|inst2         ; |Tong1_9|Register_4x8:inst13|register:inst|RFC:inst14|inst2         ; out0             ;
; |Tong1_9|Register_4x8:inst13|register:inst|RFC:inst10|inst1         ; |Tong1_9|Register_4x8:inst13|register:inst|RFC:inst10|inst1         ; out              ;
; |Tong1_9|Register_4x8:inst13|register:inst|RFC:inst10|inst          ; |Tong1_9|Register_4x8:inst13|register:inst|RFC:inst10|inst          ; regout           ;
; |Tong1_9|Register_4x8:inst13|register:inst|RFC:inst10|inst4         ; |Tong1_9|Register_4x8:inst13|register:inst|RFC:inst10|inst4         ; out0             ;
; |Tong1_9|Register_4x8:inst13|register:inst|RFC:inst10|inst3         ; |Tong1_9|Register_4x8:inst13|register:inst|RFC:inst10|inst3         ; out0             ;
; |Tong1_9|Register_4x8:inst13|register:inst|RFC:inst10|inst2         ; |Tong1_9|Register_4x8:inst13|register:inst|RFC:inst10|inst2         ; out0             ;
; |Tong1_9|Register_4x8:inst13|register:inst|RFC:inst5|inst1          ; |Tong1_9|Register_4x8:inst13|register:inst|RFC:inst5|inst1          ; out              ;
; |Tong1_9|Register_4x8:inst13|register:inst|RFC:inst5|inst           ; |Tong1_9|Register_4x8:inst13|register:inst|RFC:inst5|inst           ; regout           ;
; |Tong1_9|Register_4x8:inst13|register:inst|RFC:inst5|inst2          ; |Tong1_9|Register_4x8:inst13|register:inst|RFC:inst5|inst2          ; out0             ;
; |Tong1_9|Register_4x8:inst13|register:inst|RFC:inst17|inst1         ; |Tong1_9|Register_4x8:inst13|register:inst|RFC:inst17|inst1         ; out              ;
; |Tong1_9|Register_4x8:inst13|register:inst|RFC:inst17|inst          ; |Tong1_9|Register_4x8:inst13|register:inst|RFC:inst17|inst          ; regout           ;
; |Tong1_9|Register_4x8:inst13|register:inst|RFC:inst17|inst4         ; |Tong1_9|Register_4x8:inst13|register:inst|RFC:inst17|inst4         ; out0             ;
; |Tong1_9|Register_4x8:inst13|register:inst|RFC:inst17|inst3         ; |Tong1_9|Register_4x8:inst13|register:inst|RFC:inst17|inst3         ; out0             ;
; |Tong1_9|Register_4x8:inst13|register:inst|RFC:inst17|inst2         ; |Tong1_9|Register_4x8:inst13|register:inst|RFC:inst17|inst2         ; out0             ;
; |Tong1_9|Register_4x8:inst13|register:inst|RFC:inst13|inst1         ; |Tong1_9|Register_4x8:inst13|register:inst|RFC:inst13|inst1         ; out              ;
; |Tong1_9|Register_4x8:inst13|register:inst|RFC:inst13|inst          ; |Tong1_9|Register_4x8:inst13|register:inst|RFC:inst13|inst          ; regout           ;
; |Tong1_9|Register_4x8:inst13|register:inst|RFC:inst13|inst4         ; |Tong1_9|Register_4x8:inst13|register:inst|RFC:inst13|inst4         ; out0             ;
; |Tong1_9|Register_4x8:inst13|register:inst|RFC:inst13|inst3         ; |Tong1_9|Register_4x8:inst13|register:inst|RFC:inst13|inst3         ; out0             ;
; |Tong1_9|Register_4x8:inst13|register:inst|RFC:inst13|inst2         ; |Tong1_9|Register_4x8:inst13|register:inst|RFC:inst13|inst2         ; out0             ;
; |Tong1_9|Register_4x8:inst13|register:inst|RFC:inst9|inst1          ; |Tong1_9|Register_4x8:inst13|register:inst|RFC:inst9|inst1          ; out              ;
; |Tong1_9|Register_4x8:inst13|register:inst|RFC:inst9|inst           ; |Tong1_9|Register_4x8:inst13|register:inst|RFC:inst9|inst           ; regout           ;
; |Tong1_9|Register_4x8:inst13|register:inst|RFC:inst9|inst4          ; |Tong1_9|Register_4x8:inst13|register:inst|RFC:inst9|inst4          ; out0             ;
; |Tong1_9|Register_4x8:inst13|register:inst|RFC:inst9|inst3          ; |Tong1_9|Register_4x8:inst13|register:inst|RFC:inst9|inst3          ; out0             ;
; |Tong1_9|Register_4x8:inst13|register:inst|RFC:inst9|inst2          ; |Tong1_9|Register_4x8:inst13|register:inst|RFC:inst9|inst2          ; out0             ;
; |Tong1_9|Register_4x8:inst13|register:inst|Decoder2_4:inst20|inst   ; |Tong1_9|Register_4x8:inst13|register:inst|Decoder2_4:inst20|inst   ; out0             ;
; |Tong1_9|Register_4x8:inst13|register:inst|Decoder2_4:inst20|inst1  ; |Tong1_9|Register_4x8:inst13|register:inst|Decoder2_4:inst20|inst1  ; out0             ;
; |Tong1_9|Register_4x8:inst13|register:inst|Decoder2_4:inst20|inst2  ; |Tong1_9|Register_4x8:inst13|register:inst|Decoder2_4:inst20|inst2  ; out0             ;
; |Tong1_9|Register_4x8:inst13|register:inst|Decoder2_4:inst|inst     ; |Tong1_9|Register_4x8:inst13|register:inst|Decoder2_4:inst|inst     ; out0             ;
; |Tong1_9|Register_4x8:inst13|register:inst|Decoder2_4:inst|inst1    ; |Tong1_9|Register_4x8:inst13|register:inst|Decoder2_4:inst|inst1    ; out0             ;
; |Tong1_9|Register_4x8:inst13|register:inst|Decoder2_4:inst|inst2    ; |Tong1_9|Register_4x8:inst13|register:inst|Decoder2_4:inst|inst2    ; out0             ;
; |Tong1_9|Register_4x8:inst13|register:inst|Decoder2_4:inst|inst3    ; |Tong1_9|Register_4x8:inst13|register:inst|Decoder2_4:inst|inst3    ; out0             ;
; |Tong1_9|counter:inst10|inst                                        ; |Tong1_9|counter:inst10|inst                                        ; regout           ;
; |Tong1_9|check_9:inst31|inst6                                       ; |Tong1_9|check_9:inst31|inst6                                       ; out0             ;
+---------------------------------------------------------------------+---------------------------------------------------------------------+------------------+


+---------------------+
; Simulator INI Usage ;
+--------+------------+
; Option ; Usage      ;
+--------+------------+


+--------------------+
; Simulator Messages ;
+--------------------+
Info: *******************************************************************
Info: Running Quartus II 64-Bit Simulator
    Info: Version 13.0.1 Build 232 06/12/2013 Service Pack 1 SJ Web Edition
    Info: Processing started: Tue Oct 15 09:05:06 2024
Info: Command: quartus_sim --simulation_results_format=VWF Tong1_9 -c Tong1_9
Info (324025): Using vector source file "C:/Users/gialu/CE118/DoAn/Tong1_9/Waveform1.vwf"
Info (310003): Option to preserve fewer signal transitions to reduce memory requirements is enabled
    Info (310004): Simulation has been partitioned into sub-simulations according to the maximum transition count determined by the engine. Transitions from memory will be flushed out to disk at the end of each sub-simulation to reduce memory requirements.
Info (310002): Simulation partitioned into 1 sub-simulations
Info (328053): Simulation coverage is      38.69 %
Info (328052): Number of transitions in simulation is 738
Info (324045): Vector file Tong1_9.sim.vwf is saved in VWF text format. You can compress it into CVWF format in order to reduce file size. For more details please refer to the Quartus II Help.
Info: Quartus II 64-Bit Simulator was successful. 0 errors, 0 warnings
    Info: Peak virtual memory: 4448 megabytes
    Info: Processing ended: Tue Oct 15 09:05:06 2024
    Info: Elapsed time: 00:00:00
    Info: Total CPU time (on all processors): 00:00:00


