Analysis & Synthesis report for Datapath_pipelining
Tue Dec 03 10:03:33 2024
Quartus II 64-Bit Version 13.0.1 Build 232 06/12/2013 Service Pack 1 SJ Web Edition


---------------------
; Table of Contents ;
---------------------
  1. Legal Notice
  2. Analysis & Synthesis Summary
  3. Analysis & Synthesis Settings
  4. Parallel Compilation
  5. Analysis & Synthesis Source Files Read
  6. Analysis & Synthesis Resource Usage Summary
  7. Analysis & Synthesis Resource Utilization by Entity
  8. User-Specified and Inferred Latches
  9. Registers Removed During Synthesis
 10. General Register Statistics
 11. Multiplexer Restructuring Statistics (Restructuring Performed)
 12. Parameter Settings for User Entity Instance: Datapath2:inst12|AddSubMax:inst8|BUSMUX:inst12
 13. Parameter Settings for User Entity Instance: Datapath2:inst12|AddSubMax:inst8|BUSMUX:inst14
 14. Parameter Settings for User Entity Instance: Datapath2:inst12|AbsMinMax:inst2|BUSMUX:inst10
 15. Parameter Settings for User Entity Instance: Datapath2:inst12|AbsMinMax:inst2|BUSMUX:inst14
 16. Parameter Settings for User Entity Instance: Datapath2:inst12|AbsMinMax:inst2|BUSMUX:inst12
 17. Elapsed Time Per Partition
 18. Analysis & Synthesis Messages



----------------
; Legal Notice ;
----------------
Copyright (C) 1991-2013 Altera Corporation
Your use of Altera Corporation's design tools, logic functions 
and other software and tools, and its AMPP partner logic 
functions, and any output files from any of the foregoing 
(including device programming or simulation files), and any 
associated documentation or information are expressly subject 
to the terms and conditions of the Altera Program License 
Subscription Agreement, Altera MegaCore Function License 
Agreement, or other applicable license agreement, including, 
without limitation, that your use is for the sole purpose of 
programming logic devices manufactured by Altera and sold by 
Altera or its authorized distributors.  Please refer to the 
applicable agreement for further details.



+--------------------------------------------------------------------------------------+
; Analysis & Synthesis Summary                                                         ;
+------------------------------------+-------------------------------------------------+
; Analysis & Synthesis Status        ; Successful - Tue Dec 03 10:03:33 2024           ;
; Quartus II 64-Bit Version          ; 13.0.1 Build 232 06/12/2013 SP 1 SJ Web Edition ;
; Revision Name                      ; Datapath_pipelining                             ;
; Top-level Entity Name              ; final2                                          ;
; Family                             ; Cyclone II                                      ;
; Total logic elements               ; 123                                             ;
;     Total combinational functions  ; 108                                             ;
;     Dedicated logic registers      ; 43                                              ;
; Total registers                    ; 43                                              ;
; Total pins                         ; 28                                              ;
; Total virtual pins                 ; 0                                               ;
; Total memory bits                  ; 0                                               ;
; Embedded Multiplier 9-bit elements ; 0                                               ;
; Total PLLs                         ; 0                                               ;
+------------------------------------+-------------------------------------------------+


+-----------------------------------------------------------------------------------------------------------------------+
; Analysis & Synthesis Settings                                                                                         ;
+----------------------------------------------------------------------------+--------------------+---------------------+
; Option                                                                     ; Setting            ; Default Value       ;
+----------------------------------------------------------------------------+--------------------+---------------------+
; Device                                                                     ; EP2C35F672C6       ;                     ;
; Top-level entity name                                                      ; final2             ; Datapath_pipelining ;
; Family name                                                                ; Cyclone II         ; Cyclone IV GX       ;
; Use smart compilation                                                      ; Off                ; Off                 ;
; Enable parallel Assembler and TimeQuest Timing Analyzer during compilation ; On                 ; On                  ;
; Enable compact report table                                                ; Off                ; Off                 ;
; Restructure Multiplexers                                                   ; Auto               ; Auto                ;
; Create Debugging Nodes for IP Cores                                        ; Off                ; Off                 ;
; Preserve fewer node names                                                  ; On                 ; On                  ;
; Disable OpenCore Plus hardware evaluation                                  ; Off                ; Off                 ;
; Verilog Version                                                            ; Verilog_2001       ; Verilog_2001        ;
; VHDL Version                                                               ; VHDL_1993          ; VHDL_1993           ;
; State Machine Processing                                                   ; Auto               ; Auto                ;
; Safe State Machine                                                         ; Off                ; Off                 ;
; Extract Verilog State Machines                                             ; On                 ; On                  ;
; Extract VHDL State Machines                                                ; On                 ; On                  ;
; Ignore Verilog initial constructs                                          ; Off                ; Off                 ;
; Iteration limit for constant Verilog loops                                 ; 5000               ; 5000                ;
; Iteration limit for non-constant Verilog loops                             ; 250                ; 250                 ;
; Add Pass-Through Logic to Inferred RAMs                                    ; On                 ; On                  ;
; Infer RAMs from Raw Logic                                                  ; On                 ; On                  ;
; Parallel Synthesis                                                         ; On                 ; On                  ;
; DSP Block Balancing                                                        ; Auto               ; Auto                ;
; NOT Gate Push-Back                                                         ; On                 ; On                  ;
; Power-Up Don't Care                                                        ; On                 ; On                  ;
; Remove Redundant Logic Cells                                               ; Off                ; Off                 ;
; Remove Duplicate Registers                                                 ; On                 ; On                  ;
; Ignore CARRY Buffers                                                       ; Off                ; Off                 ;
; Ignore CASCADE Buffers                                                     ; Off                ; Off                 ;
; Ignore GLOBAL Buffers                                                      ; Off                ; Off                 ;
; Ignore ROW GLOBAL Buffers                                                  ; Off                ; Off                 ;
; Ignore LCELL Buffers                                                       ; Off                ; Off                 ;
; Ignore SOFT Buffers                                                        ; On                 ; On                  ;
; Limit AHDL Integers to 32 Bits                                             ; Off                ; Off                 ;
; Optimization Technique                                                     ; Balanced           ; Balanced            ;
; Carry Chain Length                                                         ; 70                 ; 70                  ;
; Auto Carry Chains                                                          ; On                 ; On                  ;
; Auto Open-Drain Pins                                                       ; On                 ; On                  ;
; Perform WYSIWYG Primitive Resynthesis                                      ; Off                ; Off                 ;
; Auto ROM Replacement                                                       ; On                 ; On                  ;
; Auto RAM Replacement                                                       ; On                 ; On                  ;
; Auto Shift Register Replacement                                            ; Auto               ; Auto                ;
; Allow Shift Register Merging across Hierarchies                            ; Auto               ; Auto                ;
; Auto Clock Enable Replacement                                              ; On                 ; On                  ;
; Strict RAM Replacement                                                     ; Off                ; Off                 ;
; Allow Synchronous Control Signals                                          ; On                 ; On                  ;
; Force Use of Synchronous Clear Signals                                     ; Off                ; Off                 ;
; Auto RAM to Logic Cell Conversion                                          ; Off                ; Off                 ;
; Auto Resource Sharing                                                      ; Off                ; Off                 ;
; Allow Any RAM Size For Recognition                                         ; Off                ; Off                 ;
; Allow Any ROM Size For Recognition                                         ; Off                ; Off                 ;
; Allow Any Shift Register Size For Recognition                              ; Off                ; Off                 ;
; Use LogicLock Constraints during Resource Balancing                        ; On                 ; On                  ;
; Ignore translate_off and synthesis_off directives                          ; Off                ; Off                 ;
; Timing-Driven Synthesis                                                    ; Off                ; Off                 ;
; Report Parameter Settings                                                  ; On                 ; On                  ;
; Report Source Assignments                                                  ; On                 ; On                  ;
; Report Connectivity Checks                                                 ; On                 ; On                  ;
; Ignore Maximum Fan-Out Assignments                                         ; Off                ; Off                 ;
; Synchronization Register Chain Length                                      ; 2                  ; 2                   ;
; PowerPlay Power Optimization                                               ; Normal compilation ; Normal compilation  ;
; HDL message level                                                          ; Level2             ; Level2              ;
; Suppress Register Optimization Related Messages                            ; Off                ; Off                 ;
; Number of Removed Registers Reported in Synthesis Report                   ; 5000               ; 5000                ;
; Number of Swept Nodes Reported in Synthesis Report                         ; 5000               ; 5000                ;
; Number of Inverted Registers Reported in Synthesis Report                  ; 100                ; 100                 ;
; Clock MUX Protection                                                       ; On                 ; On                  ;
; Auto Gated Clock Conversion                                                ; Off                ; Off                 ;
; Block Design Naming                                                        ; Auto               ; Auto                ;
; SDC constraint protection                                                  ; Off                ; Off                 ;
; Synthesis Effort                                                           ; Auto               ; Auto                ;
; Shift Register Replacement - Allow Asynchronous Clear Signal               ; On                 ; On                  ;
; Pre-Mapping Resynthesis Optimization                                       ; Off                ; Off                 ;
; Analysis & Synthesis Message Level                                         ; Medium             ; Medium              ;
; Disable Register Merging Across Hierarchies                                ; Auto               ; Auto                ;
; Resource Aware Inference For Block RAM                                     ; On                 ; On                  ;
; Synthesis Seed                                                             ; 1                  ; 1                   ;
+----------------------------------------------------------------------------+--------------------+---------------------+


Parallel compilation was disabled, but you have multiple processors available. Enable parallel compilation to reduce compilation time.
+-------------------------------------+
; Parallel Compilation                ;
+----------------------------+--------+
; Processors                 ; Number ;
+----------------------------+--------+
; Number detected on machine ; 16     ;
; Maximum allowed            ; 1      ;
+----------------------------+--------+


+------------------------------------------------------------------------------------------------------------------------------------------------------------------------------------+
; Analysis & Synthesis Source Files Read                                                                                                                                             ;
+----------------------------------+-----------------+------------------------------------+--------------------------------------------------------------------------------+---------+
; File Name with User-Entered Path ; Used in Netlist ; File Type                          ; File Name with Absolute Path                                                   ; Library ;
+----------------------------------+-----------------+------------------------------------+--------------------------------------------------------------------------------+---------+
; 1BitRightShift.bdf               ; yes             ; User Block Diagram/Schematic File  ; D:/Documents/HK5/Thiet_Ke_Luan_Ly_So/Final_do_an/Pipeline/1BitRightShift.bdf   ;         ;
; 3BitRightShift.bdf               ; yes             ; User Block Diagram/Schematic File  ; D:/Documents/HK5/Thiet_Ke_Luan_Ly_So/Final_do_an/Pipeline/3BitRightShift.bdf   ;         ;
; Adder8bit.bdf                    ; yes             ; User Block Diagram/Schematic File  ; D:/Documents/HK5/Thiet_Ke_Luan_Ly_So/Final_do_an/Pipeline/Adder8bit.bdf        ;         ;
; FullAdder.bdf                    ; yes             ; User Block Diagram/Schematic File  ; D:/Documents/HK5/Thiet_Ke_Luan_Ly_So/Final_do_an/Pipeline/FullAdder.bdf        ;         ;
; RFC.bdf                          ; yes             ; User Block Diagram/Schematic File  ; D:/Documents/HK5/Thiet_Ke_Luan_Ly_So/Final_do_an/Pipeline/RFC.bdf              ;         ;
; Register1x8.bdf                  ; yes             ; User Block Diagram/Schematic File  ; D:/Documents/HK5/Thiet_Ke_Luan_Ly_So/Final_do_an/Pipeline/Register1x8.bdf      ;         ;
; AbsMinMax.bdf                    ; yes             ; User Block Diagram/Schematic File  ; D:/Documents/HK5/Thiet_Ke_Luan_Ly_So/Final_do_an/Pipeline/AbsMinMax.bdf        ;         ;
; AddSubMax.bdf                    ; yes             ; User Block Diagram/Schematic File  ; D:/Documents/HK5/Thiet_Ke_Luan_Ly_So/Final_do_an/Pipeline/AddSubMax.bdf        ;         ;
; NEW_NEXTSTATE.bdf                ; yes             ; User Block Diagram/Schematic File  ; D:/Documents/HK5/Thiet_Ke_Luan_Ly_So/Final_do_an/Pipeline/NEW_NEXTSTATE.bdf    ;         ;
; NEW_CURRENTSTATE.bdf             ; yes             ; User Block Diagram/Schematic File  ; D:/Documents/HK5/Thiet_Ke_Luan_Ly_So/Final_do_an/Pipeline/NEW_CURRENTSTATE.bdf ;         ;
; Datapath2.bdf                    ; yes             ; User Block Diagram/Schematic File  ; D:/Documents/HK5/Thiet_Ke_Luan_Ly_So/Final_do_an/Pipeline/Datapath2.bdf        ;         ;
; controller2.bdf                  ; yes             ; User Block Diagram/Schematic File  ; D:/Documents/HK5/Thiet_Ke_Luan_Ly_So/Final_do_an/Pipeline/controller2.bdf      ;         ;
; final2.bdf                       ; yes             ; User Block Diagram/Schematic File  ; D:/Documents/HK5/Thiet_Ke_Luan_Ly_So/Final_do_an/Pipeline/final2.bdf           ;         ;
; PL_Final2.bdf                    ; yes             ; User Block Diagram/Schematic File  ; D:/Documents/HK5/Thiet_Ke_Luan_Ly_So/Final_do_an/Pipeline/PL_Final2.bdf        ;         ;
; OUTPUT_BLOCK.bdf                 ; yes             ; User Block Diagram/Schematic File  ; D:/Documents/HK5/Thiet_Ke_Luan_Ly_So/Final_do_an/Pipeline/OUTPUT_BLOCK.bdf     ;         ;
; busmux.tdf                       ; yes             ; Megafunction                       ; c:/altera/13.0sp1/quartus/libraries/megafunctions/busmux.tdf                   ;         ;
; lpm_mux.inc                      ; yes             ; Megafunction                       ; c:/altera/13.0sp1/quartus/libraries/megafunctions/lpm_mux.inc                  ;         ;
; lpm_mux.tdf                      ; yes             ; Megafunction                       ; c:/altera/13.0sp1/quartus/libraries/megafunctions/lpm_mux.tdf                  ;         ;
; aglobal130.inc                   ; yes             ; Megafunction                       ; c:/altera/13.0sp1/quartus/libraries/megafunctions/aglobal130.inc               ;         ;
; muxlut.inc                       ; yes             ; Megafunction                       ; c:/altera/13.0sp1/quartus/libraries/megafunctions/muxlut.inc                   ;         ;
; bypassff.inc                     ; yes             ; Megafunction                       ; c:/altera/13.0sp1/quartus/libraries/megafunctions/bypassff.inc                 ;         ;
; altshift.inc                     ; yes             ; Megafunction                       ; c:/altera/13.0sp1/quartus/libraries/megafunctions/altshift.inc                 ;         ;
; db/mux_smc.tdf                   ; yes             ; Auto-Generated Megafunction        ; D:/Documents/HK5/Thiet_Ke_Luan_Ly_So/Final_do_an/Pipeline/db/mux_smc.tdf       ;         ;
+----------------------------------+-----------------+------------------------------------+--------------------------------------------------------------------------------+---------+


+-----------------------------------------------------+
; Analysis & Synthesis Resource Usage Summary         ;
+---------------------------------------------+-------+
; Resource                                    ; Usage ;
+---------------------------------------------+-------+
; Estimated Total logic elements              ; 123   ;
;                                             ;       ;
; Total combinational functions               ; 108   ;
; Logic element usage by number of LUT inputs ;       ;
;     -- 4 input functions                    ; 72    ;
;     -- 3 input functions                    ; 29    ;
;     -- <=2 input functions                  ; 7     ;
;                                             ;       ;
; Logic elements by mode                      ;       ;
;     -- normal mode                          ; 108   ;
;     -- arithmetic mode                      ; 0     ;
;                                             ;       ;
; Total registers                             ; 43    ;
;     -- Dedicated logic registers            ; 43    ;
;     -- I/O registers                        ; 0     ;
;                                             ;       ;
; I/O pins                                    ; 28    ;
; Embedded Multiplier 9-bit elements          ; 0     ;
; Maximum fan-out node                        ; CLK   ;
; Maximum fan-out                             ; 43    ;
; Total fan-out                               ; 551   ;
; Average fan-out                             ; 3.08  ;
+---------------------------------------------+-------+


+-------------------------------------------------------------------------------------------------------------------------------------------------------------------------------------------------------------------------------------------------------------------+
; Analysis & Synthesis Resource Utilization by Entity                                                                                                                                                                                                               ;
+-----------------------------------------+-------------------+--------------+-------------+--------------+---------+-----------+------+--------------+----------------------------------------------------------------------------------------------+--------------+
; Compilation Hierarchy Node              ; LC Combinationals ; LC Registers ; Memory Bits ; DSP Elements ; DSP 9x9 ; DSP 18x18 ; Pins ; Virtual Pins ; Full Hierarchy Name                                                                          ; Library Name ;
+-----------------------------------------+-------------------+--------------+-------------+--------------+---------+-----------+------+--------------+----------------------------------------------------------------------------------------------+--------------+
; |final2                                 ; 108 (0)           ; 43 (0)       ; 0           ; 0            ; 0       ; 0         ; 28   ; 0            ; |final2                                                                                      ; work         ;
;    |Datapath2:inst12|                   ; 92 (22)           ; 39 (0)       ; 0           ; 0            ; 0       ; 0         ; 0    ; 0            ; |final2|Datapath2:inst12                                                                     ; work         ;
;       |AbsMinMax:inst2|                 ; 26 (2)            ; 0 (0)        ; 0           ; 0            ; 0       ; 0         ; 0    ; 0            ; |final2|Datapath2:inst12|AbsMinMax:inst2                                                     ; work         ;
;          |Adder8bit:inst|               ; 12 (0)            ; 0 (0)        ; 0           ; 0            ; 0       ; 0         ; 0    ; 0            ; |final2|Datapath2:inst12|AbsMinMax:inst2|Adder8bit:inst                                      ; work         ;
;             |FullAdder:inst1|           ; 1 (1)             ; 0 (0)        ; 0           ; 0            ; 0       ; 0         ; 0    ; 0            ; |final2|Datapath2:inst12|AbsMinMax:inst2|Adder8bit:inst|FullAdder:inst1                      ; work         ;
;             |FullAdder:inst2|           ; 1 (1)             ; 0 (0)        ; 0           ; 0            ; 0       ; 0         ; 0    ; 0            ; |final2|Datapath2:inst12|AbsMinMax:inst2|Adder8bit:inst|FullAdder:inst2                      ; work         ;
;             |FullAdder:inst3|           ; 1 (1)             ; 0 (0)        ; 0           ; 0            ; 0       ; 0         ; 0    ; 0            ; |final2|Datapath2:inst12|AbsMinMax:inst2|Adder8bit:inst|FullAdder:inst3                      ; work         ;
;             |FullAdder:inst4|           ; 1 (1)             ; 0 (0)        ; 0           ; 0            ; 0       ; 0         ; 0    ; 0            ; |final2|Datapath2:inst12|AbsMinMax:inst2|Adder8bit:inst|FullAdder:inst4                      ; work         ;
;             |FullAdder:inst6|           ; 3 (3)             ; 0 (0)        ; 0           ; 0            ; 0       ; 0         ; 0    ; 0            ; |final2|Datapath2:inst12|AbsMinMax:inst2|Adder8bit:inst|FullAdder:inst6                      ; work         ;
;             |FullAdder:inst7|           ; 2 (2)             ; 0 (0)        ; 0           ; 0            ; 0       ; 0         ; 0    ; 0            ; |final2|Datapath2:inst12|AbsMinMax:inst2|Adder8bit:inst|FullAdder:inst7                      ; work         ;
;             |FullAdder:inst8|           ; 1 (1)             ; 0 (0)        ; 0           ; 0            ; 0       ; 0         ; 0    ; 0            ; |final2|Datapath2:inst12|AbsMinMax:inst2|Adder8bit:inst|FullAdder:inst8                      ; work         ;
;             |FullAdder:inst|            ; 2 (2)             ; 0 (0)        ; 0           ; 0            ; 0       ; 0         ; 0    ; 0            ; |final2|Datapath2:inst12|AbsMinMax:inst2|Adder8bit:inst|FullAdder:inst                       ; work         ;
;          |busmux:inst10|                ; 12 (0)            ; 0 (0)        ; 0           ; 0            ; 0       ; 0         ; 0    ; 0            ; |final2|Datapath2:inst12|AbsMinMax:inst2|busmux:inst10                                       ; work         ;
;             |lpm_mux:$00000|            ; 12 (0)            ; 0 (0)        ; 0           ; 0            ; 0       ; 0         ; 0    ; 0            ; |final2|Datapath2:inst12|AbsMinMax:inst2|busmux:inst10|lpm_mux:$00000                        ; work         ;
;                |mux_smc:auto_generated| ; 12 (12)           ; 0 (0)        ; 0           ; 0            ; 0       ; 0         ; 0    ; 0            ; |final2|Datapath2:inst12|AbsMinMax:inst2|busmux:inst10|lpm_mux:$00000|mux_smc:auto_generated ; work         ;
;       |AddSubMax:inst8|                 ; 15 (1)            ; 0 (0)        ; 0           ; 0            ; 0       ; 0         ; 0    ; 0            ; |final2|Datapath2:inst12|AddSubMax:inst8                                                     ; work         ;
;          |Adder8bit:inst|               ; 14 (0)            ; 0 (0)        ; 0           ; 0            ; 0       ; 0         ; 0    ; 0            ; |final2|Datapath2:inst12|AddSubMax:inst8|Adder8bit:inst                                      ; work         ;
;             |FullAdder:inst1|           ; 2 (2)             ; 0 (0)        ; 0           ; 0            ; 0       ; 0         ; 0    ; 0            ; |final2|Datapath2:inst12|AddSubMax:inst8|Adder8bit:inst|FullAdder:inst1                      ; work         ;
;             |FullAdder:inst2|           ; 2 (2)             ; 0 (0)        ; 0           ; 0            ; 0       ; 0         ; 0    ; 0            ; |final2|Datapath2:inst12|AddSubMax:inst8|Adder8bit:inst|FullAdder:inst2                      ; work         ;
;             |FullAdder:inst3|           ; 2 (2)             ; 0 (0)        ; 0           ; 0            ; 0       ; 0         ; 0    ; 0            ; |final2|Datapath2:inst12|AddSubMax:inst8|Adder8bit:inst|FullAdder:inst3                      ; work         ;
;             |FullAdder:inst4|           ; 1 (1)             ; 0 (0)        ; 0           ; 0            ; 0       ; 0         ; 0    ; 0            ; |final2|Datapath2:inst12|AddSubMax:inst8|Adder8bit:inst|FullAdder:inst4                      ; work         ;
;             |FullAdder:inst6|           ; 2 (2)             ; 0 (0)        ; 0           ; 0            ; 0       ; 0         ; 0    ; 0            ; |final2|Datapath2:inst12|AddSubMax:inst8|Adder8bit:inst|FullAdder:inst6                      ; work         ;
;             |FullAdder:inst7|           ; 2 (2)             ; 0 (0)        ; 0           ; 0            ; 0       ; 0         ; 0    ; 0            ; |final2|Datapath2:inst12|AddSubMax:inst8|Adder8bit:inst|FullAdder:inst7                      ; work         ;
;             |FullAdder:inst8|           ; 2 (2)             ; 0 (0)        ; 0           ; 0            ; 0       ; 0         ; 0    ; 0            ; |final2|Datapath2:inst12|AddSubMax:inst8|Adder8bit:inst|FullAdder:inst8                      ; work         ;
;             |FullAdder:inst|            ; 1 (1)             ; 0 (0)        ; 0           ; 0            ; 0       ; 0         ; 0    ; 0            ; |final2|Datapath2:inst12|AddSubMax:inst8|Adder8bit:inst|FullAdder:inst                       ; work         ;
;       |Register1x8:inst23|              ; 8 (0)             ; 8 (0)        ; 0           ; 0            ; 0       ; 0         ; 0    ; 0            ; |final2|Datapath2:inst12|Register1x8:inst23                                                  ; work         ;
;          |RFC:inst10|                   ; 1 (1)             ; 1 (1)        ; 0           ; 0            ; 0       ; 0         ; 0    ; 0            ; |final2|Datapath2:inst12|Register1x8:inst23|RFC:inst10                                       ; work         ;
;          |RFC:inst11|                   ; 1 (1)             ; 1 (1)        ; 0           ; 0            ; 0       ; 0         ; 0    ; 0            ; |final2|Datapath2:inst12|Register1x8:inst23|RFC:inst11                                       ; work         ;
;          |RFC:inst12|                   ; 1 (1)             ; 1 (1)        ; 0           ; 0            ; 0       ; 0         ; 0    ; 0            ; |final2|Datapath2:inst12|Register1x8:inst23|RFC:inst12                                       ; work         ;
;          |RFC:inst3|                    ; 1 (1)             ; 1 (1)        ; 0           ; 0            ; 0       ; 0         ; 0    ; 0            ; |final2|Datapath2:inst12|Register1x8:inst23|RFC:inst3                                        ; work         ;
;          |RFC:inst4|                    ; 1 (1)             ; 1 (1)        ; 0           ; 0            ; 0       ; 0         ; 0    ; 0            ; |final2|Datapath2:inst12|Register1x8:inst23|RFC:inst4                                        ; work         ;
;          |RFC:inst7|                    ; 1 (1)             ; 1 (1)        ; 0           ; 0            ; 0       ; 0         ; 0    ; 0            ; |final2|Datapath2:inst12|Register1x8:inst23|RFC:inst7                                        ; work         ;
;          |RFC:inst8|                    ; 1 (1)             ; 1 (1)        ; 0           ; 0            ; 0       ; 0         ; 0    ; 0            ; |final2|Datapath2:inst12|Register1x8:inst23|RFC:inst8                                        ; work         ;
;          |RFC:inst9|                    ; 1 (1)             ; 1 (1)        ; 0           ; 0            ; 0       ; 0         ; 0    ; 0            ; |final2|Datapath2:inst12|Register1x8:inst23|RFC:inst9                                        ; work         ;
;       |Register1x8:inst24|              ; 13 (0)            ; 8 (0)        ; 0           ; 0            ; 0       ; 0         ; 0    ; 0            ; |final2|Datapath2:inst12|Register1x8:inst24                                                  ; work         ;
;          |RFC:inst10|                   ; 2 (2)             ; 1 (1)        ; 0           ; 0            ; 0       ; 0         ; 0    ; 0            ; |final2|Datapath2:inst12|Register1x8:inst24|RFC:inst10                                       ; work         ;
;          |RFC:inst11|                   ; 2 (2)             ; 1 (1)        ; 0           ; 0            ; 0       ; 0         ; 0    ; 0            ; |final2|Datapath2:inst12|Register1x8:inst24|RFC:inst11                                       ; work         ;
;          |RFC:inst12|                   ; 2 (2)             ; 1 (1)        ; 0           ; 0            ; 0       ; 0         ; 0    ; 0            ; |final2|Datapath2:inst12|Register1x8:inst24|RFC:inst12                                       ; work         ;
;          |RFC:inst3|                    ; 0 (0)             ; 1 (1)        ; 0           ; 0            ; 0       ; 0         ; 0    ; 0            ; |final2|Datapath2:inst12|Register1x8:inst24|RFC:inst3                                        ; work         ;
;          |RFC:inst4|                    ; 0 (0)             ; 1 (1)        ; 0           ; 0            ; 0       ; 0         ; 0    ; 0            ; |final2|Datapath2:inst12|Register1x8:inst24|RFC:inst4                                        ; work         ;
;          |RFC:inst7|                    ; 0 (0)             ; 1 (1)        ; 0           ; 0            ; 0       ; 0         ; 0    ; 0            ; |final2|Datapath2:inst12|Register1x8:inst24|RFC:inst7                                        ; work         ;
;          |RFC:inst8|                    ; 5 (5)             ; 1 (1)        ; 0           ; 0            ; 0       ; 0         ; 0    ; 0            ; |final2|Datapath2:inst12|Register1x8:inst24|RFC:inst8                                        ; work         ;
;          |RFC:inst9|                    ; 2 (2)             ; 1 (1)        ; 0           ; 0            ; 0       ; 0         ; 0    ; 0            ; |final2|Datapath2:inst12|Register1x8:inst24|RFC:inst9                                        ; work         ;
;       |Register1x8:inst6|               ; 0 (0)             ; 8 (0)        ; 0           ; 0            ; 0       ; 0         ; 0    ; 0            ; |final2|Datapath2:inst12|Register1x8:inst6                                                   ; work         ;
;          |RFC:inst10|                   ; 0 (0)             ; 1 (1)        ; 0           ; 0            ; 0       ; 0         ; 0    ; 0            ; |final2|Datapath2:inst12|Register1x8:inst6|RFC:inst10                                        ; work         ;
;          |RFC:inst11|                   ; 0 (0)             ; 1 (1)        ; 0           ; 0            ; 0       ; 0         ; 0    ; 0            ; |final2|Datapath2:inst12|Register1x8:inst6|RFC:inst11                                        ; work         ;
;          |RFC:inst12|                   ; 0 (0)             ; 1 (1)        ; 0           ; 0            ; 0       ; 0         ; 0    ; 0            ; |final2|Datapath2:inst12|Register1x8:inst6|RFC:inst12                                        ; work         ;
;          |RFC:inst3|                    ; 0 (0)             ; 1 (1)        ; 0           ; 0            ; 0       ; 0         ; 0    ; 0            ; |final2|Datapath2:inst12|Register1x8:inst6|RFC:inst3                                         ; work         ;
;          |RFC:inst4|                    ; 0 (0)             ; 1 (1)        ; 0           ; 0            ; 0       ; 0         ; 0    ; 0            ; |final2|Datapath2:inst12|Register1x8:inst6|RFC:inst4                                         ; work         ;
;          |RFC:inst7|                    ; 0 (0)             ; 1 (1)        ; 0           ; 0            ; 0       ; 0         ; 0    ; 0            ; |final2|Datapath2:inst12|Register1x8:inst6|RFC:inst7                                         ; work         ;
;          |RFC:inst8|                    ; 0 (0)             ; 1 (1)        ; 0           ; 0            ; 0       ; 0         ; 0    ; 0            ; |final2|Datapath2:inst12|Register1x8:inst6|RFC:inst8                                         ; work         ;
;          |RFC:inst9|                    ; 0 (0)             ; 1 (1)        ; 0           ; 0            ; 0       ; 0         ; 0    ; 0            ; |final2|Datapath2:inst12|Register1x8:inst6|RFC:inst9                                         ; work         ;
;       |Register1x8:inst7|               ; 0 (0)             ; 7 (0)        ; 0           ; 0            ; 0       ; 0         ; 0    ; 0            ; |final2|Datapath2:inst12|Register1x8:inst7                                                   ; work         ;
;          |RFC:inst10|                   ; 0 (0)             ; 1 (1)        ; 0           ; 0            ; 0       ; 0         ; 0    ; 0            ; |final2|Datapath2:inst12|Register1x8:inst7|RFC:inst10                                        ; work         ;
;          |RFC:inst11|                   ; 0 (0)             ; 1 (1)        ; 0           ; 0            ; 0       ; 0         ; 0    ; 0            ; |final2|Datapath2:inst12|Register1x8:inst7|RFC:inst11                                        ; work         ;
;          |RFC:inst12|                   ; 0 (0)             ; 1 (1)        ; 0           ; 0            ; 0       ; 0         ; 0    ; 0            ; |final2|Datapath2:inst12|Register1x8:inst7|RFC:inst12                                        ; work         ;
;          |RFC:inst4|                    ; 0 (0)             ; 1 (1)        ; 0           ; 0            ; 0       ; 0         ; 0    ; 0            ; |final2|Datapath2:inst12|Register1x8:inst7|RFC:inst4                                         ; work         ;
;          |RFC:inst7|                    ; 0 (0)             ; 1 (1)        ; 0           ; 0            ; 0       ; 0         ; 0    ; 0            ; |final2|Datapath2:inst12|Register1x8:inst7|RFC:inst7                                         ; work         ;
;          |RFC:inst8|                    ; 0 (0)             ; 1 (1)        ; 0           ; 0            ; 0       ; 0         ; 0    ; 0            ; |final2|Datapath2:inst12|Register1x8:inst7|RFC:inst8                                         ; work         ;
;          |RFC:inst9|                    ; 0 (0)             ; 1 (1)        ; 0           ; 0            ; 0       ; 0         ; 0    ; 0            ; |final2|Datapath2:inst12|Register1x8:inst7|RFC:inst9                                         ; work         ;
;       |Register1x8:inst|                ; 8 (0)             ; 8 (0)        ; 0           ; 0            ; 0       ; 0         ; 0    ; 0            ; |final2|Datapath2:inst12|Register1x8:inst                                                    ; work         ;
;          |RFC:inst10|                   ; 1 (1)             ; 1 (1)        ; 0           ; 0            ; 0       ; 0         ; 0    ; 0            ; |final2|Datapath2:inst12|Register1x8:inst|RFC:inst10                                         ; work         ;
;          |RFC:inst11|                   ; 1 (1)             ; 1 (1)        ; 0           ; 0            ; 0       ; 0         ; 0    ; 0            ; |final2|Datapath2:inst12|Register1x8:inst|RFC:inst11                                         ; work         ;
;          |RFC:inst12|                   ; 1 (1)             ; 1 (1)        ; 0           ; 0            ; 0       ; 0         ; 0    ; 0            ; |final2|Datapath2:inst12|Register1x8:inst|RFC:inst12                                         ; work         ;
;          |RFC:inst3|                    ; 1 (1)             ; 1 (1)        ; 0           ; 0            ; 0       ; 0         ; 0    ; 0            ; |final2|Datapath2:inst12|Register1x8:inst|RFC:inst3                                          ; work         ;
;          |RFC:inst4|                    ; 1 (1)             ; 1 (1)        ; 0           ; 0            ; 0       ; 0         ; 0    ; 0            ; |final2|Datapath2:inst12|Register1x8:inst|RFC:inst4                                          ; work         ;
;          |RFC:inst7|                    ; 1 (1)             ; 1 (1)        ; 0           ; 0            ; 0       ; 0         ; 0    ; 0            ; |final2|Datapath2:inst12|Register1x8:inst|RFC:inst7                                          ; work         ;
;          |RFC:inst8|                    ; 1 (1)             ; 1 (1)        ; 0           ; 0            ; 0       ; 0         ; 0    ; 0            ; |final2|Datapath2:inst12|Register1x8:inst|RFC:inst8                                          ; work         ;
;          |RFC:inst9|                    ; 1 (1)             ; 1 (1)        ; 0           ; 0            ; 0       ; 0         ; 0    ; 0            ; |final2|Datapath2:inst12|Register1x8:inst|RFC:inst9                                          ; work         ;
;    |PL_Final2:inst|                     ; 16 (0)            ; 4 (0)        ; 0           ; 0            ; 0       ; 0         ; 0    ; 0            ; |final2|PL_Final2:inst                                                                       ; work         ;
;       |NEW_CURRENTSTATE:inst1|          ; 0 (0)             ; 3 (3)        ; 0           ; 0            ; 0       ; 0         ; 0    ; 0            ; |final2|PL_Final2:inst|NEW_CURRENTSTATE:inst1                                                ; work         ;
;       |NEW_NEXTSTATE:inst2|             ; 2 (2)             ; 0 (0)        ; 0           ; 0            ; 0       ; 0         ; 0    ; 0            ; |final2|PL_Final2:inst|NEW_NEXTSTATE:inst2                                                   ; work         ;
;       |OUTPUT_BLOCK:inst|               ; 14 (13)           ; 1 (1)        ; 0           ; 0            ; 0       ; 0         ; 0    ; 0            ; |final2|PL_Final2:inst|OUTPUT_BLOCK:inst                                                     ; work         ;
;          |controller2:inst|             ; 1 (1)             ; 0 (0)        ; 0           ; 0            ; 0       ; 0         ; 0    ; 0            ; |final2|PL_Final2:inst|OUTPUT_BLOCK:inst|controller2:inst                                    ; work         ;
+-----------------------------------------+-------------------+--------------+-------------+--------------+---------+-----------+------+--------------+----------------------------------------------------------------------------------------------+--------------+
Note: For table entries with two numbers listed, the numbers in parentheses indicate the number of resources of the given type used by the specific entity alone. The numbers listed outside of parentheses indicate the total resources of the given type used by the specific entity and all of its sub-entities in the hierarchy.


+---------------------------------------------------------------------------------------------------+
; User-Specified and Inferred Latches                                                               ;
+----------------------------------------------------+---------------------+------------------------+
; Latch Name                                         ; Latch Enable Signal ; Free of Timing Hazards ;
+----------------------------------------------------+---------------------+------------------------+
; PL_Final2:inst|OUTPUT_BLOCK:inst|inst3             ; START               ; yes                    ;
; Number of user-specified and inferred latches = 1  ;                     ;                        ;
+----------------------------------------------------+---------------------+------------------------+
Note: All latches listed above may not be present at the end of synthesis due to various synthesis optimizations.


+--------------------------------------------------------------------------------------------+
; Registers Removed During Synthesis                                                         ;
+---------------------------------------------------+----------------------------------------+
; Register name                                     ; Reason for Removal                     ;
+---------------------------------------------------+----------------------------------------+
; Datapath2:inst12|Register1x8:inst7|RFC:inst3|inst ; Stuck at GND due to stuck port data_in ;
; Total Number of Removed Registers = 1             ;                                        ;
+---------------------------------------------------+----------------------------------------+


+------------------------------------------------------+
; General Register Statistics                          ;
+----------------------------------------------+-------+
; Statistic                                    ; Value ;
+----------------------------------------------+-------+
; Total registers                              ; 43    ;
; Number of registers using Synchronous Clear  ; 0     ;
; Number of registers using Synchronous Load   ; 8     ;
; Number of registers using Asynchronous Clear ; 4     ;
; Number of registers using Asynchronous Load  ; 0     ;
; Number of registers using Clock Enable       ; 39    ;
; Number of registers using Preset             ; 0     ;
+----------------------------------------------+-------+


+---------------------------------------------------------------------------------------------------------------------------------------------------------------------------------------------------------------------------+
; Multiplexer Restructuring Statistics (Restructuring Performed)                                                                                                                                                            ;
+--------------------+-----------+---------------+----------------------+------------------------+------------+-------------------------------------------------------------------------------------------------------------+
; Multiplexer Inputs ; Bus Width ; Baseline Area ; Area if Restructured ; Saving if Restructured ; Registered ; Example Multiplexer Output                                                                                  ;
+--------------------+-----------+---------------+----------------------+------------------------+------------+-------------------------------------------------------------------------------------------------------------+
; 3:1                ; 8 bits    ; 16 LEs        ; 16 LEs               ; 0 LEs                  ; Yes        ; |final2|Datapath2:inst12|Register1x8:inst23|RFC:inst3|inst                                                  ;
; 3:1                ; 8 bits    ; 16 LEs        ; 16 LEs               ; 0 LEs                  ; Yes        ; |final2|Datapath2:inst12|Register1x8:inst|RFC:inst4|inst                                                    ;
; 5:1                ; 5 bits    ; 15 LEs        ; 15 LEs               ; 0 LEs                  ; Yes        ; |final2|Datapath2:inst12|Register1x8:inst24|RFC:inst8|inst                                                  ;
; 3:1                ; 3 bits    ; 6 LEs         ; 6 LEs                ; 0 LEs                  ; No         ; |final2|Datapath2:inst12|AddSubMax:inst8|busmux:inst12|lpm_mux:$00000|mux_smc:auto_generated|result_node[6] ;
; 4:1                ; 7 bits    ; 14 LEs        ; 14 LEs               ; 0 LEs                  ; No         ; |final2|Datapath2:inst12|AbsMinMax:inst2|busmux:inst10|lpm_mux:$00000|mux_smc:auto_generated|result_node[6] ;
+--------------------+-----------+---------------+----------------------+------------------------+------------+-------------------------------------------------------------------------------------------------------------+


+---------------------------------------------------------------------------------------------+
; Parameter Settings for User Entity Instance: Datapath2:inst12|AddSubMax:inst8|BUSMUX:inst12 ;
+----------------+-------+--------------------------------------------------------------------+
; Parameter Name ; Value ; Type                                                               ;
+----------------+-------+--------------------------------------------------------------------+
; WIDTH          ; 8     ; Signed Integer                                                     ;
+----------------+-------+--------------------------------------------------------------------+
Note: In order to hide this table in the UI and the text report file, please set the "Show Parameter Settings in Synthesis Report" option in "Analysis and Synthesis Settings -> More Settings" to "Off".


+---------------------------------------------------------------------------------------------+
; Parameter Settings for User Entity Instance: Datapath2:inst12|AddSubMax:inst8|BUSMUX:inst14 ;
+----------------+-------+--------------------------------------------------------------------+
; Parameter Name ; Value ; Type                                                               ;
+----------------+-------+--------------------------------------------------------------------+
; WIDTH          ; 8     ; Signed Integer                                                     ;
+----------------+-------+--------------------------------------------------------------------+
Note: In order to hide this table in the UI and the text report file, please set the "Show Parameter Settings in Synthesis Report" option in "Analysis and Synthesis Settings -> More Settings" to "Off".


+---------------------------------------------------------------------------------------------+
; Parameter Settings for User Entity Instance: Datapath2:inst12|AbsMinMax:inst2|BUSMUX:inst10 ;
+----------------+-------+--------------------------------------------------------------------+
; Parameter Name ; Value ; Type                                                               ;
+----------------+-------+--------------------------------------------------------------------+
; WIDTH          ; 8     ; Signed Integer                                                     ;
+----------------+-------+--------------------------------------------------------------------+
Note: In order to hide this table in the UI and the text report file, please set the "Show Parameter Settings in Synthesis Report" option in "Analysis and Synthesis Settings -> More Settings" to "Off".


+---------------------------------------------------------------------------------------------+
; Parameter Settings for User Entity Instance: Datapath2:inst12|AbsMinMax:inst2|BUSMUX:inst14 ;
+----------------+-------+--------------------------------------------------------------------+
; Parameter Name ; Value ; Type                                                               ;
+----------------+-------+--------------------------------------------------------------------+
; WIDTH          ; 8     ; Signed Integer                                                     ;
+----------------+-------+--------------------------------------------------------------------+
Note: In order to hide this table in the UI and the text report file, please set the "Show Parameter Settings in Synthesis Report" option in "Analysis and Synthesis Settings -> More Settings" to "Off".


+---------------------------------------------------------------------------------------------+
; Parameter Settings for User Entity Instance: Datapath2:inst12|AbsMinMax:inst2|BUSMUX:inst12 ;
+----------------+-------+--------------------------------------------------------------------+
; Parameter Name ; Value ; Type                                                               ;
+----------------+-------+--------------------------------------------------------------------+
; WIDTH          ; 8     ; Signed Integer                                                     ;
+----------------+-------+--------------------------------------------------------------------+
Note: In order to hide this table in the UI and the text report file, please set the "Show Parameter Settings in Synthesis Report" option in "Analysis and Synthesis Settings -> More Settings" to "Off".


+-------------------------------+
; Elapsed Time Per Partition    ;
+----------------+--------------+
; Partition Name ; Elapsed Time ;
+----------------+--------------+
; Top            ; 00:00:00     ;
+----------------+--------------+


+-------------------------------+
; Analysis & Synthesis Messages ;
+-------------------------------+
Info: *******************************************************************
Info: Running Quartus II 64-Bit Analysis & Synthesis
    Info: Version 13.0.1 Build 232 06/12/2013 Service Pack 1 SJ Web Edition
    Info: Processing started: Tue Dec 03 10:03:31 2024
Info: Command: quartus_map --read_settings_files=on --write_settings_files=off Datapath_pipelining -c Datapath_pipelining
Warning (20028): Parallel compilation is not licensed and has been disabled
Info (12021): Found 1 design units, including 1 entities, in source file 1bitrightshift.bdf
    Info (12023): Found entity 1: 1BitRightShift
Info (12021): Found 1 design units, including 1 entities, in source file 3bitrightshift.bdf
    Info (12023): Found entity 1: 3BitRightShift
Info (12021): Found 1 design units, including 1 entities, in source file absmax.bdf
    Info (12023): Found entity 1: AbsMax
Info (12021): Found 1 design units, including 1 entities, in source file absmin.bdf
    Info (12023): Found entity 1: AbsMin
Info (12021): Found 1 design units, including 1 entities, in source file addabssubmax.bdf
    Info (12023): Found entity 1: AddAbsSubMax
Info (12021): Found 1 design units, including 1 entities, in source file addabssubmin.bdf
    Info (12023): Found entity 1: AddAbsSubMin
Info (12021): Found 1 design units, including 1 entities, in source file adder8bit.bdf
    Info (12023): Found entity 1: Adder8bit
Info (12021): Found 1 design units, including 1 entities, in source file addmax.bdf
    Info (12023): Found entity 1: AddMax
Info (12021): Found 1 design units, including 1 entities, in source file currentstate.bdf
    Info (12023): Found entity 1: CurrentState
Info (12021): Found 1 design units, including 1 entities, in source file decoder2_4.bdf
    Info (12023): Found entity 1: Decoder2_4
Info (12021): Found 1 design units, including 1 entities, in source file fsm.bdf
    Info (12023): Found entity 1: FSM
Info (12021): Found 1 design units, including 1 entities, in source file fulladder.bdf
    Info (12023): Found entity 1: FullAdder
Info (12021): Found 1 design units, including 1 entities, in source file mux41_8bit.bdf
    Info (12023): Found entity 1: mux41_8bit
Info (12021): Found 1 design units, including 1 entities, in source file nextstate.bdf
    Info (12023): Found entity 1: NextState
Info (12021): Found 1 design units, including 1 entities, in source file register4x4.bdf
    Info (12023): Found entity 1: Register4x4
Info (12021): Found 1 design units, including 1 entities, in source file register4x8.bdf
    Info (12023): Found entity 1: Register4x8
Info (12021): Found 1 design units, including 1 entities, in source file register8x8.bdf
    Info (12023): Found entity 1: Register8x8
Info (12021): Found 1 design units, including 1 entities, in source file rfc.bdf
    Info (12023): Found entity 1: RFC
Info (12021): Found 1 design units, including 1 entities, in source file test.bdf
    Info (12023): Found entity 1: TEST
Info (12021): Found 1 design units, including 1 entities, in source file register2x8.bdf
    Info (12023): Found entity 1: Register2x8
Info (12021): Found 1 design units, including 1 entities, in source file decoder1_2.bdf
    Info (12023): Found entity 1: Decoder1_2
Info (12021): Found 1 design units, including 1 entities, in source file register1x8.bdf
    Info (12023): Found entity 1: Register1x8
Info (12021): Found 1 design units, including 1 entities, in source file absminmax.bdf
    Info (12023): Found entity 1: AbsMinMax
Info (12021): Found 1 design units, including 1 entities, in source file addsubmax.bdf
    Info (12023): Found entity 1: AddSubMax
Info (12021): Found 1 design units, including 1 entities, in source file datapath.bdf
    Info (12023): Found entity 1: DATAPATH
Info (12021): Found 1 design units, including 1 entities, in source file pipeline_final.bdf
    Info (12023): Found entity 1: PIPELINE_FINAL
Info (12021): Found 1 design units, including 1 entities, in source file controller.bdf
    Info (12023): Found entity 1: CONTROLLER
Info (12021): Found 1 design units, including 1 entities, in source file new_controller.bdf
    Info (12023): Found entity 1: NEW_CONTROLLER
Info (12021): Found 1 design units, including 1 entities, in source file new_nextstate.bdf
    Info (12023): Found entity 1: NEW_NEXTSTATE
Info (12021): Found 1 design units, including 1 entities, in source file new_currentstate.bdf
    Info (12023): Found entity 1: NEW_CURRENTSTATE
Info (12021): Found 1 design units, including 1 entities, in source file new_fsm.bdf
    Info (12023): Found entity 1: NEW_FSM
Info (12021): Found 1 design units, including 1 entities, in source file datapath2.bdf
    Info (12023): Found entity 1: Datapath2
Info (12021): Found 1 design units, including 1 entities, in source file controller2.bdf
    Info (12023): Found entity 1: controller2
Info (12021): Found 1 design units, including 1 entities, in source file final2.bdf
    Info (12023): Found entity 1: final2
Info (12021): Found 1 design units, including 1 entities, in source file pl_final2.bdf
    Info (12023): Found entity 1: PL_Final2
Info (12021): Found 1 design units, including 1 entities, in source file output_block.bdf
    Info (12023): Found entity 1: OUTPUT_BLOCK
Info (12127): Elaborating entity "final2" for the top level hierarchy
Info (12128): Elaborating entity "PL_Final2" for hierarchy "PL_Final2:inst"
Info (12128): Elaborating entity "OUTPUT_BLOCK" for hierarchy "PL_Final2:inst|OUTPUT_BLOCK:inst"
Warning (275011): Block or symbol "NOT" of instance "inst8" overlaps another block or symbol
Warning (275085): Found inconsistent dimensions for element "Q"
Warning (275085): Found inconsistent dimensions for element "Q"
Warning (275080): Converted elements in bus name "Q" using legacy naming rules. Make any assignments on the new names, not on the original names.
    Warning (275081): Converted element name(s) from "Q[2..0]" to "Q2..0"
Info (12128): Elaborating entity "controller2" for hierarchy "PL_Final2:inst|OUTPUT_BLOCK:inst|controller2:inst"
Info (12128): Elaborating entity "NEW_CURRENTSTATE" for hierarchy "PL_Final2:inst|NEW_CURRENTSTATE:inst1"
Info (12128): Elaborating entity "NEW_NEXTSTATE" for hierarchy "PL_Final2:inst|NEW_NEXTSTATE:inst2"
Info (12128): Elaborating entity "Datapath2" for hierarchy "Datapath2:inst12"
Info (12128): Elaborating entity "Register1x8" for hierarchy "Datapath2:inst12|Register1x8:inst24"
Info (12128): Elaborating entity "RFC" for hierarchy "Datapath2:inst12|Register1x8:inst24|RFC:inst3"
Info (12128): Elaborating entity "AddSubMax" for hierarchy "Datapath2:inst12|AddSubMax:inst8"
Warning (275008): Primitive "NOT" of instance "inst1" not used
Warning (275008): Primitive "NOT" of instance "inst3" not used
Info (12128): Elaborating entity "BUSMUX" for hierarchy "Datapath2:inst12|AddSubMax:inst8|BUSMUX:inst12"
Info (12130): Elaborated megafunction instantiation "Datapath2:inst12|AddSubMax:inst8|BUSMUX:inst12"
Info (12133): Instantiated megafunction "Datapath2:inst12|AddSubMax:inst8|BUSMUX:inst12" with the following parameter:
    Info (12134): Parameter "WIDTH" = "8"
Info (12128): Elaborating entity "lpm_mux" for hierarchy "Datapath2:inst12|AddSubMax:inst8|BUSMUX:inst12|lpm_mux:$00000"
Info (12131): Elaborated megafunction instantiation "Datapath2:inst12|AddSubMax:inst8|BUSMUX:inst12|lpm_mux:$00000", which is child of megafunction instantiation "Datapath2:inst12|AddSubMax:inst8|BUSMUX:inst12"
Info (12021): Found 1 design units, including 1 entities, in source file db/mux_smc.tdf
    Info (12023): Found entity 1: mux_smc
Info (12128): Elaborating entity "mux_smc" for hierarchy "Datapath2:inst12|AddSubMax:inst8|BUSMUX:inst12|lpm_mux:$00000|mux_smc:auto_generated"
Info (12128): Elaborating entity "Adder8bit" for hierarchy "Datapath2:inst12|AddSubMax:inst8|Adder8bit:inst"
Warning (275085): Found inconsistent dimensions for element "Cnext"
Warning (275080): Converted elements in bus name "Cnext" using legacy naming rules. Make any assignments on the new names, not on the original names.
    Warning (275081): Converted element name(s) from "Cnext[6]" to "Cnext6"
    Warning (275081): Converted element name(s) from "Cnext[4]" to "Cnext4"
    Warning (275081): Converted element name(s) from "Cnext[3]" to "Cnext3"
    Warning (275081): Converted element name(s) from "Cnext[5]" to "Cnext5"
    Warning (275081): Converted element name(s) from "Cnext[2]" to "Cnext2"
    Warning (275081): Converted element name(s) from "Cnext[1]" to "Cnext1"
    Warning (275081): Converted element name(s) from "Cnext[0]" to "Cnext0"
    Warning (275081): Converted element name(s) from "Cnext[7]" to "Cnext7"
    Warning (275081): Converted element name(s) from "Cnext[6]" to "Cnext6"
    Warning (275081): Converted element name(s) from "Cnext[5]" to "Cnext5"
    Warning (275081): Converted element name(s) from "Cnext[4]" to "Cnext4"
    Warning (275081): Converted element name(s) from "Cnext[3]" to "Cnext3"
    Warning (275081): Converted element name(s) from "Cnext[2]" to "Cnext2"
    Warning (275081): Converted element name(s) from "Cnext[1]" to "Cnext1"
    Warning (275081): Converted element name(s) from "Cnext[0]" to "Cnext0"
    Warning (275081): Converted element name(s) from "Cnext[7]" to "Cnext7"
Info (12128): Elaborating entity "FullAdder" for hierarchy "Datapath2:inst12|AddSubMax:inst8|Adder8bit:inst|FullAdder:inst"
Info (12128): Elaborating entity "AbsMinMax" for hierarchy "Datapath2:inst12|AbsMinMax:inst2"
Info (12128): Elaborating entity "1BitRightShift" for hierarchy "Datapath2:inst12|1BitRightShift:inst4"
Info (12128): Elaborating entity "3BitRightShift" for hierarchy "Datapath2:inst12|3BitRightShift:inst3"
Warning (13046): Tri-state node(s) do not directly drive top-level pin(s)
    Warning (13048): Converted tri-state node "Datapath2:inst12|IN_R3[7]" into a selector
    Warning (13048): Converted tri-state node "Datapath2:inst12|IN_R3[6]" into a selector
    Warning (13048): Converted tri-state node "Datapath2:inst12|IN_R3[5]" into a selector
    Warning (13048): Converted tri-state node "Datapath2:inst12|IN_R3[4]" into a selector
    Warning (13048): Converted tri-state node "Datapath2:inst12|IN_R3[3]" into a selector
    Warning (13048): Converted tri-state node "Datapath2:inst12|IN_R3[2]" into a selector
    Warning (13048): Converted tri-state node "Datapath2:inst12|IN_R3[1]" into a selector
    Warning (13048): Converted tri-state node "Datapath2:inst12|IN_R3[0]" into a selector
    Warning (13048): Converted tri-state node "Datapath2:inst12|IN_R1[7]" into a selector
    Warning (13048): Converted tri-state node "Datapath2:inst12|IN_R1[6]" into a selector
    Warning (13048): Converted tri-state node "Datapath2:inst12|IN_R1[5]" into a selector
    Warning (13048): Converted tri-state node "Datapath2:inst12|IN_R1[4]" into a selector
    Warning (13048): Converted tri-state node "Datapath2:inst12|IN_R1[3]" into a selector
    Warning (13048): Converted tri-state node "Datapath2:inst12|IN_R1[2]" into a selector
    Warning (13048): Converted tri-state node "Datapath2:inst12|IN_R1[1]" into a selector
    Warning (13048): Converted tri-state node "Datapath2:inst12|IN_R1[0]" into a selector
    Warning (13048): Converted tri-state node "Datapath2:inst12|IN_R2[7]" into a selector
    Warning (13048): Converted tri-state node "Datapath2:inst12|IN_R2[6]" into a selector
    Warning (13048): Converted tri-state node "Datapath2:inst12|IN_R2[5]" into a selector
    Warning (13048): Converted tri-state node "Datapath2:inst12|IN_R2[4]" into a selector
    Warning (13048): Converted tri-state node "Datapath2:inst12|IN_R2[3]" into a selector
    Warning (13048): Converted tri-state node "Datapath2:inst12|IN_R2[2]" into a selector
    Warning (13048): Converted tri-state node "Datapath2:inst12|IN_R2[1]" into a selector
    Warning (13048): Converted tri-state node "Datapath2:inst12|IN_R2[0]" into a selector
Warning (13046): Tri-state node(s) do not directly drive top-level pin(s)
    Warning (13047): Converted the fan-out from the tri-state buffer "Datapath2:inst12|Register1x8:inst24|RFC:inst3|inst1" to the node "Datapath2:inst12|AddSubMax:inst8|Adder8bit:inst|FullAdder:inst|inst1" into an OR gate
    Warning (13047): Converted the fan-out from the tri-state buffer "Datapath2:inst12|Register1x8:inst24|RFC:inst4|inst1" to the node "Datapath2:inst12|AddSubMax:inst8|Adder8bit:inst|FullAdder:inst1|inst2" into an OR gate
    Warning (13047): Converted the fan-out from the tri-state buffer "Datapath2:inst12|Register1x8:inst24|RFC:inst7|inst1" to the node "Datapath2:inst12|AddSubMax:inst8|Adder8bit:inst|FullAdder:inst2|inst2" into an OR gate
    Warning (13047): Converted the fan-out from the tri-state buffer "Datapath2:inst12|Register1x8:inst24|RFC:inst8|inst1" to the node "Datapath2:inst12|AddSubMax:inst8|Adder8bit:inst|FullAdder:inst3|inst2" into an OR gate
    Warning (13047): Converted the fan-out from the tri-state buffer "Datapath2:inst12|Register1x8:inst24|RFC:inst9|inst1" to the node "Datapath2:inst12|AddSubMax:inst8|Adder8bit:inst|FullAdder:inst8|inst2" into an OR gate
    Warning (13047): Converted the fan-out from the tri-state buffer "Datapath2:inst12|Register1x8:inst24|RFC:inst10|inst1" to the node "Datapath2:inst12|AddSubMax:inst8|Adder8bit:inst|FullAdder:inst7|inst2" into an OR gate
    Warning (13047): Converted the fan-out from the tri-state buffer "Datapath2:inst12|Register1x8:inst24|RFC:inst11|inst1" to the node "Datapath2:inst12|AddSubMax:inst8|Adder8bit:inst|FullAdder:inst6|inst2" into an OR gate
    Warning (13047): Converted the fan-out from the tri-state buffer "Datapath2:inst12|Register1x8:inst24|RFC:inst12|inst1" to the node "Datapath2:inst12|AddSubMax:inst8|Adder8bit:inst|FullAdder:inst4|inst2" into an OR gate
    Warning (13047): Converted the fan-out from the tri-state buffer "Datapath2:inst12|Register1x8:inst|RFC:inst12|inst1" to the node "Datapath2:inst12|AbsMinMax:inst2|Adder8bit:inst|FullAdder:inst4|inst2" into an OR gate
    Warning (13047): Converted the fan-out from the tri-state buffer "Datapath2:inst12|Register1x8:inst|RFC:inst11|inst1" to the node "Datapath2:inst12|AbsMinMax:inst2|inst7[1]" into an OR gate
    Warning (13047): Converted the fan-out from the tri-state buffer "Datapath2:inst12|Register1x8:inst|RFC:inst10|inst1" to the node "Datapath2:inst12|AbsMinMax:inst2|inst7[2]" into an OR gate
    Warning (13047): Converted the fan-out from the tri-state buffer "Datapath2:inst12|Register1x8:inst|RFC:inst9|inst1" to the node "Datapath2:inst12|AbsMinMax:inst2|inst7[3]" into an OR gate
    Warning (13047): Converted the fan-out from the tri-state buffer "Datapath2:inst12|Register1x8:inst|RFC:inst8|inst1" to the node "Datapath2:inst12|AbsMinMax:inst2|inst7[4]" into an OR gate
    Warning (13047): Converted the fan-out from the tri-state buffer "Datapath2:inst12|Register1x8:inst|RFC:inst7|inst1" to the node "Datapath2:inst12|AbsMinMax:inst2|inst7[5]" into an OR gate
    Warning (13047): Converted the fan-out from the tri-state buffer "Datapath2:inst12|Register1x8:inst|RFC:inst4|inst1" to the node "Datapath2:inst12|AbsMinMax:inst2|inst7[6]" into an OR gate
    Warning (13047): Converted the fan-out from the tri-state buffer "Datapath2:inst12|Register1x8:inst|RFC:inst3|inst1" to the node "Datapath2:inst12|AbsMinMax:inst2|inst7[7]" into an OR gate
Warning (13046): Tri-state node(s) do not directly drive top-level pin(s)
    Warning (13047): Converted the fan-out from the tri-state buffer "Datapath2:inst12|inst17[7]" to the node "Datapath2:inst12|AddSubMax:inst8|Adder8bit:inst|FullAdder:inst|inst1" into an OR gate
    Warning (13047): Converted the fan-out from the tri-state buffer "Datapath2:inst12|inst16[0]" to the node "Datapath2:inst12|AddSubMax:inst8|Adder8bit:inst|FullAdder:inst4|inst1" into an OR gate
    Warning (13047): Converted the fan-out from the tri-state buffer "Datapath2:inst12|inst16[1]" to the node "Datapath2:inst12|AddSubMax:inst8|Adder8bit:inst|FullAdder:inst6|inst2" into an OR gate
    Warning (13047): Converted the fan-out from the tri-state buffer "Datapath2:inst12|inst16[2]" to the node "Datapath2:inst12|AddSubMax:inst8|Adder8bit:inst|FullAdder:inst7|inst2" into an OR gate
    Warning (13047): Converted the fan-out from the tri-state buffer "Datapath2:inst12|inst16[3]" to the node "Datapath2:inst12|AddSubMax:inst8|Adder8bit:inst|FullAdder:inst8|inst2" into an OR gate
    Warning (13047): Converted the fan-out from the tri-state buffer "Datapath2:inst12|inst16[4]" to the node "Datapath2:inst12|AddSubMax:inst8|Adder8bit:inst|FullAdder:inst3|inst2" into an OR gate
    Warning (13047): Converted the fan-out from the tri-state buffer "Datapath2:inst12|inst16[5]" to the node "Datapath2:inst12|AddSubMax:inst8|Adder8bit:inst|FullAdder:inst2|inst2" into an OR gate
    Warning (13047): Converted the fan-out from the tri-state buffer "Datapath2:inst12|inst16[6]" to the node "Datapath2:inst12|AddSubMax:inst8|Adder8bit:inst|FullAdder:inst1|inst2" into an OR gate
    Warning (13047): Converted the fan-out from the tri-state buffer "Datapath2:inst12|inst10[7]" to the node "Datapath2:inst12|AbsMinMax:inst2|Adder8bit:inst|FullAdder:inst|inst1" into an OR gate
    Warning (13047): Converted the fan-out from the tri-state buffer "Datapath2:inst12|inst10[6]" to the node "Datapath2:inst12|AbsMinMax:inst2|Adder8bit:inst|FullAdder:inst1|inst4" into an OR gate
    Warning (13047): Converted the fan-out from the tri-state buffer "Datapath2:inst12|inst10[5]" to the node "Datapath2:inst12|AbsMinMax:inst2|Adder8bit:inst|FullAdder:inst2|inst4" into an OR gate
    Warning (13047): Converted the fan-out from the tri-state buffer "Datapath2:inst12|inst10[4]" to the node "Datapath2:inst12|AbsMinMax:inst2|Adder8bit:inst|FullAdder:inst3|inst4" into an OR gate
    Warning (13047): Converted the fan-out from the tri-state buffer "Datapath2:inst12|inst10[3]" to the node "Datapath2:inst12|AbsMinMax:inst2|Adder8bit:inst|FullAdder:inst8|inst4" into an OR gate
    Warning (13047): Converted the fan-out from the tri-state buffer "Datapath2:inst12|inst10[2]" to the node "Datapath2:inst12|AbsMinMax:inst2|Adder8bit:inst|FullAdder:inst7|inst4" into an OR gate
    Warning (13047): Converted the fan-out from the tri-state buffer "Datapath2:inst12|inst10[1]" to the node "Datapath2:inst12|AbsMinMax:inst2|Adder8bit:inst|FullAdder:inst6|inst4" into an OR gate
    Warning (13047): Converted the fan-out from the tri-state buffer "Datapath2:inst12|inst10[0]" to the node "Datapath2:inst12|AbsMinMax:inst2|Adder8bit:inst|FullAdder:inst4|inst2" into an OR gate
Info (16010): Generating hard_block partition "hard_block:auto_generated_inst"
    Info (16011): Adding 0 node(s), including 0 DDIO, 0 PLL, 0 transceiver and 0 LCELL
Info (21057): Implemented 160 device resources after synthesis - the final resource count might be different
    Info (21058): Implemented 19 input pins
    Info (21059): Implemented 9 output pins
    Info (21061): Implemented 132 logic cells
Info: Quartus II 64-Bit Analysis & Synthesis was successful. 0 errors, 85 warnings
    Info: Peak virtual memory: 4618 megabytes
    Info: Processing ended: Tue Dec 03 10:03:33 2024
    Info: Elapsed time: 00:00:02
    Info: Total CPU time (on all processors): 00:00:01


