Analysis & Synthesis report for mux21
Mon Dec 02 15:14:43 2024
Quartus II 64-Bit Version 13.0.1 Build 232 06/12/2013 Service Pack 1 SJ Web Edition


---------------------
; Table of Contents ;
---------------------
  1. Legal Notice
  2. Analysis & Synthesis Summary
  3. Analysis & Synthesis Settings
  4. Parallel Compilation
  5. Analysis & Synthesis Source Files Read
  6. Analysis & Synthesis Resource Usage Summary
  7. Analysis & Synthesis Resource Utilization by Entity
  8. General Register Statistics
  9. Multiplexer Restructuring Statistics (Restructuring Performed)
 10. Elapsed Time Per Partition
 11. Analysis & Synthesis Messages



----------------
; Legal Notice ;
----------------
Copyright (C) 1991-2013 Altera Corporation
Your use of Altera Corporation's design tools, logic functions 
and other software and tools, and its AMPP partner logic 
functions, and any output files from any of the foregoing 
(including device programming or simulation files), and any 
associated documentation or information are expressly subject 
to the terms and conditions of the Altera Program License 
Subscription Agreement, Altera MegaCore Function License 
Agreement, or other applicable license agreement, including, 
without limitation, that your use is for the sole purpose of 
programming logic devices manufactured by Altera and sold by 
Altera or its authorized distributors.  Please refer to the 
applicable agreement for further details.



+--------------------------------------------------------------------------------------+
; Analysis & Synthesis Summary                                                         ;
+------------------------------------+-------------------------------------------------+
; Analysis & Synthesis Status        ; Successful - Mon Dec 02 15:14:43 2024           ;
; Quartus II 64-Bit Version          ; 13.0.1 Build 232 06/12/2013 SP 1 SJ Web Edition ;
; Revision Name                      ; mux21                                           ;
; Top-level Entity Name              ; counterbit1                                     ;
; Family                             ; Cyclone II                                      ;
; Total logic elements               ; 20                                              ;
;     Total combinational functions  ; 20                                              ;
;     Dedicated logic registers      ; 13                                              ;
; Total registers                    ; 13                                              ;
; Total pins                         ; 16                                              ;
; Total virtual pins                 ; 0                                               ;
; Total memory bits                  ; 0                                               ;
; Embedded Multiplier 9-bit elements ; 0                                               ;
; Total PLLs                         ; 0                                               ;
+------------------------------------+-------------------------------------------------+


+----------------------------------------------------------------------------------------------------------------------+
; Analysis & Synthesis Settings                                                                                        ;
+----------------------------------------------------------------------------+--------------------+--------------------+
; Option                                                                     ; Setting            ; Default Value      ;
+----------------------------------------------------------------------------+--------------------+--------------------+
; Device                                                                     ; EP2C35F672C6       ;                    ;
; Top-level entity name                                                      ; counterbit1        ; mux21              ;
; Family name                                                                ; Cyclone II         ; Cyclone IV GX      ;
; Use smart compilation                                                      ; Off                ; Off                ;
; Enable parallel Assembler and TimeQuest Timing Analyzer during compilation ; On                 ; On                 ;
; Enable compact report table                                                ; Off                ; Off                ;
; Restructure Multiplexers                                                   ; Auto               ; Auto               ;
; Create Debugging Nodes for IP Cores                                        ; Off                ; Off                ;
; Preserve fewer node names                                                  ; On                 ; On                 ;
; Disable OpenCore Plus hardware evaluation                                  ; Off                ; Off                ;
; Verilog Version                                                            ; Verilog_2001       ; Verilog_2001       ;
; VHDL Version                                                               ; VHDL_1993          ; VHDL_1993          ;
; State Machine Processing                                                   ; Auto               ; Auto               ;
; Safe State Machine                                                         ; Off                ; Off                ;
; Extract Verilog State Machines                                             ; On                 ; On                 ;
; Extract VHDL State Machines                                                ; On                 ; On                 ;
; Ignore Verilog initial constructs                                          ; Off                ; Off                ;
; Iteration limit for constant Verilog loops                                 ; 5000               ; 5000               ;
; Iteration limit for non-constant Verilog loops                             ; 250                ; 250                ;
; Add Pass-Through Logic to Inferred RAMs                                    ; On                 ; On                 ;
; Infer RAMs from Raw Logic                                                  ; On                 ; On                 ;
; Parallel Synthesis                                                         ; On                 ; On                 ;
; DSP Block Balancing                                                        ; Auto               ; Auto               ;
; NOT Gate Push-Back                                                         ; On                 ; On                 ;
; Power-Up Don't Care                                                        ; On                 ; On                 ;
; Remove Redundant Logic Cells                                               ; Off                ; Off                ;
; Remove Duplicate Registers                                                 ; On                 ; On                 ;
; Ignore CARRY Buffers                                                       ; Off                ; Off                ;
; Ignore CASCADE Buffers                                                     ; Off                ; Off                ;
; Ignore GLOBAL Buffers                                                      ; Off                ; Off                ;
; Ignore ROW GLOBAL Buffers                                                  ; Off                ; Off                ;
; Ignore LCELL Buffers                                                       ; Off                ; Off                ;
; Ignore SOFT Buffers                                                        ; On                 ; On                 ;
; Limit AHDL Integers to 32 Bits                                             ; Off                ; Off                ;
; Optimization Technique                                                     ; Balanced           ; Balanced           ;
; Carry Chain Length                                                         ; 70                 ; 70                 ;
; Auto Carry Chains                                                          ; On                 ; On                 ;
; Auto Open-Drain Pins                                                       ; On                 ; On                 ;
; Perform WYSIWYG Primitive Resynthesis                                      ; Off                ; Off                ;
; Auto ROM Replacement                                                       ; On                 ; On                 ;
; Auto RAM Replacement                                                       ; On                 ; On                 ;
; Auto Shift Register Replacement                                            ; Auto               ; Auto               ;
; Allow Shift Register Merging across Hierarchies                            ; Auto               ; Auto               ;
; Auto Clock Enable Replacement                                              ; On                 ; On                 ;
; Strict RAM Replacement                                                     ; Off                ; Off                ;
; Allow Synchronous Control Signals                                          ; On                 ; On                 ;
; Force Use of Synchronous Clear Signals                                     ; Off                ; Off                ;
; Auto RAM to Logic Cell Conversion                                          ; Off                ; Off                ;
; Auto Resource Sharing                                                      ; Off                ; Off                ;
; Allow Any RAM Size For Recognition                                         ; Off                ; Off                ;
; Allow Any ROM Size For Recognition                                         ; Off                ; Off                ;
; Allow Any Shift Register Size For Recognition                              ; Off                ; Off                ;
; Use LogicLock Constraints during Resource Balancing                        ; On                 ; On                 ;
; Ignore translate_off and synthesis_off directives                          ; Off                ; Off                ;
; Timing-Driven Synthesis                                                    ; Off                ; Off                ;
; Report Parameter Settings                                                  ; On                 ; On                 ;
; Report Source Assignments                                                  ; On                 ; On                 ;
; Report Connectivity Checks                                                 ; On                 ; On                 ;
; Ignore Maximum Fan-Out Assignments                                         ; Off                ; Off                ;
; Synchronization Register Chain Length                                      ; 2                  ; 2                  ;
; PowerPlay Power Optimization                                               ; Normal compilation ; Normal compilation ;
; HDL message level                                                          ; Level2             ; Level2             ;
; Suppress Register Optimization Related Messages                            ; Off                ; Off                ;
; Number of Removed Registers Reported in Synthesis Report                   ; 5000               ; 5000               ;
; Number of Swept Nodes Reported in Synthesis Report                         ; 5000               ; 5000               ;
; Number of Inverted Registers Reported in Synthesis Report                  ; 100                ; 100                ;
; Clock MUX Protection                                                       ; On                 ; On                 ;
; Auto Gated Clock Conversion                                                ; Off                ; Off                ;
; Block Design Naming                                                        ; Auto               ; Auto               ;
; SDC constraint protection                                                  ; Off                ; Off                ;
; Synthesis Effort                                                           ; Auto               ; Auto               ;
; Shift Register Replacement - Allow Asynchronous Clear Signal               ; On                 ; On                 ;
; Pre-Mapping Resynthesis Optimization                                       ; Off                ; Off                ;
; Analysis & Synthesis Message Level                                         ; Medium             ; Medium             ;
; Disable Register Merging Across Hierarchies                                ; Auto               ; Auto               ;
; Resource Aware Inference For Block RAM                                     ; On                 ; On                 ;
; Synthesis Seed                                                             ; 1                  ; 1                  ;
+----------------------------------------------------------------------------+--------------------+--------------------+


Parallel compilation was disabled, but you have multiple processors available. Enable parallel compilation to reduce compilation time.
+-------------------------------------+
; Parallel Compilation                ;
+----------------------------+--------+
; Processors                 ; Number ;
+----------------------------+--------+
; Number detected on machine ; 16     ;
; Maximum allowed            ; 1      ;
+----------------------------+--------+


+-------------------------------------------------------------------------------------------------------------------------------------------------------------------------------+
; Analysis & Synthesis Source Files Read                                                                                                                                        ;
+----------------------------------+-----------------+------------------------------------------+---------------------------------------------------------------------+---------+
; File Name with User-Entered Path ; Used in Netlist ; File Type                                ; File Name with Absolute Path                                        ; Library ;
+----------------------------------+-----------------+------------------------------------------+---------------------------------------------------------------------+---------+
; counterbit1.bdf                  ; yes             ; User Block Diagram/Schematic File        ; C:/Users/MinzHung/Downloads/Final/Count1bit(Done)/counterbit1.bdf   ;         ;
; SRwPL.bdf                        ; yes             ; User Block Diagram/Schematic File        ; C:/Users/MinzHung/Downloads/Final/Count1bit(Done)/SRwPL.bdf         ;         ;
; Checkbit1.bdf                    ; yes             ; User Block Diagram/Schematic File        ; C:/Users/MinzHung/Downloads/Final/Count1bit(Done)/Checkbit1.bdf     ;         ;
; counter.bdf                      ; yes             ; User Block Diagram/Schematic File        ; C:/Users/MinzHung/Downloads/Final/Count1bit(Done)/counter.bdf       ;         ;
; Datapath.bdf                     ; yes             ; User Block Diagram/Schematic File        ; C:/Users/MinzHung/Downloads/Final/Count1bit(Done)/Datapath.bdf      ;         ;
; CurrentState2.bdf                ; yes             ; User Block Diagram/Schematic File        ; C:/Users/MinzHung/Downloads/Final/Count1bit(Done)/CurrentState2.bdf ;         ;
; NextState2.bdf                   ; yes             ; User Block Diagram/Schematic File        ; C:/Users/MinzHung/Downloads/Final/Count1bit(Done)/NextState2.bdf    ;         ;
; OutputBlock2.bdf                 ; yes             ; User Block Diagram/Schematic File        ; C:/Users/MinzHung/Downloads/Final/Count1bit(Done)/OutputBlock2.bdf  ;         ;
; Control2.bdf                     ; yes             ; User Block Diagram/Schematic File        ; C:/Users/MinzHung/Downloads/Final/Count1bit(Done)/Control2.bdf      ;         ;
; mux4_1.bdf                       ; yes             ; Auto-Found Block Diagram/Schematic File  ; C:/Users/MinzHung/Downloads/Final/Count1bit(Done)/mux4_1.bdf        ;         ;
; mux2_1.bdf                       ; yes             ; Auto-Found Block Diagram/Schematic File  ; C:/Users/MinzHung/Downloads/Final/Count1bit(Done)/mux2_1.bdf        ;         ;
; mux2.bdf                         ; yes             ; Auto-Found Block Diagram/Schematic File  ; C:/Users/MinzHung/Downloads/Final/Count1bit(Done)/mux2.bdf          ;         ;
; has.bdf                          ; yes             ; Auto-Found Block Diagram/Schematic File  ; C:/Users/MinzHung/Downloads/Final/Count1bit(Done)/has.bdf           ;         ;
+----------------------------------+-----------------+------------------------------------------+---------------------------------------------------------------------+---------+


+-----------------------------------------------------+
; Analysis & Synthesis Resource Usage Summary         ;
+---------------------------------------------+-------+
; Resource                                    ; Usage ;
+---------------------------------------------+-------+
; Estimated Total logic elements              ; 20    ;
;                                             ;       ;
; Total combinational functions               ; 20    ;
; Logic element usage by number of LUT inputs ;       ;
;     -- 4 input functions                    ; 10    ;
;     -- 3 input functions                    ; 9     ;
;     -- <=2 input functions                  ; 1     ;
;                                             ;       ;
; Logic elements by mode                      ;       ;
;     -- normal mode                          ; 20    ;
;     -- arithmetic mode                      ; 0     ;
;                                             ;       ;
; Total registers                             ; 13    ;
;     -- Dedicated logic registers            ; 13    ;
;     -- I/O registers                        ; 0     ;
;                                             ;       ;
; I/O pins                                    ; 16    ;
; Embedded Multiplier 9-bit elements          ; 0     ;
; Maximum fan-out node                        ; CLK   ;
; Maximum fan-out                             ; 13    ;
; Total fan-out                               ; 113   ;
; Average fan-out                             ; 2.31  ;
+---------------------------------------------+-------+


+--------------------------------------------------------------------------------------------------------------------------------------------------------------------------------------------------------------+
; Analysis & Synthesis Resource Utilization by Entity                                                                                                                                                          ;
+----------------------------+-------------------+--------------+-------------+--------------+---------+-----------+------+--------------+------------------------------------------------------+--------------+
; Compilation Hierarchy Node ; LC Combinationals ; LC Registers ; Memory Bits ; DSP Elements ; DSP 9x9 ; DSP 18x18 ; Pins ; Virtual Pins ; Full Hierarchy Name                                  ; Library Name ;
+----------------------------+-------------------+--------------+-------------+--------------+---------+-----------+------+--------------+------------------------------------------------------+--------------+
; |counterbit1               ; 20 (1)            ; 13 (0)       ; 0           ; 0            ; 0       ; 0         ; 16   ; 0            ; |counterbit1                                         ; work         ;
;    |Control2:inst1|        ; 1 (0)             ; 1 (0)        ; 0           ; 0            ; 0       ; 0         ; 0    ; 0            ; |counterbit1|Control2:inst1                          ; work         ;
;       |CurrentState2:inst| ; 0 (0)             ; 1 (1)        ; 0           ; 0            ; 0       ; 0         ; 0    ; 0            ; |counterbit1|Control2:inst1|CurrentState2:inst       ; work         ;
;       |OutputBlock2:inst1| ; 1 (1)             ; 0 (0)        ; 0           ; 0            ; 0       ; 0         ; 0    ; 0            ; |counterbit1|Control2:inst1|OutputBlock2:inst1       ; work         ;
;    |Datapath:inst|         ; 18 (0)            ; 12 (0)       ; 0           ; 0            ; 0       ; 0         ; 0    ; 0            ; |counterbit1|Datapath:inst                           ; work         ;
;       |Checkbit1:inst15|   ; 2 (2)             ; 0 (0)        ; 0           ; 0            ; 0       ; 0         ; 0    ; 0            ; |counterbit1|Datapath:inst|Checkbit1:inst15          ; work         ;
;       |SRwPL:inst|         ; 11 (11)           ; 8 (8)        ; 0           ; 0            ; 0       ; 0         ; 0    ; 0            ; |counterbit1|Datapath:inst|SRwPL:inst                ; work         ;
;       |counter:inst3|      ; 5 (0)             ; 4 (4)        ; 0           ; 0            ; 0       ; 0         ; 0    ; 0            ; |counterbit1|Datapath:inst|counter:inst3             ; work         ;
;          |HAS:inst6|       ; 1 (1)             ; 0 (0)        ; 0           ; 0            ; 0       ; 0         ; 0    ; 0            ; |counterbit1|Datapath:inst|counter:inst3|HAS:inst6   ; work         ;
;          |Mux2:inst10|     ; 1 (1)             ; 0 (0)        ; 0           ; 0            ; 0       ; 0         ; 0    ; 0            ; |counterbit1|Datapath:inst|counter:inst3|Mux2:inst10 ; work         ;
;          |Mux2:inst11|     ; 1 (1)             ; 0 (0)        ; 0           ; 0            ; 0       ; 0         ; 0    ; 0            ; |counterbit1|Datapath:inst|counter:inst3|Mux2:inst11 ; work         ;
;          |Mux2:inst12|     ; 1 (1)             ; 0 (0)        ; 0           ; 0            ; 0       ; 0         ; 0    ; 0            ; |counterbit1|Datapath:inst|counter:inst3|Mux2:inst12 ; work         ;
;          |Mux2:inst9|      ; 1 (1)             ; 0 (0)        ; 0           ; 0            ; 0       ; 0         ; 0    ; 0            ; |counterbit1|Datapath:inst|counter:inst3|Mux2:inst9  ; work         ;
+----------------------------+-------------------+--------------+-------------+--------------+---------+-----------+------+--------------+------------------------------------------------------+--------------+
Note: For table entries with two numbers listed, the numbers in parentheses indicate the number of resources of the given type used by the specific entity alone. The numbers listed outside of parentheses indicate the total resources of the given type used by the specific entity and all of its sub-entities in the hierarchy.


+------------------------------------------------------+
; General Register Statistics                          ;
+----------------------------------------------+-------+
; Statistic                                    ; Value ;
+----------------------------------------------+-------+
; Total registers                              ; 13    ;
; Number of registers using Synchronous Clear  ; 0     ;
; Number of registers using Synchronous Load   ; 6     ;
; Number of registers using Asynchronous Clear ; 1     ;
; Number of registers using Asynchronous Load  ; 0     ;
; Number of registers using Clock Enable       ; 0     ;
; Number of registers using Preset             ; 0     ;
+----------------------------------------------+-------+


+------------------------------------------------------------------------------------------------------------------------------------------------------------+
; Multiplexer Restructuring Statistics (Restructuring Performed)                                                                                             ;
+--------------------+-----------+---------------+----------------------+------------------------+------------+----------------------------------------------+
; Multiplexer Inputs ; Bus Width ; Baseline Area ; Area if Restructured ; Saving if Restructured ; Registered ; Example Multiplexer Output                   ;
+--------------------+-----------+---------------+----------------------+------------------------+------------+----------------------------------------------+
; 3:1                ; 2 bits    ; 4 LEs         ; 2 LEs                ; 2 LEs                  ; Yes        ; |counterbit1|Datapath:inst|SRwPL:inst|inst12 ;
; 4:1                ; 6 bits    ; 12 LEs        ; 12 LEs               ; 0 LEs                  ; Yes        ; |counterbit1|Datapath:inst|SRwPL:inst|inst13 ;
+--------------------+-----------+---------------+----------------------+------------------------+------------+----------------------------------------------+


+-------------------------------+
; Elapsed Time Per Partition    ;
+----------------+--------------+
; Partition Name ; Elapsed Time ;
+----------------+--------------+
; Top            ; 00:00:00     ;
+----------------+--------------+


+-------------------------------+
; Analysis & Synthesis Messages ;
+-------------------------------+
Info: *******************************************************************
Info: Running Quartus II 64-Bit Analysis & Synthesis
    Info: Version 13.0.1 Build 232 06/12/2013 Service Pack 1 SJ Web Edition
    Info: Processing started: Mon Dec 02 15:14:42 2024
Info: Command: quartus_map --read_settings_files=on --write_settings_files=off mux21 -c mux21
Warning (20028): Parallel compilation is not licensed and has been disabled
Info (12021): Found 1 design units, including 1 entities, in source file mux21.bdf
    Info (12023): Found entity 1: mux21
Info (12021): Found 1 design units, including 1 entities, in source file shift_right.bdf
    Info (12023): Found entity 1: shift_right
Info (12021): Found 1 design units, including 1 entities, in source file counterbit1.bdf
    Info (12023): Found entity 1: counterbit1
Info (12021): Found 1 design units, including 1 entities, in source file srwpl.bdf
    Info (12023): Found entity 1: SRwPL
Info (12021): Found 1 design units, including 1 entities, in source file checkbit1.bdf
    Info (12023): Found entity 1: Checkbit1
Info (12021): Found 1 design units, including 1 entities, in source file counter.bdf
    Info (12023): Found entity 1: counter
Info (12021): Found 1 design units, including 1 entities, in source file datapath.bdf
    Info (12023): Found entity 1: Datapath
Info (12021): Found 1 design units, including 1 entities, in source file currentstate.bdf
    Info (12023): Found entity 1: CurrentState
Info (12021): Found 1 design units, including 1 entities, in source file nextstate.bdf
    Info (12023): Found entity 1: NextState
Info (12021): Found 1 design units, including 1 entities, in source file control.bdf
    Info (12023): Found entity 1: Control
Info (12021): Found 1 design units, including 1 entities, in source file outputblock.bdf
    Info (12023): Found entity 1: OutputBlock
Info (12021): Found 1 design units, including 1 entities, in source file currentstate2.bdf
    Info (12023): Found entity 1: CurrentState2
Info (12021): Found 1 design units, including 1 entities, in source file nextstate2.bdf
    Info (12023): Found entity 1: NextState2
Info (12021): Found 1 design units, including 1 entities, in source file outputblock2.bdf
    Info (12023): Found entity 1: OutputBlock2
Info (12021): Found 1 design units, including 1 entities, in source file control2.bdf
    Info (12023): Found entity 1: Control2
Info (12127): Elaborating entity "counterbit1" for the top level hierarchy
Info (12128): Elaborating entity "Datapath" for hierarchy "Datapath:inst"
Info (12128): Elaborating entity "Checkbit1" for hierarchy "Datapath:inst|Checkbit1:inst15"
Info (12128): Elaborating entity "SRwPL" for hierarchy "Datapath:inst|SRwPL:inst"
Warning (12125): Using design file mux4_1.bdf, which is not specified as a design file for the current project, but contains definitions for 1 design units and 1 entities in project
    Info (12023): Found entity 1: Mux4_1
Info (12128): Elaborating entity "Mux4_1" for hierarchy "Datapath:inst|SRwPL:inst|Mux4_1:inst7"
Warning (12125): Using design file mux2_1.bdf, which is not specified as a design file for the current project, but contains definitions for 1 design units and 1 entities in project
    Info (12023): Found entity 1: Mux2_1
Info (12128): Elaborating entity "Mux2_1" for hierarchy "Datapath:inst|SRwPL:inst|Mux4_1:inst7|Mux2_1:inst4"
Info (12128): Elaborating entity "counter" for hierarchy "Datapath:inst|counter:inst3"
Warning (12125): Using design file mux2.bdf, which is not specified as a design file for the current project, but contains definitions for 1 design units and 1 entities in project
    Info (12023): Found entity 1: Mux2
Info (12128): Elaborating entity "Mux2" for hierarchy "Datapath:inst|counter:inst3|Mux2:inst12"
Warning (12125): Using design file has.bdf, which is not specified as a design file for the current project, but contains definitions for 1 design units and 1 entities in project
    Info (12023): Found entity 1: HAS
Info (12128): Elaborating entity "HAS" for hierarchy "Datapath:inst|counter:inst3|HAS:inst7"
Info (12128): Elaborating entity "Control2" for hierarchy "Control2:inst1"
Info (12128): Elaborating entity "CurrentState2" for hierarchy "Control2:inst1|CurrentState2:inst"
Info (12128): Elaborating entity "NextState2" for hierarchy "Control2:inst1|NextState2:inst2"
Info (12128): Elaborating entity "OutputBlock2" for hierarchy "Control2:inst1|OutputBlock2:inst1"
Info (16010): Generating hard_block partition "hard_block:auto_generated_inst"
    Info (16011): Adding 0 node(s), including 0 DDIO, 0 PLL, 0 transceiver and 0 LCELL
Info (21057): Implemented 37 device resources after synthesis - the final resource count might be different
    Info (21058): Implemented 11 input pins
    Info (21059): Implemented 5 output pins
    Info (21061): Implemented 21 logic cells
Info: Quartus II 64-Bit Analysis & Synthesis was successful. 0 errors, 5 warnings
    Info: Peak virtual memory: 4601 megabytes
    Info: Processing ended: Mon Dec 02 15:14:43 2024
    Info: Elapsed time: 00:00:01
    Info: Total CPU time (on all processors): 00:00:01


