Simulator report for Tong1_9
Mon Dec 02 15:39:27 2024
Quartus II 64-Bit Version 13.0.1 Build 232 06/12/2013 Service Pack 1 SJ Web Edition


---------------------
; Table of Contents ;
---------------------
  1. Legal Notice
  2. Simulator Summary
  3. Simulator Settings
  4. Simulation Waveforms
  5. Coverage Summary
  6. Complete 1/0-Value Coverage
  7. Missing 1-Value Coverage
  8. Missing 0-Value Coverage
  9. Simulator INI Usage
 10. Simulator Messages



----------------
; Legal Notice ;
----------------
Copyright (C) 1991-2013 Altera Corporation
Your use of Altera Corporation's design tools, logic functions 
and other software and tools, and its AMPP partner logic 
functions, and any output files from any of the foregoing 
(including device programming or simulation files), and any 
associated documentation or information are expressly subject 
to the terms and conditions of the Altera Program License 
Subscription Agreement, Altera MegaCore Function License 
Agreement, or other applicable license agreement, including, 
without limitation, that your use is for the sole purpose of 
programming logic devices manufactured by Altera and sold by 
Altera or its authorized distributors.  Please refer to the 
applicable agreement for further details.



+--------------------------------------------+
; Simulator Summary                          ;
+-----------------------------+--------------+
; Type                        ; Value        ;
+-----------------------------+--------------+
; Simulation Start Time       ; 0 ps         ;
; Simulation End Time         ; 1.0 us       ;
; Simulation Netlist Size     ; 113 nodes    ;
; Simulation Coverage         ;      96.46 % ;
; Total Number of Transitions ; 1776         ;
; Simulation Breakpoints      ; 0            ;
; Family                      ; Cyclone II   ;
+-----------------------------+--------------+


+----------------------------------------------------------------------------------------------------------------------------------------------------------------------------+
; Simulator Settings                                                                                                                                                         ;
+--------------------------------------------------------------------------------------------+---------------------------------------------------------------+---------------+
; Option                                                                                     ; Setting                                                       ; Default Value ;
+--------------------------------------------------------------------------------------------+---------------------------------------------------------------+---------------+
; Simulation mode                                                                            ; Functional                                                    ; Timing        ;
; Start time                                                                                 ; 0 ns                                                          ; 0 ns          ;
; Simulation results format                                                                  ; VWF                                                           ;               ;
; Vector input source                                                                        ; C:/Users/MinzHung/Downloads/Final_do_an/Tong1_9/Waveform4.vwf ;               ;
; Add pins automatically to simulation output waveforms                                      ; On                                                            ; On            ;
; Check outputs                                                                              ; Off                                                           ; Off           ;
; Report simulation coverage                                                                 ; On                                                            ; On            ;
; Display complete 1/0 value coverage report                                                 ; On                                                            ; On            ;
; Display missing 1-value coverage report                                                    ; On                                                            ; On            ;
; Display missing 0-value coverage report                                                    ; On                                                            ; On            ;
; Detect setup and hold time violations                                                      ; Off                                                           ; Off           ;
; Detect glitches                                                                            ; Off                                                           ; Off           ;
; Disable timing delays in Timing Simulation                                                 ; Off                                                           ; Off           ;
; Generate Signal Activity File                                                              ; Off                                                           ; Off           ;
; Generate VCD File for PowerPlay Power Analyzer                                             ; Off                                                           ; Off           ;
; Group bus channels in simulation results                                                   ; Off                                                           ; Off           ;
; Preserve fewer signal transitions to reduce memory requirements                            ; On                                                            ; On            ;
; Trigger vector comparison with the specified mode                                          ; INPUT_EDGE                                                    ; INPUT_EDGE    ;
; Disable setup and hold time violations detection in input registers of bi-directional pins ; Off                                                           ; Off           ;
; Overwrite Waveform Inputs With Simulation Outputs                                          ; Off                                                           ;               ;
; Perform Glitch Filtering in Timing Simulation                                              ; Auto                                                          ; Auto          ;
+--------------------------------------------------------------------------------------------+---------------------------------------------------------------+---------------+


+----------------------+
; Simulation Waveforms ;
+----------------------+
Waveform report data cannot be output to ASCII.
Please use Quartus II 64-Bit to view the waveform report data.


+--------------------------------------------------------------------+
; Coverage Summary                                                   ;
+-----------------------------------------------------+--------------+
; Type                                                ; Value        ;
+-----------------------------------------------------+--------------+
; Total coverage as a percentage                      ;      96.46 % ;
; Total nodes checked                                 ; 113          ;
; Total output ports checked                          ; 113          ;
; Total output ports with complete 1/0-value coverage ; 109          ;
; Total output ports with no 1/0-value coverage       ; 4            ;
; Total output ports with no 1-value coverage         ; 4            ;
; Total output ports with no 0-value coverage         ; 4            ;
+-----------------------------------------------------+--------------+


The following table displays output ports that toggle between 1 and 0 during simulation.
+----------------------------------------------------------------------------------------------------------------------------------------------------------------------------------------------------------------------------------------------------+
; Complete 1/0-Value Coverage                                                                                                                                                                                                                        ;
+----------------------------------------------------------------------------------------------------------------+----------------------------------------------------------------------------------------------------------------+------------------+
; Node Name                                                                                                      ; Output Port Name                                                                                               ; Output Port Type ;
+----------------------------------------------------------------------------------------------------------------+----------------------------------------------------------------------------------------------------------------+------------------+
; |Tong1_9|Done                                                                                                  ; |Tong1_9|Done                                                                                                  ; pin_out          ;
; |Tong1_9|inst2                                                                                                 ; |Tong1_9|inst2                                                                                                 ; out0             ;
; |Tong1_9|Start                                                                                                 ; |Tong1_9|Start                                                                                                 ; out              ;
; |Tong1_9|CLK                                                                                                   ; |Tong1_9|CLK                                                                                                   ; out              ;
; |Tong1_9|In[3]                                                                                                 ; |Tong1_9|In[3]                                                                                                 ; out              ;
; |Tong1_9|In[1]                                                                                                 ; |Tong1_9|In[1]                                                                                                 ; out              ;
; |Tong1_9|In[0]                                                                                                 ; |Tong1_9|In[0]                                                                                                 ; out              ;
; |Tong1_9|Y[6]                                                                                                  ; |Tong1_9|Y[6]                                                                                                  ; pin_out          ;
; |Tong1_9|Y[5]                                                                                                  ; |Tong1_9|Y[5]                                                                                                  ; pin_out          ;
; |Tong1_9|Y[4]                                                                                                  ; |Tong1_9|Y[4]                                                                                                  ; pin_out          ;
; |Tong1_9|Y[3]                                                                                                  ; |Tong1_9|Y[3]                                                                                                  ; pin_out          ;
; |Tong1_9|Y[2]                                                                                                  ; |Tong1_9|Y[2]                                                                                                  ; pin_out          ;
; |Tong1_9|Y[1]                                                                                                  ; |Tong1_9|Y[1]                                                                                                  ; pin_out          ;
; |Tong1_9|Y[0]                                                                                                  ; |Tong1_9|Y[0]                                                                                                  ; pin_out          ;
; |Tong1_9|Control:inst|NextState2:inst|inst5                                                                    ; |Tong1_9|Control:inst|NextState2:inst|inst5                                                                    ; out0             ;
; |Tong1_9|Control:inst|NextState2:inst|inst4                                                                    ; |Tong1_9|Control:inst|NextState2:inst|inst4                                                                    ; out0             ;
; |Tong1_9|Control:inst|NextState2:inst|inst3                                                                    ; |Tong1_9|Control:inst|NextState2:inst|inst3                                                                    ; out0             ;
; |Tong1_9|Control:inst|CurrentState2:inst1|inst                                                                 ; |Tong1_9|Control:inst|CurrentState2:inst1|inst                                                                 ; regout           ;
; |Tong1_9|Control:inst|OutputBlock2:inst2|inst                                                                  ; |Tong1_9|Control:inst|OutputBlock2:inst2|inst                                                                  ; out0             ;
; |Tong1_9|Datapath:inst1|inst16                                                                                 ; |Tong1_9|Datapath:inst1|inst16                                                                                 ; out0             ;
; |Tong1_9|Datapath:inst1|inst5                                                                                  ; |Tong1_9|Datapath:inst1|inst5                                                                                  ; out0             ;
; |Tong1_9|Datapath:inst1|Sum7Bit:inst11|Sum:inst|inst                                                           ; |Tong1_9|Datapath:inst1|Sum7Bit:inst11|Sum:inst|inst                                                           ; out0             ;
; |Tong1_9|Datapath:inst1|Sum7Bit:inst11|Sum:inst|inst3                                                          ; |Tong1_9|Datapath:inst1|Sum7Bit:inst11|Sum:inst|inst3                                                          ; out0             ;
; |Tong1_9|Datapath:inst1|Sum7Bit:inst11|Sum:inst1|inst1                                                         ; |Tong1_9|Datapath:inst1|Sum7Bit:inst11|Sum:inst1|inst1                                                         ; out0             ;
; |Tong1_9|Datapath:inst1|Sum7Bit:inst11|Sum:inst1|inst                                                          ; |Tong1_9|Datapath:inst1|Sum7Bit:inst11|Sum:inst1|inst                                                          ; out0             ;
; |Tong1_9|Datapath:inst1|Sum7Bit:inst11|Sum:inst1|inst2                                                         ; |Tong1_9|Datapath:inst1|Sum7Bit:inst11|Sum:inst1|inst2                                                         ; out0             ;
; |Tong1_9|Datapath:inst1|Sum7Bit:inst11|Sum:inst1|inst4                                                         ; |Tong1_9|Datapath:inst1|Sum7Bit:inst11|Sum:inst1|inst4                                                         ; out0             ;
; |Tong1_9|Datapath:inst1|Sum7Bit:inst11|Sum:inst1|inst5                                                         ; |Tong1_9|Datapath:inst1|Sum7Bit:inst11|Sum:inst1|inst5                                                         ; out0             ;
; |Tong1_9|Datapath:inst1|Sum7Bit:inst11|Sum:inst1|inst3                                                         ; |Tong1_9|Datapath:inst1|Sum7Bit:inst11|Sum:inst1|inst3                                                         ; out0             ;
; |Tong1_9|Datapath:inst1|Sum7Bit:inst11|Sum:inst2|inst1                                                         ; |Tong1_9|Datapath:inst1|Sum7Bit:inst11|Sum:inst2|inst1                                                         ; out0             ;
; |Tong1_9|Datapath:inst1|Sum7Bit:inst11|Sum:inst2|inst                                                          ; |Tong1_9|Datapath:inst1|Sum7Bit:inst11|Sum:inst2|inst                                                          ; out0             ;
; |Tong1_9|Datapath:inst1|Sum7Bit:inst11|Sum:inst2|inst2                                                         ; |Tong1_9|Datapath:inst1|Sum7Bit:inst11|Sum:inst2|inst2                                                         ; out0             ;
; |Tong1_9|Datapath:inst1|Sum7Bit:inst11|Sum:inst2|inst4                                                         ; |Tong1_9|Datapath:inst1|Sum7Bit:inst11|Sum:inst2|inst4                                                         ; out0             ;
; |Tong1_9|Datapath:inst1|Sum7Bit:inst11|Sum:inst2|inst5                                                         ; |Tong1_9|Datapath:inst1|Sum7Bit:inst11|Sum:inst2|inst5                                                         ; out0             ;
; |Tong1_9|Datapath:inst1|Sum7Bit:inst11|Sum:inst2|inst3                                                         ; |Tong1_9|Datapath:inst1|Sum7Bit:inst11|Sum:inst2|inst3                                                         ; out0             ;
; |Tong1_9|Datapath:inst1|Sum7Bit:inst11|Sum:inst5|inst1                                                         ; |Tong1_9|Datapath:inst1|Sum7Bit:inst11|Sum:inst5|inst1                                                         ; out0             ;
; |Tong1_9|Datapath:inst1|Sum7Bit:inst11|Sum:inst5|inst                                                          ; |Tong1_9|Datapath:inst1|Sum7Bit:inst11|Sum:inst5|inst                                                          ; out0             ;
; |Tong1_9|Datapath:inst1|Sum7Bit:inst11|Sum:inst5|inst2                                                         ; |Tong1_9|Datapath:inst1|Sum7Bit:inst11|Sum:inst5|inst2                                                         ; out0             ;
; |Tong1_9|Datapath:inst1|Sum7Bit:inst11|Sum:inst5|inst4                                                         ; |Tong1_9|Datapath:inst1|Sum7Bit:inst11|Sum:inst5|inst4                                                         ; out0             ;
; |Tong1_9|Datapath:inst1|Sum7Bit:inst11|Sum:inst5|inst5                                                         ; |Tong1_9|Datapath:inst1|Sum7Bit:inst11|Sum:inst5|inst5                                                         ; out0             ;
; |Tong1_9|Datapath:inst1|Sum7Bit:inst11|Sum:inst5|inst3                                                         ; |Tong1_9|Datapath:inst1|Sum7Bit:inst11|Sum:inst5|inst3                                                         ; out0             ;
; |Tong1_9|Datapath:inst1|Sum7Bit:inst11|Sum:inst3|inst1                                                         ; |Tong1_9|Datapath:inst1|Sum7Bit:inst11|Sum:inst3|inst1                                                         ; out0             ;
; |Tong1_9|Datapath:inst1|Sum7Bit:inst11|Sum:inst3|inst5                                                         ; |Tong1_9|Datapath:inst1|Sum7Bit:inst11|Sum:inst3|inst5                                                         ; out0             ;
; |Tong1_9|Datapath:inst1|Sum7Bit:inst11|Sum:inst4|inst1                                                         ; |Tong1_9|Datapath:inst1|Sum7Bit:inst11|Sum:inst4|inst1                                                         ; out0             ;
; |Tong1_9|Datapath:inst1|Sum7Bit:inst11|Sum:inst4|inst5                                                         ; |Tong1_9|Datapath:inst1|Sum7Bit:inst11|Sum:inst4|inst5                                                         ; out0             ;
; |Tong1_9|Datapath:inst1|Sum7Bit:inst11|Sum:inst7|inst1                                                         ; |Tong1_9|Datapath:inst1|Sum7Bit:inst11|Sum:inst7|inst1                                                         ; out0             ;
; |Tong1_9|Datapath:inst1|busmux:inst9|lpm_mux:$00000|mux_rmc:auto_generated|result_node[6]~1                    ; |Tong1_9|Datapath:inst1|busmux:inst9|lpm_mux:$00000|mux_rmc:auto_generated|result_node[6]~1                    ; out0             ;
; |Tong1_9|Datapath:inst1|busmux:inst9|lpm_mux:$00000|mux_rmc:auto_generated|result_node[5]~3                    ; |Tong1_9|Datapath:inst1|busmux:inst9|lpm_mux:$00000|mux_rmc:auto_generated|result_node[5]~3                    ; out0             ;
; |Tong1_9|Datapath:inst1|busmux:inst9|lpm_mux:$00000|mux_rmc:auto_generated|result_node[4]~5                    ; |Tong1_9|Datapath:inst1|busmux:inst9|lpm_mux:$00000|mux_rmc:auto_generated|result_node[4]~5                    ; out0             ;
; |Tong1_9|Datapath:inst1|busmux:inst9|lpm_mux:$00000|mux_rmc:auto_generated|result_node[3]~7                    ; |Tong1_9|Datapath:inst1|busmux:inst9|lpm_mux:$00000|mux_rmc:auto_generated|result_node[3]~7                    ; out0             ;
; |Tong1_9|Datapath:inst1|busmux:inst9|lpm_mux:$00000|mux_rmc:auto_generated|result_node[2]~9                    ; |Tong1_9|Datapath:inst1|busmux:inst9|lpm_mux:$00000|mux_rmc:auto_generated|result_node[2]~9                    ; out0             ;
; |Tong1_9|Datapath:inst1|busmux:inst9|lpm_mux:$00000|mux_rmc:auto_generated|result_node[1]~11                   ; |Tong1_9|Datapath:inst1|busmux:inst9|lpm_mux:$00000|mux_rmc:auto_generated|result_node[1]~11                   ; out0             ;
; |Tong1_9|Datapath:inst1|busmux:inst9|lpm_mux:$00000|mux_rmc:auto_generated|result_node[0]~13                   ; |Tong1_9|Datapath:inst1|busmux:inst9|lpm_mux:$00000|mux_rmc:auto_generated|result_node[0]~13                   ; out0             ;
; |Tong1_9|Datapath:inst1|Register1x8:inst2|inst2[6]                                                             ; |Tong1_9|Datapath:inst1|Register1x8:inst2|inst2[6]                                                             ; out              ;
; |Tong1_9|Datapath:inst1|Register1x8:inst2|inst2[5]                                                             ; |Tong1_9|Datapath:inst1|Register1x8:inst2|inst2[5]                                                             ; out              ;
; |Tong1_9|Datapath:inst1|Register1x8:inst2|inst2[4]                                                             ; |Tong1_9|Datapath:inst1|Register1x8:inst2|inst2[4]                                                             ; out              ;
; |Tong1_9|Datapath:inst1|Register1x8:inst2|inst2[3]                                                             ; |Tong1_9|Datapath:inst1|Register1x8:inst2|inst2[3]                                                             ; out              ;
; |Tong1_9|Datapath:inst1|Register1x8:inst2|inst2[2]                                                             ; |Tong1_9|Datapath:inst1|Register1x8:inst2|inst2[2]                                                             ; out              ;
; |Tong1_9|Datapath:inst1|Register1x8:inst2|inst2[1]                                                             ; |Tong1_9|Datapath:inst1|Register1x8:inst2|inst2[1]                                                             ; out              ;
; |Tong1_9|Datapath:inst1|Register1x8:inst2|inst2[0]                                                             ; |Tong1_9|Datapath:inst1|Register1x8:inst2|inst2[0]                                                             ; out              ;
; |Tong1_9|Datapath:inst1|Register1x8:inst2|inst[6]                                                              ; |Tong1_9|Datapath:inst1|Register1x8:inst2|inst[6]                                                              ; regout           ;
; |Tong1_9|Datapath:inst1|Register1x8:inst2|inst[5]                                                              ; |Tong1_9|Datapath:inst1|Register1x8:inst2|inst[5]                                                              ; regout           ;
; |Tong1_9|Datapath:inst1|Register1x8:inst2|inst[4]                                                              ; |Tong1_9|Datapath:inst1|Register1x8:inst2|inst[4]                                                              ; regout           ;
; |Tong1_9|Datapath:inst1|Register1x8:inst2|inst[3]                                                              ; |Tong1_9|Datapath:inst1|Register1x8:inst2|inst[3]                                                              ; regout           ;
; |Tong1_9|Datapath:inst1|Register1x8:inst2|inst[2]                                                              ; |Tong1_9|Datapath:inst1|Register1x8:inst2|inst[2]                                                              ; regout           ;
; |Tong1_9|Datapath:inst1|Register1x8:inst2|inst[1]                                                              ; |Tong1_9|Datapath:inst1|Register1x8:inst2|inst[1]                                                              ; regout           ;
; |Tong1_9|Datapath:inst1|Register1x8:inst2|inst[0]                                                              ; |Tong1_9|Datapath:inst1|Register1x8:inst2|inst[0]                                                              ; regout           ;
; |Tong1_9|Datapath:inst1|Register1x8:inst2|busmux:inst1|lpm_mux:$00000|mux_rmc:auto_generated|result_node[6]~0  ; |Tong1_9|Datapath:inst1|Register1x8:inst2|busmux:inst1|lpm_mux:$00000|mux_rmc:auto_generated|result_node[6]~0  ; out0             ;
; |Tong1_9|Datapath:inst1|Register1x8:inst2|busmux:inst1|lpm_mux:$00000|mux_rmc:auto_generated|result_node[6]~1  ; |Tong1_9|Datapath:inst1|Register1x8:inst2|busmux:inst1|lpm_mux:$00000|mux_rmc:auto_generated|result_node[6]~1  ; out0             ;
; |Tong1_9|Datapath:inst1|Register1x8:inst2|busmux:inst1|lpm_mux:$00000|mux_rmc:auto_generated|result_node[6]    ; |Tong1_9|Datapath:inst1|Register1x8:inst2|busmux:inst1|lpm_mux:$00000|mux_rmc:auto_generated|result_node[6]    ; out0             ;
; |Tong1_9|Datapath:inst1|Register1x8:inst2|busmux:inst1|lpm_mux:$00000|mux_rmc:auto_generated|result_node[5]~2  ; |Tong1_9|Datapath:inst1|Register1x8:inst2|busmux:inst1|lpm_mux:$00000|mux_rmc:auto_generated|result_node[5]~2  ; out0             ;
; |Tong1_9|Datapath:inst1|Register1x8:inst2|busmux:inst1|lpm_mux:$00000|mux_rmc:auto_generated|result_node[5]~3  ; |Tong1_9|Datapath:inst1|Register1x8:inst2|busmux:inst1|lpm_mux:$00000|mux_rmc:auto_generated|result_node[5]~3  ; out0             ;
; |Tong1_9|Datapath:inst1|Register1x8:inst2|busmux:inst1|lpm_mux:$00000|mux_rmc:auto_generated|result_node[5]    ; |Tong1_9|Datapath:inst1|Register1x8:inst2|busmux:inst1|lpm_mux:$00000|mux_rmc:auto_generated|result_node[5]    ; out0             ;
; |Tong1_9|Datapath:inst1|Register1x8:inst2|busmux:inst1|lpm_mux:$00000|mux_rmc:auto_generated|result_node[4]~4  ; |Tong1_9|Datapath:inst1|Register1x8:inst2|busmux:inst1|lpm_mux:$00000|mux_rmc:auto_generated|result_node[4]~4  ; out0             ;
; |Tong1_9|Datapath:inst1|Register1x8:inst2|busmux:inst1|lpm_mux:$00000|mux_rmc:auto_generated|result_node[4]    ; |Tong1_9|Datapath:inst1|Register1x8:inst2|busmux:inst1|lpm_mux:$00000|mux_rmc:auto_generated|result_node[4]    ; out0             ;
; |Tong1_9|Datapath:inst1|Register1x8:inst2|busmux:inst1|lpm_mux:$00000|mux_rmc:auto_generated|result_node[3]~6  ; |Tong1_9|Datapath:inst1|Register1x8:inst2|busmux:inst1|lpm_mux:$00000|mux_rmc:auto_generated|result_node[3]~6  ; out0             ;
; |Tong1_9|Datapath:inst1|Register1x8:inst2|busmux:inst1|lpm_mux:$00000|mux_rmc:auto_generated|result_node[3]~7  ; |Tong1_9|Datapath:inst1|Register1x8:inst2|busmux:inst1|lpm_mux:$00000|mux_rmc:auto_generated|result_node[3]~7  ; out0             ;
; |Tong1_9|Datapath:inst1|Register1x8:inst2|busmux:inst1|lpm_mux:$00000|mux_rmc:auto_generated|result_node[3]    ; |Tong1_9|Datapath:inst1|Register1x8:inst2|busmux:inst1|lpm_mux:$00000|mux_rmc:auto_generated|result_node[3]    ; out0             ;
; |Tong1_9|Datapath:inst1|Register1x8:inst2|busmux:inst1|lpm_mux:$00000|mux_rmc:auto_generated|result_node[2]~8  ; |Tong1_9|Datapath:inst1|Register1x8:inst2|busmux:inst1|lpm_mux:$00000|mux_rmc:auto_generated|result_node[2]~8  ; out0             ;
; |Tong1_9|Datapath:inst1|Register1x8:inst2|busmux:inst1|lpm_mux:$00000|mux_rmc:auto_generated|result_node[2]~9  ; |Tong1_9|Datapath:inst1|Register1x8:inst2|busmux:inst1|lpm_mux:$00000|mux_rmc:auto_generated|result_node[2]~9  ; out0             ;
; |Tong1_9|Datapath:inst1|Register1x8:inst2|busmux:inst1|lpm_mux:$00000|mux_rmc:auto_generated|result_node[2]    ; |Tong1_9|Datapath:inst1|Register1x8:inst2|busmux:inst1|lpm_mux:$00000|mux_rmc:auto_generated|result_node[2]    ; out0             ;
; |Tong1_9|Datapath:inst1|Register1x8:inst2|busmux:inst1|lpm_mux:$00000|mux_rmc:auto_generated|result_node[1]~10 ; |Tong1_9|Datapath:inst1|Register1x8:inst2|busmux:inst1|lpm_mux:$00000|mux_rmc:auto_generated|result_node[1]~10 ; out0             ;
; |Tong1_9|Datapath:inst1|Register1x8:inst2|busmux:inst1|lpm_mux:$00000|mux_rmc:auto_generated|result_node[1]~11 ; |Tong1_9|Datapath:inst1|Register1x8:inst2|busmux:inst1|lpm_mux:$00000|mux_rmc:auto_generated|result_node[1]~11 ; out0             ;
; |Tong1_9|Datapath:inst1|Register1x8:inst2|busmux:inst1|lpm_mux:$00000|mux_rmc:auto_generated|result_node[1]    ; |Tong1_9|Datapath:inst1|Register1x8:inst2|busmux:inst1|lpm_mux:$00000|mux_rmc:auto_generated|result_node[1]    ; out0             ;
; |Tong1_9|Datapath:inst1|Register1x8:inst2|busmux:inst1|lpm_mux:$00000|mux_rmc:auto_generated|result_node[0]~12 ; |Tong1_9|Datapath:inst1|Register1x8:inst2|busmux:inst1|lpm_mux:$00000|mux_rmc:auto_generated|result_node[0]~12 ; out0             ;
; |Tong1_9|Datapath:inst1|Register1x8:inst2|busmux:inst1|lpm_mux:$00000|mux_rmc:auto_generated|result_node[0]~13 ; |Tong1_9|Datapath:inst1|Register1x8:inst2|busmux:inst1|lpm_mux:$00000|mux_rmc:auto_generated|result_node[0]~13 ; out0             ;
; |Tong1_9|Datapath:inst1|Register1x8:inst2|busmux:inst1|lpm_mux:$00000|mux_rmc:auto_generated|result_node[0]    ; |Tong1_9|Datapath:inst1|Register1x8:inst2|busmux:inst1|lpm_mux:$00000|mux_rmc:auto_generated|result_node[0]    ; out0             ;
; |Tong1_9|Datapath:inst1|counter:inst10|inst2                                                                   ; |Tong1_9|Datapath:inst1|counter:inst10|inst2                                                                   ; regout           ;
; |Tong1_9|Datapath:inst1|counter:inst10|inst3                                                                   ; |Tong1_9|Datapath:inst1|counter:inst10|inst3                                                                   ; regout           ;
; |Tong1_9|Datapath:inst1|counter:inst10|inst                                                                    ; |Tong1_9|Datapath:inst1|counter:inst10|inst                                                                    ; regout           ;
; |Tong1_9|Datapath:inst1|counter:inst10|inst1                                                                   ; |Tong1_9|Datapath:inst1|counter:inst10|inst1                                                                   ; regout           ;
; |Tong1_9|Datapath:inst1|counter:inst10|HAS:inst5|inst1                                                         ; |Tong1_9|Datapath:inst1|counter:inst10|HAS:inst5|inst1                                                         ; out0             ;
; |Tong1_9|Datapath:inst1|counter:inst10|HAS:inst5|inst2                                                         ; |Tong1_9|Datapath:inst1|counter:inst10|HAS:inst5|inst2                                                         ; out0             ;
; |Tong1_9|Datapath:inst1|counter:inst10|21mux:inst13|5                                                          ; |Tong1_9|Datapath:inst1|counter:inst10|21mux:inst13|5                                                          ; out0             ;
; |Tong1_9|Datapath:inst1|counter:inst10|21mux:inst13|7                                                          ; |Tong1_9|Datapath:inst1|counter:inst10|21mux:inst13|7                                                          ; out0             ;
; |Tong1_9|Datapath:inst1|counter:inst10|21mux:inst8|5                                                           ; |Tong1_9|Datapath:inst1|counter:inst10|21mux:inst8|5                                                           ; out0             ;
; |Tong1_9|Datapath:inst1|counter:inst10|21mux:inst8|6                                                           ; |Tong1_9|Datapath:inst1|counter:inst10|21mux:inst8|6                                                           ; out0             ;
; |Tong1_9|Datapath:inst1|counter:inst10|21mux:inst8|7                                                           ; |Tong1_9|Datapath:inst1|counter:inst10|21mux:inst8|7                                                           ; out0             ;
; |Tong1_9|Datapath:inst1|counter:inst10|21mux:inst15|5                                                          ; |Tong1_9|Datapath:inst1|counter:inst10|21mux:inst15|5                                                          ; out0             ;
; |Tong1_9|Datapath:inst1|counter:inst10|21mux:inst15|6                                                          ; |Tong1_9|Datapath:inst1|counter:inst10|21mux:inst15|6                                                          ; out0             ;
; |Tong1_9|Datapath:inst1|counter:inst10|21mux:inst15|7                                                          ; |Tong1_9|Datapath:inst1|counter:inst10|21mux:inst15|7                                                          ; out0             ;
; |Tong1_9|Datapath:inst1|counter:inst10|HAS:inst7|inst1                                                         ; |Tong1_9|Datapath:inst1|counter:inst10|HAS:inst7|inst1                                                         ; out0             ;
; |Tong1_9|Datapath:inst1|counter:inst10|HAS:inst7|inst2                                                         ; |Tong1_9|Datapath:inst1|counter:inst10|HAS:inst7|inst2                                                         ; out0             ;
; |Tong1_9|Datapath:inst1|counter:inst10|HAS:inst6|inst1                                                         ; |Tong1_9|Datapath:inst1|counter:inst10|HAS:inst6|inst1                                                         ; out0             ;
; |Tong1_9|Datapath:inst1|counter:inst10|HAS:inst6|inst2                                                         ; |Tong1_9|Datapath:inst1|counter:inst10|HAS:inst6|inst2                                                         ; out0             ;
; |Tong1_9|Datapath:inst1|counter:inst10|21mux:inst14|5                                                          ; |Tong1_9|Datapath:inst1|counter:inst10|21mux:inst14|5                                                          ; out0             ;
; |Tong1_9|Datapath:inst1|counter:inst10|21mux:inst14|6                                                          ; |Tong1_9|Datapath:inst1|counter:inst10|21mux:inst14|6                                                          ; out0             ;
; |Tong1_9|Datapath:inst1|counter:inst10|21mux:inst14|7                                                          ; |Tong1_9|Datapath:inst1|counter:inst10|21mux:inst14|7                                                          ; out0             ;
; |Tong1_9|Datapath:inst1|counter:inst10|HAS:inst4|inst1                                                         ; |Tong1_9|Datapath:inst1|counter:inst10|HAS:inst4|inst1                                                         ; out0             ;
+----------------------------------------------------------------------------------------------------------------+----------------------------------------------------------------------------------------------------------------+------------------+


The following table displays output ports that do not toggle to 1 during simulation.
+--------------------------------------------------------------------------------------------------------------------------------------------------------------------------------------------------------------------------------------------------+
; Missing 1-Value Coverage                                                                                                                                                                                                                         ;
+---------------------------------------------------------------------------------------------------------------+---------------------------------------------------------------------------------------------------------------+------------------+
; Node Name                                                                                                     ; Output Port Name                                                                                              ; Output Port Type ;
+---------------------------------------------------------------------------------------------------------------+---------------------------------------------------------------------------------------------------------------+------------------+
; |Tong1_9|CLR                                                                                                  ; |Tong1_9|CLR                                                                                                  ; out              ;
; |Tong1_9|In[2]                                                                                                ; |Tong1_9|In[2]                                                                                                ; out              ;
; |Tong1_9|Datapath:inst1|Register1x8:inst2|busmux:inst1|lpm_mux:$00000|mux_rmc:auto_generated|result_node[4]~5 ; |Tong1_9|Datapath:inst1|Register1x8:inst2|busmux:inst1|lpm_mux:$00000|mux_rmc:auto_generated|result_node[4]~5 ; out0             ;
; |Tong1_9|Datapath:inst1|counter:inst10|21mux:inst13|6                                                         ; |Tong1_9|Datapath:inst1|counter:inst10|21mux:inst13|6                                                         ; out0             ;
+---------------------------------------------------------------------------------------------------------------+---------------------------------------------------------------------------------------------------------------+------------------+


The following table displays output ports that do not toggle to 0 during simulation.
+--------------------------------------------------------------------------------------------------------------------------------------------------------------------------------------------------------------------------------------------------+
; Missing 0-Value Coverage                                                                                                                                                                                                                         ;
+---------------------------------------------------------------------------------------------------------------+---------------------------------------------------------------------------------------------------------------+------------------+
; Node Name                                                                                                     ; Output Port Name                                                                                              ; Output Port Type ;
+---------------------------------------------------------------------------------------------------------------+---------------------------------------------------------------------------------------------------------------+------------------+
; |Tong1_9|CLR                                                                                                  ; |Tong1_9|CLR                                                                                                  ; out              ;
; |Tong1_9|In[2]                                                                                                ; |Tong1_9|In[2]                                                                                                ; out              ;
; |Tong1_9|Datapath:inst1|Register1x8:inst2|busmux:inst1|lpm_mux:$00000|mux_rmc:auto_generated|result_node[4]~5 ; |Tong1_9|Datapath:inst1|Register1x8:inst2|busmux:inst1|lpm_mux:$00000|mux_rmc:auto_generated|result_node[4]~5 ; out0             ;
; |Tong1_9|Datapath:inst1|counter:inst10|21mux:inst13|6                                                         ; |Tong1_9|Datapath:inst1|counter:inst10|21mux:inst13|6                                                         ; out0             ;
+---------------------------------------------------------------------------------------------------------------+---------------------------------------------------------------------------------------------------------------+------------------+


+---------------------+
; Simulator INI Usage ;
+--------+------------+
; Option ; Usage      ;
+--------+------------+


+--------------------+
; Simulator Messages ;
+--------------------+
Info: *******************************************************************
Info: Running Quartus II 64-Bit Simulator
    Info: Version 13.0.1 Build 232 06/12/2013 Service Pack 1 SJ Web Edition
    Info: Processing started: Mon Dec 02 15:39:27 2024
Info: Command: quartus_sim --simulation_results_format=VWF Tong1_9 -c Tong1_9
Info (324025): Using vector source file "C:/Users/MinzHung/Downloads/Final_do_an/Tong1_9/Waveform4.vwf"
Info (310003): Option to preserve fewer signal transitions to reduce memory requirements is enabled
    Info (310004): Simulation has been partitioned into sub-simulations according to the maximum transition count determined by the engine. Transitions from memory will be flushed out to disk at the end of each sub-simulation to reduce memory requirements.
Info (310002): Simulation partitioned into 1 sub-simulations
Info (328053): Simulation coverage is      96.46 %
Info (328052): Number of transitions in simulation is 1776
Info (324045): Vector file Tong1_9.sim.vwf is saved in VWF text format. You can compress it into CVWF format in order to reduce file size. For more details please refer to the Quartus II Help.
Info: Quartus II 64-Bit Simulator was successful. 0 errors, 0 warnings
    Info: Peak virtual memory: 4444 megabytes
    Info: Processing ended: Mon Dec 02 15:39:27 2024
    Info: Elapsed time: 00:00:00
    Info: Total CPU time (on all processors): 00:00:00


