Analysis & Synthesis report for Bai1
Sun Dec 01 10:21:27 2024
Quartus II 64-Bit Version 13.0.1 Build 232 06/12/2013 Service Pack 1 SJ Web Edition


---------------------
; Table of Contents ;
---------------------
  1. Legal Notice
  2. Analysis & Synthesis Summary
  3. Analysis & Synthesis Settings
  4. Parallel Compilation
  5. Analysis & Synthesis Source Files Read
  6. Analysis & Synthesis Resource Usage Summary
  7. Analysis & Synthesis Resource Utilization by Entity
  8. Registers Removed During Synthesis
  9. General Register Statistics
 10. Multiplexer Restructuring Statistics (Restructuring Performed)
 11. Parameter Settings for User Entity Instance: Datapath:inst3|Mux41:inst3|BUSMUX:inst2
 12. Parameter Settings for User Entity Instance: Datapath:inst3|Mux41:inst3|BUSMUX:inst
 13. Parameter Settings for User Entity Instance: Datapath:inst3|Mux41:inst3|BUSMUX:inst1
 14. Parameter Settings for User Entity Instance: Datapath:inst3|MinMax:inst8|BUSMUX:inst
 15. Parameter Settings for User Entity Instance: Datapath:inst3|Mux81:inst4|BUSMUX:inst2
 16. Parameter Settings for User Entity Instance: Datapath:inst3|Mux81:inst4|Mux41:inst|BUSMUX:inst2
 17. Parameter Settings for User Entity Instance: Datapath:inst3|Mux81:inst4|Mux41:inst|BUSMUX:inst
 18. Parameter Settings for User Entity Instance: Datapath:inst3|Mux81:inst4|Mux41:inst|BUSMUX:inst1
 19. Parameter Settings for User Entity Instance: Datapath:inst3|Mux81:inst4|Mux41:inst1|BUSMUX:inst2
 20. Parameter Settings for User Entity Instance: Datapath:inst3|Mux81:inst4|Mux41:inst1|BUSMUX:inst
 21. Parameter Settings for User Entity Instance: Datapath:inst3|Mux81:inst4|Mux41:inst1|BUSMUX:inst1
 22. Parameter Settings for User Entity Instance: Datapath:inst3|TriTuyetDoi:inst6|BUSMUX:inst
 23. Parameter Settings for User Entity Instance: Datapath:inst3|MinMax:inst7|BUSMUX:inst
 24. Parameter Settings for User Entity Instance: Datapath:inst3|TriTuyetDoi:inst5|BUSMUX:inst
 25. Elapsed Time Per Partition
 26. Analysis & Synthesis Messages



----------------
; Legal Notice ;
----------------
Copyright (C) 1991-2013 Altera Corporation
Your use of Altera Corporation's design tools, logic functions 
and other software and tools, and its AMPP partner logic 
functions, and any output files from any of the foregoing 
(including device programming or simulation files), and any 
associated documentation or information are expressly subject 
to the terms and conditions of the Altera Program License 
Subscription Agreement, Altera MegaCore Function License 
Agreement, or other applicable license agreement, including, 
without limitation, that your use is for the sole purpose of 
programming logic devices manufactured by Altera and sold by 
Altera or its authorized distributors.  Please refer to the 
applicable agreement for further details.



+--------------------------------------------------------------------------------------+
; Analysis & Synthesis Summary                                                         ;
+------------------------------------+-------------------------------------------------+
; Analysis & Synthesis Status        ; Successful - Sun Dec 01 10:21:27 2024           ;
; Quartus II 64-Bit Version          ; 13.0.1 Build 232 06/12/2013 SP 1 SJ Web Edition ;
; Revision Name                      ; Bai1                                            ;
; Top-level Entity Name              ; Bai1                                            ;
; Family                             ; Cyclone II                                      ;
; Total logic elements               ; 122                                             ;
;     Total combinational functions  ; 115                                             ;
;     Dedicated logic registers      ; 26                                              ;
; Total registers                    ; 26                                              ;
; Total pins                         ; 31                                              ;
; Total virtual pins                 ; 0                                               ;
; Total memory bits                  ; 0                                               ;
; Embedded Multiplier 9-bit elements ; 0                                               ;
; Total PLLs                         ; 0                                               ;
+------------------------------------+-------------------------------------------------+


+----------------------------------------------------------------------------------------------------------------------+
; Analysis & Synthesis Settings                                                                                        ;
+----------------------------------------------------------------------------+--------------------+--------------------+
; Option                                                                     ; Setting            ; Default Value      ;
+----------------------------------------------------------------------------+--------------------+--------------------+
; Device                                                                     ; EP2C35F672C6       ;                    ;
; Top-level entity name                                                      ; Bai1               ; Bai1               ;
; Family name                                                                ; Cyclone II         ; Cyclone IV GX      ;
; Use smart compilation                                                      ; Off                ; Off                ;
; Enable parallel Assembler and TimeQuest Timing Analyzer during compilation ; On                 ; On                 ;
; Enable compact report table                                                ; Off                ; Off                ;
; Restructure Multiplexers                                                   ; Auto               ; Auto               ;
; Create Debugging Nodes for IP Cores                                        ; Off                ; Off                ;
; Preserve fewer node names                                                  ; On                 ; On                 ;
; Disable OpenCore Plus hardware evaluation                                  ; Off                ; Off                ;
; Verilog Version                                                            ; Verilog_2001       ; Verilog_2001       ;
; VHDL Version                                                               ; VHDL_1993          ; VHDL_1993          ;
; State Machine Processing                                                   ; Auto               ; Auto               ;
; Safe State Machine                                                         ; Off                ; Off                ;
; Extract Verilog State Machines                                             ; On                 ; On                 ;
; Extract VHDL State Machines                                                ; On                 ; On                 ;
; Ignore Verilog initial constructs                                          ; Off                ; Off                ;
; Iteration limit for constant Verilog loops                                 ; 5000               ; 5000               ;
; Iteration limit for non-constant Verilog loops                             ; 250                ; 250                ;
; Add Pass-Through Logic to Inferred RAMs                                    ; On                 ; On                 ;
; Infer RAMs from Raw Logic                                                  ; On                 ; On                 ;
; Parallel Synthesis                                                         ; On                 ; On                 ;
; DSP Block Balancing                                                        ; Auto               ; Auto               ;
; NOT Gate Push-Back                                                         ; On                 ; On                 ;
; Power-Up Don't Care                                                        ; On                 ; On                 ;
; Remove Redundant Logic Cells                                               ; Off                ; Off                ;
; Remove Duplicate Registers                                                 ; On                 ; On                 ;
; Ignore CARRY Buffers                                                       ; Off                ; Off                ;
; Ignore CASCADE Buffers                                                     ; Off                ; Off                ;
; Ignore GLOBAL Buffers                                                      ; Off                ; Off                ;
; Ignore ROW GLOBAL Buffers                                                  ; Off                ; Off                ;
; Ignore LCELL Buffers                                                       ; Off                ; Off                ;
; Ignore SOFT Buffers                                                        ; On                 ; On                 ;
; Limit AHDL Integers to 32 Bits                                             ; Off                ; Off                ;
; Optimization Technique                                                     ; Balanced           ; Balanced           ;
; Carry Chain Length                                                         ; 70                 ; 70                 ;
; Auto Carry Chains                                                          ; On                 ; On                 ;
; Auto Open-Drain Pins                                                       ; On                 ; On                 ;
; Perform WYSIWYG Primitive Resynthesis                                      ; Off                ; Off                ;
; Auto ROM Replacement                                                       ; On                 ; On                 ;
; Auto RAM Replacement                                                       ; On                 ; On                 ;
; Auto Shift Register Replacement                                            ; Auto               ; Auto               ;
; Allow Shift Register Merging across Hierarchies                            ; Auto               ; Auto               ;
; Auto Clock Enable Replacement                                              ; On                 ; On                 ;
; Strict RAM Replacement                                                     ; Off                ; Off                ;
; Allow Synchronous Control Signals                                          ; On                 ; On                 ;
; Force Use of Synchronous Clear Signals                                     ; Off                ; Off                ;
; Auto RAM to Logic Cell Conversion                                          ; Off                ; Off                ;
; Auto Resource Sharing                                                      ; Off                ; Off                ;
; Allow Any RAM Size For Recognition                                         ; Off                ; Off                ;
; Allow Any ROM Size For Recognition                                         ; Off                ; Off                ;
; Allow Any Shift Register Size For Recognition                              ; Off                ; Off                ;
; Use LogicLock Constraints during Resource Balancing                        ; On                 ; On                 ;
; Ignore translate_off and synthesis_off directives                          ; Off                ; Off                ;
; Timing-Driven Synthesis                                                    ; Off                ; Off                ;
; Report Parameter Settings                                                  ; On                 ; On                 ;
; Report Source Assignments                                                  ; On                 ; On                 ;
; Report Connectivity Checks                                                 ; On                 ; On                 ;
; Ignore Maximum Fan-Out Assignments                                         ; Off                ; Off                ;
; Synchronization Register Chain Length                                      ; 2                  ; 2                  ;
; PowerPlay Power Optimization                                               ; Normal compilation ; Normal compilation ;
; HDL message level                                                          ; Level2             ; Level2             ;
; Suppress Register Optimization Related Messages                            ; Off                ; Off                ;
; Number of Removed Registers Reported in Synthesis Report                   ; 5000               ; 5000               ;
; Number of Swept Nodes Reported in Synthesis Report                         ; 5000               ; 5000               ;
; Number of Inverted Registers Reported in Synthesis Report                  ; 100                ; 100                ;
; Clock MUX Protection                                                       ; On                 ; On                 ;
; Auto Gated Clock Conversion                                                ; Off                ; Off                ;
; Block Design Naming                                                        ; Auto               ; Auto               ;
; SDC constraint protection                                                  ; Off                ; Off                ;
; Synthesis Effort                                                           ; Auto               ; Auto               ;
; Shift Register Replacement - Allow Asynchronous Clear Signal               ; On                 ; On                 ;
; Pre-Mapping Resynthesis Optimization                                       ; Off                ; Off                ;
; Analysis & Synthesis Message Level                                         ; Medium             ; Medium             ;
; Disable Register Merging Across Hierarchies                                ; Auto               ; Auto               ;
; Resource Aware Inference For Block RAM                                     ; On                 ; On                 ;
; Synthesis Seed                                                             ; 1                  ; 1                  ;
+----------------------------------------------------------------------------+--------------------+--------------------+


Parallel compilation was disabled, but you have multiple processors available. Enable parallel compilation to reduce compilation time.
+-------------------------------------+
; Parallel Compilation                ;
+----------------------------+--------+
; Processors                 ; Number ;
+----------------------------+--------+
; Number detected on machine ; 16     ;
; Maximum allowed            ; 1      ;
+----------------------------+--------+


+-----------------------------------------------------------------------------------------------------------------------------------------------------------------------------------+
; Analysis & Synthesis Source Files Read                                                                                                                                            ;
+----------------------------------+-----------------+------------------------------------------+-------------------------------------------------------------------------+---------+
; File Name with User-Entered Path ; Used in Netlist ; File Type                                ; File Name with Absolute Path                                            ; Library ;
+----------------------------------+-----------------+------------------------------------------+-------------------------------------------------------------------------+---------+
; RFC.bdf                          ; yes             ; User Block Diagram/Schematic File        ; C:/Users/MinzHung/Downloads/Final/Graph-partitioning/RFC.bdf            ;         ;
; Bai1.bdf                         ; yes             ; User Block Diagram/Schematic File        ; C:/Users/MinzHung/Downloads/Final/Graph-partitioning/Bai1.bdf           ;         ;
; TriTuyetDoi.bdf                  ; yes             ; User Block Diagram/Schematic File        ; C:/Users/MinzHung/Downloads/Final/Graph-partitioning/TriTuyetDoi.bdf    ;         ;
; Mux41.bdf                        ; yes             ; User Block Diagram/Schematic File        ; C:/Users/MinzHung/Downloads/Final/Graph-partitioning/Mux41.bdf          ;         ;
; Mux81.bdf                        ; yes             ; User Block Diagram/Schematic File        ; C:/Users/MinzHung/Downloads/Final/Graph-partitioning/Mux81.bdf          ;         ;
; MinMax.bdf                       ; yes             ; User Block Diagram/Schematic File        ; C:/Users/MinzHung/Downloads/Final/Graph-partitioning/MinMax.bdf         ;         ;
; Datapath.bdf                     ; yes             ; User Block Diagram/Schematic File        ; C:/Users/MinzHung/Downloads/Final/Graph-partitioning/Datapath.bdf       ;         ;
; Control.bdf                      ; yes             ; User Block Diagram/Schematic File        ; C:/Users/MinzHung/Downloads/Final/Graph-partitioning/Control.bdf        ;         ;
; 1BitRigthShift.bdf               ; yes             ; User Block Diagram/Schematic File        ; C:/Users/MinzHung/Downloads/Final/Graph-partitioning/1BitRigthShift.bdf ;         ;
; OutputBlock.bdf                  ; yes             ; User Block Diagram/Schematic File        ; C:/Users/MinzHung/Downloads/Final/Graph-partitioning/OutputBlock.bdf    ;         ;
; NextState2.bdf                   ; yes             ; User Block Diagram/Schematic File        ; C:/Users/MinzHung/Downloads/Final/Graph-partitioning/NextState2.bdf     ;         ;
; currentstate.bdf                 ; yes             ; Auto-Found Block Diagram/Schematic File  ; C:/Users/MinzHung/Downloads/Final/Graph-partitioning/currentstate.bdf   ;         ;
; register1x8.bdf                  ; yes             ; Auto-Found Block Diagram/Schematic File  ; C:/Users/MinzHung/Downloads/Final/Graph-partitioning/register1x8.bdf    ;         ;
; busmux.tdf                       ; yes             ; Megafunction                             ; c:/altera/13.0sp1/quartus/libraries/megafunctions/busmux.tdf            ;         ;
; lpm_mux.inc                      ; yes             ; Megafunction                             ; c:/altera/13.0sp1/quartus/libraries/megafunctions/lpm_mux.inc           ;         ;
; lpm_mux.tdf                      ; yes             ; Megafunction                             ; c:/altera/13.0sp1/quartus/libraries/megafunctions/lpm_mux.tdf           ;         ;
; aglobal130.inc                   ; yes             ; Megafunction                             ; c:/altera/13.0sp1/quartus/libraries/megafunctions/aglobal130.inc        ;         ;
; muxlut.inc                       ; yes             ; Megafunction                             ; c:/altera/13.0sp1/quartus/libraries/megafunctions/muxlut.inc            ;         ;
; bypassff.inc                     ; yes             ; Megafunction                             ; c:/altera/13.0sp1/quartus/libraries/megafunctions/bypassff.inc          ;         ;
; altshift.inc                     ; yes             ; Megafunction                             ; c:/altera/13.0sp1/quartus/libraries/megafunctions/altshift.inc          ;         ;
; db/mux_smc.tdf                   ; yes             ; Auto-Generated Megafunction              ; C:/Users/MinzHung/Downloads/Final/Graph-partitioning/db/mux_smc.tdf     ;         ;
; subnbit.bdf                      ; yes             ; Auto-Found Block Diagram/Schematic File  ; C:/Users/MinzHung/Downloads/Final/Graph-partitioning/subnbit.bdf        ;         ;
; sub1bit.bdf                      ; yes             ; Auto-Found Block Diagram/Schematic File  ; C:/Users/MinzHung/Downloads/Final/Graph-partitioning/sub1bit.bdf        ;         ;
; sum8bit.bdf                      ; yes             ; Auto-Found Block Diagram/Schematic File  ; C:/Users/MinzHung/Downloads/Final/Graph-partitioning/sum8bit.bdf        ;         ;
; sum.bdf                          ; yes             ; Auto-Found Block Diagram/Schematic File  ; C:/Users/MinzHung/Downloads/Final/Graph-partitioning/sum.bdf            ;         ;
; 3bitrigthshift.bdf               ; yes             ; Auto-Found Block Diagram/Schematic File  ; C:/Users/MinzHung/Downloads/Final/Graph-partitioning/3bitrigthshift.bdf ;         ;
+----------------------------------+-----------------+------------------------------------------+-------------------------------------------------------------------------+---------+


+-------------------------------------------------------------------------------------+
; Analysis & Synthesis Resource Usage Summary                                         ;
+---------------------------------------------+---------------------------------------+
; Resource                                    ; Usage                                 ;
+---------------------------------------------+---------------------------------------+
; Estimated Total logic elements              ; 122                                   ;
;                                             ;                                       ;
; Total combinational functions               ; 115                                   ;
; Logic element usage by number of LUT inputs ;                                       ;
;     -- 4 input functions                    ; 75                                    ;
;     -- 3 input functions                    ; 27                                    ;
;     -- <=2 input functions                  ; 13                                    ;
;                                             ;                                       ;
; Logic elements by mode                      ;                                       ;
;     -- normal mode                          ; 115                                   ;
;     -- arithmetic mode                      ; 0                                     ;
;                                             ;                                       ;
; Total registers                             ; 26                                    ;
;     -- Dedicated logic registers            ; 26                                    ;
;     -- I/O registers                        ; 0                                     ;
;                                             ;                                       ;
; I/O pins                                    ; 31                                    ;
; Embedded Multiplier 9-bit elements          ; 0                                     ;
; Maximum fan-out node                        ; Control:inst|CurrentState:inst2|inst2 ;
; Maximum fan-out                             ; 29                                    ;
; Total fan-out                               ; 506                                   ;
; Average fan-out                             ; 2.94                                  ;
+---------------------------------------------+---------------------------------------+


+------------------------------------------------------------------------------------------------------------------------------------------------------------------------------------------------------------------------------------------------------------------------+
; Analysis & Synthesis Resource Utilization by Entity                                                                                                                                                                                                                    ;
+--------------------------------------------+-------------------+--------------+-------------+--------------+---------+-----------+------+--------------+------------------------------------------------------------------------------------------------+--------------+
; Compilation Hierarchy Node                 ; LC Combinationals ; LC Registers ; Memory Bits ; DSP Elements ; DSP 9x9 ; DSP 18x18 ; Pins ; Virtual Pins ; Full Hierarchy Name                                                                            ; Library Name ;
+--------------------------------------------+-------------------+--------------+-------------+--------------+---------+-----------+------+--------------+------------------------------------------------------------------------------------------------+--------------+
; |Bai1                                      ; 115 (0)           ; 26 (0)       ; 0           ; 0            ; 0       ; 0         ; 31   ; 0            ; |Bai1                                                                                          ; work         ;
;    |Control:inst|                          ; 9 (0)             ; 3 (0)        ; 0           ; 0            ; 0       ; 0         ; 0    ; 0            ; |Bai1|Control:inst                                                                             ; work         ;
;       |CurrentState:inst2|                 ; 1 (1)             ; 3 (3)        ; 0           ; 0            ; 0       ; 0         ; 0    ; 0            ; |Bai1|Control:inst|CurrentState:inst2                                                          ; work         ;
;       |NextState2:inst|                    ; 3 (3)             ; 0 (0)        ; 0           ; 0            ; 0       ; 0         ; 0    ; 0            ; |Bai1|Control:inst|NextState2:inst                                                             ; work         ;
;       |OutputBlock:inst3|                  ; 5 (5)             ; 0 (0)        ; 0           ; 0            ; 0       ; 0         ; 0    ; 0            ; |Bai1|Control:inst|OutputBlock:inst3                                                           ; work         ;
;    |Datapath:inst3|                        ; 106 (0)           ; 23 (0)       ; 0           ; 0            ; 0       ; 0         ; 0    ; 0            ; |Bai1|Datapath:inst3                                                                           ; work         ;
;       |MinMax:inst7|                       ; 2 (0)             ; 0 (0)        ; 0           ; 0            ; 0       ; 0         ; 0    ; 0            ; |Bai1|Datapath:inst3|MinMax:inst7                                                              ; work         ;
;          |busmux:inst|                     ; 2 (0)             ; 0 (0)        ; 0           ; 0            ; 0       ; 0         ; 0    ; 0            ; |Bai1|Datapath:inst3|MinMax:inst7|busmux:inst                                                  ; work         ;
;             |lpm_mux:$00000|               ; 2 (0)             ; 0 (0)        ; 0           ; 0            ; 0       ; 0         ; 0    ; 0            ; |Bai1|Datapath:inst3|MinMax:inst7|busmux:inst|lpm_mux:$00000                                   ; work         ;
;                |mux_smc:auto_generated|    ; 2 (2)             ; 0 (0)        ; 0           ; 0            ; 0       ; 0         ; 0    ; 0            ; |Bai1|Datapath:inst3|MinMax:inst7|busmux:inst|lpm_mux:$00000|mux_smc:auto_generated            ; work         ;
;       |MinMax:inst8|                       ; 9 (0)             ; 0 (0)        ; 0           ; 0            ; 0       ; 0         ; 0    ; 0            ; |Bai1|Datapath:inst3|MinMax:inst8                                                              ; work         ;
;          |SubnBit:inst1|                   ; 9 (0)             ; 0 (0)        ; 0           ; 0            ; 0       ; 0         ; 0    ; 0            ; |Bai1|Datapath:inst3|MinMax:inst8|SubnBit:inst1                                                ; work         ;
;             |Sub1Bit:inst1|                ; 5 (5)             ; 0 (0)        ; 0           ; 0            ; 0       ; 0         ; 0    ; 0            ; |Bai1|Datapath:inst3|MinMax:inst8|SubnBit:inst1|Sub1Bit:inst1                                  ; work         ;
;             |Sub1Bit:inst3|                ; 1 (1)             ; 0 (0)        ; 0           ; 0            ; 0       ; 0         ; 0    ; 0            ; |Bai1|Datapath:inst3|MinMax:inst8|SubnBit:inst1|Sub1Bit:inst3                                  ; work         ;
;             |Sub1Bit:inst6|                ; 1 (1)             ; 0 (0)        ; 0           ; 0            ; 0       ; 0         ; 0    ; 0            ; |Bai1|Datapath:inst3|MinMax:inst8|SubnBit:inst1|Sub1Bit:inst6                                  ; work         ;
;             |Sub1Bit:inst7|                ; 1 (1)             ; 0 (0)        ; 0           ; 0            ; 0       ; 0         ; 0    ; 0            ; |Bai1|Datapath:inst3|MinMax:inst8|SubnBit:inst1|Sub1Bit:inst7                                  ; work         ;
;             |Sub1Bit:inst|                 ; 1 (1)             ; 0 (0)        ; 0           ; 0            ; 0       ; 0         ; 0    ; 0            ; |Bai1|Datapath:inst3|MinMax:inst8|SubnBit:inst1|Sub1Bit:inst                                   ; work         ;
;       |Mux41:inst3|                        ; 10 (0)            ; 0 (0)        ; 0           ; 0            ; 0       ; 0         ; 0    ; 0            ; |Bai1|Datapath:inst3|Mux41:inst3                                                               ; work         ;
;          |busmux:inst1|                    ; 10 (0)            ; 0 (0)        ; 0           ; 0            ; 0       ; 0         ; 0    ; 0            ; |Bai1|Datapath:inst3|Mux41:inst3|busmux:inst1                                                  ; work         ;
;             |lpm_mux:$00000|               ; 10 (0)            ; 0 (0)        ; 0           ; 0            ; 0       ; 0         ; 0    ; 0            ; |Bai1|Datapath:inst3|Mux41:inst3|busmux:inst1|lpm_mux:$00000                                   ; work         ;
;                |mux_smc:auto_generated|    ; 10 (10)           ; 0 (0)        ; 0           ; 0            ; 0       ; 0         ; 0    ; 0            ; |Bai1|Datapath:inst3|Mux41:inst3|busmux:inst1|lpm_mux:$00000|mux_smc:auto_generated            ; work         ;
;       |Mux81:inst4|                        ; 7 (0)             ; 0 (0)        ; 0           ; 0            ; 0       ; 0         ; 0    ; 0            ; |Bai1|Datapath:inst3|Mux81:inst4                                                               ; work         ;
;          |Mux41:inst|                      ; 4 (0)             ; 0 (0)        ; 0           ; 0            ; 0       ; 0         ; 0    ; 0            ; |Bai1|Datapath:inst3|Mux81:inst4|Mux41:inst                                                    ; work         ;
;             |busmux:inst2|                 ; 4 (0)             ; 0 (0)        ; 0           ; 0            ; 0       ; 0         ; 0    ; 0            ; |Bai1|Datapath:inst3|Mux81:inst4|Mux41:inst|busmux:inst2                                       ; work         ;
;                |lpm_mux:$00000|            ; 4 (0)             ; 0 (0)        ; 0           ; 0            ; 0       ; 0         ; 0    ; 0            ; |Bai1|Datapath:inst3|Mux81:inst4|Mux41:inst|busmux:inst2|lpm_mux:$00000                        ; work         ;
;                   |mux_smc:auto_generated| ; 4 (4)             ; 0 (0)        ; 0           ; 0            ; 0       ; 0         ; 0    ; 0            ; |Bai1|Datapath:inst3|Mux81:inst4|Mux41:inst|busmux:inst2|lpm_mux:$00000|mux_smc:auto_generated ; work         ;
;          |busmux:inst2|                    ; 3 (0)             ; 0 (0)        ; 0           ; 0            ; 0       ; 0         ; 0    ; 0            ; |Bai1|Datapath:inst3|Mux81:inst4|busmux:inst2                                                  ; work         ;
;             |lpm_mux:$00000|               ; 3 (0)             ; 0 (0)        ; 0           ; 0            ; 0       ; 0         ; 0    ; 0            ; |Bai1|Datapath:inst3|Mux81:inst4|busmux:inst2|lpm_mux:$00000                                   ; work         ;
;                |mux_smc:auto_generated|    ; 3 (3)             ; 0 (0)        ; 0           ; 0            ; 0       ; 0         ; 0    ; 0            ; |Bai1|Datapath:inst3|Mux81:inst4|busmux:inst2|lpm_mux:$00000|mux_smc:auto_generated            ; work         ;
;       |Register1x8:inst20|                 ; 29 (0)            ; 8 (0)        ; 0           ; 0            ; 0       ; 0         ; 0    ; 0            ; |Bai1|Datapath:inst3|Register1x8:inst20                                                        ; work         ;
;          |RFC:inst10|                      ; 4 (4)             ; 1 (1)        ; 0           ; 0            ; 0       ; 0         ; 0    ; 0            ; |Bai1|Datapath:inst3|Register1x8:inst20|RFC:inst10                                             ; work         ;
;          |RFC:inst11|                      ; 5 (5)             ; 1 (1)        ; 0           ; 0            ; 0       ; 0         ; 0    ; 0            ; |Bai1|Datapath:inst3|Register1x8:inst20|RFC:inst11                                             ; work         ;
;          |RFC:inst12|                      ; 0 (0)             ; 1 (1)        ; 0           ; 0            ; 0       ; 0         ; 0    ; 0            ; |Bai1|Datapath:inst3|Register1x8:inst20|RFC:inst12                                             ; work         ;
;          |RFC:inst3|                       ; 0 (0)             ; 1 (1)        ; 0           ; 0            ; 0       ; 0         ; 0    ; 0            ; |Bai1|Datapath:inst3|Register1x8:inst20|RFC:inst3                                              ; work         ;
;          |RFC:inst4|                       ; 5 (5)             ; 1 (1)        ; 0           ; 0            ; 0       ; 0         ; 0    ; 0            ; |Bai1|Datapath:inst3|Register1x8:inst20|RFC:inst4                                              ; work         ;
;          |RFC:inst7|                       ; 4 (4)             ; 1 (1)        ; 0           ; 0            ; 0       ; 0         ; 0    ; 0            ; |Bai1|Datapath:inst3|Register1x8:inst20|RFC:inst7                                              ; work         ;
;          |RFC:inst8|                       ; 7 (7)             ; 1 (1)        ; 0           ; 0            ; 0       ; 0         ; 0    ; 0            ; |Bai1|Datapath:inst3|Register1x8:inst20|RFC:inst8                                              ; work         ;
;          |RFC:inst9|                       ; 4 (4)             ; 1 (1)        ; 0           ; 0            ; 0       ; 0         ; 0    ; 0            ; |Bai1|Datapath:inst3|Register1x8:inst20|RFC:inst9                                              ; work         ;
;       |Register1x8:inst21|                 ; 0 (0)             ; 7 (0)        ; 0           ; 0            ; 0       ; 0         ; 0    ; 0            ; |Bai1|Datapath:inst3|Register1x8:inst21                                                        ; work         ;
;          |RFC:inst10|                      ; 0 (0)             ; 1 (1)        ; 0           ; 0            ; 0       ; 0         ; 0    ; 0            ; |Bai1|Datapath:inst3|Register1x8:inst21|RFC:inst10                                             ; work         ;
;          |RFC:inst11|                      ; 0 (0)             ; 1 (1)        ; 0           ; 0            ; 0       ; 0         ; 0    ; 0            ; |Bai1|Datapath:inst3|Register1x8:inst21|RFC:inst11                                             ; work         ;
;          |RFC:inst12|                      ; 0 (0)             ; 1 (1)        ; 0           ; 0            ; 0       ; 0         ; 0    ; 0            ; |Bai1|Datapath:inst3|Register1x8:inst21|RFC:inst12                                             ; work         ;
;          |RFC:inst4|                       ; 0 (0)             ; 1 (1)        ; 0           ; 0            ; 0       ; 0         ; 0    ; 0            ; |Bai1|Datapath:inst3|Register1x8:inst21|RFC:inst4                                              ; work         ;
;          |RFC:inst7|                       ; 0 (0)             ; 1 (1)        ; 0           ; 0            ; 0       ; 0         ; 0    ; 0            ; |Bai1|Datapath:inst3|Register1x8:inst21|RFC:inst7                                              ; work         ;
;          |RFC:inst8|                       ; 0 (0)             ; 1 (1)        ; 0           ; 0            ; 0       ; 0         ; 0    ; 0            ; |Bai1|Datapath:inst3|Register1x8:inst21|RFC:inst8                                              ; work         ;
;          |RFC:inst9|                       ; 0 (0)             ; 1 (1)        ; 0           ; 0            ; 0       ; 0         ; 0    ; 0            ; |Bai1|Datapath:inst3|Register1x8:inst21|RFC:inst9                                              ; work         ;
;       |Register1x8:inst|                   ; 18 (0)            ; 8 (0)        ; 0           ; 0            ; 0       ; 0         ; 0    ; 0            ; |Bai1|Datapath:inst3|Register1x8:inst                                                          ; work         ;
;          |RFC:inst10|                      ; 4 (4)             ; 1 (1)        ; 0           ; 0            ; 0       ; 0         ; 0    ; 0            ; |Bai1|Datapath:inst3|Register1x8:inst|RFC:inst10                                               ; work         ;
;          |RFC:inst11|                      ; 2 (2)             ; 1 (1)        ; 0           ; 0            ; 0       ; 0         ; 0    ; 0            ; |Bai1|Datapath:inst3|Register1x8:inst|RFC:inst11                                               ; work         ;
;          |RFC:inst12|                      ; 2 (2)             ; 1 (1)        ; 0           ; 0            ; 0       ; 0         ; 0    ; 0            ; |Bai1|Datapath:inst3|Register1x8:inst|RFC:inst12                                               ; work         ;
;          |RFC:inst3|                       ; 2 (2)             ; 1 (1)        ; 0           ; 0            ; 0       ; 0         ; 0    ; 0            ; |Bai1|Datapath:inst3|Register1x8:inst|RFC:inst3                                                ; work         ;
;          |RFC:inst4|                       ; 2 (2)             ; 1 (1)        ; 0           ; 0            ; 0       ; 0         ; 0    ; 0            ; |Bai1|Datapath:inst3|Register1x8:inst|RFC:inst4                                                ; work         ;
;          |RFC:inst7|                       ; 2 (2)             ; 1 (1)        ; 0           ; 0            ; 0       ; 0         ; 0    ; 0            ; |Bai1|Datapath:inst3|Register1x8:inst|RFC:inst7                                                ; work         ;
;          |RFC:inst8|                       ; 2 (2)             ; 1 (1)        ; 0           ; 0            ; 0       ; 0         ; 0    ; 0            ; |Bai1|Datapath:inst3|Register1x8:inst|RFC:inst8                                                ; work         ;
;          |RFC:inst9|                       ; 2 (2)             ; 1 (1)        ; 0           ; 0            ; 0       ; 0         ; 0    ; 0            ; |Bai1|Datapath:inst3|Register1x8:inst|RFC:inst9                                                ; work         ;
;       |SubnBit:inst11|                     ; 8 (0)             ; 0 (0)        ; 0           ; 0            ; 0       ; 0         ; 0    ; 0            ; |Bai1|Datapath:inst3|SubnBit:inst11                                                            ; work         ;
;          |Sub1Bit:inst2|                   ; 1 (1)             ; 0 (0)        ; 0           ; 0            ; 0       ; 0         ; 0    ; 0            ; |Bai1|Datapath:inst3|SubnBit:inst11|Sub1Bit:inst2                                              ; work         ;
;          |Sub1Bit:inst3|                   ; 1 (1)             ; 0 (0)        ; 0           ; 0            ; 0       ; 0         ; 0    ; 0            ; |Bai1|Datapath:inst3|SubnBit:inst11|Sub1Bit:inst3                                              ; work         ;
;          |Sub1Bit:inst5|                   ; 2 (2)             ; 0 (0)        ; 0           ; 0            ; 0       ; 0         ; 0    ; 0            ; |Bai1|Datapath:inst3|SubnBit:inst11|Sub1Bit:inst5                                              ; work         ;
;          |Sub1Bit:inst6|                   ; 1 (1)             ; 0 (0)        ; 0           ; 0            ; 0       ; 0         ; 0    ; 0            ; |Bai1|Datapath:inst3|SubnBit:inst11|Sub1Bit:inst6                                              ; work         ;
;          |Sub1Bit:inst7|                   ; 1 (1)             ; 0 (0)        ; 0           ; 0            ; 0       ; 0         ; 0    ; 0            ; |Bai1|Datapath:inst3|SubnBit:inst11|Sub1Bit:inst7                                              ; work         ;
;          |Sub1Bit:inst|                    ; 2 (2)             ; 0 (0)        ; 0           ; 0            ; 0       ; 0         ; 0    ; 0            ; |Bai1|Datapath:inst3|SubnBit:inst11|Sub1Bit:inst                                               ; work         ;
;       |Sum8Bit:inst10|                     ; 13 (0)            ; 0 (0)        ; 0           ; 0            ; 0       ; 0         ; 0    ; 0            ; |Bai1|Datapath:inst3|Sum8Bit:inst10                                                            ; work         ;
;          |Sum:inst1|                       ; 2 (2)             ; 0 (0)        ; 0           ; 0            ; 0       ; 0         ; 0    ; 0            ; |Bai1|Datapath:inst3|Sum8Bit:inst10|Sum:inst1                                                  ; work         ;
;          |Sum:inst2|                       ; 2 (2)             ; 0 (0)        ; 0           ; 0            ; 0       ; 0         ; 0    ; 0            ; |Bai1|Datapath:inst3|Sum8Bit:inst10|Sum:inst2                                                  ; work         ;
;          |Sum:inst3|                       ; 3 (3)             ; 0 (0)        ; 0           ; 0            ; 0       ; 0         ; 0    ; 0            ; |Bai1|Datapath:inst3|Sum8Bit:inst10|Sum:inst3                                                  ; work         ;
;          |Sum:inst4|                       ; 2 (2)             ; 0 (0)        ; 0           ; 0            ; 0       ; 0         ; 0    ; 0            ; |Bai1|Datapath:inst3|Sum8Bit:inst10|Sum:inst4                                                  ; work         ;
;          |Sum:inst5|                       ; 2 (2)             ; 0 (0)        ; 0           ; 0            ; 0       ; 0         ; 0    ; 0            ; |Bai1|Datapath:inst3|Sum8Bit:inst10|Sum:inst5                                                  ; work         ;
;          |Sum:inst7|                       ; 1 (1)             ; 0 (0)        ; 0           ; 0            ; 0       ; 0         ; 0    ; 0            ; |Bai1|Datapath:inst3|Sum8Bit:inst10|Sum:inst7                                                  ; work         ;
;          |Sum:inst|                        ; 1 (1)             ; 0 (0)        ; 0           ; 0            ; 0       ; 0         ; 0    ; 0            ; |Bai1|Datapath:inst3|Sum8Bit:inst10|Sum:inst                                                   ; work         ;
;       |TriTuyetDoi:inst5|                  ; 3 (0)             ; 0 (0)        ; 0           ; 0            ; 0       ; 0         ; 0    ; 0            ; |Bai1|Datapath:inst3|TriTuyetDoi:inst5                                                         ; work         ;
;          |SubnBit:inst1|                   ; 3 (0)             ; 0 (0)        ; 0           ; 0            ; 0       ; 0         ; 0    ; 0            ; |Bai1|Datapath:inst3|TriTuyetDoi:inst5|SubnBit:inst1                                           ; work         ;
;             |Sub1Bit:inst2|                ; 1 (1)             ; 0 (0)        ; 0           ; 0            ; 0       ; 0         ; 0    ; 0            ; |Bai1|Datapath:inst3|TriTuyetDoi:inst5|SubnBit:inst1|Sub1Bit:inst2                             ; work         ;
;             |Sub1Bit:inst7|                ; 2 (2)             ; 0 (0)        ; 0           ; 0            ; 0       ; 0         ; 0    ; 0            ; |Bai1|Datapath:inst3|TriTuyetDoi:inst5|SubnBit:inst1|Sub1Bit:inst7                             ; work         ;
;       |TriTuyetDoi:inst6|                  ; 7 (0)             ; 0 (0)        ; 0           ; 0            ; 0       ; 0         ; 0    ; 0            ; |Bai1|Datapath:inst3|TriTuyetDoi:inst6                                                         ; work         ;
;          |SubnBit:inst1|                   ; 5 (0)             ; 0 (0)        ; 0           ; 0            ; 0       ; 0         ; 0    ; 0            ; |Bai1|Datapath:inst3|TriTuyetDoi:inst6|SubnBit:inst1                                           ; work         ;
;             |Sub1Bit:inst1|                ; 1 (1)             ; 0 (0)        ; 0           ; 0            ; 0       ; 0         ; 0    ; 0            ; |Bai1|Datapath:inst3|TriTuyetDoi:inst6|SubnBit:inst1|Sub1Bit:inst1                             ; work         ;
;             |Sub1Bit:inst2|                ; 1 (1)             ; 0 (0)        ; 0           ; 0            ; 0       ; 0         ; 0    ; 0            ; |Bai1|Datapath:inst3|TriTuyetDoi:inst6|SubnBit:inst1|Sub1Bit:inst2                             ; work         ;
;             |Sub1Bit:inst6|                ; 1 (1)             ; 0 (0)        ; 0           ; 0            ; 0       ; 0         ; 0    ; 0            ; |Bai1|Datapath:inst3|TriTuyetDoi:inst6|SubnBit:inst1|Sub1Bit:inst6                             ; work         ;
;             |Sub1Bit:inst7|                ; 2 (2)             ; 0 (0)        ; 0           ; 0            ; 0       ; 0         ; 0    ; 0            ; |Bai1|Datapath:inst3|TriTuyetDoi:inst6|SubnBit:inst1|Sub1Bit:inst7                             ; work         ;
;          |busmux:inst|                     ; 2 (0)             ; 0 (0)        ; 0           ; 0            ; 0       ; 0         ; 0    ; 0            ; |Bai1|Datapath:inst3|TriTuyetDoi:inst6|busmux:inst                                             ; work         ;
;             |lpm_mux:$00000|               ; 2 (0)             ; 0 (0)        ; 0           ; 0            ; 0       ; 0         ; 0    ; 0            ; |Bai1|Datapath:inst3|TriTuyetDoi:inst6|busmux:inst|lpm_mux:$00000                              ; work         ;
;                |mux_smc:auto_generated|    ; 2 (2)             ; 0 (0)        ; 0           ; 0            ; 0       ; 0         ; 0    ; 0            ; |Bai1|Datapath:inst3|TriTuyetDoi:inst6|busmux:inst|lpm_mux:$00000|mux_smc:auto_generated       ; work         ;
+--------------------------------------------+-------------------+--------------+-------------+--------------+---------+-----------+------+--------------+------------------------------------------------------------------------------------------------+--------------+
Note: For table entries with two numbers listed, the numbers in parentheses indicate the number of resources of the given type used by the specific entity alone. The numbers listed outside of parentheses indicate the total resources of the given type used by the specific entity and all of its sub-entities in the hierarchy.


+-------------------------------------------------------------------------------------------+
; Registers Removed During Synthesis                                                        ;
+--------------------------------------------------+----------------------------------------+
; Register name                                    ; Reason for Removal                     ;
+--------------------------------------------------+----------------------------------------+
; Datapath:inst3|Register1x8:inst21|RFC:inst3|inst ; Stuck at GND due to stuck port data_in ;
; Total Number of Removed Registers = 1            ;                                        ;
+--------------------------------------------------+----------------------------------------+


+------------------------------------------------------+
; General Register Statistics                          ;
+----------------------------------------------+-------+
; Statistic                                    ; Value ;
+----------------------------------------------+-------+
; Total registers                              ; 26    ;
; Number of registers using Synchronous Clear  ; 1     ;
; Number of registers using Synchronous Load   ; 0     ;
; Number of registers using Asynchronous Clear ; 3     ;
; Number of registers using Asynchronous Load  ; 0     ;
; Number of registers using Clock Enable       ; 23    ;
; Number of registers using Preset             ; 0     ;
+----------------------------------------------+-------+


+----------------------------------------------------------------------------------------------------------------------------------------------------------------------+
; Multiplexer Restructuring Statistics (Restructuring Performed)                                                                                                       ;
+--------------------+-----------+---------------+----------------------+------------------------+------------+--------------------------------------------------------+
; Multiplexer Inputs ; Bus Width ; Baseline Area ; Area if Restructured ; Saving if Restructured ; Registered ; Example Multiplexer Output                             ;
+--------------------+-----------+---------------+----------------------+------------------------+------------+--------------------------------------------------------+
; 8:1                ; 6 bits    ; 30 LEs        ; 18 LEs               ; 12 LEs                 ; Yes        ; |Bai1|Datapath:inst3|Register1x8:inst20|RFC:inst8|inst ;
; 5:1                ; 8 bits    ; 24 LEs        ; 24 LEs               ; 0 LEs                  ; Yes        ; |Bai1|Datapath:inst3|Register1x8:inst|RFC:inst10|inst  ;
+--------------------+-----------+---------------+----------------------+------------------------+------------+--------------------------------------------------------+


+--------------------------------------------------------------------------------------+
; Parameter Settings for User Entity Instance: Datapath:inst3|Mux41:inst3|BUSMUX:inst2 ;
+----------------+-------+-------------------------------------------------------------+
; Parameter Name ; Value ; Type                                                        ;
+----------------+-------+-------------------------------------------------------------+
; WIDTH          ; 8     ; Signed Integer                                              ;
+----------------+-------+-------------------------------------------------------------+
Note: In order to hide this table in the UI and the text report file, please set the "Show Parameter Settings in Synthesis Report" option in "Analysis and Synthesis Settings -> More Settings" to "Off".


+-------------------------------------------------------------------------------------+
; Parameter Settings for User Entity Instance: Datapath:inst3|Mux41:inst3|BUSMUX:inst ;
+----------------+-------+------------------------------------------------------------+
; Parameter Name ; Value ; Type                                                       ;
+----------------+-------+------------------------------------------------------------+
; WIDTH          ; 8     ; Signed Integer                                             ;
+----------------+-------+------------------------------------------------------------+
Note: In order to hide this table in the UI and the text report file, please set the "Show Parameter Settings in Synthesis Report" option in "Analysis and Synthesis Settings -> More Settings" to "Off".


+--------------------------------------------------------------------------------------+
; Parameter Settings for User Entity Instance: Datapath:inst3|Mux41:inst3|BUSMUX:inst1 ;
+----------------+-------+-------------------------------------------------------------+
; Parameter Name ; Value ; Type                                                        ;
+----------------+-------+-------------------------------------------------------------+
; WIDTH          ; 8     ; Signed Integer                                              ;
+----------------+-------+-------------------------------------------------------------+
Note: In order to hide this table in the UI and the text report file, please set the "Show Parameter Settings in Synthesis Report" option in "Analysis and Synthesis Settings -> More Settings" to "Off".


+--------------------------------------------------------------------------------------+
; Parameter Settings for User Entity Instance: Datapath:inst3|MinMax:inst8|BUSMUX:inst ;
+----------------+-------+-------------------------------------------------------------+
; Parameter Name ; Value ; Type                                                        ;
+----------------+-------+-------------------------------------------------------------+
; WIDTH          ; 8     ; Signed Integer                                              ;
+----------------+-------+-------------------------------------------------------------+
Note: In order to hide this table in the UI and the text report file, please set the "Show Parameter Settings in Synthesis Report" option in "Analysis and Synthesis Settings -> More Settings" to "Off".


+--------------------------------------------------------------------------------------+
; Parameter Settings for User Entity Instance: Datapath:inst3|Mux81:inst4|BUSMUX:inst2 ;
+----------------+-------+-------------------------------------------------------------+
; Parameter Name ; Value ; Type                                                        ;
+----------------+-------+-------------------------------------------------------------+
; WIDTH          ; 8     ; Signed Integer                                              ;
+----------------+-------+-------------------------------------------------------------+
Note: In order to hide this table in the UI and the text report file, please set the "Show Parameter Settings in Synthesis Report" option in "Analysis and Synthesis Settings -> More Settings" to "Off".


+-------------------------------------------------------------------------------------------------+
; Parameter Settings for User Entity Instance: Datapath:inst3|Mux81:inst4|Mux41:inst|BUSMUX:inst2 ;
+----------------+-------+------------------------------------------------------------------------+
; Parameter Name ; Value ; Type                                                                   ;
+----------------+-------+------------------------------------------------------------------------+
; WIDTH          ; 8     ; Signed Integer                                                         ;
+----------------+-------+------------------------------------------------------------------------+
Note: In order to hide this table in the UI and the text report file, please set the "Show Parameter Settings in Synthesis Report" option in "Analysis and Synthesis Settings -> More Settings" to "Off".


+------------------------------------------------------------------------------------------------+
; Parameter Settings for User Entity Instance: Datapath:inst3|Mux81:inst4|Mux41:inst|BUSMUX:inst ;
+----------------+-------+-----------------------------------------------------------------------+
; Parameter Name ; Value ; Type                                                                  ;
+----------------+-------+-----------------------------------------------------------------------+
; WIDTH          ; 8     ; Signed Integer                                                        ;
+----------------+-------+-----------------------------------------------------------------------+
Note: In order to hide this table in the UI and the text report file, please set the "Show Parameter Settings in Synthesis Report" option in "Analysis and Synthesis Settings -> More Settings" to "Off".


+-------------------------------------------------------------------------------------------------+
; Parameter Settings for User Entity Instance: Datapath:inst3|Mux81:inst4|Mux41:inst|BUSMUX:inst1 ;
+----------------+-------+------------------------------------------------------------------------+
; Parameter Name ; Value ; Type                                                                   ;
+----------------+-------+------------------------------------------------------------------------+
; WIDTH          ; 8     ; Signed Integer                                                         ;
+----------------+-------+------------------------------------------------------------------------+
Note: In order to hide this table in the UI and the text report file, please set the "Show Parameter Settings in Synthesis Report" option in "Analysis and Synthesis Settings -> More Settings" to "Off".


+--------------------------------------------------------------------------------------------------+
; Parameter Settings for User Entity Instance: Datapath:inst3|Mux81:inst4|Mux41:inst1|BUSMUX:inst2 ;
+----------------+-------+-------------------------------------------------------------------------+
; Parameter Name ; Value ; Type                                                                    ;
+----------------+-------+-------------------------------------------------------------------------+
; WIDTH          ; 8     ; Signed Integer                                                          ;
+----------------+-------+-------------------------------------------------------------------------+
Note: In order to hide this table in the UI and the text report file, please set the "Show Parameter Settings in Synthesis Report" option in "Analysis and Synthesis Settings -> More Settings" to "Off".


+-------------------------------------------------------------------------------------------------+
; Parameter Settings for User Entity Instance: Datapath:inst3|Mux81:inst4|Mux41:inst1|BUSMUX:inst ;
+----------------+-------+------------------------------------------------------------------------+
; Parameter Name ; Value ; Type                                                                   ;
+----------------+-------+------------------------------------------------------------------------+
; WIDTH          ; 8     ; Signed Integer                                                         ;
+----------------+-------+------------------------------------------------------------------------+
Note: In order to hide this table in the UI and the text report file, please set the "Show Parameter Settings in Synthesis Report" option in "Analysis and Synthesis Settings -> More Settings" to "Off".


+--------------------------------------------------------------------------------------------------+
; Parameter Settings for User Entity Instance: Datapath:inst3|Mux81:inst4|Mux41:inst1|BUSMUX:inst1 ;
+----------------+-------+-------------------------------------------------------------------------+
; Parameter Name ; Value ; Type                                                                    ;
+----------------+-------+-------------------------------------------------------------------------+
; WIDTH          ; 8     ; Signed Integer                                                          ;
+----------------+-------+-------------------------------------------------------------------------+
Note: In order to hide this table in the UI and the text report file, please set the "Show Parameter Settings in Synthesis Report" option in "Analysis and Synthesis Settings -> More Settings" to "Off".


+-------------------------------------------------------------------------------------------+
; Parameter Settings for User Entity Instance: Datapath:inst3|TriTuyetDoi:inst6|BUSMUX:inst ;
+----------------+-------+------------------------------------------------------------------+
; Parameter Name ; Value ; Type                                                             ;
+----------------+-------+------------------------------------------------------------------+
; WIDTH          ; 8     ; Signed Integer                                                   ;
+----------------+-------+------------------------------------------------------------------+
Note: In order to hide this table in the UI and the text report file, please set the "Show Parameter Settings in Synthesis Report" option in "Analysis and Synthesis Settings -> More Settings" to "Off".


+--------------------------------------------------------------------------------------+
; Parameter Settings for User Entity Instance: Datapath:inst3|MinMax:inst7|BUSMUX:inst ;
+----------------+-------+-------------------------------------------------------------+
; Parameter Name ; Value ; Type                                                        ;
+----------------+-------+-------------------------------------------------------------+
; WIDTH          ; 8     ; Signed Integer                                              ;
+----------------+-------+-------------------------------------------------------------+
Note: In order to hide this table in the UI and the text report file, please set the "Show Parameter Settings in Synthesis Report" option in "Analysis and Synthesis Settings -> More Settings" to "Off".


+-------------------------------------------------------------------------------------------+
; Parameter Settings for User Entity Instance: Datapath:inst3|TriTuyetDoi:inst5|BUSMUX:inst ;
+----------------+-------+------------------------------------------------------------------+
; Parameter Name ; Value ; Type                                                             ;
+----------------+-------+------------------------------------------------------------------+
; WIDTH          ; 8     ; Signed Integer                                                   ;
+----------------+-------+------------------------------------------------------------------+
Note: In order to hide this table in the UI and the text report file, please set the "Show Parameter Settings in Synthesis Report" option in "Analysis and Synthesis Settings -> More Settings" to "Off".


+-------------------------------+
; Elapsed Time Per Partition    ;
+----------------+--------------+
; Partition Name ; Elapsed Time ;
+----------------+--------------+
; Top            ; 00:00:00     ;
+----------------+--------------+


+-------------------------------+
; Analysis & Synthesis Messages ;
+-------------------------------+
Info: *******************************************************************
Info: Running Quartus II 64-Bit Analysis & Synthesis
    Info: Version 13.0.1 Build 232 06/12/2013 Service Pack 1 SJ Web Edition
    Info: Processing started: Sun Dec 01 10:21:26 2024
Info: Command: quartus_map --read_settings_files=on --write_settings_files=off Bai1 -c Bai1
Warning (20028): Parallel compilation is not licensed and has been disabled
Info (12021): Found 1 design units, including 1 entities, in source file rfc.bdf
    Info (12023): Found entity 1: RFC
Info (12021): Found 1 design units, including 1 entities, in source file bai1.bdf
    Info (12023): Found entity 1: Bai1
Info (12021): Found 1 design units, including 1 entities, in source file trituyetdoi.bdf
    Info (12023): Found entity 1: TriTuyetDoi
Warning (12090): Entity "Mux41" obtained from "Mux41.bdf" instead of from Quartus II megafunction library
Info (12021): Found 1 design units, including 1 entities, in source file mux41.bdf
    Info (12023): Found entity 1: Mux41
Info (12021): Found 1 design units, including 1 entities, in source file mux81.bdf
    Info (12023): Found entity 1: Mux81
Info (12021): Found 1 design units, including 1 entities, in source file minmax.bdf
    Info (12023): Found entity 1: MinMax
Info (12021): Found 1 design units, including 1 entities, in source file datapath.bdf
    Info (12023): Found entity 1: Datapath
Info (12021): Found 1 design units, including 1 entities, in source file control.bdf
    Info (12023): Found entity 1: Control
Info (12021): Found 1 design units, including 1 entities, in source file 1bitrigthshift.bdf
    Info (12023): Found entity 1: 1BitRigthShift
Info (12021): Found 1 design units, including 1 entities, in source file register.bdf
    Info (12023): Found entity 1: register
Info (12021): Found 1 design units, including 1 entities, in source file outputblock.bdf
    Info (12023): Found entity 1: OutputBlock
Info (12021): Found 1 design units, including 1 entities, in source file nextstate2.bdf
    Info (12023): Found entity 1: NextState2
Info (12021): Found 1 design units, including 1 entities, in source file control2.bdf
    Info (12023): Found entity 1: Control2
Info (12127): Elaborating entity "Bai1" for the top level hierarchy
Info (12128): Elaborating entity "Control" for hierarchy "Control:inst"
Info (12128): Elaborating entity "OutputBlock" for hierarchy "Control:inst|OutputBlock:inst3"
Warning (12125): Using design file currentstate.bdf, which is not specified as a design file for the current project, but contains definitions for 1 design units and 1 entities in project
    Info (12023): Found entity 1: CurrentState
Info (12128): Elaborating entity "CurrentState" for hierarchy "Control:inst|CurrentState:inst2"
Info (12128): Elaborating entity "NextState2" for hierarchy "Control:inst|NextState2:inst"
Info (12128): Elaborating entity "Datapath" for hierarchy "Datapath:inst3"
Warning (275083): Bus "Y1[7..0]" found using same base name as "Y", which might lead to a name conflict.
Warning (275083): Bus "Y2[7..0]" found using same base name as "Y", which might lead to a name conflict.
Warning (275083): Bus "Y2[7..0]" found using same base name as "Y", which might lead to a name conflict.
Warning (275083): Bus "Y1[7..0]" found using same base name as "Y", which might lead to a name conflict.
Warning (275080): Converted elements in bus name "Y" using legacy naming rules. Make any assignments on the new names, not on the original names.
    Warning (275081): Converted element name(s) from "Y[7..0]" to "Y7..0"
Warning (275080): Converted elements in bus name "Y1" using legacy naming rules. Make any assignments on the new names, not on the original names.
    Warning (275081): Converted element name(s) from "Y1[7..0]" to "Y17..0"
    Warning (275081): Converted element name(s) from "Y1[7..0]" to "Y17..0"
Warning (275080): Converted elements in bus name "Y2" using legacy naming rules. Make any assignments on the new names, not on the original names.
    Warning (275081): Converted element name(s) from "Y2[7..0]" to "Y27..0"
    Warning (275081): Converted element name(s) from "Y2[7..0]" to "Y27..0"
Warning (12125): Using design file register1x8.bdf, which is not specified as a design file for the current project, but contains definitions for 1 design units and 1 entities in project
    Info (12023): Found entity 1: Register1x8
Info (12128): Elaborating entity "Register1x8" for hierarchy "Datapath:inst3|Register1x8:inst"
Info (12128): Elaborating entity "RFC" for hierarchy "Datapath:inst3|Register1x8:inst|RFC:inst3"
Info (12128): Elaborating entity "Mux41" for hierarchy "Datapath:inst3|Mux41:inst3"
Info (12128): Elaborating entity "BUSMUX" for hierarchy "Datapath:inst3|Mux41:inst3|BUSMUX:inst2"
Info (12130): Elaborated megafunction instantiation "Datapath:inst3|Mux41:inst3|BUSMUX:inst2"
Info (12133): Instantiated megafunction "Datapath:inst3|Mux41:inst3|BUSMUX:inst2" with the following parameter:
    Info (12134): Parameter "WIDTH" = "8"
Info (12128): Elaborating entity "lpm_mux" for hierarchy "Datapath:inst3|Mux41:inst3|BUSMUX:inst2|lpm_mux:$00000"
Info (12131): Elaborated megafunction instantiation "Datapath:inst3|Mux41:inst3|BUSMUX:inst2|lpm_mux:$00000", which is child of megafunction instantiation "Datapath:inst3|Mux41:inst3|BUSMUX:inst2"
Info (12021): Found 1 design units, including 1 entities, in source file db/mux_smc.tdf
    Info (12023): Found entity 1: mux_smc
Info (12128): Elaborating entity "mux_smc" for hierarchy "Datapath:inst3|Mux41:inst3|BUSMUX:inst2|lpm_mux:$00000|mux_smc:auto_generated"
Info (12128): Elaborating entity "MinMax" for hierarchy "Datapath:inst3|MinMax:inst8"
Warning (12125): Using design file subnbit.bdf, which is not specified as a design file for the current project, but contains definitions for 1 design units and 1 entities in project
    Info (12023): Found entity 1: SubnBit
Info (12128): Elaborating entity "SubnBit" for hierarchy "Datapath:inst3|MinMax:inst8|SubnBit:inst1"
Warning (12125): Using design file sub1bit.bdf, which is not specified as a design file for the current project, but contains definitions for 1 design units and 1 entities in project
    Info (12023): Found entity 1: Sub1Bit
Info (12128): Elaborating entity "Sub1Bit" for hierarchy "Datapath:inst3|MinMax:inst8|SubnBit:inst1|Sub1Bit:inst"
Info (12128): Elaborating entity "Mux81" for hierarchy "Datapath:inst3|Mux81:inst4"
Info (12128): Elaborating entity "TriTuyetDoi" for hierarchy "Datapath:inst3|TriTuyetDoi:inst6"
Warning (12125): Using design file sum8bit.bdf, which is not specified as a design file for the current project, but contains definitions for 1 design units and 1 entities in project
    Info (12023): Found entity 1: Sum8Bit
Info (12128): Elaborating entity "Sum8Bit" for hierarchy "Datapath:inst3|Sum8Bit:inst10"
Warning (275085): Found inconsistent dimensions for element "Cnext"
Warning (275080): Converted elements in bus name "Cnext" using legacy naming rules. Make any assignments on the new names, not on the original names.
    Warning (275081): Converted element name(s) from "Cnext[6]" to "Cnext6"
    Warning (275081): Converted element name(s) from "Cnext[4]" to "Cnext4"
    Warning (275081): Converted element name(s) from "Cnext[3]" to "Cnext3"
    Warning (275081): Converted element name(s) from "Cnext[5]" to "Cnext5"
    Warning (275081): Converted element name(s) from "Cnext[2]" to "Cnext2"
    Warning (275081): Converted element name(s) from "Cnext[1]" to "Cnext1"
    Warning (275081): Converted element name(s) from "Cnext[0]" to "Cnext0"
    Warning (275081): Converted element name(s) from "Cnext[7]" to "Cnext7"
    Warning (275081): Converted element name(s) from "Cnext[6]" to "Cnext6"
    Warning (275081): Converted element name(s) from "Cnext[5]" to "Cnext5"
    Warning (275081): Converted element name(s) from "Cnext[4]" to "Cnext4"
    Warning (275081): Converted element name(s) from "Cnext[3]" to "Cnext3"
    Warning (275081): Converted element name(s) from "Cnext[2]" to "Cnext2"
    Warning (275081): Converted element name(s) from "Cnext[1]" to "Cnext1"
    Warning (275081): Converted element name(s) from "Cnext[0]" to "Cnext0"
    Warning (275081): Converted element name(s) from "Cnext[7]" to "Cnext7"
Warning (12125): Using design file sum.bdf, which is not specified as a design file for the current project, but contains definitions for 1 design units and 1 entities in project
    Info (12023): Found entity 1: Sum
Info (12128): Elaborating entity "Sum" for hierarchy "Datapath:inst3|Sum8Bit:inst10|Sum:inst"
Info (12128): Elaborating entity "1BitRigthShift" for hierarchy "Datapath:inst3|1BitRigthShift:inst12"
Warning (12125): Using design file 3bitrigthshift.bdf, which is not specified as a design file for the current project, but contains definitions for 1 design units and 1 entities in project
    Info (12023): Found entity 1: 3BitRigthShift
Info (12128): Elaborating entity "3BitRigthShift" for hierarchy "Datapath:inst3|3BitRigthShift:inst13"
Warning (13046): Tri-state node(s) do not directly drive top-level pin(s)
    Warning (13049): Converted tri-state buffer "Datapath:inst3|Register1x8:inst21|RFC:inst10|inst1" feeding internal logic into a wire
    Warning (13049): Converted tri-state buffer "Datapath:inst3|Register1x8:inst21|RFC:inst11|inst1" feeding internal logic into a wire
    Warning (13049): Converted tri-state buffer "Datapath:inst3|Register1x8:inst21|RFC:inst9|inst1" feeding internal logic into a wire
    Warning (13049): Converted tri-state buffer "Datapath:inst3|Register1x8:inst21|RFC:inst4|inst1" feeding internal logic into a wire
    Warning (13049): Converted tri-state buffer "Datapath:inst3|Register1x8:inst21|RFC:inst12|inst1" feeding internal logic into a wire
    Warning (13049): Converted tri-state buffer "Datapath:inst3|Register1x8:inst21|RFC:inst8|inst1" feeding internal logic into a wire
    Warning (13049): Converted tri-state buffer "Datapath:inst3|Register1x8:inst21|RFC:inst7|inst1" feeding internal logic into a wire
    Warning (13049): Converted tri-state buffer "Datapath:inst3|Register1x8:inst21|RFC:inst3|inst1" feeding internal logic into a wire
    Warning (13049): Converted tri-state buffer "Datapath:inst3|Register1x8:inst20|RFC:inst10|inst1" feeding internal logic into a wire
    Warning (13049): Converted tri-state buffer "Datapath:inst3|Register1x8:inst20|RFC:inst11|inst1" feeding internal logic into a wire
    Warning (13049): Converted tri-state buffer "Datapath:inst3|Register1x8:inst20|RFC:inst9|inst1" feeding internal logic into a wire
    Warning (13049): Converted tri-state buffer "Datapath:inst3|Register1x8:inst20|RFC:inst4|inst1" feeding internal logic into a wire
    Warning (13049): Converted tri-state buffer "Datapath:inst3|Register1x8:inst20|RFC:inst12|inst1" feeding internal logic into a wire
    Warning (13049): Converted tri-state buffer "Datapath:inst3|Register1x8:inst20|RFC:inst8|inst1" feeding internal logic into a wire
    Warning (13049): Converted tri-state buffer "Datapath:inst3|Register1x8:inst20|RFC:inst7|inst1" feeding internal logic into a wire
    Warning (13049): Converted tri-state buffer "Datapath:inst3|Register1x8:inst20|RFC:inst3|inst1" feeding internal logic into a wire
Warning (13046): Tri-state node(s) do not directly drive top-level pin(s)
    Warning (13047): Converted the fan-out from the tri-state buffer "Datapath:inst3|Register1x8:inst|RFC:inst3|inst1" to the node "Datapath:inst3|SubnBit:inst11|Sub1Bit:inst|inst" into an OR gate
    Warning (13047): Converted the fan-out from the tri-state buffer "Datapath:inst3|Register1x8:inst|RFC:inst4|inst1" to the node "Datapath:inst3|MinMax:inst8|SubnBit:inst1|Sub1Bit:inst1|inst7" into an OR gate
    Warning (13047): Converted the fan-out from the tri-state buffer "Datapath:inst3|Register1x8:inst|RFC:inst7|inst1" to the node "Datapath:inst3|MinMax:inst8|SubnBit:inst1|Sub1Bit:inst2|inst7" into an OR gate
    Warning (13047): Converted the fan-out from the tri-state buffer "Datapath:inst3|Register1x8:inst|RFC:inst8|inst1" to the node "Datapath:inst3|MinMax:inst8|SubnBit:inst1|Sub1Bit:inst3|inst7" into an OR gate
    Warning (13047): Converted the fan-out from the tri-state buffer "Datapath:inst3|Register1x8:inst|RFC:inst9|inst1" to the node "Datapath:inst3|MinMax:inst8|SubnBit:inst1|Sub1Bit:inst7|inst7" into an OR gate
    Warning (13047): Converted the fan-out from the tri-state buffer "Datapath:inst3|Register1x8:inst|RFC:inst10|inst1" to the node "Datapath:inst3|MinMax:inst8|SubnBit:inst1|Sub1Bit:inst6|inst7" into an OR gate
    Warning (13047): Converted the fan-out from the tri-state buffer "Datapath:inst3|Register1x8:inst|RFC:inst11|inst1" to the node "Datapath:inst3|MinMax:inst8|SubnBit:inst1|Sub1Bit:inst5|inst7" into an OR gate
    Warning (13047): Converted the fan-out from the tri-state buffer "Datapath:inst3|Register1x8:inst|RFC:inst12|inst1" to the node "Datapath:inst3|SubnBit:inst11|Sub1Bit:inst4|inst7" into an OR gate
Info (16010): Generating hard_block partition "hard_block:auto_generated_inst"
    Info (16011): Adding 0 node(s), including 0 DDIO, 0 PLL, 0 transceiver and 0 LCELL
Info (21057): Implemented 153 device resources after synthesis - the final resource count might be different
    Info (21058): Implemented 19 input pins
    Info (21059): Implemented 12 output pins
    Info (21061): Implemented 122 logic cells
Info: Quartus II 64-Bit Analysis & Synthesis was successful. 0 errors, 65 warnings
    Info: Peak virtual memory: 4607 megabytes
    Info: Processing ended: Sun Dec 01 10:21:27 2024
    Info: Elapsed time: 00:00:01
    Info: Total CPU time (on all processors): 00:00:01


