Flow report for square_root_SRA
Tue Dec 03 04:40:38 2024
Quartus II 64-Bit Version 13.0.1 Build 232 06/12/2013 Service Pack 1 SJ Web Edition


---------------------
; Table of Contents ;
---------------------
  1. Legal Notice
  2. Flow Summary
  3. Flow Settings
  4. Flow Non-Default Global Settings
  5. Flow Elapsed Time
  6. Flow OS Summary
  7. Flow Log
  8. Flow Messages
  9. Flow Suppressed Messages



----------------
; Legal Notice ;
----------------
Copyright (C) 1991-2013 Altera Corporation
Your use of Altera Corporation's design tools, logic functions 
and other software and tools, and its AMPP partner logic 
functions, and any output files from any of the foregoing 
(including device programming or simulation files), and any 
associated documentation or information are expressly subject 
to the terms and conditions of the Altera Program License 
Subscription Agreement, Altera MegaCore Function License 
Agreement, or other applicable license agreement, including, 
without limitation, that your use is for the sole purpose of 
programming logic devices manufactured by Altera and sold by 
Altera or its authorized distributors.  Please refer to the 
applicable agreement for further details.



+--------------------------------------------------------------------------------------+
; Flow Summary                                                                         ;
+------------------------------------+-------------------------------------------------+
; Flow Status                        ; Successful - Tue Dec 03 04:40:38 2024           ;
; Quartus II 64-Bit Version          ; 13.0.1 Build 232 06/12/2013 SP 1 SJ Web Edition ;
; Revision Name                      ; square_root_SRA                                 ;
; Top-level Entity Name              ; sra_final2                                      ;
; Family                             ; Cyclone II                                      ;
; Device                             ; EP2C35F672C6                                    ;
; Timing Models                      ; Final                                           ;
; Total logic elements               ; 107                                             ;
;     Total combinational functions  ; 100                                             ;
;     Dedicated logic registers      ; 26                                              ;
; Total registers                    ; 26                                              ;
; Total pins                         ; 28                                              ;
; Total virtual pins                 ; 0                                               ;
; Total memory bits                  ; 0                                               ;
; Embedded Multiplier 9-bit elements ; 0                                               ;
; Total PLLs                         ; 0                                               ;
+------------------------------------+-------------------------------------------------+


+-----------------------------------------+
; Flow Settings                           ;
+-------------------+---------------------+
; Option            ; Setting             ;
+-------------------+---------------------+
; Start date & time ; 12/03/2024 04:39:54 ;
; Main task         ; Compilation         ;
; Revision Name     ; square_root_SRA     ;
+-------------------+---------------------+


+------------------------------------------------------------------------------------------------------------------------+
; Flow Non-Default Global Settings                                                                                       ;
+-------------------------------------+---------------------------------+-----------------+-------------+----------------+
; Assignment Name                     ; Value                           ; Default Value   ; Entity Name ; Section Id     ;
+-------------------------------------+---------------------------------+-----------------+-------------+----------------+
; COMPILER_SIGNATURE_ID               ; 118902024551235.173317559431384 ; --              ; --          ; --             ;
; EDA_GENERATE_FUNCTIONAL_NETLIST     ; On                              ; --              ; --          ; eda_simulation ;
; EDA_OUTPUT_DATA_FORMAT              ; Verilog Hdl                     ; --              ; --          ; eda_simulation ;
; EDA_SIMULATION_TOOL                 ; ModelSim-Altera (Verilog)       ; <None>          ; --          ; --             ;
; MAX_CORE_JUNCTION_TEMP              ; 85                              ; --              ; --          ; --             ;
; MIN_CORE_JUNCTION_TEMP              ; 0                               ; --              ; --          ; --             ;
; PARTITION_COLOR                     ; 16764057                        ; --              ; sra_final2  ; Top            ;
; PARTITION_FITTER_PRESERVATION_LEVEL ; PLACEMENT_AND_ROUTING           ; --              ; sra_final2  ; Top            ;
; PARTITION_NETLIST_TYPE              ; SOURCE                          ; --              ; sra_final2  ; Top            ;
; PROJECT_OUTPUT_DIRECTORY            ; output_files                    ; --              ; --          ; --             ;
; TOP_LEVEL_ENTITY                    ; sra_final2                      ; square_root_SRA ; --          ; --             ;
+-------------------------------------+---------------------------------+-----------------+-------------+----------------+


+--------------------------------------------------------------------------------------------------------------------------+
; Flow Elapsed Time                                                                                                        ;
+----------------------+--------------+-------------------------+---------------------+------------------------------------+
; Module Name          ; Elapsed Time ; Average Processors Used ; Peak Virtual Memory ; Total CPU Time (on all processors) ;
+----------------------+--------------+-------------------------+---------------------+------------------------------------+
; Analysis & Synthesis ; 00:00:01     ; 1.0                     ; 4607 MB             ; 00:00:01                           ;
; EDA Netlist Writer   ; 00:00:01     ; 1.0                     ; 4520 MB             ; 00:00:00                           ;
; EDA Netlist Writer   ; 00:00:00     ; 1.0                     ; 4520 MB             ; 00:00:00                           ;
; EDA Netlist Writer   ; 00:00:00     ; 1.0                     ; 4520 MB             ; 00:00:00                           ;
; EDA Netlist Writer   ; 00:00:00     ; 1.0                     ; 4520 MB             ; 00:00:00                           ;
; Total                ; 00:00:02     ; --                      ; --                  ; 00:00:01                           ;
+----------------------+--------------+-------------------------+---------------------+------------------------------------+


+-----------------------------------------------------------------------------------+
; Flow OS Summary                                                                   ;
+----------------------+------------------+-----------+------------+----------------+
; Module Name          ; Machine Hostname ; OS Name   ; OS Version ; Processor type ;
+----------------------+------------------+-----------+------------+----------------+
; Analysis & Synthesis ; Zaneee           ; Windows 7 ; 6.2        ; x86_64         ;
; EDA Netlist Writer   ; Zaneee           ; Windows 7 ; 6.2        ; x86_64         ;
; EDA Netlist Writer   ; Zaneee           ; Windows 7 ; 6.2        ; x86_64         ;
; EDA Netlist Writer   ; Zaneee           ; Windows 7 ; 6.2        ; x86_64         ;
; EDA Netlist Writer   ; Zaneee           ; Windows 7 ; 6.2        ; x86_64         ;
+----------------------+------------------+-----------+------------+----------------+


------------
; Flow Log ;
------------
quartus_map --read_settings_files=on --write_settings_files=off square_root_SRA -c square_root_SRA
quartus_eda --gen_testbench --check_outputs=on --tool=modelsim_oem --format=verilog square_root_SRA -c square_root_SRA --vector_source=D:/Documents/HK5/Thiet_Ke_Luan_Ly_So/Final_do_an_pan2/Final_do_an/square_root_SRA/Waveform16.vwf --testbench_file=./simulation/qsim/square_root_SRA.vt
quartus_eda --functional=on --simulation=on --tool=modelsim_oem --format=verilog square_root_SRA -c square_root_SRA
quartus_eda --gen_testbench --check_outputs=on --tool=modelsim_oem --format=verilog square_root_SRA -c square_root_SRA --vector_source=D:/Documents/HK5/Thiet_Ke_Luan_Ly_So/Final_do_an_pan2/Final_do_an/square_root_SRA/Waveform16.vwf --testbench_file=./simulation/qsim/square_root_SRA.vt
quartus_eda --functional=on --simulation=on --tool=modelsim_oem --format=verilog square_root_SRA -c square_root_SRA



