Analysis & Synthesis report for square_root_SRA
Tue Nov 19 03:41:54 2024
Quartus II 64-Bit Version 13.0.1 Build 232 06/12/2013 Service Pack 1 SJ Web Edition


---------------------
; Table of Contents ;
---------------------
  1. Legal Notice
  2. Analysis & Synthesis Summary
  3. Analysis & Synthesis Settings
  4. Parallel Compilation
  5. Analysis & Synthesis Source Files Read
  6. Analysis & Synthesis Resource Usage Summary
  7. Analysis & Synthesis Resource Utilization by Entity
  8. Registers Removed During Synthesis
  9. General Register Statistics
 10. Multiplexer Restructuring Statistics (Restructuring Performed)
 11. Parameter Settings for User Entity Instance: DATAPATH_DC:inst1|mux41_8bit:inst|BUSMUX:inst2
 12. Parameter Settings for User Entity Instance: DATAPATH_DC:inst1|mux41_8bit:inst|BUSMUX:inst
 13. Parameter Settings for User Entity Instance: DATAPATH_DC:inst1|mux41_8bit:inst|BUSMUX:inst1
 14. Parameter Settings for User Entity Instance: DATAPATH_DC:inst1|AbsMin:inst5|BUSMUX:inst10
 15. Parameter Settings for User Entity Instance: DATAPATH_DC:inst1|AbsMin:inst5|BUSMUX:inst12
 16. Parameter Settings for User Entity Instance: DATAPATH_DC:inst1|mux41_8bit:inst1|BUSMUX:inst2
 17. Parameter Settings for User Entity Instance: DATAPATH_DC:inst1|mux41_8bit:inst1|BUSMUX:inst
 18. Parameter Settings for User Entity Instance: DATAPATH_DC:inst1|mux41_8bit:inst1|BUSMUX:inst1
 19. Parameter Settings for User Entity Instance: DATAPATH_DC:inst1|AddAbsSubMax:inst6|BUSMUX:inst25
 20. Parameter Settings for User Entity Instance: DATAPATH_DC:inst1|AddAbsSubMax:inst6|BUSMUX:inst24
 21. Parameter Settings for User Entity Instance: DATAPATH_DC:inst1|BUSMUX:inst7
 22. Elapsed Time Per Partition
 23. Analysis & Synthesis Messages



----------------
; Legal Notice ;
----------------
Copyright (C) 1991-2013 Altera Corporation
Your use of Altera Corporation's design tools, logic functions 
and other software and tools, and its AMPP partner logic 
functions, and any output files from any of the foregoing 
(including device programming or simulation files), and any 
associated documentation or information are expressly subject 
to the terms and conditions of the Altera Program License 
Subscription Agreement, Altera MegaCore Function License 
Agreement, or other applicable license agreement, including, 
without limitation, that your use is for the sole purpose of 
programming logic devices manufactured by Altera and sold by 
Altera or its authorized distributors.  Please refer to the 
applicable agreement for further details.



+--------------------------------------------------------------------------------------+
; Analysis & Synthesis Summary                                                         ;
+------------------------------------+-------------------------------------------------+
; Analysis & Synthesis Status        ; Successful - Tue Nov 19 03:41:54 2024           ;
; Quartus II 64-Bit Version          ; 13.0.1 Build 232 06/12/2013 SP 1 SJ Web Edition ;
; Revision Name                      ; square_root_SRA                                 ;
; Top-level Entity Name              ; DC_FINAL                                        ;
; Family                             ; Cyclone II                                      ;
; Total logic elements               ; 243                                             ;
;     Total combinational functions  ; 182                                             ;
;     Dedicated logic registers      ; 87                                              ;
; Total registers                    ; 87                                              ;
; Total pins                         ; 26                                              ;
; Total virtual pins                 ; 0                                               ;
; Total memory bits                  ; 0                                               ;
; Embedded Multiplier 9-bit elements ; 0                                               ;
; Total PLLs                         ; 0                                               ;
+------------------------------------+-------------------------------------------------+


+----------------------------------------------------------------------------------------------------------------------+
; Analysis & Synthesis Settings                                                                                        ;
+----------------------------------------------------------------------------+--------------------+--------------------+
; Option                                                                     ; Setting            ; Default Value      ;
+----------------------------------------------------------------------------+--------------------+--------------------+
; Device                                                                     ; EP2C35F672C6       ;                    ;
; Top-level entity name                                                      ; DC_FINAL           ; square_root_SRA    ;
; Family name                                                                ; Cyclone II         ; Cyclone IV GX      ;
; Use smart compilation                                                      ; Off                ; Off                ;
; Enable parallel Assembler and TimeQuest Timing Analyzer during compilation ; On                 ; On                 ;
; Enable compact report table                                                ; Off                ; Off                ;
; Restructure Multiplexers                                                   ; Auto               ; Auto               ;
; Create Debugging Nodes for IP Cores                                        ; Off                ; Off                ;
; Preserve fewer node names                                                  ; On                 ; On                 ;
; Disable OpenCore Plus hardware evaluation                                  ; Off                ; Off                ;
; Verilog Version                                                            ; Verilog_2001       ; Verilog_2001       ;
; VHDL Version                                                               ; VHDL_1993          ; VHDL_1993          ;
; State Machine Processing                                                   ; Auto               ; Auto               ;
; Safe State Machine                                                         ; Off                ; Off                ;
; Extract Verilog State Machines                                             ; On                 ; On                 ;
; Extract VHDL State Machines                                                ; On                 ; On                 ;
; Ignore Verilog initial constructs                                          ; Off                ; Off                ;
; Iteration limit for constant Verilog loops                                 ; 5000               ; 5000               ;
; Iteration limit for non-constant Verilog loops                             ; 250                ; 250                ;
; Add Pass-Through Logic to Inferred RAMs                                    ; On                 ; On                 ;
; Infer RAMs from Raw Logic                                                  ; On                 ; On                 ;
; Parallel Synthesis                                                         ; On                 ; On                 ;
; DSP Block Balancing                                                        ; Auto               ; Auto               ;
; NOT Gate Push-Back                                                         ; On                 ; On                 ;
; Power-Up Don't Care                                                        ; On                 ; On                 ;
; Remove Redundant Logic Cells                                               ; Off                ; Off                ;
; Remove Duplicate Registers                                                 ; On                 ; On                 ;
; Ignore CARRY Buffers                                                       ; Off                ; Off                ;
; Ignore CASCADE Buffers                                                     ; Off                ; Off                ;
; Ignore GLOBAL Buffers                                                      ; Off                ; Off                ;
; Ignore ROW GLOBAL Buffers                                                  ; Off                ; Off                ;
; Ignore LCELL Buffers                                                       ; Off                ; Off                ;
; Ignore SOFT Buffers                                                        ; On                 ; On                 ;
; Limit AHDL Integers to 32 Bits                                             ; Off                ; Off                ;
; Optimization Technique                                                     ; Balanced           ; Balanced           ;
; Carry Chain Length                                                         ; 70                 ; 70                 ;
; Auto Carry Chains                                                          ; On                 ; On                 ;
; Auto Open-Drain Pins                                                       ; On                 ; On                 ;
; Perform WYSIWYG Primitive Resynthesis                                      ; Off                ; Off                ;
; Auto ROM Replacement                                                       ; On                 ; On                 ;
; Auto RAM Replacement                                                       ; On                 ; On                 ;
; Auto Shift Register Replacement                                            ; Auto               ; Auto               ;
; Allow Shift Register Merging across Hierarchies                            ; Auto               ; Auto               ;
; Auto Clock Enable Replacement                                              ; On                 ; On                 ;
; Strict RAM Replacement                                                     ; Off                ; Off                ;
; Allow Synchronous Control Signals                                          ; On                 ; On                 ;
; Force Use of Synchronous Clear Signals                                     ; Off                ; Off                ;
; Auto RAM to Logic Cell Conversion                                          ; Off                ; Off                ;
; Auto Resource Sharing                                                      ; Off                ; Off                ;
; Allow Any RAM Size For Recognition                                         ; Off                ; Off                ;
; Allow Any ROM Size For Recognition                                         ; Off                ; Off                ;
; Allow Any Shift Register Size For Recognition                              ; Off                ; Off                ;
; Use LogicLock Constraints during Resource Balancing                        ; On                 ; On                 ;
; Ignore translate_off and synthesis_off directives                          ; Off                ; Off                ;
; Timing-Driven Synthesis                                                    ; Off                ; Off                ;
; Report Parameter Settings                                                  ; On                 ; On                 ;
; Report Source Assignments                                                  ; On                 ; On                 ;
; Report Connectivity Checks                                                 ; On                 ; On                 ;
; Ignore Maximum Fan-Out Assignments                                         ; Off                ; Off                ;
; Synchronization Register Chain Length                                      ; 2                  ; 2                  ;
; PowerPlay Power Optimization                                               ; Normal compilation ; Normal compilation ;
; HDL message level                                                          ; Level2             ; Level2             ;
; Suppress Register Optimization Related Messages                            ; Off                ; Off                ;
; Number of Removed Registers Reported in Synthesis Report                   ; 5000               ; 5000               ;
; Number of Swept Nodes Reported in Synthesis Report                         ; 5000               ; 5000               ;
; Number of Inverted Registers Reported in Synthesis Report                  ; 100                ; 100                ;
; Clock MUX Protection                                                       ; On                 ; On                 ;
; Auto Gated Clock Conversion                                                ; Off                ; Off                ;
; Block Design Naming                                                        ; Auto               ; Auto               ;
; SDC constraint protection                                                  ; Off                ; Off                ;
; Synthesis Effort                                                           ; Auto               ; Auto               ;
; Shift Register Replacement - Allow Asynchronous Clear Signal               ; On                 ; On                 ;
; Pre-Mapping Resynthesis Optimization                                       ; Off                ; Off                ;
; Analysis & Synthesis Message Level                                         ; Medium             ; Medium             ;
; Disable Register Merging Across Hierarchies                                ; Auto               ; Auto               ;
; Resource Aware Inference For Block RAM                                     ; On                 ; On                 ;
; Synthesis Seed                                                             ; 1                  ; 1                  ;
+----------------------------------------------------------------------------+--------------------+--------------------+


Parallel compilation was disabled, but you have multiple processors available. Enable parallel compilation to reduce compilation time.
+-------------------------------------+
; Parallel Compilation                ;
+----------------------------+--------+
; Processors                 ; Number ;
+----------------------------+--------+
; Number detected on machine ; 16     ;
; Maximum allowed            ; 1      ;
+----------------------------+--------+


+------------------------------------------------------------------------------------------------------------------------------------------------------------------------------------------------+
; Analysis & Synthesis Source Files Read                                                                                                                                                         ;
+----------------------------------+-----------------+------------------------------------+--------------------------------------------------------------------------------------------+---------+
; File Name with User-Entered Path ; Used in Netlist ; File Type                          ; File Name with Absolute Path                                                               ; Library ;
+----------------------------------+-----------------+------------------------------------+--------------------------------------------------------------------------------------------+---------+
; mux41_8bit.bdf                   ; yes             ; User Block Diagram/Schematic File  ; D:/Documents/HK5/Thiet_Ke_Luan_Ly_So/Mo_Phong_Ly_Thuyet/square_root_SRA/mux41_8bit.bdf     ;         ;
; RFC.bdf                          ; yes             ; User Block Diagram/Schematic File  ; D:/Documents/HK5/Thiet_Ke_Luan_Ly_So/Mo_Phong_Ly_Thuyet/square_root_SRA/RFC.bdf            ;         ;
; Register4x4.bdf                  ; yes             ; User Block Diagram/Schematic File  ; D:/Documents/HK5/Thiet_Ke_Luan_Ly_So/Mo_Phong_Ly_Thuyet/square_root_SRA/Register4x4.bdf    ;         ;
; Decoder2_4.bdf                   ; yes             ; User Block Diagram/Schematic File  ; D:/Documents/HK5/Thiet_Ke_Luan_Ly_So/Mo_Phong_Ly_Thuyet/square_root_SRA/Decoder2_4.bdf     ;         ;
; Register4x8.bdf                  ; yes             ; User Block Diagram/Schematic File  ; D:/Documents/HK5/Thiet_Ke_Luan_Ly_So/Mo_Phong_Ly_Thuyet/square_root_SRA/Register4x8.bdf    ;         ;
; Register8x8.bdf                  ; yes             ; User Block Diagram/Schematic File  ; D:/Documents/HK5/Thiet_Ke_Luan_Ly_So/Mo_Phong_Ly_Thuyet/square_root_SRA/Register8x8.bdf    ;         ;
; 1BitRightShift.bdf               ; yes             ; User Block Diagram/Schematic File  ; D:/Documents/HK5/Thiet_Ke_Luan_Ly_So/Mo_Phong_Ly_Thuyet/square_root_SRA/1BitRightShift.bdf ;         ;
; 3BitRightShift.bdf               ; yes             ; User Block Diagram/Schematic File  ; D:/Documents/HK5/Thiet_Ke_Luan_Ly_So/Mo_Phong_Ly_Thuyet/square_root_SRA/3BitRightShift.bdf ;         ;
; FullAdder.bdf                    ; yes             ; User Block Diagram/Schematic File  ; D:/Documents/HK5/Thiet_Ke_Luan_Ly_So/Mo_Phong_Ly_Thuyet/square_root_SRA/FullAdder.bdf      ;         ;
; Adder8bit.bdf                    ; yes             ; User Block Diagram/Schematic File  ; D:/Documents/HK5/Thiet_Ke_Luan_Ly_So/Mo_Phong_Ly_Thuyet/square_root_SRA/Adder8bit.bdf      ;         ;
; CurrentState.bdf                 ; yes             ; User Block Diagram/Schematic File  ; D:/Documents/HK5/Thiet_Ke_Luan_Ly_So/Mo_Phong_Ly_Thuyet/square_root_SRA/CurrentState.bdf   ;         ;
; NextState.bdf                    ; yes             ; User Block Diagram/Schematic File  ; D:/Documents/HK5/Thiet_Ke_Luan_Ly_So/Mo_Phong_Ly_Thuyet/square_root_SRA/NextState.bdf      ;         ;
; FSM.bdf                          ; yes             ; User Block Diagram/Schematic File  ; D:/Documents/HK5/Thiet_Ke_Luan_Ly_So/Mo_Phong_Ly_Thuyet/square_root_SRA/FSM.bdf            ;         ;
; AbsMin.bdf                       ; yes             ; User Block Diagram/Schematic File  ; D:/Documents/HK5/Thiet_Ke_Luan_Ly_So/Mo_Phong_Ly_Thuyet/square_root_SRA/AbsMin.bdf         ;         ;
; AddAbsSubMax.bdf                 ; yes             ; User Block Diagram/Schematic File  ; D:/Documents/HK5/Thiet_Ke_Luan_Ly_So/Mo_Phong_Ly_Thuyet/square_root_SRA/AddAbsSubMax.bdf   ;         ;
; DATAPATH_DC.bdf                  ; yes             ; User Block Diagram/Schematic File  ; D:/Documents/HK5/Thiet_Ke_Luan_Ly_So/Mo_Phong_Ly_Thuyet/square_root_SRA/DATAPATH_DC.bdf    ;         ;
; DC_Controller.bdf                ; yes             ; User Block Diagram/Schematic File  ; D:/Documents/HK5/Thiet_Ke_Luan_Ly_So/Mo_Phong_Ly_Thuyet/square_root_SRA/DC_Controller.bdf  ;         ;
; DC_FINAL.bdf                     ; yes             ; User Block Diagram/Schematic File  ; D:/Documents/HK5/Thiet_Ke_Luan_Ly_So/Mo_Phong_Ly_Thuyet/square_root_SRA/DC_FINAL.bdf       ;         ;
; busmux.tdf                       ; yes             ; Megafunction                       ; c:/altera/13.0sp1/quartus/libraries/megafunctions/busmux.tdf                               ;         ;
; lpm_mux.inc                      ; yes             ; Megafunction                       ; c:/altera/13.0sp1/quartus/libraries/megafunctions/lpm_mux.inc                              ;         ;
; lpm_mux.tdf                      ; yes             ; Megafunction                       ; c:/altera/13.0sp1/quartus/libraries/megafunctions/lpm_mux.tdf                              ;         ;
; aglobal130.inc                   ; yes             ; Megafunction                       ; c:/altera/13.0sp1/quartus/libraries/megafunctions/aglobal130.inc                           ;         ;
; muxlut.inc                       ; yes             ; Megafunction                       ; c:/altera/13.0sp1/quartus/libraries/megafunctions/muxlut.inc                               ;         ;
; bypassff.inc                     ; yes             ; Megafunction                       ; c:/altera/13.0sp1/quartus/libraries/megafunctions/bypassff.inc                             ;         ;
; altshift.inc                     ; yes             ; Megafunction                       ; c:/altera/13.0sp1/quartus/libraries/megafunctions/altshift.inc                             ;         ;
; db/mux_smc.tdf                   ; yes             ; Auto-Generated Megafunction        ; D:/Documents/HK5/Thiet_Ke_Luan_Ly_So/Mo_Phong_Ly_Thuyet/square_root_SRA/db/mux_smc.tdf     ;         ;
+----------------------------------+-----------------+------------------------------------+--------------------------------------------------------------------------------------------+---------+


+-----------------------------------------------------+
; Analysis & Synthesis Resource Usage Summary         ;
+---------------------------------------------+-------+
; Resource                                    ; Usage ;
+---------------------------------------------+-------+
; Estimated Total logic elements              ; 243   ;
;                                             ;       ;
; Total combinational functions               ; 182   ;
; Logic element usage by number of LUT inputs ;       ;
;     -- 4 input functions                    ; 137   ;
;     -- 3 input functions                    ; 40    ;
;     -- <=2 input functions                  ; 5     ;
;                                             ;       ;
; Logic elements by mode                      ;       ;
;     -- normal mode                          ; 182   ;
;     -- arithmetic mode                      ; 0     ;
;                                             ;       ;
; Total registers                             ; 87    ;
;     -- Dedicated logic registers            ; 87    ;
;     -- I/O registers                        ; 0     ;
;                                             ;       ;
; I/O pins                                    ; 26    ;
; Embedded Multiplier 9-bit elements          ; 0     ;
; Maximum fan-out node                        ; CLK   ;
; Maximum fan-out                             ; 87    ;
; Total fan-out                               ; 954   ;
; Average fan-out                             ; 3.23  ;
+---------------------------------------------+-------+


+-------------------------------------------------------------------------------------------------------------------------------------------------------------------------------------------------------------------------------------------------------------------------+
; Analysis & Synthesis Resource Utilization by Entity                                                                                                                                                                                                                     ;
+-----------------------------------------+-------------------+--------------+-------------+--------------+---------+-----------+------+--------------+----------------------------------------------------------------------------------------------------+--------------+
; Compilation Hierarchy Node              ; LC Combinationals ; LC Registers ; Memory Bits ; DSP Elements ; DSP 9x9 ; DSP 18x18 ; Pins ; Virtual Pins ; Full Hierarchy Name                                                                                ; Library Name ;
+-----------------------------------------+-------------------+--------------+-------------+--------------+---------+-----------+------+--------------+----------------------------------------------------------------------------------------------------+--------------+
; |DC_FINAL                               ; 182 (0)           ; 87 (0)       ; 0           ; 0            ; 0       ; 0         ; 26   ; 0            ; |DC_FINAL                                                                                          ; work         ;
;    |DATAPATH_DC:inst1|                  ; 171 (0)           ; 84 (0)       ; 0           ; 0            ; 0       ; 0         ; 0    ; 0            ; |DC_FINAL|DATAPATH_DC:inst1                                                                        ; work         ;
;       |AbsMin:inst5|                    ; 25 (1)            ; 0 (0)        ; 0           ; 0            ; 0       ; 0         ; 0    ; 0            ; |DC_FINAL|DATAPATH_DC:inst1|AbsMin:inst5                                                           ; work         ;
;          |Adder8bit:inst|               ; 10 (0)            ; 0 (0)        ; 0           ; 0            ; 0       ; 0         ; 0    ; 0            ; |DC_FINAL|DATAPATH_DC:inst1|AbsMin:inst5|Adder8bit:inst                                            ; work         ;
;             |FullAdder:inst1|           ; 1 (1)             ; 0 (0)        ; 0           ; 0            ; 0       ; 0         ; 0    ; 0            ; |DC_FINAL|DATAPATH_DC:inst1|AbsMin:inst5|Adder8bit:inst|FullAdder:inst1                            ; work         ;
;             |FullAdder:inst2|           ; 1 (1)             ; 0 (0)        ; 0           ; 0            ; 0       ; 0         ; 0    ; 0            ; |DC_FINAL|DATAPATH_DC:inst1|AbsMin:inst5|Adder8bit:inst|FullAdder:inst2                            ; work         ;
;             |FullAdder:inst3|           ; 1 (1)             ; 0 (0)        ; 0           ; 0            ; 0       ; 0         ; 0    ; 0            ; |DC_FINAL|DATAPATH_DC:inst1|AbsMin:inst5|Adder8bit:inst|FullAdder:inst3                            ; work         ;
;             |FullAdder:inst6|           ; 3 (3)             ; 0 (0)        ; 0           ; 0            ; 0       ; 0         ; 0    ; 0            ; |DC_FINAL|DATAPATH_DC:inst1|AbsMin:inst5|Adder8bit:inst|FullAdder:inst6                            ; work         ;
;             |FullAdder:inst7|           ; 1 (1)             ; 0 (0)        ; 0           ; 0            ; 0       ; 0         ; 0    ; 0            ; |DC_FINAL|DATAPATH_DC:inst1|AbsMin:inst5|Adder8bit:inst|FullAdder:inst7                            ; work         ;
;             |FullAdder:inst8|           ; 1 (1)             ; 0 (0)        ; 0           ; 0            ; 0       ; 0         ; 0    ; 0            ; |DC_FINAL|DATAPATH_DC:inst1|AbsMin:inst5|Adder8bit:inst|FullAdder:inst8                            ; work         ;
;             |FullAdder:inst|            ; 2 (2)             ; 0 (0)        ; 0           ; 0            ; 0       ; 0         ; 0    ; 0            ; |DC_FINAL|DATAPATH_DC:inst1|AbsMin:inst5|Adder8bit:inst|FullAdder:inst                             ; work         ;
;          |busmux:inst10|                ; 14 (0)            ; 0 (0)        ; 0           ; 0            ; 0       ; 0         ; 0    ; 0            ; |DC_FINAL|DATAPATH_DC:inst1|AbsMin:inst5|busmux:inst10                                             ; work         ;
;             |lpm_mux:$00000|            ; 14 (0)            ; 0 (0)        ; 0           ; 0            ; 0       ; 0         ; 0    ; 0            ; |DC_FINAL|DATAPATH_DC:inst1|AbsMin:inst5|busmux:inst10|lpm_mux:$00000                              ; work         ;
;                |mux_smc:auto_generated| ; 14 (14)           ; 0 (0)        ; 0           ; 0            ; 0       ; 0         ; 0    ; 0            ; |DC_FINAL|DATAPATH_DC:inst1|AbsMin:inst5|busmux:inst10|lpm_mux:$00000|mux_smc:auto_generated       ; work         ;
;       |AddAbsSubMax:inst6|              ; 41 (11)           ; 0 (0)        ; 0           ; 0            ; 0       ; 0         ; 0    ; 0            ; |DC_FINAL|DATAPATH_DC:inst1|AddAbsSubMax:inst6                                                     ; work         ;
;          |Adder8bit:inst|               ; 14 (0)            ; 0 (0)        ; 0           ; 0            ; 0       ; 0         ; 0    ; 0            ; |DC_FINAL|DATAPATH_DC:inst1|AddAbsSubMax:inst6|Adder8bit:inst                                      ; work         ;
;             |FullAdder:inst1|           ; 2 (2)             ; 0 (0)        ; 0           ; 0            ; 0       ; 0         ; 0    ; 0            ; |DC_FINAL|DATAPATH_DC:inst1|AddAbsSubMax:inst6|Adder8bit:inst|FullAdder:inst1                      ; work         ;
;             |FullAdder:inst2|           ; 2 (2)             ; 0 (0)        ; 0           ; 0            ; 0       ; 0         ; 0    ; 0            ; |DC_FINAL|DATAPATH_DC:inst1|AddAbsSubMax:inst6|Adder8bit:inst|FullAdder:inst2                      ; work         ;
;             |FullAdder:inst3|           ; 2 (2)             ; 0 (0)        ; 0           ; 0            ; 0       ; 0         ; 0    ; 0            ; |DC_FINAL|DATAPATH_DC:inst1|AddAbsSubMax:inst6|Adder8bit:inst|FullAdder:inst3                      ; work         ;
;             |FullAdder:inst4|           ; 1 (1)             ; 0 (0)        ; 0           ; 0            ; 0       ; 0         ; 0    ; 0            ; |DC_FINAL|DATAPATH_DC:inst1|AddAbsSubMax:inst6|Adder8bit:inst|FullAdder:inst4                      ; work         ;
;             |FullAdder:inst6|           ; 2 (2)             ; 0 (0)        ; 0           ; 0            ; 0       ; 0         ; 0    ; 0            ; |DC_FINAL|DATAPATH_DC:inst1|AddAbsSubMax:inst6|Adder8bit:inst|FullAdder:inst6                      ; work         ;
;             |FullAdder:inst7|           ; 2 (2)             ; 0 (0)        ; 0           ; 0            ; 0       ; 0         ; 0    ; 0            ; |DC_FINAL|DATAPATH_DC:inst1|AddAbsSubMax:inst6|Adder8bit:inst|FullAdder:inst7                      ; work         ;
;             |FullAdder:inst8|           ; 2 (2)             ; 0 (0)        ; 0           ; 0            ; 0       ; 0         ; 0    ; 0            ; |DC_FINAL|DATAPATH_DC:inst1|AddAbsSubMax:inst6|Adder8bit:inst|FullAdder:inst8                      ; work         ;
;             |FullAdder:inst|            ; 1 (1)             ; 0 (0)        ; 0           ; 0            ; 0       ; 0         ; 0    ; 0            ; |DC_FINAL|DATAPATH_DC:inst1|AddAbsSubMax:inst6|Adder8bit:inst|FullAdder:inst                       ; work         ;
;          |busmux:inst25|                ; 16 (0)            ; 0 (0)        ; 0           ; 0            ; 0       ; 0         ; 0    ; 0            ; |DC_FINAL|DATAPATH_DC:inst1|AddAbsSubMax:inst6|busmux:inst25                                       ; work         ;
;             |lpm_mux:$00000|            ; 16 (0)            ; 0 (0)        ; 0           ; 0            ; 0       ; 0         ; 0    ; 0            ; |DC_FINAL|DATAPATH_DC:inst1|AddAbsSubMax:inst6|busmux:inst25|lpm_mux:$00000                        ; work         ;
;                |mux_smc:auto_generated| ; 16 (16)           ; 0 (0)        ; 0           ; 0            ; 0       ; 0         ; 0    ; 0            ; |DC_FINAL|DATAPATH_DC:inst1|AddAbsSubMax:inst6|busmux:inst25|lpm_mux:$00000|mux_smc:auto_generated ; work         ;
;       |Register4x8:inst2|               ; 35 (0)            ; 32 (0)       ; 0           ; 0            ; 0       ; 0         ; 0    ; 0            ; |DC_FINAL|DATAPATH_DC:inst1|Register4x8:inst2                                                      ; work         ;
;          |Register4x4:inst1|            ; 15 (0)            ; 16 (0)       ; 0           ; 0            ; 0       ; 0         ; 0    ; 0            ; |DC_FINAL|DATAPATH_DC:inst1|Register4x8:inst2|Register4x4:inst1                                    ; work         ;
;             |RFC:inst10|                ; 0 (0)             ; 1 (1)        ; 0           ; 0            ; 0       ; 0         ; 0    ; 0            ; |DC_FINAL|DATAPATH_DC:inst1|Register4x8:inst2|Register4x4:inst1|RFC:inst10                         ; work         ;
;             |RFC:inst11|                ; 0 (0)             ; 1 (1)        ; 0           ; 0            ; 0       ; 0         ; 0    ; 0            ; |DC_FINAL|DATAPATH_DC:inst1|Register4x8:inst2|Register4x4:inst1|RFC:inst11                         ; work         ;
;             |RFC:inst12|                ; 0 (0)             ; 1 (1)        ; 0           ; 0            ; 0       ; 0         ; 0    ; 0            ; |DC_FINAL|DATAPATH_DC:inst1|Register4x8:inst2|Register4x4:inst1|RFC:inst12                         ; work         ;
;             |RFC:inst13|                ; 0 (0)             ; 1 (1)        ; 0           ; 0            ; 0       ; 0         ; 0    ; 0            ; |DC_FINAL|DATAPATH_DC:inst1|Register4x8:inst2|Register4x4:inst1|RFC:inst13                         ; work         ;
;             |RFC:inst14|                ; 0 (0)             ; 1 (1)        ; 0           ; 0            ; 0       ; 0         ; 0    ; 0            ; |DC_FINAL|DATAPATH_DC:inst1|Register4x8:inst2|Register4x4:inst1|RFC:inst14                         ; work         ;
;             |RFC:inst15|                ; 0 (0)             ; 1 (1)        ; 0           ; 0            ; 0       ; 0         ; 0    ; 0            ; |DC_FINAL|DATAPATH_DC:inst1|Register4x8:inst2|Register4x4:inst1|RFC:inst15                         ; work         ;
;             |RFC:inst16|                ; 0 (0)             ; 1 (1)        ; 0           ; 0            ; 0       ; 0         ; 0    ; 0            ; |DC_FINAL|DATAPATH_DC:inst1|Register4x8:inst2|Register4x4:inst1|RFC:inst16                         ; work         ;
;             |RFC:inst17|                ; 0 (0)             ; 1 (1)        ; 0           ; 0            ; 0       ; 0         ; 0    ; 0            ; |DC_FINAL|DATAPATH_DC:inst1|Register4x8:inst2|Register4x4:inst1|RFC:inst17                         ; work         ;
;             |RFC:inst18|                ; 0 (0)             ; 1 (1)        ; 0           ; 0            ; 0       ; 0         ; 0    ; 0            ; |DC_FINAL|DATAPATH_DC:inst1|Register4x8:inst2|Register4x4:inst1|RFC:inst18                         ; work         ;
;             |RFC:inst3|                 ; 4 (4)             ; 1 (1)        ; 0           ; 0            ; 0       ; 0         ; 0    ; 0            ; |DC_FINAL|DATAPATH_DC:inst1|Register4x8:inst2|Register4x4:inst1|RFC:inst3                          ; work         ;
;             |RFC:inst4|                 ; 4 (4)             ; 1 (1)        ; 0           ; 0            ; 0       ; 0         ; 0    ; 0            ; |DC_FINAL|DATAPATH_DC:inst1|Register4x8:inst2|Register4x4:inst1|RFC:inst4                          ; work         ;
;             |RFC:inst5|                 ; 4 (4)             ; 1 (1)        ; 0           ; 0            ; 0       ; 0         ; 0    ; 0            ; |DC_FINAL|DATAPATH_DC:inst1|Register4x8:inst2|Register4x4:inst1|RFC:inst5                          ; work         ;
;             |RFC:inst6|                 ; 3 (3)             ; 1 (1)        ; 0           ; 0            ; 0       ; 0         ; 0    ; 0            ; |DC_FINAL|DATAPATH_DC:inst1|Register4x8:inst2|Register4x4:inst1|RFC:inst6                          ; work         ;
;             |RFC:inst7|                 ; 0 (0)             ; 1 (1)        ; 0           ; 0            ; 0       ; 0         ; 0    ; 0            ; |DC_FINAL|DATAPATH_DC:inst1|Register4x8:inst2|Register4x4:inst1|RFC:inst7                          ; work         ;
;             |RFC:inst8|                 ; 0 (0)             ; 1 (1)        ; 0           ; 0            ; 0       ; 0         ; 0    ; 0            ; |DC_FINAL|DATAPATH_DC:inst1|Register4x8:inst2|Register4x4:inst1|RFC:inst8                          ; work         ;
;             |RFC:inst9|                 ; 0 (0)             ; 1 (1)        ; 0           ; 0            ; 0       ; 0         ; 0    ; 0            ; |DC_FINAL|DATAPATH_DC:inst1|Register4x8:inst2|Register4x4:inst1|RFC:inst9                          ; work         ;
;          |Register4x4:inst|             ; 20 (0)            ; 16 (0)       ; 0           ; 0            ; 0       ; 0         ; 0    ; 0            ; |DC_FINAL|DATAPATH_DC:inst1|Register4x8:inst2|Register4x4:inst                                     ; work         ;
;             |Decoder2_4:inst20|         ; 1 (1)             ; 0 (0)        ; 0           ; 0            ; 0       ; 0         ; 0    ; 0            ; |DC_FINAL|DATAPATH_DC:inst1|Register4x8:inst2|Register4x4:inst|Decoder2_4:inst20                   ; work         ;
;             |Decoder2_4:inst|           ; 2 (2)             ; 0 (0)        ; 0           ; 0            ; 0       ; 0         ; 0    ; 0            ; |DC_FINAL|DATAPATH_DC:inst1|Register4x8:inst2|Register4x4:inst|Decoder2_4:inst                     ; work         ;
;             |RFC:inst10|                ; 0 (0)             ; 1 (1)        ; 0           ; 0            ; 0       ; 0         ; 0    ; 0            ; |DC_FINAL|DATAPATH_DC:inst1|Register4x8:inst2|Register4x4:inst|RFC:inst10                          ; work         ;
;             |RFC:inst11|                ; 0 (0)             ; 1 (1)        ; 0           ; 0            ; 0       ; 0         ; 0    ; 0            ; |DC_FINAL|DATAPATH_DC:inst1|Register4x8:inst2|Register4x4:inst|RFC:inst11                          ; work         ;
;             |RFC:inst12|                ; 0 (0)             ; 1 (1)        ; 0           ; 0            ; 0       ; 0         ; 0    ; 0            ; |DC_FINAL|DATAPATH_DC:inst1|Register4x8:inst2|Register4x4:inst|RFC:inst12                          ; work         ;
;             |RFC:inst13|                ; 0 (0)             ; 1 (1)        ; 0           ; 0            ; 0       ; 0         ; 0    ; 0            ; |DC_FINAL|DATAPATH_DC:inst1|Register4x8:inst2|Register4x4:inst|RFC:inst13                          ; work         ;
;             |RFC:inst14|                ; 0 (0)             ; 1 (1)        ; 0           ; 0            ; 0       ; 0         ; 0    ; 0            ; |DC_FINAL|DATAPATH_DC:inst1|Register4x8:inst2|Register4x4:inst|RFC:inst14                          ; work         ;
;             |RFC:inst15|                ; 0 (0)             ; 1 (1)        ; 0           ; 0            ; 0       ; 0         ; 0    ; 0            ; |DC_FINAL|DATAPATH_DC:inst1|Register4x8:inst2|Register4x4:inst|RFC:inst15                          ; work         ;
;             |RFC:inst16|                ; 0 (0)             ; 1 (1)        ; 0           ; 0            ; 0       ; 0         ; 0    ; 0            ; |DC_FINAL|DATAPATH_DC:inst1|Register4x8:inst2|Register4x4:inst|RFC:inst16                          ; work         ;
;             |RFC:inst17|                ; 0 (0)             ; 1 (1)        ; 0           ; 0            ; 0       ; 0         ; 0    ; 0            ; |DC_FINAL|DATAPATH_DC:inst1|Register4x8:inst2|Register4x4:inst|RFC:inst17                          ; work         ;
;             |RFC:inst18|                ; 0 (0)             ; 1 (1)        ; 0           ; 0            ; 0       ; 0         ; 0    ; 0            ; |DC_FINAL|DATAPATH_DC:inst1|Register4x8:inst2|Register4x4:inst|RFC:inst18                          ; work         ;
;             |RFC:inst3|                 ; 5 (5)             ; 1 (1)        ; 0           ; 0            ; 0       ; 0         ; 0    ; 0            ; |DC_FINAL|DATAPATH_DC:inst1|Register4x8:inst2|Register4x4:inst|RFC:inst3                           ; work         ;
;             |RFC:inst4|                 ; 4 (4)             ; 1 (1)        ; 0           ; 0            ; 0       ; 0         ; 0    ; 0            ; |DC_FINAL|DATAPATH_DC:inst1|Register4x8:inst2|Register4x4:inst|RFC:inst4                           ; work         ;
;             |RFC:inst5|                 ; 4 (4)             ; 1 (1)        ; 0           ; 0            ; 0       ; 0         ; 0    ; 0            ; |DC_FINAL|DATAPATH_DC:inst1|Register4x8:inst2|Register4x4:inst|RFC:inst5                           ; work         ;
;             |RFC:inst6|                 ; 4 (4)             ; 1 (1)        ; 0           ; 0            ; 0       ; 0         ; 0    ; 0            ; |DC_FINAL|DATAPATH_DC:inst1|Register4x8:inst2|Register4x4:inst|RFC:inst6                           ; work         ;
;             |RFC:inst7|                 ; 0 (0)             ; 1 (1)        ; 0           ; 0            ; 0       ; 0         ; 0    ; 0            ; |DC_FINAL|DATAPATH_DC:inst1|Register4x8:inst2|Register4x4:inst|RFC:inst7                           ; work         ;
;             |RFC:inst8|                 ; 0 (0)             ; 1 (1)        ; 0           ; 0            ; 0       ; 0         ; 0    ; 0            ; |DC_FINAL|DATAPATH_DC:inst1|Register4x8:inst2|Register4x4:inst|RFC:inst8                           ; work         ;
;             |RFC:inst9|                 ; 0 (0)             ; 1 (1)        ; 0           ; 0            ; 0       ; 0         ; 0    ; 0            ; |DC_FINAL|DATAPATH_DC:inst1|Register4x8:inst2|Register4x4:inst|RFC:inst9                           ; work         ;
;       |Register4x8:inst4|               ; 0 (0)             ; 7 (0)        ; 0           ; 0            ; 0       ; 0         ; 0    ; 0            ; |DC_FINAL|DATAPATH_DC:inst1|Register4x8:inst4                                                      ; work         ;
;          |Register4x4:inst1|            ; 0 (0)             ; 4 (0)        ; 0           ; 0            ; 0       ; 0         ; 0    ; 0            ; |DC_FINAL|DATAPATH_DC:inst1|Register4x8:inst4|Register4x4:inst1                                    ; work         ;
;             |RFC:inst3|                 ; 0 (0)             ; 1 (1)        ; 0           ; 0            ; 0       ; 0         ; 0    ; 0            ; |DC_FINAL|DATAPATH_DC:inst1|Register4x8:inst4|Register4x4:inst1|RFC:inst3                          ; work         ;
;             |RFC:inst4|                 ; 0 (0)             ; 1 (1)        ; 0           ; 0            ; 0       ; 0         ; 0    ; 0            ; |DC_FINAL|DATAPATH_DC:inst1|Register4x8:inst4|Register4x4:inst1|RFC:inst4                          ; work         ;
;             |RFC:inst5|                 ; 0 (0)             ; 1 (1)        ; 0           ; 0            ; 0       ; 0         ; 0    ; 0            ; |DC_FINAL|DATAPATH_DC:inst1|Register4x8:inst4|Register4x4:inst1|RFC:inst5                          ; work         ;
;             |RFC:inst6|                 ; 0 (0)             ; 1 (1)        ; 0           ; 0            ; 0       ; 0         ; 0    ; 0            ; |DC_FINAL|DATAPATH_DC:inst1|Register4x8:inst4|Register4x4:inst1|RFC:inst6                          ; work         ;
;          |Register4x4:inst|             ; 0 (0)             ; 3 (0)        ; 0           ; 0            ; 0       ; 0         ; 0    ; 0            ; |DC_FINAL|DATAPATH_DC:inst1|Register4x8:inst4|Register4x4:inst                                     ; work         ;
;             |RFC:inst4|                 ; 0 (0)             ; 1 (1)        ; 0           ; 0            ; 0       ; 0         ; 0    ; 0            ; |DC_FINAL|DATAPATH_DC:inst1|Register4x8:inst4|Register4x4:inst|RFC:inst4                           ; work         ;
;             |RFC:inst5|                 ; 0 (0)             ; 1 (1)        ; 0           ; 0            ; 0       ; 0         ; 0    ; 0            ; |DC_FINAL|DATAPATH_DC:inst1|Register4x8:inst4|Register4x4:inst|RFC:inst5                           ; work         ;
;             |RFC:inst6|                 ; 0 (0)             ; 1 (1)        ; 0           ; 0            ; 0       ; 0         ; 0    ; 0            ; |DC_FINAL|DATAPATH_DC:inst1|Register4x8:inst4|Register4x4:inst|RFC:inst6                           ; work         ;
;       |Register8x8:inst3|               ; 29 (29)           ; 45 (0)       ; 0           ; 0            ; 0       ; 0         ; 0    ; 0            ; |DC_FINAL|DATAPATH_DC:inst1|Register8x8:inst3                                                      ; work         ;
;          |Register4x4:inst1|            ; 0 (0)             ; 16 (0)       ; 0           ; 0            ; 0       ; 0         ; 0    ; 0            ; |DC_FINAL|DATAPATH_DC:inst1|Register8x8:inst3|Register4x4:inst1                                    ; work         ;
;             |RFC:inst10|                ; 0 (0)             ; 1 (1)        ; 0           ; 0            ; 0       ; 0         ; 0    ; 0            ; |DC_FINAL|DATAPATH_DC:inst1|Register8x8:inst3|Register4x4:inst1|RFC:inst10                         ; work         ;
;             |RFC:inst11|                ; 0 (0)             ; 1 (1)        ; 0           ; 0            ; 0       ; 0         ; 0    ; 0            ; |DC_FINAL|DATAPATH_DC:inst1|Register8x8:inst3|Register4x4:inst1|RFC:inst11                         ; work         ;
;             |RFC:inst12|                ; 0 (0)             ; 1 (1)        ; 0           ; 0            ; 0       ; 0         ; 0    ; 0            ; |DC_FINAL|DATAPATH_DC:inst1|Register8x8:inst3|Register4x4:inst1|RFC:inst12                         ; work         ;
;             |RFC:inst13|                ; 0 (0)             ; 1 (1)        ; 0           ; 0            ; 0       ; 0         ; 0    ; 0            ; |DC_FINAL|DATAPATH_DC:inst1|Register8x8:inst3|Register4x4:inst1|RFC:inst13                         ; work         ;
;             |RFC:inst14|                ; 0 (0)             ; 1 (1)        ; 0           ; 0            ; 0       ; 0         ; 0    ; 0            ; |DC_FINAL|DATAPATH_DC:inst1|Register8x8:inst3|Register4x4:inst1|RFC:inst14                         ; work         ;
;             |RFC:inst15|                ; 0 (0)             ; 1 (1)        ; 0           ; 0            ; 0       ; 0         ; 0    ; 0            ; |DC_FINAL|DATAPATH_DC:inst1|Register8x8:inst3|Register4x4:inst1|RFC:inst15                         ; work         ;
;             |RFC:inst16|                ; 0 (0)             ; 1 (1)        ; 0           ; 0            ; 0       ; 0         ; 0    ; 0            ; |DC_FINAL|DATAPATH_DC:inst1|Register8x8:inst3|Register4x4:inst1|RFC:inst16                         ; work         ;
;             |RFC:inst17|                ; 0 (0)             ; 1 (1)        ; 0           ; 0            ; 0       ; 0         ; 0    ; 0            ; |DC_FINAL|DATAPATH_DC:inst1|Register8x8:inst3|Register4x4:inst1|RFC:inst17                         ; work         ;
;             |RFC:inst18|                ; 0 (0)             ; 1 (1)        ; 0           ; 0            ; 0       ; 0         ; 0    ; 0            ; |DC_FINAL|DATAPATH_DC:inst1|Register8x8:inst3|Register4x4:inst1|RFC:inst18                         ; work         ;
;             |RFC:inst3|                 ; 0 (0)             ; 1 (1)        ; 0           ; 0            ; 0       ; 0         ; 0    ; 0            ; |DC_FINAL|DATAPATH_DC:inst1|Register8x8:inst3|Register4x4:inst1|RFC:inst3                          ; work         ;
;             |RFC:inst4|                 ; 0 (0)             ; 1 (1)        ; 0           ; 0            ; 0       ; 0         ; 0    ; 0            ; |DC_FINAL|DATAPATH_DC:inst1|Register8x8:inst3|Register4x4:inst1|RFC:inst4                          ; work         ;
;             |RFC:inst5|                 ; 0 (0)             ; 1 (1)        ; 0           ; 0            ; 0       ; 0         ; 0    ; 0            ; |DC_FINAL|DATAPATH_DC:inst1|Register8x8:inst3|Register4x4:inst1|RFC:inst5                          ; work         ;
;             |RFC:inst6|                 ; 0 (0)             ; 1 (1)        ; 0           ; 0            ; 0       ; 0         ; 0    ; 0            ; |DC_FINAL|DATAPATH_DC:inst1|Register8x8:inst3|Register4x4:inst1|RFC:inst6                          ; work         ;
;             |RFC:inst7|                 ; 0 (0)             ; 1 (1)        ; 0           ; 0            ; 0       ; 0         ; 0    ; 0            ; |DC_FINAL|DATAPATH_DC:inst1|Register8x8:inst3|Register4x4:inst1|RFC:inst7                          ; work         ;
;             |RFC:inst8|                 ; 0 (0)             ; 1 (1)        ; 0           ; 0            ; 0       ; 0         ; 0    ; 0            ; |DC_FINAL|DATAPATH_DC:inst1|Register8x8:inst3|Register4x4:inst1|RFC:inst8                          ; work         ;
;             |RFC:inst9|                 ; 0 (0)             ; 1 (1)        ; 0           ; 0            ; 0       ; 0         ; 0    ; 0            ; |DC_FINAL|DATAPATH_DC:inst1|Register8x8:inst3|Register4x4:inst1|RFC:inst9                          ; work         ;
;          |Register4x4:inst2|            ; 0 (0)             ; 8 (0)        ; 0           ; 0            ; 0       ; 0         ; 0    ; 0            ; |DC_FINAL|DATAPATH_DC:inst1|Register8x8:inst3|Register4x4:inst2                                    ; work         ;
;             |RFC:inst10|                ; 0 (0)             ; 1 (1)        ; 0           ; 0            ; 0       ; 0         ; 0    ; 0            ; |DC_FINAL|DATAPATH_DC:inst1|Register8x8:inst3|Register4x4:inst2|RFC:inst10                         ; work         ;
;             |RFC:inst3|                 ; 0 (0)             ; 1 (1)        ; 0           ; 0            ; 0       ; 0         ; 0    ; 0            ; |DC_FINAL|DATAPATH_DC:inst1|Register8x8:inst3|Register4x4:inst2|RFC:inst3                          ; work         ;
;             |RFC:inst4|                 ; 0 (0)             ; 1 (1)        ; 0           ; 0            ; 0       ; 0         ; 0    ; 0            ; |DC_FINAL|DATAPATH_DC:inst1|Register8x8:inst3|Register4x4:inst2|RFC:inst4                          ; work         ;
;             |RFC:inst5|                 ; 0 (0)             ; 1 (1)        ; 0           ; 0            ; 0       ; 0         ; 0    ; 0            ; |DC_FINAL|DATAPATH_DC:inst1|Register8x8:inst3|Register4x4:inst2|RFC:inst5                          ; work         ;
;             |RFC:inst6|                 ; 0 (0)             ; 1 (1)        ; 0           ; 0            ; 0       ; 0         ; 0    ; 0            ; |DC_FINAL|DATAPATH_DC:inst1|Register8x8:inst3|Register4x4:inst2|RFC:inst6                          ; work         ;
;             |RFC:inst7|                 ; 0 (0)             ; 1 (1)        ; 0           ; 0            ; 0       ; 0         ; 0    ; 0            ; |DC_FINAL|DATAPATH_DC:inst1|Register8x8:inst3|Register4x4:inst2|RFC:inst7                          ; work         ;
;             |RFC:inst8|                 ; 0 (0)             ; 1 (1)        ; 0           ; 0            ; 0       ; 0         ; 0    ; 0            ; |DC_FINAL|DATAPATH_DC:inst1|Register8x8:inst3|Register4x4:inst2|RFC:inst8                          ; work         ;
;             |RFC:inst9|                 ; 0 (0)             ; 1 (1)        ; 0           ; 0            ; 0       ; 0         ; 0    ; 0            ; |DC_FINAL|DATAPATH_DC:inst1|Register8x8:inst3|Register4x4:inst2|RFC:inst9                          ; work         ;
;          |Register4x4:inst3|            ; 0 (0)             ; 8 (0)        ; 0           ; 0            ; 0       ; 0         ; 0    ; 0            ; |DC_FINAL|DATAPATH_DC:inst1|Register8x8:inst3|Register4x4:inst3                                    ; work         ;
;             |RFC:inst10|                ; 0 (0)             ; 1 (1)        ; 0           ; 0            ; 0       ; 0         ; 0    ; 0            ; |DC_FINAL|DATAPATH_DC:inst1|Register8x8:inst3|Register4x4:inst3|RFC:inst10                         ; work         ;
;             |RFC:inst3|                 ; 0 (0)             ; 1 (1)        ; 0           ; 0            ; 0       ; 0         ; 0    ; 0            ; |DC_FINAL|DATAPATH_DC:inst1|Register8x8:inst3|Register4x4:inst3|RFC:inst3                          ; work         ;
;             |RFC:inst4|                 ; 0 (0)             ; 1 (1)        ; 0           ; 0            ; 0       ; 0         ; 0    ; 0            ; |DC_FINAL|DATAPATH_DC:inst1|Register8x8:inst3|Register4x4:inst3|RFC:inst4                          ; work         ;
;             |RFC:inst5|                 ; 0 (0)             ; 1 (1)        ; 0           ; 0            ; 0       ; 0         ; 0    ; 0            ; |DC_FINAL|DATAPATH_DC:inst1|Register8x8:inst3|Register4x4:inst3|RFC:inst5                          ; work         ;
;             |RFC:inst6|                 ; 0 (0)             ; 1 (1)        ; 0           ; 0            ; 0       ; 0         ; 0    ; 0            ; |DC_FINAL|DATAPATH_DC:inst1|Register8x8:inst3|Register4x4:inst3|RFC:inst6                          ; work         ;
;             |RFC:inst7|                 ; 0 (0)             ; 1 (1)        ; 0           ; 0            ; 0       ; 0         ; 0    ; 0            ; |DC_FINAL|DATAPATH_DC:inst1|Register8x8:inst3|Register4x4:inst3|RFC:inst7                          ; work         ;
;             |RFC:inst8|                 ; 0 (0)             ; 1 (1)        ; 0           ; 0            ; 0       ; 0         ; 0    ; 0            ; |DC_FINAL|DATAPATH_DC:inst1|Register8x8:inst3|Register4x4:inst3|RFC:inst8                          ; work         ;
;             |RFC:inst9|                 ; 0 (0)             ; 1 (1)        ; 0           ; 0            ; 0       ; 0         ; 0    ; 0            ; |DC_FINAL|DATAPATH_DC:inst1|Register8x8:inst3|Register4x4:inst3|RFC:inst9                          ; work         ;
;          |Register4x4:inst|             ; 0 (0)             ; 13 (0)       ; 0           ; 0            ; 0       ; 0         ; 0    ; 0            ; |DC_FINAL|DATAPATH_DC:inst1|Register8x8:inst3|Register4x4:inst                                     ; work         ;
;             |RFC:inst10|                ; 0 (0)             ; 1 (1)        ; 0           ; 0            ; 0       ; 0         ; 0    ; 0            ; |DC_FINAL|DATAPATH_DC:inst1|Register8x8:inst3|Register4x4:inst|RFC:inst10                          ; work         ;
;             |RFC:inst11|                ; 0 (0)             ; 1 (1)        ; 0           ; 0            ; 0       ; 0         ; 0    ; 0            ; |DC_FINAL|DATAPATH_DC:inst1|Register8x8:inst3|Register4x4:inst|RFC:inst11                          ; work         ;
;             |RFC:inst12|                ; 0 (0)             ; 1 (1)        ; 0           ; 0            ; 0       ; 0         ; 0    ; 0            ; |DC_FINAL|DATAPATH_DC:inst1|Register8x8:inst3|Register4x4:inst|RFC:inst12                          ; work         ;
;             |RFC:inst13|                ; 0 (0)             ; 1 (1)        ; 0           ; 0            ; 0       ; 0         ; 0    ; 0            ; |DC_FINAL|DATAPATH_DC:inst1|Register8x8:inst3|Register4x4:inst|RFC:inst13                          ; work         ;
;             |RFC:inst14|                ; 0 (0)             ; 1 (1)        ; 0           ; 0            ; 0       ; 0         ; 0    ; 0            ; |DC_FINAL|DATAPATH_DC:inst1|Register8x8:inst3|Register4x4:inst|RFC:inst14                          ; work         ;
;             |RFC:inst18|                ; 0 (0)             ; 1 (1)        ; 0           ; 0            ; 0       ; 0         ; 0    ; 0            ; |DC_FINAL|DATAPATH_DC:inst1|Register8x8:inst3|Register4x4:inst|RFC:inst18                          ; work         ;
;             |RFC:inst3|                 ; 0 (0)             ; 1 (1)        ; 0           ; 0            ; 0       ; 0         ; 0    ; 0            ; |DC_FINAL|DATAPATH_DC:inst1|Register8x8:inst3|Register4x4:inst|RFC:inst3                           ; work         ;
;             |RFC:inst4|                 ; 0 (0)             ; 1 (1)        ; 0           ; 0            ; 0       ; 0         ; 0    ; 0            ; |DC_FINAL|DATAPATH_DC:inst1|Register8x8:inst3|Register4x4:inst|RFC:inst4                           ; work         ;
;             |RFC:inst5|                 ; 0 (0)             ; 1 (1)        ; 0           ; 0            ; 0       ; 0         ; 0    ; 0            ; |DC_FINAL|DATAPATH_DC:inst1|Register8x8:inst3|Register4x4:inst|RFC:inst5                           ; work         ;
;             |RFC:inst6|                 ; 0 (0)             ; 1 (1)        ; 0           ; 0            ; 0       ; 0         ; 0    ; 0            ; |DC_FINAL|DATAPATH_DC:inst1|Register8x8:inst3|Register4x4:inst|RFC:inst6                           ; work         ;
;             |RFC:inst7|                 ; 0 (0)             ; 1 (1)        ; 0           ; 0            ; 0       ; 0         ; 0    ; 0            ; |DC_FINAL|DATAPATH_DC:inst1|Register8x8:inst3|Register4x4:inst|RFC:inst7                           ; work         ;
;             |RFC:inst8|                 ; 0 (0)             ; 1 (1)        ; 0           ; 0            ; 0       ; 0         ; 0    ; 0            ; |DC_FINAL|DATAPATH_DC:inst1|Register8x8:inst3|Register4x4:inst|RFC:inst8                           ; work         ;
;             |RFC:inst9|                 ; 0 (0)             ; 1 (1)        ; 0           ; 0            ; 0       ; 0         ; 0    ; 0            ; |DC_FINAL|DATAPATH_DC:inst1|Register8x8:inst3|Register4x4:inst|RFC:inst9                           ; work         ;
;       |busmux:inst7|                    ; 7 (0)             ; 0 (0)        ; 0           ; 0            ; 0       ; 0         ; 0    ; 0            ; |DC_FINAL|DATAPATH_DC:inst1|busmux:inst7                                                           ; work         ;
;          |lpm_mux:$00000|               ; 7 (0)             ; 0 (0)        ; 0           ; 0            ; 0       ; 0         ; 0    ; 0            ; |DC_FINAL|DATAPATH_DC:inst1|busmux:inst7|lpm_mux:$00000                                            ; work         ;
;             |mux_smc:auto_generated|    ; 7 (7)             ; 0 (0)        ; 0           ; 0            ; 0       ; 0         ; 0    ; 0            ; |DC_FINAL|DATAPATH_DC:inst1|busmux:inst7|lpm_mux:$00000|mux_smc:auto_generated                     ; work         ;
;       |mux41_8bit:inst1|                ; 18 (0)            ; 0 (0)        ; 0           ; 0            ; 0       ; 0         ; 0    ; 0            ; |DC_FINAL|DATAPATH_DC:inst1|mux41_8bit:inst1                                                       ; work         ;
;          |busmux:inst2|                 ; 18 (0)            ; 0 (0)        ; 0           ; 0            ; 0       ; 0         ; 0    ; 0            ; |DC_FINAL|DATAPATH_DC:inst1|mux41_8bit:inst1|busmux:inst2                                          ; work         ;
;             |lpm_mux:$00000|            ; 18 (0)            ; 0 (0)        ; 0           ; 0            ; 0       ; 0         ; 0    ; 0            ; |DC_FINAL|DATAPATH_DC:inst1|mux41_8bit:inst1|busmux:inst2|lpm_mux:$00000                           ; work         ;
;                |mux_smc:auto_generated| ; 18 (18)           ; 0 (0)        ; 0           ; 0            ; 0       ; 0         ; 0    ; 0            ; |DC_FINAL|DATAPATH_DC:inst1|mux41_8bit:inst1|busmux:inst2|lpm_mux:$00000|mux_smc:auto_generated    ; work         ;
;       |mux41_8bit:inst|                 ; 16 (0)            ; 0 (0)        ; 0           ; 0            ; 0       ; 0         ; 0    ; 0            ; |DC_FINAL|DATAPATH_DC:inst1|mux41_8bit:inst                                                        ; work         ;
;          |busmux:inst2|                 ; 16 (0)            ; 0 (0)        ; 0           ; 0            ; 0       ; 0         ; 0    ; 0            ; |DC_FINAL|DATAPATH_DC:inst1|mux41_8bit:inst|busmux:inst2                                           ; work         ;
;             |lpm_mux:$00000|            ; 16 (0)            ; 0 (0)        ; 0           ; 0            ; 0       ; 0         ; 0    ; 0            ; |DC_FINAL|DATAPATH_DC:inst1|mux41_8bit:inst|busmux:inst2|lpm_mux:$00000                            ; work         ;
;                |mux_smc:auto_generated| ; 16 (16)           ; 0 (0)        ; 0           ; 0            ; 0       ; 0         ; 0    ; 0            ; |DC_FINAL|DATAPATH_DC:inst1|mux41_8bit:inst|busmux:inst2|lpm_mux:$00000|mux_smc:auto_generated     ; work         ;
;    |DC_Controller:inst|                 ; 11 (8)            ; 3 (0)        ; 0           ; 0            ; 0       ; 0         ; 0    ; 0            ; |DC_FINAL|DC_Controller:inst                                                                       ; work         ;
;       |FSM:inst|                        ; 3 (0)             ; 3 (0)        ; 0           ; 0            ; 0       ; 0         ; 0    ; 0            ; |DC_FINAL|DC_Controller:inst|FSM:inst                                                              ; work         ;
;          |CurrentState:inst2|           ; 2 (2)             ; 3 (3)        ; 0           ; 0            ; 0       ; 0         ; 0    ; 0            ; |DC_FINAL|DC_Controller:inst|FSM:inst|CurrentState:inst2                                           ; work         ;
;          |NextState:inst|               ; 1 (1)             ; 0 (0)        ; 0           ; 0            ; 0       ; 0         ; 0    ; 0            ; |DC_FINAL|DC_Controller:inst|FSM:inst|NextState:inst                                               ; work         ;
+-----------------------------------------+-------------------+--------------+-------------+--------------+---------+-----------+------+--------------+----------------------------------------------------------------------------------------------------+--------------+
Note: For table entries with two numbers listed, the numbers in parentheses indicate the number of resources of the given type used by the specific entity alone. The numbers listed outside of parentheses indicate the total resources of the given type used by the specific entity and all of its sub-entities in the hierarchy.


+----------------------------------------------------------------------------------------------------------------+
; Registers Removed During Synthesis                                                                             ;
+-----------------------------------------------------------------------+----------------------------------------+
; Register name                                                         ; Reason for Removal                     ;
+-----------------------------------------------------------------------+----------------------------------------+
; DATAPATH_DC:inst1|Register4x8:inst4|Register4x4:inst|RFC:inst18|inst  ; Lost fanout                            ;
; DATAPATH_DC:inst1|Register4x8:inst4|Register4x4:inst|RFC:inst14|inst  ; Lost fanout                            ;
; DATAPATH_DC:inst1|Register4x8:inst4|Register4x4:inst|RFC:inst10|inst  ; Lost fanout                            ;
; DATAPATH_DC:inst1|Register4x8:inst4|Register4x4:inst|RFC:inst17|inst  ; Lost fanout                            ;
; DATAPATH_DC:inst1|Register4x8:inst4|Register4x4:inst|RFC:inst13|inst  ; Lost fanout                            ;
; DATAPATH_DC:inst1|Register4x8:inst4|Register4x4:inst|RFC:inst9|inst   ; Lost fanout                            ;
; DATAPATH_DC:inst1|Register4x8:inst4|Register4x4:inst|RFC:inst8|inst   ; Lost fanout                            ;
; DATAPATH_DC:inst1|Register4x8:inst4|Register4x4:inst|RFC:inst12|inst  ; Lost fanout                            ;
; DATAPATH_DC:inst1|Register4x8:inst4|Register4x4:inst|RFC:inst16|inst  ; Lost fanout                            ;
; DATAPATH_DC:inst1|Register4x8:inst4|Register4x4:inst|RFC:inst15|inst  ; Lost fanout                            ;
; DATAPATH_DC:inst1|Register4x8:inst4|Register4x4:inst|RFC:inst11|inst  ; Lost fanout                            ;
; DATAPATH_DC:inst1|Register4x8:inst4|Register4x4:inst|RFC:inst7|inst   ; Lost fanout                            ;
; DATAPATH_DC:inst1|Register4x8:inst4|Register4x4:inst1|RFC:inst18|inst ; Lost fanout                            ;
; DATAPATH_DC:inst1|Register4x8:inst4|Register4x4:inst1|RFC:inst14|inst ; Lost fanout                            ;
; DATAPATH_DC:inst1|Register4x8:inst4|Register4x4:inst1|RFC:inst10|inst ; Lost fanout                            ;
; DATAPATH_DC:inst1|Register4x8:inst4|Register4x4:inst1|RFC:inst17|inst ; Lost fanout                            ;
; DATAPATH_DC:inst1|Register4x8:inst4|Register4x4:inst1|RFC:inst13|inst ; Lost fanout                            ;
; DATAPATH_DC:inst1|Register4x8:inst4|Register4x4:inst1|RFC:inst9|inst  ; Lost fanout                            ;
; DATAPATH_DC:inst1|Register4x8:inst4|Register4x4:inst1|RFC:inst8|inst  ; Lost fanout                            ;
; DATAPATH_DC:inst1|Register4x8:inst4|Register4x4:inst1|RFC:inst12|inst ; Lost fanout                            ;
; DATAPATH_DC:inst1|Register4x8:inst4|Register4x4:inst1|RFC:inst16|inst ; Lost fanout                            ;
; DATAPATH_DC:inst1|Register4x8:inst4|Register4x4:inst1|RFC:inst15|inst ; Lost fanout                            ;
; DATAPATH_DC:inst1|Register4x8:inst4|Register4x4:inst1|RFC:inst11|inst ; Lost fanout                            ;
; DATAPATH_DC:inst1|Register4x8:inst4|Register4x4:inst1|RFC:inst7|inst  ; Lost fanout                            ;
; DATAPATH_DC:inst1|Register4x8:inst4|Register4x4:inst|RFC:inst3|inst   ; Stuck at GND due to stuck port data_in ;
; DATAPATH_DC:inst1|Register8x8:inst3|Register4x4:inst2|RFC:inst11|inst ; Lost fanout                            ;
; DATAPATH_DC:inst1|Register8x8:inst3|Register4x4:inst2|RFC:inst15|inst ; Lost fanout                            ;
; DATAPATH_DC:inst1|Register8x8:inst3|Register4x4:inst2|RFC:inst16|inst ; Lost fanout                            ;
; DATAPATH_DC:inst1|Register8x8:inst3|Register4x4:inst2|RFC:inst12|inst ; Lost fanout                            ;
; DATAPATH_DC:inst1|Register8x8:inst3|Register4x4:inst2|RFC:inst13|inst ; Lost fanout                            ;
; DATAPATH_DC:inst1|Register8x8:inst3|Register4x4:inst2|RFC:inst17|inst ; Lost fanout                            ;
; DATAPATH_DC:inst1|Register8x8:inst3|Register4x4:inst2|RFC:inst14|inst ; Lost fanout                            ;
; DATAPATH_DC:inst1|Register8x8:inst3|Register4x4:inst2|RFC:inst18|inst ; Lost fanout                            ;
; DATAPATH_DC:inst1|Register8x8:inst3|Register4x4:inst3|RFC:inst11|inst ; Lost fanout                            ;
; DATAPATH_DC:inst1|Register8x8:inst3|Register4x4:inst3|RFC:inst15|inst ; Lost fanout                            ;
; DATAPATH_DC:inst1|Register8x8:inst3|Register4x4:inst3|RFC:inst16|inst ; Lost fanout                            ;
; DATAPATH_DC:inst1|Register8x8:inst3|Register4x4:inst3|RFC:inst12|inst ; Lost fanout                            ;
; DATAPATH_DC:inst1|Register8x8:inst3|Register4x4:inst3|RFC:inst13|inst ; Lost fanout                            ;
; DATAPATH_DC:inst1|Register8x8:inst3|Register4x4:inst3|RFC:inst17|inst ; Lost fanout                            ;
; DATAPATH_DC:inst1|Register8x8:inst3|Register4x4:inst3|RFC:inst14|inst ; Lost fanout                            ;
; DATAPATH_DC:inst1|Register8x8:inst3|Register4x4:inst3|RFC:inst18|inst ; Lost fanout                            ;
; DATAPATH_DC:inst1|Register8x8:inst3|Register4x4:inst|RFC:inst15|inst  ; Stuck at GND due to stuck port data_in ;
; DATAPATH_DC:inst1|Register8x8:inst3|Register4x4:inst|RFC:inst17|inst  ; Stuck at GND due to stuck port data_in ;
; DATAPATH_DC:inst1|Register8x8:inst3|Register4x4:inst|RFC:inst16|inst  ; Stuck at GND due to stuck port data_in ;
; Total Number of Removed Registers = 44                                ;                                        ;
+-----------------------------------------------------------------------+----------------------------------------+


+------------------------------------------------------+
; General Register Statistics                          ;
+----------------------------------------------+-------+
; Statistic                                    ; Value ;
+----------------------------------------------+-------+
; Total registers                              ; 87    ;
; Number of registers using Synchronous Clear  ; 0     ;
; Number of registers using Synchronous Load   ; 0     ;
; Number of registers using Asynchronous Clear ; 3     ;
; Number of registers using Asynchronous Load  ; 0     ;
; Number of registers using Clock Enable       ; 84    ;
; Number of registers using Preset             ; 0     ;
+----------------------------------------------+-------+


+---------------------------------------------------------------------------------------------------------------------------------------------------------------------------------------------------------------------------------+
; Multiplexer Restructuring Statistics (Restructuring Performed)                                                                                                                                                                  ;
+--------------------+-----------+---------------+----------------------+------------------------+------------+-------------------------------------------------------------------------------------------------------------------+
; Multiplexer Inputs ; Bus Width ; Baseline Area ; Area if Restructured ; Saving if Restructured ; Registered ; Example Multiplexer Output                                                                                        ;
+--------------------+-----------+---------------+----------------------+------------------------+------------+-------------------------------------------------------------------------------------------------------------------+
; 3:1                ; 8 bits    ; 16 LEs        ; 16 LEs               ; 0 LEs                  ; No         ; |DC_FINAL|DATAPATH_DC:inst1|AbsMin:inst5|busmux:inst10|lpm_mux:$00000|mux_smc:auto_generated|result_node[5]       ;
; 3:1                ; 8 bits    ; 16 LEs        ; 16 LEs               ; 0 LEs                  ; No         ; |DC_FINAL|DATAPATH_DC:inst1|mux41_8bit:inst|busmux:inst2|lpm_mux:$00000|mux_smc:auto_generated|result_node[6]     ;
; 3:1                ; 8 bits    ; 16 LEs        ; 16 LEs               ; 0 LEs                  ; No         ; |DC_FINAL|DATAPATH_DC:inst1|AddAbsSubMax:inst6|busmux:inst25|lpm_mux:$00000|mux_smc:auto_generated|result_node[0] ;
; 3:1                ; 3 bits    ; 6 LEs         ; 6 LEs                ; 0 LEs                  ; No         ; |DC_FINAL|DATAPATH_DC:inst1|mux41_8bit:inst1|busmux:inst2|lpm_mux:$00000|mux_smc:auto_generated|result_node[6]    ;
; 4:1                ; 5 bits    ; 10 LEs        ; 10 LEs               ; 0 LEs                  ; No         ; |DC_FINAL|DATAPATH_DC:inst1|mux41_8bit:inst1|busmux:inst2|lpm_mux:$00000|mux_smc:auto_generated|result_node[0]    ;
; 6:1                ; 6 bits    ; 24 LEs        ; 24 LEs               ; 0 LEs                  ; No         ; |DC_FINAL|DATAPATH_DC:inst1|Register8x8:inst3|Y[7]                                                                ;
; 6:1                ; 2 bits    ; 8 LEs         ; 8 LEs                ; 0 LEs                  ; No         ; |DC_FINAL|DATAPATH_DC:inst1|Register8x8:inst3|Y[2]                                                                ;
+--------------------+-----------+---------------+----------------------+------------------------+------------+-------------------------------------------------------------------------------------------------------------------+


+---------------------------------------------------------------------------------------------+
; Parameter Settings for User Entity Instance: DATAPATH_DC:inst1|mux41_8bit:inst|BUSMUX:inst2 ;
+----------------+-------+--------------------------------------------------------------------+
; Parameter Name ; Value ; Type                                                               ;
+----------------+-------+--------------------------------------------------------------------+
; WIDTH          ; 8     ; Signed Integer                                                     ;
+----------------+-------+--------------------------------------------------------------------+
Note: In order to hide this table in the UI and the text report file, please set the "Show Parameter Settings in Synthesis Report" option in "Analysis and Synthesis Settings -> More Settings" to "Off".


+--------------------------------------------------------------------------------------------+
; Parameter Settings for User Entity Instance: DATAPATH_DC:inst1|mux41_8bit:inst|BUSMUX:inst ;
+----------------+-------+-------------------------------------------------------------------+
; Parameter Name ; Value ; Type                                                              ;
+----------------+-------+-------------------------------------------------------------------+
; WIDTH          ; 8     ; Signed Integer                                                    ;
+----------------+-------+-------------------------------------------------------------------+
Note: In order to hide this table in the UI and the text report file, please set the "Show Parameter Settings in Synthesis Report" option in "Analysis and Synthesis Settings -> More Settings" to "Off".


+---------------------------------------------------------------------------------------------+
; Parameter Settings for User Entity Instance: DATAPATH_DC:inst1|mux41_8bit:inst|BUSMUX:inst1 ;
+----------------+-------+--------------------------------------------------------------------+
; Parameter Name ; Value ; Type                                                               ;
+----------------+-------+--------------------------------------------------------------------+
; WIDTH          ; 8     ; Signed Integer                                                     ;
+----------------+-------+--------------------------------------------------------------------+
Note: In order to hide this table in the UI and the text report file, please set the "Show Parameter Settings in Synthesis Report" option in "Analysis and Synthesis Settings -> More Settings" to "Off".


+-------------------------------------------------------------------------------------------+
; Parameter Settings for User Entity Instance: DATAPATH_DC:inst1|AbsMin:inst5|BUSMUX:inst10 ;
+----------------+-------+------------------------------------------------------------------+
; Parameter Name ; Value ; Type                                                             ;
+----------------+-------+------------------------------------------------------------------+
; WIDTH          ; 8     ; Signed Integer                                                   ;
+----------------+-------+------------------------------------------------------------------+
Note: In order to hide this table in the UI and the text report file, please set the "Show Parameter Settings in Synthesis Report" option in "Analysis and Synthesis Settings -> More Settings" to "Off".


+-------------------------------------------------------------------------------------------+
; Parameter Settings for User Entity Instance: DATAPATH_DC:inst1|AbsMin:inst5|BUSMUX:inst12 ;
+----------------+-------+------------------------------------------------------------------+
; Parameter Name ; Value ; Type                                                             ;
+----------------+-------+------------------------------------------------------------------+
; WIDTH          ; 8     ; Signed Integer                                                   ;
+----------------+-------+------------------------------------------------------------------+
Note: In order to hide this table in the UI and the text report file, please set the "Show Parameter Settings in Synthesis Report" option in "Analysis and Synthesis Settings -> More Settings" to "Off".


+----------------------------------------------------------------------------------------------+
; Parameter Settings for User Entity Instance: DATAPATH_DC:inst1|mux41_8bit:inst1|BUSMUX:inst2 ;
+----------------+-------+---------------------------------------------------------------------+
; Parameter Name ; Value ; Type                                                                ;
+----------------+-------+---------------------------------------------------------------------+
; WIDTH          ; 8     ; Signed Integer                                                      ;
+----------------+-------+---------------------------------------------------------------------+
Note: In order to hide this table in the UI and the text report file, please set the "Show Parameter Settings in Synthesis Report" option in "Analysis and Synthesis Settings -> More Settings" to "Off".


+---------------------------------------------------------------------------------------------+
; Parameter Settings for User Entity Instance: DATAPATH_DC:inst1|mux41_8bit:inst1|BUSMUX:inst ;
+----------------+-------+--------------------------------------------------------------------+
; Parameter Name ; Value ; Type                                                               ;
+----------------+-------+--------------------------------------------------------------------+
; WIDTH          ; 8     ; Signed Integer                                                     ;
+----------------+-------+--------------------------------------------------------------------+
Note: In order to hide this table in the UI and the text report file, please set the "Show Parameter Settings in Synthesis Report" option in "Analysis and Synthesis Settings -> More Settings" to "Off".


+----------------------------------------------------------------------------------------------+
; Parameter Settings for User Entity Instance: DATAPATH_DC:inst1|mux41_8bit:inst1|BUSMUX:inst1 ;
+----------------+-------+---------------------------------------------------------------------+
; Parameter Name ; Value ; Type                                                                ;
+----------------+-------+---------------------------------------------------------------------+
; WIDTH          ; 8     ; Signed Integer                                                      ;
+----------------+-------+---------------------------------------------------------------------+
Note: In order to hide this table in the UI and the text report file, please set the "Show Parameter Settings in Synthesis Report" option in "Analysis and Synthesis Settings -> More Settings" to "Off".


+-------------------------------------------------------------------------------------------------+
; Parameter Settings for User Entity Instance: DATAPATH_DC:inst1|AddAbsSubMax:inst6|BUSMUX:inst25 ;
+----------------+-------+------------------------------------------------------------------------+
; Parameter Name ; Value ; Type                                                                   ;
+----------------+-------+------------------------------------------------------------------------+
; WIDTH          ; 8     ; Signed Integer                                                         ;
+----------------+-------+------------------------------------------------------------------------+
Note: In order to hide this table in the UI and the text report file, please set the "Show Parameter Settings in Synthesis Report" option in "Analysis and Synthesis Settings -> More Settings" to "Off".


+-------------------------------------------------------------------------------------------------+
; Parameter Settings for User Entity Instance: DATAPATH_DC:inst1|AddAbsSubMax:inst6|BUSMUX:inst24 ;
+----------------+-------+------------------------------------------------------------------------+
; Parameter Name ; Value ; Type                                                                   ;
+----------------+-------+------------------------------------------------------------------------+
; WIDTH          ; 8     ; Signed Integer                                                         ;
+----------------+-------+------------------------------------------------------------------------+
Note: In order to hide this table in the UI and the text report file, please set the "Show Parameter Settings in Synthesis Report" option in "Analysis and Synthesis Settings -> More Settings" to "Off".


+-----------------------------------------------------------------------------+
; Parameter Settings for User Entity Instance: DATAPATH_DC:inst1|BUSMUX:inst7 ;
+----------------+-------+----------------------------------------------------+
; Parameter Name ; Value ; Type                                               ;
+----------------+-------+----------------------------------------------------+
; WIDTH          ; 8     ; Signed Integer                                     ;
+----------------+-------+----------------------------------------------------+
Note: In order to hide this table in the UI and the text report file, please set the "Show Parameter Settings in Synthesis Report" option in "Analysis and Synthesis Settings -> More Settings" to "Off".


+-------------------------------+
; Elapsed Time Per Partition    ;
+----------------+--------------+
; Partition Name ; Elapsed Time ;
+----------------+--------------+
; Top            ; 00:00:00     ;
+----------------+--------------+


+-------------------------------+
; Analysis & Synthesis Messages ;
+-------------------------------+
Info: *******************************************************************
Info: Running Quartus II 64-Bit Analysis & Synthesis
    Info: Version 13.0.1 Build 232 06/12/2013 Service Pack 1 SJ Web Edition
    Info: Processing started: Tue Nov 19 03:41:52 2024
Info: Command: quartus_map --read_settings_files=on --write_settings_files=off square_root_SRA -c square_root_SRA
Warning (20028): Parallel compilation is not licensed and has been disabled
Info (12021): Found 1 design units, including 1 entities, in source file mux41_8bit.bdf
    Info (12023): Found entity 1: mux41_8bit
Info (12021): Found 1 design units, including 1 entities, in source file rfc.bdf
    Info (12023): Found entity 1: RFC
Info (12021): Found 1 design units, including 1 entities, in source file register4x4.bdf
    Info (12023): Found entity 1: Register4x4
Info (12021): Found 1 design units, including 1 entities, in source file decoder2_4.bdf
    Info (12023): Found entity 1: Decoder2_4
Info (12021): Found 1 design units, including 1 entities, in source file register4x8.bdf
    Info (12023): Found entity 1: Register4x8
Info (12021): Found 1 design units, including 1 entities, in source file register8x8.bdf
    Info (12023): Found entity 1: Register8x8
Info (12021): Found 1 design units, including 1 entities, in source file 1bitrightshift.bdf
    Info (12023): Found entity 1: 1BitRightShift
Info (12021): Found 1 design units, including 1 entities, in source file 3bitrightshift.bdf
    Info (12023): Found entity 1: 3BitRightShift
Info (12021): Found 1 design units, including 1 entities, in source file fulladder.bdf
    Info (12023): Found entity 1: FullAdder
Info (12021): Found 1 design units, including 1 entities, in source file adder8bit.bdf
    Info (12023): Found entity 1: Adder8bit
Info (12021): Found 1 design units, including 1 entities, in source file addabssubmin.bdf
    Info (12023): Found entity 1: AddAbsSubMin
Info (12021): Found 1 design units, including 1 entities, in source file absmax.bdf
    Info (12023): Found entity 1: AbsMax
Info (12021): Found 1 design units, including 1 entities, in source file datapath.bdf
    Info (12023): Found entity 1: DATAPATH
Info (12021): Found 1 design units, including 1 entities, in source file currentstate.bdf
    Info (12023): Found entity 1: CurrentState
Info (12021): Found 1 design units, including 1 entities, in source file nextstate.bdf
    Info (12023): Found entity 1: NextState
Info (12021): Found 1 design units, including 1 entities, in source file fsm.bdf
    Info (12023): Found entity 1: FSM
Info (12021): Found 1 design units, including 1 entities, in source file absmin.bdf
    Info (12023): Found entity 1: AbsMin
Info (12021): Found 1 design units, including 1 entities, in source file addabssubmax.bdf
    Info (12023): Found entity 1: AddAbsSubMax
Info (12021): Found 1 design units, including 1 entities, in source file sra_controller.bdf
    Info (12023): Found entity 1: SRA_Controller
Info (12021): Found 1 design units, including 1 entities, in source file sra_final.bdf
    Info (12023): Found entity 1: SRA_FINAL
Info (12021): Found 1 design units, including 1 entities, in source file test.bdf
    Info (12023): Found entity 1: TEST
Info (12021): Found 1 design units, including 1 entities, in source file datapath_dc.bdf
    Info (12023): Found entity 1: DATAPATH_DC
Info (12021): Found 1 design units, including 1 entities, in source file dc_controller.bdf
    Info (12023): Found entity 1: DC_Controller
Info (12021): Found 1 design units, including 1 entities, in source file dc_final.bdf
    Info (12023): Found entity 1: DC_FINAL
Info (12127): Elaborating entity "DC_FINAL" for the top level hierarchy
Info (12128): Elaborating entity "DATAPATH_DC" for hierarchy "DATAPATH_DC:inst1"
Info (12128): Elaborating entity "Register4x8" for hierarchy "DATAPATH_DC:inst1|Register4x8:inst2"
Info (12128): Elaborating entity "Register4x4" for hierarchy "DATAPATH_DC:inst1|Register4x8:inst2|Register4x4:inst1"
Info (12128): Elaborating entity "RFC" for hierarchy "DATAPATH_DC:inst1|Register4x8:inst2|Register4x4:inst1|RFC:inst3"
Info (12128): Elaborating entity "Decoder2_4" for hierarchy "DATAPATH_DC:inst1|Register4x8:inst2|Register4x4:inst1|Decoder2_4:inst"
Warning (275080): Converted elements in bus name "Q" using legacy naming rules. Make any assignments on the new names, not on the original names.
    Warning (275081): Converted element name(s) from "Q[3]" to "Q3"
    Warning (275081): Converted element name(s) from "Q[2]" to "Q2"
    Warning (275081): Converted element name(s) from "Q[1]" to "Q1"
    Warning (275081): Converted element name(s) from "Q[0]" to "Q0"
Info (12128): Elaborating entity "mux41_8bit" for hierarchy "DATAPATH_DC:inst1|mux41_8bit:inst"
Info (12128): Elaborating entity "BUSMUX" for hierarchy "DATAPATH_DC:inst1|mux41_8bit:inst|BUSMUX:inst2"
Info (12130): Elaborated megafunction instantiation "DATAPATH_DC:inst1|mux41_8bit:inst|BUSMUX:inst2"
Info (12133): Instantiated megafunction "DATAPATH_DC:inst1|mux41_8bit:inst|BUSMUX:inst2" with the following parameter:
    Info (12134): Parameter "WIDTH" = "8"
Info (12128): Elaborating entity "lpm_mux" for hierarchy "DATAPATH_DC:inst1|mux41_8bit:inst|BUSMUX:inst2|lpm_mux:$00000"
Info (12131): Elaborated megafunction instantiation "DATAPATH_DC:inst1|mux41_8bit:inst|BUSMUX:inst2|lpm_mux:$00000", which is child of megafunction instantiation "DATAPATH_DC:inst1|mux41_8bit:inst|BUSMUX:inst2"
Info (12021): Found 1 design units, including 1 entities, in source file db/mux_smc.tdf
    Info (12023): Found entity 1: mux_smc
Info (12128): Elaborating entity "mux_smc" for hierarchy "DATAPATH_DC:inst1|mux41_8bit:inst|BUSMUX:inst2|lpm_mux:$00000|mux_smc:auto_generated"
Info (12128): Elaborating entity "AbsMin" for hierarchy "DATAPATH_DC:inst1|AbsMin:inst5"
Info (12128): Elaborating entity "Adder8bit" for hierarchy "DATAPATH_DC:inst1|AbsMin:inst5|Adder8bit:inst"
Warning (275085): Found inconsistent dimensions for element "Cnext"
Warning (275080): Converted elements in bus name "Cnext" using legacy naming rules. Make any assignments on the new names, not on the original names.
    Warning (275081): Converted element name(s) from "Cnext[6]" to "Cnext6"
    Warning (275081): Converted element name(s) from "Cnext[4]" to "Cnext4"
    Warning (275081): Converted element name(s) from "Cnext[3]" to "Cnext3"
    Warning (275081): Converted element name(s) from "Cnext[5]" to "Cnext5"
    Warning (275081): Converted element name(s) from "Cnext[2]" to "Cnext2"
    Warning (275081): Converted element name(s) from "Cnext[1]" to "Cnext1"
    Warning (275081): Converted element name(s) from "Cnext[0]" to "Cnext0"
    Warning (275081): Converted element name(s) from "Cnext[7]" to "Cnext7"
    Warning (275081): Converted element name(s) from "Cnext[6]" to "Cnext6"
    Warning (275081): Converted element name(s) from "Cnext[5]" to "Cnext5"
    Warning (275081): Converted element name(s) from "Cnext[4]" to "Cnext4"
    Warning (275081): Converted element name(s) from "Cnext[3]" to "Cnext3"
    Warning (275081): Converted element name(s) from "Cnext[2]" to "Cnext2"
    Warning (275081): Converted element name(s) from "Cnext[1]" to "Cnext1"
    Warning (275081): Converted element name(s) from "Cnext[0]" to "Cnext0"
    Warning (275081): Converted element name(s) from "Cnext[7]" to "Cnext7"
Info (12128): Elaborating entity "FullAdder" for hierarchy "DATAPATH_DC:inst1|AbsMin:inst5|Adder8bit:inst|FullAdder:inst"
Info (12128): Elaborating entity "Register8x8" for hierarchy "DATAPATH_DC:inst1|Register8x8:inst3"
Info (12128): Elaborating entity "AddAbsSubMax" for hierarchy "DATAPATH_DC:inst1|AddAbsSubMax:inst6"
Info (12128): Elaborating entity "1BitRightShift" for hierarchy "DATAPATH_DC:inst1|1BitRightShift:inst8"
Info (12128): Elaborating entity "3BitRightShift" for hierarchy "DATAPATH_DC:inst1|3BitRightShift:inst9"
Info (12128): Elaborating entity "DC_Controller" for hierarchy "DC_Controller:inst"
Info (12128): Elaborating entity "FSM" for hierarchy "DC_Controller:inst|FSM:inst"
Info (12128): Elaborating entity "CurrentState" for hierarchy "DC_Controller:inst|FSM:inst|CurrentState:inst2"
Info (12128): Elaborating entity "NextState" for hierarchy "DC_Controller:inst|FSM:inst|NextState:inst"
Warning (13046): Tri-state node(s) do not directly drive top-level pin(s)
    Warning (13048): Converted tri-state node "DATAPATH_DC:inst1|Register4x8:inst4|Register4x4:inst|A[3]" into a selector
    Warning (13048): Converted tri-state node "DATAPATH_DC:inst1|Register4x8:inst4|Register4x4:inst|A[2]" into a selector
    Warning (13048): Converted tri-state node "DATAPATH_DC:inst1|Register4x8:inst4|Register4x4:inst|A[1]" into a selector
    Warning (13048): Converted tri-state node "DATAPATH_DC:inst1|Register4x8:inst4|Register4x4:inst|A[0]" into a selector
    Warning (13048): Converted tri-state node "DATAPATH_DC:inst1|Register4x8:inst4|Register4x4:inst1|A[3]" into a selector
    Warning (13048): Converted tri-state node "DATAPATH_DC:inst1|Register4x8:inst4|Register4x4:inst1|A[2]" into a selector
    Warning (13048): Converted tri-state node "DATAPATH_DC:inst1|Register4x8:inst4|Register4x4:inst1|A[1]" into a selector
    Warning (13048): Converted tri-state node "DATAPATH_DC:inst1|Register4x8:inst4|Register4x4:inst1|A[0]" into a selector
    Warning (13048): Converted tri-state node "DATAPATH_DC:inst1|Register8x8:inst3|Y[3]" into a selector
    Warning (13048): Converted tri-state node "DATAPATH_DC:inst1|Register8x8:inst3|Y[2]" into a selector
    Warning (13048): Converted tri-state node "DATAPATH_DC:inst1|Register8x8:inst3|Y[1]" into a selector
    Warning (13048): Converted tri-state node "DATAPATH_DC:inst1|Register8x8:inst3|Y[0]" into a selector
    Warning (13048): Converted tri-state node "DATAPATH_DC:inst1|Register8x8:inst3|Y[7]" into a selector
    Warning (13048): Converted tri-state node "DATAPATH_DC:inst1|Register8x8:inst3|Y[6]" into a selector
    Warning (13048): Converted tri-state node "DATAPATH_DC:inst1|Register8x8:inst3|Y[5]" into a selector
    Warning (13048): Converted tri-state node "DATAPATH_DC:inst1|Register8x8:inst3|Y[4]" into a selector
Warning (13046): Tri-state node(s) do not directly drive top-level pin(s)
    Warning (13047): Converted the fan-out from the tri-state buffer "DATAPATH_DC:inst1|Register4x8:inst2|Register4x4:inst|RFC:inst3|inst1" to the node "DATAPATH_DC:inst1|busmux:inst7|lpm_mux:$00000|mux_smc:auto_generated|result_node[7]" into an OR gate
    Warning (13047): Converted the fan-out from the tri-state buffer "DATAPATH_DC:inst1|Register4x8:inst2|Register4x4:inst|RFC:inst4|inst1" to the node "DATAPATH_DC:inst1|AbsMin:inst5|Adder8bit:inst|FullAdder:inst1|inst4" into an OR gate
    Warning (13047): Converted the fan-out from the tri-state buffer "DATAPATH_DC:inst1|Register4x8:inst2|Register4x4:inst|RFC:inst5|inst1" to the node "DATAPATH_DC:inst1|AbsMin:inst5|Adder8bit:inst|FullAdder:inst2|inst4" into an OR gate
    Warning (13047): Converted the fan-out from the tri-state buffer "DATAPATH_DC:inst1|Register4x8:inst2|Register4x4:inst|RFC:inst6|inst1" to the node "DATAPATH_DC:inst1|AbsMin:inst5|Adder8bit:inst|FullAdder:inst3|inst4" into an OR gate
    Warning (13047): Converted the fan-out from the tri-state buffer "DATAPATH_DC:inst1|Register4x8:inst2|Register4x4:inst1|RFC:inst3|inst1" to the node "DATAPATH_DC:inst1|AbsMin:inst5|Adder8bit:inst|FullAdder:inst8|inst4" into an OR gate
    Warning (13047): Converted the fan-out from the tri-state buffer "DATAPATH_DC:inst1|Register4x8:inst2|Register4x4:inst1|RFC:inst4|inst1" to the node "DATAPATH_DC:inst1|AbsMin:inst5|Adder8bit:inst|FullAdder:inst7|inst4" into an OR gate
    Warning (13047): Converted the fan-out from the tri-state buffer "DATAPATH_DC:inst1|Register4x8:inst2|Register4x4:inst1|RFC:inst5|inst1" to the node "DATAPATH_DC:inst1|AbsMin:inst5|Adder8bit:inst|FullAdder:inst6|inst4" into an OR gate
    Warning (13047): Converted the fan-out from the tri-state buffer "DATAPATH_DC:inst1|Register4x8:inst2|Register4x4:inst1|RFC:inst6|inst1" to the node "DATAPATH_DC:inst1|AbsMin:inst5|Adder8bit:inst|FullAdder:inst4|inst2" into an OR gate
Info (17049): 40 registers lost all their fanouts during netlist optimizations.
Info (16010): Generating hard_block partition "hard_block:auto_generated_inst"
    Info (16011): Adding 0 node(s), including 0 DDIO, 0 PLL, 0 transceiver and 0 LCELL
Info (21057): Implemented 292 device resources after synthesis - the final resource count might be different
    Info (21058): Implemented 18 input pins
    Info (21059): Implemented 8 output pins
    Info (21061): Implemented 266 logic cells
Info: Quartus II 64-Bit Analysis & Synthesis was successful. 0 errors, 50 warnings
    Info: Peak virtual memory: 4618 megabytes
    Info: Processing ended: Tue Nov 19 03:41:54 2024
    Info: Elapsed time: 00:00:02
    Info: Total CPU time (on all processors): 00:00:01


