Analysis & Synthesis report for BaiTap
Mon Dec 02 01:13:34 2024
Quartus II 64-Bit Version 13.0.1 Build 232 06/12/2013 Service Pack 1 SJ Web Edition


---------------------
; Table of Contents ;
---------------------
  1. Legal Notice
  2. Analysis & Synthesis Summary
  3. Analysis & Synthesis Settings
  4. Parallel Compilation
  5. Analysis & Synthesis Source Files Read
  6. Analysis & Synthesis Resource Usage Summary
  7. Analysis & Synthesis Resource Utilization by Entity
  8. User-Specified and Inferred Latches
  9. Registers Removed During Synthesis
 10. General Register Statistics
 11. Multiplexer Restructuring Statistics (Restructuring Performed)
 12. Parameter Settings for User Entity Instance: Datapath2:inst1|AU1:inst|BUSMUX:inst8
 13. Parameter Settings for User Entity Instance: Datapath2:inst1|AU1:inst|BUSMUX:inst7
 14. Parameter Settings for User Entity Instance: Datapath2:inst1|AU2:inst1|BUSMUX:inst2
 15. Parameter Settings for User Entity Instance: Datapath2:inst1|AU2:inst1|BUSMUX:inst3
 16. Elapsed Time Per Partition
 17. Analysis & Synthesis Messages



----------------
; Legal Notice ;
----------------
Copyright (C) 1991-2013 Altera Corporation
Your use of Altera Corporation's design tools, logic functions 
and other software and tools, and its AMPP partner logic 
functions, and any output files from any of the foregoing 
(including device programming or simulation files), and any 
associated documentation or information are expressly subject 
to the terms and conditions of the Altera Program License 
Subscription Agreement, Altera MegaCore Function License 
Agreement, or other applicable license agreement, including, 
without limitation, that your use is for the sole purpose of 
programming logic devices manufactured by Altera and sold by 
Altera or its authorized distributors.  Please refer to the 
applicable agreement for further details.



+--------------------------------------------------------------------------------------+
; Analysis & Synthesis Summary                                                         ;
+------------------------------------+-------------------------------------------------+
; Analysis & Synthesis Status        ; Successful - Mon Dec 02 01:13:34 2024           ;
; Quartus II 64-Bit Version          ; 13.0.1 Build 232 06/12/2013 SP 1 SJ Web Edition ;
; Revision Name                      ; BaiTap                                          ;
; Top-level Entity Name              ; BaiTap                                          ;
; Family                             ; Cyclone II                                      ;
; Total logic elements               ; 149                                             ;
;     Total combinational functions  ; 118                                             ;
;     Dedicated logic registers      ; 94                                              ;
; Total registers                    ; 94                                              ;
; Total pins                         ; 28                                              ;
; Total virtual pins                 ; 0                                               ;
; Total memory bits                  ; 0                                               ;
; Embedded Multiplier 9-bit elements ; 0                                               ;
; Total PLLs                         ; 0                                               ;
+------------------------------------+-------------------------------------------------+


+----------------------------------------------------------------------------------------------------------------------+
; Analysis & Synthesis Settings                                                                                        ;
+----------------------------------------------------------------------------+--------------------+--------------------+
; Option                                                                     ; Setting            ; Default Value      ;
+----------------------------------------------------------------------------+--------------------+--------------------+
; Device                                                                     ; EP2C35F672C6       ;                    ;
; Top-level entity name                                                      ; BaiTap             ; BaiTap             ;
; Family name                                                                ; Cyclone II         ; Cyclone IV GX      ;
; Use smart compilation                                                      ; Off                ; Off                ;
; Enable parallel Assembler and TimeQuest Timing Analyzer during compilation ; On                 ; On                 ;
; Enable compact report table                                                ; Off                ; Off                ;
; Restructure Multiplexers                                                   ; Auto               ; Auto               ;
; Create Debugging Nodes for IP Cores                                        ; Off                ; Off                ;
; Preserve fewer node names                                                  ; On                 ; On                 ;
; Disable OpenCore Plus hardware evaluation                                  ; Off                ; Off                ;
; Verilog Version                                                            ; Verilog_2001       ; Verilog_2001       ;
; VHDL Version                                                               ; VHDL_1993          ; VHDL_1993          ;
; State Machine Processing                                                   ; Auto               ; Auto               ;
; Safe State Machine                                                         ; Off                ; Off                ;
; Extract Verilog State Machines                                             ; On                 ; On                 ;
; Extract VHDL State Machines                                                ; On                 ; On                 ;
; Ignore Verilog initial constructs                                          ; Off                ; Off                ;
; Iteration limit for constant Verilog loops                                 ; 5000               ; 5000               ;
; Iteration limit for non-constant Verilog loops                             ; 250                ; 250                ;
; Add Pass-Through Logic to Inferred RAMs                                    ; On                 ; On                 ;
; Infer RAMs from Raw Logic                                                  ; On                 ; On                 ;
; Parallel Synthesis                                                         ; On                 ; On                 ;
; DSP Block Balancing                                                        ; Auto               ; Auto               ;
; NOT Gate Push-Back                                                         ; On                 ; On                 ;
; Power-Up Don't Care                                                        ; On                 ; On                 ;
; Remove Redundant Logic Cells                                               ; Off                ; Off                ;
; Remove Duplicate Registers                                                 ; On                 ; On                 ;
; Ignore CARRY Buffers                                                       ; Off                ; Off                ;
; Ignore CASCADE Buffers                                                     ; Off                ; Off                ;
; Ignore GLOBAL Buffers                                                      ; Off                ; Off                ;
; Ignore ROW GLOBAL Buffers                                                  ; Off                ; Off                ;
; Ignore LCELL Buffers                                                       ; Off                ; Off                ;
; Ignore SOFT Buffers                                                        ; On                 ; On                 ;
; Limit AHDL Integers to 32 Bits                                             ; Off                ; Off                ;
; Optimization Technique                                                     ; Balanced           ; Balanced           ;
; Carry Chain Length                                                         ; 70                 ; 70                 ;
; Auto Carry Chains                                                          ; On                 ; On                 ;
; Auto Open-Drain Pins                                                       ; On                 ; On                 ;
; Perform WYSIWYG Primitive Resynthesis                                      ; Off                ; Off                ;
; Auto ROM Replacement                                                       ; On                 ; On                 ;
; Auto RAM Replacement                                                       ; On                 ; On                 ;
; Auto Shift Register Replacement                                            ; Auto               ; Auto               ;
; Allow Shift Register Merging across Hierarchies                            ; Auto               ; Auto               ;
; Auto Clock Enable Replacement                                              ; On                 ; On                 ;
; Strict RAM Replacement                                                     ; Off                ; Off                ;
; Allow Synchronous Control Signals                                          ; On                 ; On                 ;
; Force Use of Synchronous Clear Signals                                     ; Off                ; Off                ;
; Auto RAM to Logic Cell Conversion                                          ; Off                ; Off                ;
; Auto Resource Sharing                                                      ; Off                ; Off                ;
; Allow Any RAM Size For Recognition                                         ; Off                ; Off                ;
; Allow Any ROM Size For Recognition                                         ; Off                ; Off                ;
; Allow Any Shift Register Size For Recognition                              ; Off                ; Off                ;
; Use LogicLock Constraints during Resource Balancing                        ; On                 ; On                 ;
; Ignore translate_off and synthesis_off directives                          ; Off                ; Off                ;
; Timing-Driven Synthesis                                                    ; Off                ; Off                ;
; Report Parameter Settings                                                  ; On                 ; On                 ;
; Report Source Assignments                                                  ; On                 ; On                 ;
; Report Connectivity Checks                                                 ; On                 ; On                 ;
; Ignore Maximum Fan-Out Assignments                                         ; Off                ; Off                ;
; Synchronization Register Chain Length                                      ; 2                  ; 2                  ;
; PowerPlay Power Optimization                                               ; Normal compilation ; Normal compilation ;
; HDL message level                                                          ; Level2             ; Level2             ;
; Suppress Register Optimization Related Messages                            ; Off                ; Off                ;
; Number of Removed Registers Reported in Synthesis Report                   ; 5000               ; 5000               ;
; Number of Swept Nodes Reported in Synthesis Report                         ; 5000               ; 5000               ;
; Number of Inverted Registers Reported in Synthesis Report                  ; 100                ; 100                ;
; Clock MUX Protection                                                       ; On                 ; On                 ;
; Auto Gated Clock Conversion                                                ; Off                ; Off                ;
; Block Design Naming                                                        ; Auto               ; Auto               ;
; SDC constraint protection                                                  ; Off                ; Off                ;
; Synthesis Effort                                                           ; Auto               ; Auto               ;
; Shift Register Replacement - Allow Asynchronous Clear Signal               ; On                 ; On                 ;
; Pre-Mapping Resynthesis Optimization                                       ; Off                ; Off                ;
; Analysis & Synthesis Message Level                                         ; Medium             ; Medium             ;
; Disable Register Merging Across Hierarchies                                ; Auto               ; Auto               ;
; Resource Aware Inference For Block RAM                                     ; On                 ; On                 ;
; Synthesis Seed                                                             ; 1                  ; 1                  ;
+----------------------------------------------------------------------------+--------------------+--------------------+


Parallel compilation was disabled, but you have multiple processors available. Enable parallel compilation to reduce compilation time.
+-------------------------------------+
; Parallel Compilation                ;
+----------------------------+--------+
; Processors                 ; Number ;
+----------------------------+--------+
; Number detected on machine ; 16     ;
; Maximum allowed            ; 1      ;
+----------------------------+--------+


+---------------------------------------------------------------------------------------------------------------------------------------------------------------------------------------+
; Analysis & Synthesis Source Files Read                                                                                                                                                ;
+----------------------------------+-----------------+------------------------------------------+-----------------------------------------------------------------------------+---------+
; File Name with User-Entered Path ; Used in Netlist ; File Type                                ; File Name with Absolute Path                                                ; Library ;
+----------------------------------+-----------------+------------------------------------------+-----------------------------------------------------------------------------+---------+
; BaiTap.bdf                       ; yes             ; User Block Diagram/Schematic File        ; C:/Users/MinzHung/Downloads/Final/DPPipline_FuncPipeline/BaiTap.bdf         ;         ;
; AU1.bdf                          ; yes             ; User Block Diagram/Schematic File        ; C:/Users/MinzHung/Downloads/Final/DPPipline_FuncPipeline/AU1.bdf            ;         ;
; AU2.bdf                          ; yes             ; User Block Diagram/Schematic File        ; C:/Users/MinzHung/Downloads/Final/DPPipline_FuncPipeline/AU2.bdf            ;         ;
; 1BitRigthShift.bdf               ; yes             ; User Block Diagram/Schematic File        ; C:/Users/MinzHung/Downloads/Final/DPPipline_FuncPipeline/1BitRigthShift.bdf ;         ;
; 3BitRigthShift.bdf               ; yes             ; User Block Diagram/Schematic File        ; C:/Users/MinzHung/Downloads/Final/DPPipline_FuncPipeline/3BitRigthShift.bdf ;         ;
; CurrentState.bdf                 ; yes             ; User Block Diagram/Schematic File        ; C:/Users/MinzHung/Downloads/Final/DPPipline_FuncPipeline/CurrentState.bdf   ;         ;
; NextState.bdf                    ; yes             ; User Block Diagram/Schematic File        ; C:/Users/MinzHung/Downloads/Final/DPPipline_FuncPipeline/NextState.bdf      ;         ;
; OutputBlock2.bdf                 ; yes             ; User Block Diagram/Schematic File        ; C:/Users/MinzHung/Downloads/Final/DPPipline_FuncPipeline/OutputBlock2.bdf   ;         ;
; Datapath2.bdf                    ; yes             ; User Block Diagram/Schematic File        ; C:/Users/MinzHung/Downloads/Final/DPPipline_FuncPipeline/Datapath2.bdf      ;         ;
; Control2.bdf                     ; yes             ; User Block Diagram/Schematic File        ; C:/Users/MinzHung/Downloads/Final/DPPipline_FuncPipeline/Control2.bdf       ;         ;
; register1x8.bdf                  ; yes             ; Auto-Found Block Diagram/Schematic File  ; C:/Users/MinzHung/Downloads/Final/DPPipline_FuncPipeline/register1x8.bdf    ;         ;
; rfc.bdf                          ; yes             ; Auto-Found Block Diagram/Schematic File  ; C:/Users/MinzHung/Downloads/Final/DPPipline_FuncPipeline/rfc.bdf            ;         ;
; busmux.tdf                       ; yes             ; Megafunction                             ; c:/altera/13.0sp1/quartus/libraries/megafunctions/busmux.tdf                ;         ;
; lpm_mux.inc                      ; yes             ; Megafunction                             ; c:/altera/13.0sp1/quartus/libraries/megafunctions/lpm_mux.inc               ;         ;
; lpm_mux.tdf                      ; yes             ; Megafunction                             ; c:/altera/13.0sp1/quartus/libraries/megafunctions/lpm_mux.tdf               ;         ;
; aglobal130.inc                   ; yes             ; Megafunction                             ; c:/altera/13.0sp1/quartus/libraries/megafunctions/aglobal130.inc            ;         ;
; muxlut.inc                       ; yes             ; Megafunction                             ; c:/altera/13.0sp1/quartus/libraries/megafunctions/muxlut.inc                ;         ;
; bypassff.inc                     ; yes             ; Megafunction                             ; c:/altera/13.0sp1/quartus/libraries/megafunctions/bypassff.inc              ;         ;
; altshift.inc                     ; yes             ; Megafunction                             ; c:/altera/13.0sp1/quartus/libraries/megafunctions/altshift.inc              ;         ;
; db/mux_smc.tdf                   ; yes             ; Auto-Generated Megafunction              ; C:/Users/MinzHung/Downloads/Final/DPPipline_FuncPipeline/db/mux_smc.tdf     ;         ;
; sum8bit.bdf                      ; yes             ; Auto-Found Block Diagram/Schematic File  ; C:/Users/MinzHung/Downloads/Final/DPPipline_FuncPipeline/sum8bit.bdf        ;         ;
; sum.bdf                          ; yes             ; Auto-Found Block Diagram/Schematic File  ; C:/Users/MinzHung/Downloads/Final/DPPipline_FuncPipeline/sum.bdf            ;         ;
+----------------------------------+-----------------+------------------------------------------+-----------------------------------------------------------------------------+---------+


+-----------------------------------------------------+
; Analysis & Synthesis Resource Usage Summary         ;
+---------------------------------------------+-------+
; Resource                                    ; Usage ;
+---------------------------------------------+-------+
; Estimated Total logic elements              ; 149   ;
;                                             ;       ;
; Total combinational functions               ; 118   ;
; Logic element usage by number of LUT inputs ;       ;
;     -- 4 input functions                    ; 76    ;
;     -- 3 input functions                    ; 33    ;
;     -- <=2 input functions                  ; 9     ;
;                                             ;       ;
; Logic elements by mode                      ;       ;
;     -- normal mode                          ; 118   ;
;     -- arithmetic mode                      ; 0     ;
;                                             ;       ;
; Total registers                             ; 94    ;
;     -- Dedicated logic registers            ; 94    ;
;     -- I/O registers                        ; 0     ;
;                                             ;       ;
; I/O pins                                    ; 28    ;
; Embedded Multiplier 9-bit elements          ; 0     ;
; Maximum fan-out node                        ; CLK   ;
; Maximum fan-out                             ; 94    ;
; Total fan-out                               ; 685   ;
; Average fan-out                             ; 2.85  ;
+---------------------------------------------+-------+


+----------------------------------------------------------------------------------------------------------------------------------------------------------------------------------------------------------------------------------------------------------+
; Analysis & Synthesis Resource Utilization by Entity                                                                                                                                                                                                      ;
+-----------------------------------------+-------------------+--------------+-------------+--------------+---------+-----------+------+--------------+-------------------------------------------------------------------------------------+--------------+
; Compilation Hierarchy Node              ; LC Combinationals ; LC Registers ; Memory Bits ; DSP Elements ; DSP 9x9 ; DSP 18x18 ; Pins ; Virtual Pins ; Full Hierarchy Name                                                                 ; Library Name ;
+-----------------------------------------+-------------------+--------------+-------------+--------------+---------+-----------+------+--------------+-------------------------------------------------------------------------------------+--------------+
; |BaiTap                                 ; 118 (0)           ; 94 (0)       ; 0           ; 0            ; 0       ; 0         ; 28   ; 0            ; |BaiTap                                                                             ; work         ;
;    |Control2:inst|                      ; 28 (24)           ; 4 (0)        ; 0           ; 0            ; 0       ; 0         ; 0    ; 0            ; |BaiTap|Control2:inst                                                               ; work         ;
;       |CurrentState:inst2|              ; 0 (0)             ; 4 (4)        ; 0           ; 0            ; 0       ; 0         ; 0    ; 0            ; |BaiTap|Control2:inst|CurrentState:inst2                                            ; work         ;
;       |NextState:inst|                  ; 4 (4)             ; 0 (0)        ; 0           ; 0            ; 0       ; 0         ; 0    ; 0            ; |BaiTap|Control2:inst|NextState:inst                                                ; work         ;
;    |Datapath2:inst1|                    ; 90 (23)           ; 90 (0)       ; 0           ; 0            ; 0       ; 0         ; 0    ; 0            ; |BaiTap|Datapath2:inst1                                                             ; work         ;
;       |AU1:inst|                        ; 24 (1)            ; 26 (26)      ; 0           ; 0            ; 0       ; 0         ; 0    ; 0            ; |BaiTap|Datapath2:inst1|AU1:inst                                                    ; work         ;
;          |Sum8Bit:inst|                 ; 15 (0)            ; 0 (0)        ; 0           ; 0            ; 0       ; 0         ; 0    ; 0            ; |BaiTap|Datapath2:inst1|AU1:inst|Sum8Bit:inst                                       ; work         ;
;             |Sum:inst1|                 ; 2 (2)             ; 0 (0)        ; 0           ; 0            ; 0       ; 0         ; 0    ; 0            ; |BaiTap|Datapath2:inst1|AU1:inst|Sum8Bit:inst|Sum:inst1                             ; work         ;
;             |Sum:inst2|                 ; 2 (2)             ; 0 (0)        ; 0           ; 0            ; 0       ; 0         ; 0    ; 0            ; |BaiTap|Datapath2:inst1|AU1:inst|Sum8Bit:inst|Sum:inst2                             ; work         ;
;             |Sum:inst3|                 ; 2 (2)             ; 0 (0)        ; 0           ; 0            ; 0       ; 0         ; 0    ; 0            ; |BaiTap|Datapath2:inst1|AU1:inst|Sum8Bit:inst|Sum:inst3                             ; work         ;
;             |Sum:inst4|                 ; 2 (2)             ; 0 (0)        ; 0           ; 0            ; 0       ; 0         ; 0    ; 0            ; |BaiTap|Datapath2:inst1|AU1:inst|Sum8Bit:inst|Sum:inst4                             ; work         ;
;             |Sum:inst5|                 ; 2 (2)             ; 0 (0)        ; 0           ; 0            ; 0       ; 0         ; 0    ; 0            ; |BaiTap|Datapath2:inst1|AU1:inst|Sum8Bit:inst|Sum:inst5                             ; work         ;
;             |Sum:inst6|                 ; 2 (2)             ; 0 (0)        ; 0           ; 0            ; 0       ; 0         ; 0    ; 0            ; |BaiTap|Datapath2:inst1|AU1:inst|Sum8Bit:inst|Sum:inst6                             ; work         ;
;             |Sum:inst7|                 ; 2 (2)             ; 0 (0)        ; 0           ; 0            ; 0       ; 0         ; 0    ; 0            ; |BaiTap|Datapath2:inst1|AU1:inst|Sum8Bit:inst|Sum:inst7                             ; work         ;
;             |Sum:inst|                  ; 1 (1)             ; 0 (0)        ; 0           ; 0            ; 0       ; 0         ; 0    ; 0            ; |BaiTap|Datapath2:inst1|AU1:inst|Sum8Bit:inst|Sum:inst                              ; work         ;
;          |busmux:inst8|                 ; 8 (0)             ; 0 (0)        ; 0           ; 0            ; 0       ; 0         ; 0    ; 0            ; |BaiTap|Datapath2:inst1|AU1:inst|busmux:inst8                                       ; work         ;
;             |lpm_mux:$00000|            ; 8 (0)             ; 0 (0)        ; 0           ; 0            ; 0       ; 0         ; 0    ; 0            ; |BaiTap|Datapath2:inst1|AU1:inst|busmux:inst8|lpm_mux:$00000                        ; work         ;
;                |mux_smc:auto_generated| ; 8 (8)             ; 0 (0)        ; 0           ; 0            ; 0       ; 0         ; 0    ; 0            ; |BaiTap|Datapath2:inst1|AU1:inst|busmux:inst8|lpm_mux:$00000|mux_smc:auto_generated ; work         ;
;       |AU2:inst1|                       ; 15 (0)            ; 25 (25)      ; 0           ; 0            ; 0       ; 0         ; 0    ; 0            ; |BaiTap|Datapath2:inst1|AU2:inst1                                                   ; work         ;
;          |Sum8Bit:inst|                 ; 15 (0)            ; 0 (0)        ; 0           ; 0            ; 0       ; 0         ; 0    ; 0            ; |BaiTap|Datapath2:inst1|AU2:inst1|Sum8Bit:inst                                      ; work         ;
;             |Sum:inst1|                 ; 2 (2)             ; 0 (0)        ; 0           ; 0            ; 0       ; 0         ; 0    ; 0            ; |BaiTap|Datapath2:inst1|AU2:inst1|Sum8Bit:inst|Sum:inst1                            ; work         ;
;             |Sum:inst2|                 ; 2 (2)             ; 0 (0)        ; 0           ; 0            ; 0       ; 0         ; 0    ; 0            ; |BaiTap|Datapath2:inst1|AU2:inst1|Sum8Bit:inst|Sum:inst2                            ; work         ;
;             |Sum:inst3|                 ; 2 (2)             ; 0 (0)        ; 0           ; 0            ; 0       ; 0         ; 0    ; 0            ; |BaiTap|Datapath2:inst1|AU2:inst1|Sum8Bit:inst|Sum:inst3                            ; work         ;
;             |Sum:inst4|                 ; 2 (2)             ; 0 (0)        ; 0           ; 0            ; 0       ; 0         ; 0    ; 0            ; |BaiTap|Datapath2:inst1|AU2:inst1|Sum8Bit:inst|Sum:inst4                            ; work         ;
;             |Sum:inst5|                 ; 2 (2)             ; 0 (0)        ; 0           ; 0            ; 0       ; 0         ; 0    ; 0            ; |BaiTap|Datapath2:inst1|AU2:inst1|Sum8Bit:inst|Sum:inst5                            ; work         ;
;             |Sum:inst6|                 ; 2 (2)             ; 0 (0)        ; 0           ; 0            ; 0       ; 0         ; 0    ; 0            ; |BaiTap|Datapath2:inst1|AU2:inst1|Sum8Bit:inst|Sum:inst6                            ; work         ;
;             |Sum:inst7|                 ; 2 (2)             ; 0 (0)        ; 0           ; 0            ; 0       ; 0         ; 0    ; 0            ; |BaiTap|Datapath2:inst1|AU2:inst1|Sum8Bit:inst|Sum:inst7                            ; work         ;
;             |Sum:inst|                  ; 1 (1)             ; 0 (0)        ; 0           ; 0            ; 0       ; 0         ; 0    ; 0            ; |BaiTap|Datapath2:inst1|AU2:inst1|Sum8Bit:inst|Sum:inst                             ; work         ;
;       |Register1x8:inst24|              ; 0 (0)             ; 7 (0)        ; 0           ; 0            ; 0       ; 0         ; 0    ; 0            ; |BaiTap|Datapath2:inst1|Register1x8:inst24                                          ; work         ;
;          |RFC:inst10|                   ; 0 (0)             ; 1 (1)        ; 0           ; 0            ; 0       ; 0         ; 0    ; 0            ; |BaiTap|Datapath2:inst1|Register1x8:inst24|RFC:inst10                               ; work         ;
;          |RFC:inst11|                   ; 0 (0)             ; 1 (1)        ; 0           ; 0            ; 0       ; 0         ; 0    ; 0            ; |BaiTap|Datapath2:inst1|Register1x8:inst24|RFC:inst11                               ; work         ;
;          |RFC:inst12|                   ; 0 (0)             ; 1 (1)        ; 0           ; 0            ; 0       ; 0         ; 0    ; 0            ; |BaiTap|Datapath2:inst1|Register1x8:inst24|RFC:inst12                               ; work         ;
;          |RFC:inst4|                    ; 0 (0)             ; 1 (1)        ; 0           ; 0            ; 0       ; 0         ; 0    ; 0            ; |BaiTap|Datapath2:inst1|Register1x8:inst24|RFC:inst4                                ; work         ;
;          |RFC:inst7|                    ; 0 (0)             ; 1 (1)        ; 0           ; 0            ; 0       ; 0         ; 0    ; 0            ; |BaiTap|Datapath2:inst1|Register1x8:inst24|RFC:inst7                                ; work         ;
;          |RFC:inst8|                    ; 0 (0)             ; 1 (1)        ; 0           ; 0            ; 0       ; 0         ; 0    ; 0            ; |BaiTap|Datapath2:inst1|Register1x8:inst24|RFC:inst8                                ; work         ;
;          |RFC:inst9|                    ; 0 (0)             ; 1 (1)        ; 0           ; 0            ; 0       ; 0         ; 0    ; 0            ; |BaiTap|Datapath2:inst1|Register1x8:inst24|RFC:inst9                                ; work         ;
;       |Register1x8:inst25|              ; 0 (0)             ; 8 (0)        ; 0           ; 0            ; 0       ; 0         ; 0    ; 0            ; |BaiTap|Datapath2:inst1|Register1x8:inst25                                          ; work         ;
;          |RFC:inst10|                   ; 0 (0)             ; 1 (1)        ; 0           ; 0            ; 0       ; 0         ; 0    ; 0            ; |BaiTap|Datapath2:inst1|Register1x8:inst25|RFC:inst10                               ; work         ;
;          |RFC:inst11|                   ; 0 (0)             ; 1 (1)        ; 0           ; 0            ; 0       ; 0         ; 0    ; 0            ; |BaiTap|Datapath2:inst1|Register1x8:inst25|RFC:inst11                               ; work         ;
;          |RFC:inst12|                   ; 0 (0)             ; 1 (1)        ; 0           ; 0            ; 0       ; 0         ; 0    ; 0            ; |BaiTap|Datapath2:inst1|Register1x8:inst25|RFC:inst12                               ; work         ;
;          |RFC:inst3|                    ; 0 (0)             ; 1 (1)        ; 0           ; 0            ; 0       ; 0         ; 0    ; 0            ; |BaiTap|Datapath2:inst1|Register1x8:inst25|RFC:inst3                                ; work         ;
;          |RFC:inst4|                    ; 0 (0)             ; 1 (1)        ; 0           ; 0            ; 0       ; 0         ; 0    ; 0            ; |BaiTap|Datapath2:inst1|Register1x8:inst25|RFC:inst4                                ; work         ;
;          |RFC:inst7|                    ; 0 (0)             ; 1 (1)        ; 0           ; 0            ; 0       ; 0         ; 0    ; 0            ; |BaiTap|Datapath2:inst1|Register1x8:inst25|RFC:inst7                                ; work         ;
;          |RFC:inst8|                    ; 0 (0)             ; 1 (1)        ; 0           ; 0            ; 0       ; 0         ; 0    ; 0            ; |BaiTap|Datapath2:inst1|Register1x8:inst25|RFC:inst8                                ; work         ;
;          |RFC:inst9|                    ; 0 (0)             ; 1 (1)        ; 0           ; 0            ; 0       ; 0         ; 0    ; 0            ; |BaiTap|Datapath2:inst1|Register1x8:inst25|RFC:inst9                                ; work         ;
;       |Register1x8:inst2|               ; 8 (0)             ; 8 (0)        ; 0           ; 0            ; 0       ; 0         ; 0    ; 0            ; |BaiTap|Datapath2:inst1|Register1x8:inst2                                           ; work         ;
;          |RFC:inst10|                   ; 1 (1)             ; 1 (1)        ; 0           ; 0            ; 0       ; 0         ; 0    ; 0            ; |BaiTap|Datapath2:inst1|Register1x8:inst2|RFC:inst10                                ; work         ;
;          |RFC:inst11|                   ; 1 (1)             ; 1 (1)        ; 0           ; 0            ; 0       ; 0         ; 0    ; 0            ; |BaiTap|Datapath2:inst1|Register1x8:inst2|RFC:inst11                                ; work         ;
;          |RFC:inst12|                   ; 1 (1)             ; 1 (1)        ; 0           ; 0            ; 0       ; 0         ; 0    ; 0            ; |BaiTap|Datapath2:inst1|Register1x8:inst2|RFC:inst12                                ; work         ;
;          |RFC:inst3|                    ; 1 (1)             ; 1 (1)        ; 0           ; 0            ; 0       ; 0         ; 0    ; 0            ; |BaiTap|Datapath2:inst1|Register1x8:inst2|RFC:inst3                                 ; work         ;
;          |RFC:inst4|                    ; 1 (1)             ; 1 (1)        ; 0           ; 0            ; 0       ; 0         ; 0    ; 0            ; |BaiTap|Datapath2:inst1|Register1x8:inst2|RFC:inst4                                 ; work         ;
;          |RFC:inst7|                    ; 1 (1)             ; 1 (1)        ; 0           ; 0            ; 0       ; 0         ; 0    ; 0            ; |BaiTap|Datapath2:inst1|Register1x8:inst2|RFC:inst7                                 ; work         ;
;          |RFC:inst8|                    ; 1 (1)             ; 1 (1)        ; 0           ; 0            ; 0       ; 0         ; 0    ; 0            ; |BaiTap|Datapath2:inst1|Register1x8:inst2|RFC:inst8                                 ; work         ;
;          |RFC:inst9|                    ; 1 (1)             ; 1 (1)        ; 0           ; 0            ; 0       ; 0         ; 0    ; 0            ; |BaiTap|Datapath2:inst1|Register1x8:inst2|RFC:inst9                                 ; work         ;
;       |Register1x8:inst30|              ; 8 (0)             ; 8 (0)        ; 0           ; 0            ; 0       ; 0         ; 0    ; 0            ; |BaiTap|Datapath2:inst1|Register1x8:inst30                                          ; work         ;
;          |RFC:inst10|                   ; 1 (1)             ; 1 (1)        ; 0           ; 0            ; 0       ; 0         ; 0    ; 0            ; |BaiTap|Datapath2:inst1|Register1x8:inst30|RFC:inst10                               ; work         ;
;          |RFC:inst11|                   ; 1 (1)             ; 1 (1)        ; 0           ; 0            ; 0       ; 0         ; 0    ; 0            ; |BaiTap|Datapath2:inst1|Register1x8:inst30|RFC:inst11                               ; work         ;
;          |RFC:inst12|                   ; 1 (1)             ; 1 (1)        ; 0           ; 0            ; 0       ; 0         ; 0    ; 0            ; |BaiTap|Datapath2:inst1|Register1x8:inst30|RFC:inst12                               ; work         ;
;          |RFC:inst3|                    ; 1 (1)             ; 1 (1)        ; 0           ; 0            ; 0       ; 0         ; 0    ; 0            ; |BaiTap|Datapath2:inst1|Register1x8:inst30|RFC:inst3                                ; work         ;
;          |RFC:inst4|                    ; 1 (1)             ; 1 (1)        ; 0           ; 0            ; 0       ; 0         ; 0    ; 0            ; |BaiTap|Datapath2:inst1|Register1x8:inst30|RFC:inst4                                ; work         ;
;          |RFC:inst7|                    ; 1 (1)             ; 1 (1)        ; 0           ; 0            ; 0       ; 0         ; 0    ; 0            ; |BaiTap|Datapath2:inst1|Register1x8:inst30|RFC:inst7                                ; work         ;
;          |RFC:inst8|                    ; 1 (1)             ; 1 (1)        ; 0           ; 0            ; 0       ; 0         ; 0    ; 0            ; |BaiTap|Datapath2:inst1|Register1x8:inst30|RFC:inst8                                ; work         ;
;          |RFC:inst9|                    ; 1 (1)             ; 1 (1)        ; 0           ; 0            ; 0       ; 0         ; 0    ; 0            ; |BaiTap|Datapath2:inst1|Register1x8:inst30|RFC:inst9                                ; work         ;
;       |Register1x8:inst32|              ; 12 (0)            ; 8 (0)        ; 0           ; 0            ; 0       ; 0         ; 0    ; 0            ; |BaiTap|Datapath2:inst1|Register1x8:inst32                                          ; work         ;
;          |RFC:inst10|                   ; 2 (2)             ; 1 (1)        ; 0           ; 0            ; 0       ; 0         ; 0    ; 0            ; |BaiTap|Datapath2:inst1|Register1x8:inst32|RFC:inst10                               ; work         ;
;          |RFC:inst11|                   ; 2 (2)             ; 1 (1)        ; 0           ; 0            ; 0       ; 0         ; 0    ; 0            ; |BaiTap|Datapath2:inst1|Register1x8:inst32|RFC:inst11                               ; work         ;
;          |RFC:inst12|                   ; 4 (4)             ; 1 (1)        ; 0           ; 0            ; 0       ; 0         ; 0    ; 0            ; |BaiTap|Datapath2:inst1|Register1x8:inst32|RFC:inst12                               ; work         ;
;          |RFC:inst3|                    ; 0 (0)             ; 1 (1)        ; 0           ; 0            ; 0       ; 0         ; 0    ; 0            ; |BaiTap|Datapath2:inst1|Register1x8:inst32|RFC:inst3                                ; work         ;
;          |RFC:inst4|                    ; 0 (0)             ; 1 (1)        ; 0           ; 0            ; 0       ; 0         ; 0    ; 0            ; |BaiTap|Datapath2:inst1|Register1x8:inst32|RFC:inst4                                ; work         ;
;          |RFC:inst7|                    ; 0 (0)             ; 1 (1)        ; 0           ; 0            ; 0       ; 0         ; 0    ; 0            ; |BaiTap|Datapath2:inst1|Register1x8:inst32|RFC:inst7                                ; work         ;
;          |RFC:inst8|                    ; 2 (2)             ; 1 (1)        ; 0           ; 0            ; 0       ; 0         ; 0    ; 0            ; |BaiTap|Datapath2:inst1|Register1x8:inst32|RFC:inst8                                ; work         ;
;          |RFC:inst9|                    ; 2 (2)             ; 1 (1)        ; 0           ; 0            ; 0       ; 0         ; 0    ; 0            ; |BaiTap|Datapath2:inst1|Register1x8:inst32|RFC:inst9                                ; work         ;
+-----------------------------------------+-------------------+--------------+-------------+--------------+---------+-----------+------+--------------+-------------------------------------------------------------------------------------+--------------+
Note: For table entries with two numbers listed, the numbers in parentheses indicate the number of resources of the given type used by the specific entity alone. The numbers listed outside of parentheses indicate the total resources of the given type used by the specific entity and all of its sub-entities in the hierarchy.


+---------------------------------------------------------------------------------------------------+
; User-Specified and Inferred Latches                                                               ;
+----------------------------------------------------+---------------------+------------------------+
; Latch Name                                         ; Latch Enable Signal ; Free of Timing Hazards ;
+----------------------------------------------------+---------------------+------------------------+
; Control2:inst|inst7                                ; Control2:inst|inst9 ; yes                    ;
; Control2:inst|inst3                                ; Start               ; yes                    ;
; Number of user-specified and inferred latches = 2  ;                     ;                        ;
+----------------------------------------------------+---------------------+------------------------+
Note: All latches listed above may not be present at the end of synthesis due to various synthesis optimizations.


+--------------------------------------------------------------------------------------------+
; Registers Removed During Synthesis                                                         ;
+---------------------------------------------------+----------------------------------------+
; Register name                                     ; Reason for Removal                     ;
+---------------------------------------------------+----------------------------------------+
; Datapath2:inst1|Register1x8:inst24|RFC:inst3|inst ; Stuck at GND due to stuck port data_in ;
; Total Number of Removed Registers = 1             ;                                        ;
+---------------------------------------------------+----------------------------------------+


+------------------------------------------------------+
; General Register Statistics                          ;
+----------------------------------------------+-------+
; Statistic                                    ; Value ;
+----------------------------------------------+-------+
; Total registers                              ; 94    ;
; Number of registers using Synchronous Clear  ; 0     ;
; Number of registers using Synchronous Load   ; 8     ;
; Number of registers using Asynchronous Clear ; 4     ;
; Number of registers using Asynchronous Load  ; 0     ;
; Number of registers using Clock Enable       ; 39    ;
; Number of registers using Preset             ; 0     ;
+----------------------------------------------+-------+


+-------------------------------------------------------------------------------------------------------------------------------------------------------------------------------------------------------------------+
; Multiplexer Restructuring Statistics (Restructuring Performed)                                                                                                                                                    ;
+--------------------+-----------+---------------+----------------------+------------------------+------------+-----------------------------------------------------------------------------------------------------+
; Multiplexer Inputs ; Bus Width ; Baseline Area ; Area if Restructured ; Saving if Restructured ; Registered ; Example Multiplexer Output                                                                          ;
+--------------------+-----------+---------------+----------------------+------------------------+------------+-----------------------------------------------------------------------------------------------------+
; 3:1                ; 8 bits    ; 16 LEs        ; 16 LEs               ; 0 LEs                  ; Yes        ; |BaiTap|Datapath2:inst1|Register1x8:inst30|RFC:inst12|inst                                          ;
; 3:1                ; 8 bits    ; 16 LEs        ; 16 LEs               ; 0 LEs                  ; Yes        ; |BaiTap|Datapath2:inst1|Register1x8:inst2|RFC:inst12|inst                                           ;
; 5:1                ; 5 bits    ; 15 LEs        ; 15 LEs               ; 0 LEs                  ; Yes        ; |BaiTap|Datapath2:inst1|Register1x8:inst32|RFC:inst12|inst                                          ;
; 3:1                ; 3 bits    ; 6 LEs         ; 6 LEs                ; 0 LEs                  ; No         ; |BaiTap|Datapath2:inst1|AU2:inst1|busmux:inst2|lpm_mux:$00000|mux_smc:auto_generated|result_node[5] ;
; 3:1                ; 8 bits    ; 16 LEs        ; 16 LEs               ; 0 LEs                  ; No         ; |BaiTap|Datapath2:inst1|AU1:inst|busmux:inst8|lpm_mux:$00000|mux_smc:auto_generated|result_node[7]  ;
+--------------------+-----------+---------------+----------------------+------------------------+------------+-----------------------------------------------------------------------------------------------------+


+------------------------------------------------------------------------------------+
; Parameter Settings for User Entity Instance: Datapath2:inst1|AU1:inst|BUSMUX:inst8 ;
+----------------+-------+-----------------------------------------------------------+
; Parameter Name ; Value ; Type                                                      ;
+----------------+-------+-----------------------------------------------------------+
; WIDTH          ; 8     ; Signed Integer                                            ;
+----------------+-------+-----------------------------------------------------------+
Note: In order to hide this table in the UI and the text report file, please set the "Show Parameter Settings in Synthesis Report" option in "Analysis and Synthesis Settings -> More Settings" to "Off".


+------------------------------------------------------------------------------------+
; Parameter Settings for User Entity Instance: Datapath2:inst1|AU1:inst|BUSMUX:inst7 ;
+----------------+-------+-----------------------------------------------------------+
; Parameter Name ; Value ; Type                                                      ;
+----------------+-------+-----------------------------------------------------------+
; WIDTH          ; 8     ; Signed Integer                                            ;
+----------------+-------+-----------------------------------------------------------+
Note: In order to hide this table in the UI and the text report file, please set the "Show Parameter Settings in Synthesis Report" option in "Analysis and Synthesis Settings -> More Settings" to "Off".


+-------------------------------------------------------------------------------------+
; Parameter Settings for User Entity Instance: Datapath2:inst1|AU2:inst1|BUSMUX:inst2 ;
+----------------+-------+------------------------------------------------------------+
; Parameter Name ; Value ; Type                                                       ;
+----------------+-------+------------------------------------------------------------+
; WIDTH          ; 8     ; Signed Integer                                             ;
+----------------+-------+------------------------------------------------------------+
Note: In order to hide this table in the UI and the text report file, please set the "Show Parameter Settings in Synthesis Report" option in "Analysis and Synthesis Settings -> More Settings" to "Off".


+-------------------------------------------------------------------------------------+
; Parameter Settings for User Entity Instance: Datapath2:inst1|AU2:inst1|BUSMUX:inst3 ;
+----------------+-------+------------------------------------------------------------+
; Parameter Name ; Value ; Type                                                       ;
+----------------+-------+------------------------------------------------------------+
; WIDTH          ; 8     ; Signed Integer                                             ;
+----------------+-------+------------------------------------------------------------+
Note: In order to hide this table in the UI and the text report file, please set the "Show Parameter Settings in Synthesis Report" option in "Analysis and Synthesis Settings -> More Settings" to "Off".


+-------------------------------+
; Elapsed Time Per Partition    ;
+----------------+--------------+
; Partition Name ; Elapsed Time ;
+----------------+--------------+
; Top            ; 00:00:00     ;
+----------------+--------------+


+-------------------------------+
; Analysis & Synthesis Messages ;
+-------------------------------+
Info: *******************************************************************
Info: Running Quartus II 64-Bit Analysis & Synthesis
    Info: Version 13.0.1 Build 232 06/12/2013 Service Pack 1 SJ Web Edition
    Info: Processing started: Mon Dec 02 01:13:32 2024
Info: Command: quartus_map --read_settings_files=on --write_settings_files=off BaiTap -c BaiTap
Warning (20028): Parallel compilation is not licensed and has been disabled
Info (12021): Found 1 design units, including 1 entities, in source file baitap.bdf
    Info (12023): Found entity 1: BaiTap
Info (12021): Found 1 design units, including 1 entities, in source file au1.bdf
    Info (12023): Found entity 1: AU1
Info (12021): Found 1 design units, including 1 entities, in source file au2.bdf
    Info (12023): Found entity 1: AU2
Info (12021): Found 1 design units, including 1 entities, in source file datapath.bdf
    Info (12023): Found entity 1: Datapath
Info (12021): Found 1 design units, including 1 entities, in source file 1bitrigthshift.bdf
    Info (12023): Found entity 1: 1BitRigthShift
Info (12021): Found 1 design units, including 1 entities, in source file 3bitrigthshift.bdf
    Info (12023): Found entity 1: 3BitRigthShift
Info (12021): Found 1 design units, including 1 entities, in source file currentstate.bdf
    Info (12023): Found entity 1: CurrentState
Info (12021): Found 1 design units, including 1 entities, in source file nextstate.bdf
    Info (12023): Found entity 1: NextState
Info (12021): Found 1 design units, including 1 entities, in source file outputblock2.bdf
    Info (12023): Found entity 1: OutputBlock2
Info (12021): Found 1 design units, including 1 entities, in source file datapath2.bdf
    Info (12023): Found entity 1: Datapath2
Info (12021): Found 1 design units, including 1 entities, in source file control.bdf
    Info (12023): Found entity 1: Control
Info (12021): Found 1 design units, including 1 entities, in source file control2.bdf
    Info (12023): Found entity 1: Control2
Info (12021): Found 1 design units, including 1 entities, in source file control3.bdf
    Info (12023): Found entity 1: Control3
Info (12127): Elaborating entity "BaiTap" for the top level hierarchy
Info (12128): Elaborating entity "Control2" for hierarchy "Control2:inst"
Info (12128): Elaborating entity "OutputBlock2" for hierarchy "Control2:inst|OutputBlock2:inst1"
Info (12128): Elaborating entity "CurrentState" for hierarchy "Control2:inst|CurrentState:inst2"
Info (12128): Elaborating entity "NextState" for hierarchy "Control2:inst|NextState:inst"
Info (12128): Elaborating entity "Datapath2" for hierarchy "Datapath2:inst1"
Warning (12125): Using design file register1x8.bdf, which is not specified as a design file for the current project, but contains definitions for 1 design units and 1 entities in project
    Info (12023): Found entity 1: Register1x8
Info (12128): Elaborating entity "Register1x8" for hierarchy "Datapath2:inst1|Register1x8:inst32"
Warning (12125): Using design file rfc.bdf, which is not specified as a design file for the current project, but contains definitions for 1 design units and 1 entities in project
    Info (12023): Found entity 1: RFC
Info (12128): Elaborating entity "RFC" for hierarchy "Datapath2:inst1|Register1x8:inst32|RFC:inst3"
Info (12128): Elaborating entity "3BitRigthShift" for hierarchy "Datapath2:inst1|3BitRigthShift:inst5"
Info (12128): Elaborating entity "AU1" for hierarchy "Datapath2:inst1|AU1:inst"
Info (12128): Elaborating entity "BUSMUX" for hierarchy "Datapath2:inst1|AU1:inst|BUSMUX:inst8"
Info (12130): Elaborated megafunction instantiation "Datapath2:inst1|AU1:inst|BUSMUX:inst8"
Info (12133): Instantiated megafunction "Datapath2:inst1|AU1:inst|BUSMUX:inst8" with the following parameter:
    Info (12134): Parameter "WIDTH" = "8"
Info (12128): Elaborating entity "lpm_mux" for hierarchy "Datapath2:inst1|AU1:inst|BUSMUX:inst8|lpm_mux:$00000"
Info (12131): Elaborated megafunction instantiation "Datapath2:inst1|AU1:inst|BUSMUX:inst8|lpm_mux:$00000", which is child of megafunction instantiation "Datapath2:inst1|AU1:inst|BUSMUX:inst8"
Info (12021): Found 1 design units, including 1 entities, in source file db/mux_smc.tdf
    Info (12023): Found entity 1: mux_smc
Info (12128): Elaborating entity "mux_smc" for hierarchy "Datapath2:inst1|AU1:inst|BUSMUX:inst8|lpm_mux:$00000|mux_smc:auto_generated"
Warning (12125): Using design file sum8bit.bdf, which is not specified as a design file for the current project, but contains definitions for 1 design units and 1 entities in project
    Info (12023): Found entity 1: Sum8Bit
Info (12128): Elaborating entity "Sum8Bit" for hierarchy "Datapath2:inst1|AU1:inst|Sum8Bit:inst"
Warning (275085): Found inconsistent dimensions for element "Cnext"
Warning (275080): Converted elements in bus name "Cnext" using legacy naming rules. Make any assignments on the new names, not on the original names.
    Warning (275081): Converted element name(s) from "Cnext[6]" to "Cnext6"
    Warning (275081): Converted element name(s) from "Cnext[4]" to "Cnext4"
    Warning (275081): Converted element name(s) from "Cnext[3]" to "Cnext3"
    Warning (275081): Converted element name(s) from "Cnext[5]" to "Cnext5"
    Warning (275081): Converted element name(s) from "Cnext[2]" to "Cnext2"
    Warning (275081): Converted element name(s) from "Cnext[1]" to "Cnext1"
    Warning (275081): Converted element name(s) from "Cnext[0]" to "Cnext0"
    Warning (275081): Converted element name(s) from "Cnext[7]" to "Cnext7"
    Warning (275081): Converted element name(s) from "Cnext[6]" to "Cnext6"
    Warning (275081): Converted element name(s) from "Cnext[5]" to "Cnext5"
    Warning (275081): Converted element name(s) from "Cnext[4]" to "Cnext4"
    Warning (275081): Converted element name(s) from "Cnext[3]" to "Cnext3"
    Warning (275081): Converted element name(s) from "Cnext[2]" to "Cnext2"
    Warning (275081): Converted element name(s) from "Cnext[1]" to "Cnext1"
    Warning (275081): Converted element name(s) from "Cnext[0]" to "Cnext0"
    Warning (275081): Converted element name(s) from "Cnext[7]" to "Cnext7"
Warning (12125): Using design file sum.bdf, which is not specified as a design file for the current project, but contains definitions for 1 design units and 1 entities in project
    Info (12023): Found entity 1: Sum
Info (12128): Elaborating entity "Sum" for hierarchy "Datapath2:inst1|AU1:inst|Sum8Bit:inst|Sum:inst"
Info (12128): Elaborating entity "AU2" for hierarchy "Datapath2:inst1|AU2:inst1"
Info (12128): Elaborating entity "1BitRigthShift" for hierarchy "Datapath2:inst1|1BitRigthShift:inst4"
Warning (13046): Tri-state node(s) do not directly drive top-level pin(s)
    Warning (13048): Converted tri-state node feeding "Datapath2:inst1|Register1x8:inst32|RFC:inst3|inst3" into a selector
    Warning (13048): Converted tri-state node feeding "Datapath2:inst1|Register1x8:inst32|RFC:inst4|inst3" into a selector
    Warning (13048): Converted tri-state node feeding "Datapath2:inst1|Register1x8:inst32|RFC:inst7|inst3" into a selector
    Warning (13048): Converted tri-state node feeding "Datapath2:inst1|Register1x8:inst32|RFC:inst8|inst3" into a selector
    Warning (13048): Converted tri-state node feeding "Datapath2:inst1|Register1x8:inst32|RFC:inst9|inst3" into a selector
    Warning (13048): Converted tri-state node feeding "Datapath2:inst1|Register1x8:inst32|RFC:inst10|inst3" into a selector
    Warning (13048): Converted tri-state node feeding "Datapath2:inst1|Register1x8:inst32|RFC:inst11|inst3" into a selector
    Warning (13048): Converted tri-state node feeding "Datapath2:inst1|Register1x8:inst32|RFC:inst12|inst3" into a selector
    Warning (13048): Converted tri-state node feeding "Datapath2:inst1|Register1x8:inst2|RFC:inst3|inst3" into a selector
    Warning (13048): Converted tri-state node feeding "Datapath2:inst1|Register1x8:inst2|RFC:inst4|inst3" into a selector
    Warning (13048): Converted tri-state node feeding "Datapath2:inst1|Register1x8:inst2|RFC:inst7|inst3" into a selector
    Warning (13048): Converted tri-state node feeding "Datapath2:inst1|Register1x8:inst2|RFC:inst8|inst3" into a selector
    Warning (13048): Converted tri-state node feeding "Datapath2:inst1|Register1x8:inst2|RFC:inst9|inst3" into a selector
    Warning (13048): Converted tri-state node feeding "Datapath2:inst1|Register1x8:inst2|RFC:inst10|inst3" into a selector
    Warning (13048): Converted tri-state node feeding "Datapath2:inst1|Register1x8:inst2|RFC:inst11|inst3" into a selector
    Warning (13048): Converted tri-state node feeding "Datapath2:inst1|Register1x8:inst2|RFC:inst12|inst3" into a selector
    Warning (13048): Converted tri-state node feeding "Datapath2:inst1|Register1x8:inst30|RFC:inst3|inst3" into a selector
    Warning (13048): Converted tri-state node feeding "Datapath2:inst1|Register1x8:inst30|RFC:inst4|inst3" into a selector
    Warning (13048): Converted tri-state node feeding "Datapath2:inst1|Register1x8:inst30|RFC:inst7|inst3" into a selector
    Warning (13048): Converted tri-state node feeding "Datapath2:inst1|Register1x8:inst30|RFC:inst8|inst3" into a selector
    Warning (13048): Converted tri-state node feeding "Datapath2:inst1|Register1x8:inst30|RFC:inst9|inst3" into a selector
    Warning (13048): Converted tri-state node feeding "Datapath2:inst1|Register1x8:inst30|RFC:inst10|inst3" into a selector
    Warning (13048): Converted tri-state node feeding "Datapath2:inst1|Register1x8:inst30|RFC:inst11|inst3" into a selector
    Warning (13048): Converted tri-state node feeding "Datapath2:inst1|Register1x8:inst30|RFC:inst12|inst3" into a selector
Warning (13046): Tri-state node(s) do not directly drive top-level pin(s)
    Warning (13047): Converted the fan-out from the tri-state buffer "Datapath2:inst1|Register1x8:inst32|RFC:inst3|inst1" to the node "Datapath2:inst1|AU2:inst1|inst5[7]" into an OR gate
    Warning (13047): Converted the fan-out from the tri-state buffer "Datapath2:inst1|Register1x8:inst32|RFC:inst4|inst1" to the node "Datapath2:inst1|AU2:inst1|inst5[6]" into an OR gate
    Warning (13047): Converted the fan-out from the tri-state buffer "Datapath2:inst1|Register1x8:inst32|RFC:inst7|inst1" to the node "Datapath2:inst1|AU2:inst1|inst5[5]" into an OR gate
    Warning (13047): Converted the fan-out from the tri-state buffer "Datapath2:inst1|Register1x8:inst32|RFC:inst8|inst1" to the node "Datapath2:inst1|AU2:inst1|inst5[4]" into an OR gate
    Warning (13047): Converted the fan-out from the tri-state buffer "Datapath2:inst1|Register1x8:inst32|RFC:inst9|inst1" to the node "Datapath2:inst1|AU2:inst1|inst5[3]" into an OR gate
    Warning (13047): Converted the fan-out from the tri-state buffer "Datapath2:inst1|Register1x8:inst32|RFC:inst10|inst1" to the node "Datapath2:inst1|AU2:inst1|inst5[2]" into an OR gate
    Warning (13047): Converted the fan-out from the tri-state buffer "Datapath2:inst1|Register1x8:inst32|RFC:inst11|inst1" to the node "Datapath2:inst1|AU2:inst1|inst5[1]" into an OR gate
    Warning (13047): Converted the fan-out from the tri-state buffer "Datapath2:inst1|Register1x8:inst32|RFC:inst12|inst1" to the node "Datapath2:inst1|AU2:inst1|inst5[0]" into an OR gate
    Warning (13047): Converted the fan-out from the tri-state buffer "Datapath2:inst1|Register1x8:inst2|RFC:inst3|inst1" to the node "Datapath2:inst1|AU1:inst|inst6[7]" into an OR gate
    Warning (13047): Converted the fan-out from the tri-state buffer "Datapath2:inst1|Register1x8:inst2|RFC:inst12|inst1" to the node "Datapath2:inst1|AU1:inst|inst10[0]" into an OR gate
    Warning (13047): Converted the fan-out from the tri-state buffer "Datapath2:inst1|Register1x8:inst2|RFC:inst11|inst1" to the node "Datapath2:inst1|AU1:inst|inst6[1]" into an OR gate
    Warning (13047): Converted the fan-out from the tri-state buffer "Datapath2:inst1|Register1x8:inst2|RFC:inst10|inst1" to the node "Datapath2:inst1|AU1:inst|inst6[2]" into an OR gate
    Warning (13047): Converted the fan-out from the tri-state buffer "Datapath2:inst1|Register1x8:inst2|RFC:inst9|inst1" to the node "Datapath2:inst1|AU1:inst|inst6[3]" into an OR gate
    Warning (13047): Converted the fan-out from the tri-state buffer "Datapath2:inst1|Register1x8:inst2|RFC:inst8|inst1" to the node "Datapath2:inst1|AU1:inst|inst6[4]" into an OR gate
    Warning (13047): Converted the fan-out from the tri-state buffer "Datapath2:inst1|Register1x8:inst2|RFC:inst7|inst1" to the node "Datapath2:inst1|AU1:inst|inst6[5]" into an OR gate
    Warning (13047): Converted the fan-out from the tri-state buffer "Datapath2:inst1|Register1x8:inst2|RFC:inst4|inst1" to the node "Datapath2:inst1|AU1:inst|inst6[6]" into an OR gate
Warning (13046): Tri-state node(s) do not directly drive top-level pin(s)
    Warning (13047): Converted the fan-out from the tri-state buffer "Datapath2:inst1|inst20[7]" to the node "Datapath2:inst1|AU2:inst1|inst4[7]" into an OR gate
    Warning (13047): Converted the fan-out from the tri-state buffer "Datapath2:inst1|inst19[0]" to the node "Datapath2:inst1|AU2:inst1|inst4[0]" into an OR gate
    Warning (13047): Converted the fan-out from the tri-state buffer "Datapath2:inst1|inst19[1]" to the node "Datapath2:inst1|AU2:inst1|inst4[1]" into an OR gate
    Warning (13047): Converted the fan-out from the tri-state buffer "Datapath2:inst1|inst19[2]" to the node "Datapath2:inst1|AU2:inst1|inst4[2]" into an OR gate
    Warning (13047): Converted the fan-out from the tri-state buffer "Datapath2:inst1|inst19[3]" to the node "Datapath2:inst1|AU2:inst1|inst4[3]" into an OR gate
    Warning (13047): Converted the fan-out from the tri-state buffer "Datapath2:inst1|inst19[4]" to the node "Datapath2:inst1|AU2:inst1|inst4[4]" into an OR gate
    Warning (13047): Converted the fan-out from the tri-state buffer "Datapath2:inst1|inst19[5]" to the node "Datapath2:inst1|AU2:inst1|inst4[5]" into an OR gate
    Warning (13047): Converted the fan-out from the tri-state buffer "Datapath2:inst1|inst19[6]" to the node "Datapath2:inst1|AU2:inst1|inst4[6]" into an OR gate
    Warning (13047): Converted the fan-out from the tri-state buffer "Datapath2:inst1|inst9[7]" to the node "Datapath2:inst1|AU1:inst|inst3[7]" into an OR gate
    Warning (13047): Converted the fan-out from the tri-state buffer "Datapath2:inst1|inst9[6]" to the node "Datapath2:inst1|AU1:inst|inst3[6]" into an OR gate
    Warning (13047): Converted the fan-out from the tri-state buffer "Datapath2:inst1|inst9[5]" to the node "Datapath2:inst1|AU1:inst|inst3[5]" into an OR gate
    Warning (13047): Converted the fan-out from the tri-state buffer "Datapath2:inst1|inst9[4]" to the node "Datapath2:inst1|AU1:inst|inst3[4]" into an OR gate
    Warning (13047): Converted the fan-out from the tri-state buffer "Datapath2:inst1|inst9[3]" to the node "Datapath2:inst1|AU1:inst|inst3[3]" into an OR gate
    Warning (13047): Converted the fan-out from the tri-state buffer "Datapath2:inst1|inst9[2]" to the node "Datapath2:inst1|AU1:inst|inst3[2]" into an OR gate
    Warning (13047): Converted the fan-out from the tri-state buffer "Datapath2:inst1|inst9[1]" to the node "Datapath2:inst1|AU1:inst|inst3[1]" into an OR gate
    Warning (13047): Converted the fan-out from the tri-state buffer "Datapath2:inst1|inst9[0]" to the node "Datapath2:inst1|AU1:inst|inst3[0]" into an OR gate
Info (16010): Generating hard_block partition "hard_block:auto_generated_inst"
    Info (16011): Adding 0 node(s), including 0 DDIO, 0 PLL, 0 transceiver and 0 LCELL
Info (21057): Implemented 201 device resources after synthesis - the final resource count might be different
    Info (21058): Implemented 19 input pins
    Info (21059): Implemented 9 output pins
    Info (21061): Implemented 173 logic cells
Info: Quartus II 64-Bit Analysis & Synthesis was successful. 0 errors, 82 warnings
    Info: Peak virtual memory: 4617 megabytes
    Info: Processing ended: Mon Dec 02 01:13:34 2024
    Info: Elapsed time: 00:00:02
    Info: Total CPU time (on all processors): 00:00:01


