Analysis & Synthesis report for RAM16_8
Sun Dec 01 01:04:51 2024
Quartus II 64-Bit Version 13.0.1 Build 232 06/12/2013 Service Pack 1 SJ Web Edition


---------------------
; Table of Contents ;
---------------------
  1. Legal Notice
  2. Analysis & Synthesis Summary
  3. Analysis & Synthesis Settings
  4. Parallel Compilation
  5. Analysis & Synthesis Source Files Read
  6. Analysis & Synthesis Resource Usage Summary
  7. Analysis & Synthesis Resource Utilization by Entity
  8. User-Specified and Inferred Latches
  9. General Register Statistics
 10. Elapsed Time Per Partition
 11. Analysis & Synthesis Messages



----------------
; Legal Notice ;
----------------
Copyright (C) 1991-2013 Altera Corporation
Your use of Altera Corporation's design tools, logic functions 
and other software and tools, and its AMPP partner logic 
functions, and any output files from any of the foregoing 
(including device programming or simulation files), and any 
associated documentation or information are expressly subject 
to the terms and conditions of the Altera Program License 
Subscription Agreement, Altera MegaCore Function License 
Agreement, or other applicable license agreement, including, 
without limitation, that your use is for the sole purpose of 
programming logic devices manufactured by Altera and sold by 
Altera or its authorized distributors.  Please refer to the 
applicable agreement for further details.



+--------------------------------------------------------------------------------------+
; Analysis & Synthesis Summary                                                         ;
+------------------------------------+-------------------------------------------------+
; Analysis & Synthesis Status        ; Successful - Sun Dec 01 01:04:51 2024           ;
; Quartus II 64-Bit Version          ; 13.0.1 Build 232 06/12/2013 SP 1 SJ Web Edition ;
; Revision Name                      ; RAM16_8                                         ;
; Top-level Entity Name              ; RAM16_8                                         ;
; Family                             ; Cyclone II                                      ;
; Total logic elements               ; 256                                             ;
;     Total combinational functions  ; 256                                             ;
;     Dedicated logic registers      ; 0                                               ;
; Total registers                    ; 0                                               ;
; Total pins                         ; 13                                              ;
; Total virtual pins                 ; 0                                               ;
; Total memory bits                  ; 0                                               ;
; Embedded Multiplier 9-bit elements ; 0                                               ;
; Total PLLs                         ; 0                                               ;
+------------------------------------+-------------------------------------------------+


+----------------------------------------------------------------------------------------------------------------------+
; Analysis & Synthesis Settings                                                                                        ;
+----------------------------------------------------------------------------+--------------------+--------------------+
; Option                                                                     ; Setting            ; Default Value      ;
+----------------------------------------------------------------------------+--------------------+--------------------+
; Device                                                                     ; EP2C35F672C6       ;                    ;
; Top-level entity name                                                      ; RAM16_8            ; RAM16_8            ;
; Family name                                                                ; Cyclone II         ; Cyclone IV GX      ;
; Use smart compilation                                                      ; Off                ; Off                ;
; Enable parallel Assembler and TimeQuest Timing Analyzer during compilation ; On                 ; On                 ;
; Enable compact report table                                                ; Off                ; Off                ;
; Restructure Multiplexers                                                   ; Auto               ; Auto               ;
; Create Debugging Nodes for IP Cores                                        ; Off                ; Off                ;
; Preserve fewer node names                                                  ; On                 ; On                 ;
; Disable OpenCore Plus hardware evaluation                                  ; Off                ; Off                ;
; Verilog Version                                                            ; Verilog_2001       ; Verilog_2001       ;
; VHDL Version                                                               ; VHDL_1993          ; VHDL_1993          ;
; State Machine Processing                                                   ; Auto               ; Auto               ;
; Safe State Machine                                                         ; Off                ; Off                ;
; Extract Verilog State Machines                                             ; On                 ; On                 ;
; Extract VHDL State Machines                                                ; On                 ; On                 ;
; Ignore Verilog initial constructs                                          ; Off                ; Off                ;
; Iteration limit for constant Verilog loops                                 ; 5000               ; 5000               ;
; Iteration limit for non-constant Verilog loops                             ; 250                ; 250                ;
; Add Pass-Through Logic to Inferred RAMs                                    ; On                 ; On                 ;
; Infer RAMs from Raw Logic                                                  ; On                 ; On                 ;
; Parallel Synthesis                                                         ; On                 ; On                 ;
; DSP Block Balancing                                                        ; Auto               ; Auto               ;
; NOT Gate Push-Back                                                         ; On                 ; On                 ;
; Power-Up Don't Care                                                        ; On                 ; On                 ;
; Remove Redundant Logic Cells                                               ; Off                ; Off                ;
; Remove Duplicate Registers                                                 ; On                 ; On                 ;
; Ignore CARRY Buffers                                                       ; Off                ; Off                ;
; Ignore CASCADE Buffers                                                     ; Off                ; Off                ;
; Ignore GLOBAL Buffers                                                      ; Off                ; Off                ;
; Ignore ROW GLOBAL Buffers                                                  ; Off                ; Off                ;
; Ignore LCELL Buffers                                                       ; Off                ; Off                ;
; Ignore SOFT Buffers                                                        ; On                 ; On                 ;
; Limit AHDL Integers to 32 Bits                                             ; Off                ; Off                ;
; Optimization Technique                                                     ; Balanced           ; Balanced           ;
; Carry Chain Length                                                         ; 70                 ; 70                 ;
; Auto Carry Chains                                                          ; On                 ; On                 ;
; Auto Open-Drain Pins                                                       ; On                 ; On                 ;
; Perform WYSIWYG Primitive Resynthesis                                      ; Off                ; Off                ;
; Auto ROM Replacement                                                       ; On                 ; On                 ;
; Auto RAM Replacement                                                       ; On                 ; On                 ;
; Auto Shift Register Replacement                                            ; Auto               ; Auto               ;
; Allow Shift Register Merging across Hierarchies                            ; Auto               ; Auto               ;
; Auto Clock Enable Replacement                                              ; On                 ; On                 ;
; Strict RAM Replacement                                                     ; Off                ; Off                ;
; Allow Synchronous Control Signals                                          ; On                 ; On                 ;
; Force Use of Synchronous Clear Signals                                     ; Off                ; Off                ;
; Auto RAM to Logic Cell Conversion                                          ; Off                ; Off                ;
; Auto Resource Sharing                                                      ; Off                ; Off                ;
; Allow Any RAM Size For Recognition                                         ; Off                ; Off                ;
; Allow Any ROM Size For Recognition                                         ; Off                ; Off                ;
; Allow Any Shift Register Size For Recognition                              ; Off                ; Off                ;
; Use LogicLock Constraints during Resource Balancing                        ; On                 ; On                 ;
; Ignore translate_off and synthesis_off directives                          ; Off                ; Off                ;
; Timing-Driven Synthesis                                                    ; Off                ; Off                ;
; Report Parameter Settings                                                  ; On                 ; On                 ;
; Report Source Assignments                                                  ; On                 ; On                 ;
; Report Connectivity Checks                                                 ; On                 ; On                 ;
; Ignore Maximum Fan-Out Assignments                                         ; Off                ; Off                ;
; Synchronization Register Chain Length                                      ; 2                  ; 2                  ;
; PowerPlay Power Optimization                                               ; Normal compilation ; Normal compilation ;
; HDL message level                                                          ; Level2             ; Level2             ;
; Suppress Register Optimization Related Messages                            ; Off                ; Off                ;
; Number of Removed Registers Reported in Synthesis Report                   ; 5000               ; 5000               ;
; Number of Swept Nodes Reported in Synthesis Report                         ; 5000               ; 5000               ;
; Number of Inverted Registers Reported in Synthesis Report                  ; 100                ; 100                ;
; Clock MUX Protection                                                       ; On                 ; On                 ;
; Auto Gated Clock Conversion                                                ; Off                ; Off                ;
; Block Design Naming                                                        ; Auto               ; Auto               ;
; SDC constraint protection                                                  ; Off                ; Off                ;
; Synthesis Effort                                                           ; Auto               ; Auto               ;
; Shift Register Replacement - Allow Asynchronous Clear Signal               ; On                 ; On                 ;
; Pre-Mapping Resynthesis Optimization                                       ; Off                ; Off                ;
; Analysis & Synthesis Message Level                                         ; Medium             ; Medium             ;
; Disable Register Merging Across Hierarchies                                ; Auto               ; Auto               ;
; Resource Aware Inference For Block RAM                                     ; On                 ; On                 ;
; Synthesis Seed                                                             ; 1                  ; 1                  ;
+----------------------------------------------------------------------------+--------------------+--------------------+


Parallel compilation was disabled, but you have multiple processors available. Enable parallel compilation to reduce compilation time.
+-------------------------------------+
; Parallel Compilation                ;
+----------------------------+--------+
; Processors                 ; Number ;
+----------------------------+--------+
; Number detected on machine ; 16     ;
; Maximum allowed            ; 1      ;
+----------------------------+--------+


+--------------------------------------------------------------------------------------------------------------------------------------------------------------+
; Analysis & Synthesis Source Files Read                                                                                                                       ;
+----------------------------------+-----------------+------------------------------------+----------------------------------------------------------+---------+
; File Name with User-Entered Path ; Used in Netlist ; File Type                          ; File Name with Absolute Path                             ; Library ;
+----------------------------------+-----------------+------------------------------------+----------------------------------------------------------+---------+
; RAM16_8.bdf                      ; yes             ; User Block Diagram/Schematic File  ; C:/Users/MinzHung/Downloads/Final/RAM16_8/RAM16_8.bdf    ;         ;
; MC.bdf                           ; yes             ; User Block Diagram/Schematic File  ; C:/Users/MinzHung/Downloads/Final/RAM16_8/MC.bdf         ;         ;
; Decoder2_4.bdf                   ; yes             ; User Block Diagram/Schematic File  ; C:/Users/MinzHung/Downloads/Final/RAM16_8/Decoder2_4.bdf ;         ;
; RAM4_4.bdf                       ; yes             ; User Block Diagram/Schematic File  ; C:/Users/MinzHung/Downloads/Final/RAM16_8/RAM4_4.bdf     ;         ;
+----------------------------------+-----------------+------------------------------------+----------------------------------------------------------+---------+


+-----------------------------------------------------+
; Analysis & Synthesis Resource Usage Summary         ;
+---------------------------------------------+-------+
; Resource                                    ; Usage ;
+---------------------------------------------+-------+
; Estimated Total logic elements              ; 256   ;
;                                             ;       ;
; Total combinational functions               ; 256   ;
; Logic element usage by number of LUT inputs ;       ;
;     -- 4 input functions                    ; 88    ;
;     -- 3 input functions                    ; 164   ;
;     -- <=2 input functions                  ; 4     ;
;                                             ;       ;
; Logic elements by mode                      ;       ;
;     -- normal mode                          ; 256   ;
;     -- arithmetic mode                      ; 0     ;
;                                             ;       ;
; Total registers                             ; 0     ;
;     -- Dedicated logic registers            ; 0     ;
;     -- I/O registers                        ; 0     ;
;                                             ;       ;
; I/O pins                                    ; 13    ;
; Embedded Multiplier 9-bit elements          ; 0     ;
; Maximum fan-out node                        ; A[0]  ;
; Maximum fan-out                             ; 68    ;
; Total fan-out                               ; 868   ;
; Average fan-out                             ; 3.23  ;
+---------------------------------------------+-------+


+-----------------------------------------------------------------------------------------------------------------------------------------------------------------------------------------------+
; Analysis & Synthesis Resource Utilization by Entity                                                                                                                                           ;
+----------------------------+-------------------+--------------+-------------+--------------+---------+-----------+------+--------------+---------------------------------------+--------------+
; Compilation Hierarchy Node ; LC Combinationals ; LC Registers ; Memory Bits ; DSP Elements ; DSP 9x9 ; DSP 18x18 ; Pins ; Virtual Pins ; Full Hierarchy Name                   ; Library Name ;
+----------------------------+-------------------+--------------+-------------+--------------+---------+-----------+------+--------------+---------------------------------------+--------------+
; |RAM16_8                   ; 256 (0)           ; 0 (0)        ; 0           ; 0            ; 0       ; 0         ; 13   ; 0            ; |RAM16_8                              ; work         ;
;    |RAM4_4:inst1|          ; 37 (17)           ; 0 (0)        ; 0           ; 0            ; 0       ; 0         ; 0    ; 0            ; |RAM16_8|RAM4_4:inst1                 ; work         ;
;       |MC:inst10|          ; 1 (1)             ; 0 (0)        ; 0           ; 0            ; 0       ; 0         ; 0    ; 0            ; |RAM16_8|RAM4_4:inst1|MC:inst10       ; work         ;
;       |MC:inst11|          ; 1 (1)             ; 0 (0)        ; 0           ; 0            ; 0       ; 0         ; 0    ; 0            ; |RAM16_8|RAM4_4:inst1|MC:inst11       ; work         ;
;       |MC:inst12|          ; 1 (1)             ; 0 (0)        ; 0           ; 0            ; 0       ; 0         ; 0    ; 0            ; |RAM16_8|RAM4_4:inst1|MC:inst12       ; work         ;
;       |MC:inst13|          ; 2 (2)             ; 0 (0)        ; 0           ; 0            ; 0       ; 0         ; 0    ; 0            ; |RAM16_8|RAM4_4:inst1|MC:inst13       ; work         ;
;       |MC:inst14|          ; 1 (1)             ; 0 (0)        ; 0           ; 0            ; 0       ; 0         ; 0    ; 0            ; |RAM16_8|RAM4_4:inst1|MC:inst14       ; work         ;
;       |MC:inst15|          ; 1 (1)             ; 0 (0)        ; 0           ; 0            ; 0       ; 0         ; 0    ; 0            ; |RAM16_8|RAM4_4:inst1|MC:inst15       ; work         ;
;       |MC:inst16|          ; 1 (1)             ; 0 (0)        ; 0           ; 0            ; 0       ; 0         ; 0    ; 0            ; |RAM16_8|RAM4_4:inst1|MC:inst16       ; work         ;
;       |MC:inst1|           ; 2 (2)             ; 0 (0)        ; 0           ; 0            ; 0       ; 0         ; 0    ; 0            ; |RAM16_8|RAM4_4:inst1|MC:inst1        ; work         ;
;       |MC:inst2|           ; 1 (1)             ; 0 (0)        ; 0           ; 0            ; 0       ; 0         ; 0    ; 0            ; |RAM16_8|RAM4_4:inst1|MC:inst2        ; work         ;
;       |MC:inst3|           ; 1 (1)             ; 0 (0)        ; 0           ; 0            ; 0       ; 0         ; 0    ; 0            ; |RAM16_8|RAM4_4:inst1|MC:inst3        ; work         ;
;       |MC:inst4|           ; 1 (1)             ; 0 (0)        ; 0           ; 0            ; 0       ; 0         ; 0    ; 0            ; |RAM16_8|RAM4_4:inst1|MC:inst4        ; work         ;
;       |MC:inst5|           ; 2 (2)             ; 0 (0)        ; 0           ; 0            ; 0       ; 0         ; 0    ; 0            ; |RAM16_8|RAM4_4:inst1|MC:inst5        ; work         ;
;       |MC:inst6|           ; 1 (1)             ; 0 (0)        ; 0           ; 0            ; 0       ; 0         ; 0    ; 0            ; |RAM16_8|RAM4_4:inst1|MC:inst6        ; work         ;
;       |MC:inst7|           ; 1 (1)             ; 0 (0)        ; 0           ; 0            ; 0       ; 0         ; 0    ; 0            ; |RAM16_8|RAM4_4:inst1|MC:inst7        ; work         ;
;       |MC:inst8|           ; 1 (1)             ; 0 (0)        ; 0           ; 0            ; 0       ; 0         ; 0    ; 0            ; |RAM16_8|RAM4_4:inst1|MC:inst8        ; work         ;
;       |MC:inst9|           ; 2 (2)             ; 0 (0)        ; 0           ; 0            ; 0       ; 0         ; 0    ; 0            ; |RAM16_8|RAM4_4:inst1|MC:inst9        ; work         ;
;    |RAM4_4:inst2|          ; 33 (13)           ; 0 (0)        ; 0           ; 0            ; 0       ; 0         ; 0    ; 0            ; |RAM16_8|RAM4_4:inst2                 ; work         ;
;       |MC:inst10|          ; 1 (1)             ; 0 (0)        ; 0           ; 0            ; 0       ; 0         ; 0    ; 0            ; |RAM16_8|RAM4_4:inst2|MC:inst10       ; work         ;
;       |MC:inst11|          ; 1 (1)             ; 0 (0)        ; 0           ; 0            ; 0       ; 0         ; 0    ; 0            ; |RAM16_8|RAM4_4:inst2|MC:inst11       ; work         ;
;       |MC:inst12|          ; 1 (1)             ; 0 (0)        ; 0           ; 0            ; 0       ; 0         ; 0    ; 0            ; |RAM16_8|RAM4_4:inst2|MC:inst12       ; work         ;
;       |MC:inst13|          ; 2 (2)             ; 0 (0)        ; 0           ; 0            ; 0       ; 0         ; 0    ; 0            ; |RAM16_8|RAM4_4:inst2|MC:inst13       ; work         ;
;       |MC:inst14|          ; 1 (1)             ; 0 (0)        ; 0           ; 0            ; 0       ; 0         ; 0    ; 0            ; |RAM16_8|RAM4_4:inst2|MC:inst14       ; work         ;
;       |MC:inst15|          ; 1 (1)             ; 0 (0)        ; 0           ; 0            ; 0       ; 0         ; 0    ; 0            ; |RAM16_8|RAM4_4:inst2|MC:inst15       ; work         ;
;       |MC:inst16|          ; 1 (1)             ; 0 (0)        ; 0           ; 0            ; 0       ; 0         ; 0    ; 0            ; |RAM16_8|RAM4_4:inst2|MC:inst16       ; work         ;
;       |MC:inst1|           ; 2 (2)             ; 0 (0)        ; 0           ; 0            ; 0       ; 0         ; 0    ; 0            ; |RAM16_8|RAM4_4:inst2|MC:inst1        ; work         ;
;       |MC:inst2|           ; 1 (1)             ; 0 (0)        ; 0           ; 0            ; 0       ; 0         ; 0    ; 0            ; |RAM16_8|RAM4_4:inst2|MC:inst2        ; work         ;
;       |MC:inst3|           ; 1 (1)             ; 0 (0)        ; 0           ; 0            ; 0       ; 0         ; 0    ; 0            ; |RAM16_8|RAM4_4:inst2|MC:inst3        ; work         ;
;       |MC:inst4|           ; 1 (1)             ; 0 (0)        ; 0           ; 0            ; 0       ; 0         ; 0    ; 0            ; |RAM16_8|RAM4_4:inst2|MC:inst4        ; work         ;
;       |MC:inst5|           ; 2 (2)             ; 0 (0)        ; 0           ; 0            ; 0       ; 0         ; 0    ; 0            ; |RAM16_8|RAM4_4:inst2|MC:inst5        ; work         ;
;       |MC:inst6|           ; 1 (1)             ; 0 (0)        ; 0           ; 0            ; 0       ; 0         ; 0    ; 0            ; |RAM16_8|RAM4_4:inst2|MC:inst6        ; work         ;
;       |MC:inst7|           ; 1 (1)             ; 0 (0)        ; 0           ; 0            ; 0       ; 0         ; 0    ; 0            ; |RAM16_8|RAM4_4:inst2|MC:inst7        ; work         ;
;       |MC:inst8|           ; 1 (1)             ; 0 (0)        ; 0           ; 0            ; 0       ; 0         ; 0    ; 0            ; |RAM16_8|RAM4_4:inst2|MC:inst8        ; work         ;
;       |MC:inst9|           ; 2 (2)             ; 0 (0)        ; 0           ; 0            ; 0       ; 0         ; 0    ; 0            ; |RAM16_8|RAM4_4:inst2|MC:inst9        ; work         ;
;    |RAM4_4:inst4|          ; 33 (13)           ; 0 (0)        ; 0           ; 0            ; 0       ; 0         ; 0    ; 0            ; |RAM16_8|RAM4_4:inst4                 ; work         ;
;       |MC:inst10|          ; 1 (1)             ; 0 (0)        ; 0           ; 0            ; 0       ; 0         ; 0    ; 0            ; |RAM16_8|RAM4_4:inst4|MC:inst10       ; work         ;
;       |MC:inst11|          ; 1 (1)             ; 0 (0)        ; 0           ; 0            ; 0       ; 0         ; 0    ; 0            ; |RAM16_8|RAM4_4:inst4|MC:inst11       ; work         ;
;       |MC:inst12|          ; 1 (1)             ; 0 (0)        ; 0           ; 0            ; 0       ; 0         ; 0    ; 0            ; |RAM16_8|RAM4_4:inst4|MC:inst12       ; work         ;
;       |MC:inst13|          ; 2 (2)             ; 0 (0)        ; 0           ; 0            ; 0       ; 0         ; 0    ; 0            ; |RAM16_8|RAM4_4:inst4|MC:inst13       ; work         ;
;       |MC:inst14|          ; 1 (1)             ; 0 (0)        ; 0           ; 0            ; 0       ; 0         ; 0    ; 0            ; |RAM16_8|RAM4_4:inst4|MC:inst14       ; work         ;
;       |MC:inst15|          ; 1 (1)             ; 0 (0)        ; 0           ; 0            ; 0       ; 0         ; 0    ; 0            ; |RAM16_8|RAM4_4:inst4|MC:inst15       ; work         ;
;       |MC:inst16|          ; 1 (1)             ; 0 (0)        ; 0           ; 0            ; 0       ; 0         ; 0    ; 0            ; |RAM16_8|RAM4_4:inst4|MC:inst16       ; work         ;
;       |MC:inst1|           ; 2 (2)             ; 0 (0)        ; 0           ; 0            ; 0       ; 0         ; 0    ; 0            ; |RAM16_8|RAM4_4:inst4|MC:inst1        ; work         ;
;       |MC:inst2|           ; 1 (1)             ; 0 (0)        ; 0           ; 0            ; 0       ; 0         ; 0    ; 0            ; |RAM16_8|RAM4_4:inst4|MC:inst2        ; work         ;
;       |MC:inst3|           ; 1 (1)             ; 0 (0)        ; 0           ; 0            ; 0       ; 0         ; 0    ; 0            ; |RAM16_8|RAM4_4:inst4|MC:inst3        ; work         ;
;       |MC:inst4|           ; 1 (1)             ; 0 (0)        ; 0           ; 0            ; 0       ; 0         ; 0    ; 0            ; |RAM16_8|RAM4_4:inst4|MC:inst4        ; work         ;
;       |MC:inst5|           ; 2 (2)             ; 0 (0)        ; 0           ; 0            ; 0       ; 0         ; 0    ; 0            ; |RAM16_8|RAM4_4:inst4|MC:inst5        ; work         ;
;       |MC:inst6|           ; 1 (1)             ; 0 (0)        ; 0           ; 0            ; 0       ; 0         ; 0    ; 0            ; |RAM16_8|RAM4_4:inst4|MC:inst6        ; work         ;
;       |MC:inst7|           ; 1 (1)             ; 0 (0)        ; 0           ; 0            ; 0       ; 0         ; 0    ; 0            ; |RAM16_8|RAM4_4:inst4|MC:inst7        ; work         ;
;       |MC:inst8|           ; 1 (1)             ; 0 (0)        ; 0           ; 0            ; 0       ; 0         ; 0    ; 0            ; |RAM16_8|RAM4_4:inst4|MC:inst8        ; work         ;
;       |MC:inst9|           ; 2 (2)             ; 0 (0)        ; 0           ; 0            ; 0       ; 0         ; 0    ; 0            ; |RAM16_8|RAM4_4:inst4|MC:inst9        ; work         ;
;    |RAM4_4:inst5|          ; 32 (16)           ; 0 (0)        ; 0           ; 0            ; 0       ; 0         ; 0    ; 0            ; |RAM16_8|RAM4_4:inst5                 ; work         ;
;       |MC:inst10|          ; 1 (1)             ; 0 (0)        ; 0           ; 0            ; 0       ; 0         ; 0    ; 0            ; |RAM16_8|RAM4_4:inst5|MC:inst10       ; work         ;
;       |MC:inst11|          ; 1 (1)             ; 0 (0)        ; 0           ; 0            ; 0       ; 0         ; 0    ; 0            ; |RAM16_8|RAM4_4:inst5|MC:inst11       ; work         ;
;       |MC:inst12|          ; 1 (1)             ; 0 (0)        ; 0           ; 0            ; 0       ; 0         ; 0    ; 0            ; |RAM16_8|RAM4_4:inst5|MC:inst12       ; work         ;
;       |MC:inst13|          ; 1 (1)             ; 0 (0)        ; 0           ; 0            ; 0       ; 0         ; 0    ; 0            ; |RAM16_8|RAM4_4:inst5|MC:inst13       ; work         ;
;       |MC:inst14|          ; 1 (1)             ; 0 (0)        ; 0           ; 0            ; 0       ; 0         ; 0    ; 0            ; |RAM16_8|RAM4_4:inst5|MC:inst14       ; work         ;
;       |MC:inst15|          ; 1 (1)             ; 0 (0)        ; 0           ; 0            ; 0       ; 0         ; 0    ; 0            ; |RAM16_8|RAM4_4:inst5|MC:inst15       ; work         ;
;       |MC:inst16|          ; 1 (1)             ; 0 (0)        ; 0           ; 0            ; 0       ; 0         ; 0    ; 0            ; |RAM16_8|RAM4_4:inst5|MC:inst16       ; work         ;
;       |MC:inst1|           ; 1 (1)             ; 0 (0)        ; 0           ; 0            ; 0       ; 0         ; 0    ; 0            ; |RAM16_8|RAM4_4:inst5|MC:inst1        ; work         ;
;       |MC:inst2|           ; 1 (1)             ; 0 (0)        ; 0           ; 0            ; 0       ; 0         ; 0    ; 0            ; |RAM16_8|RAM4_4:inst5|MC:inst2        ; work         ;
;       |MC:inst3|           ; 1 (1)             ; 0 (0)        ; 0           ; 0            ; 0       ; 0         ; 0    ; 0            ; |RAM16_8|RAM4_4:inst5|MC:inst3        ; work         ;
;       |MC:inst4|           ; 1 (1)             ; 0 (0)        ; 0           ; 0            ; 0       ; 0         ; 0    ; 0            ; |RAM16_8|RAM4_4:inst5|MC:inst4        ; work         ;
;       |MC:inst5|           ; 1 (1)             ; 0 (0)        ; 0           ; 0            ; 0       ; 0         ; 0    ; 0            ; |RAM16_8|RAM4_4:inst5|MC:inst5        ; work         ;
;       |MC:inst6|           ; 1 (1)             ; 0 (0)        ; 0           ; 0            ; 0       ; 0         ; 0    ; 0            ; |RAM16_8|RAM4_4:inst5|MC:inst6        ; work         ;
;       |MC:inst7|           ; 1 (1)             ; 0 (0)        ; 0           ; 0            ; 0       ; 0         ; 0    ; 0            ; |RAM16_8|RAM4_4:inst5|MC:inst7        ; work         ;
;       |MC:inst8|           ; 1 (1)             ; 0 (0)        ; 0           ; 0            ; 0       ; 0         ; 0    ; 0            ; |RAM16_8|RAM4_4:inst5|MC:inst8        ; work         ;
;       |MC:inst9|           ; 1 (1)             ; 0 (0)        ; 0           ; 0            ; 0       ; 0         ; 0    ; 0            ; |RAM16_8|RAM4_4:inst5|MC:inst9        ; work         ;
;    |RAM4_4:inst6|          ; 28 (12)           ; 0 (0)        ; 0           ; 0            ; 0       ; 0         ; 0    ; 0            ; |RAM16_8|RAM4_4:inst6                 ; work         ;
;       |MC:inst10|          ; 1 (1)             ; 0 (0)        ; 0           ; 0            ; 0       ; 0         ; 0    ; 0            ; |RAM16_8|RAM4_4:inst6|MC:inst10       ; work         ;
;       |MC:inst11|          ; 1 (1)             ; 0 (0)        ; 0           ; 0            ; 0       ; 0         ; 0    ; 0            ; |RAM16_8|RAM4_4:inst6|MC:inst11       ; work         ;
;       |MC:inst12|          ; 1 (1)             ; 0 (0)        ; 0           ; 0            ; 0       ; 0         ; 0    ; 0            ; |RAM16_8|RAM4_4:inst6|MC:inst12       ; work         ;
;       |MC:inst13|          ; 1 (1)             ; 0 (0)        ; 0           ; 0            ; 0       ; 0         ; 0    ; 0            ; |RAM16_8|RAM4_4:inst6|MC:inst13       ; work         ;
;       |MC:inst14|          ; 1 (1)             ; 0 (0)        ; 0           ; 0            ; 0       ; 0         ; 0    ; 0            ; |RAM16_8|RAM4_4:inst6|MC:inst14       ; work         ;
;       |MC:inst15|          ; 1 (1)             ; 0 (0)        ; 0           ; 0            ; 0       ; 0         ; 0    ; 0            ; |RAM16_8|RAM4_4:inst6|MC:inst15       ; work         ;
;       |MC:inst16|          ; 1 (1)             ; 0 (0)        ; 0           ; 0            ; 0       ; 0         ; 0    ; 0            ; |RAM16_8|RAM4_4:inst6|MC:inst16       ; work         ;
;       |MC:inst1|           ; 1 (1)             ; 0 (0)        ; 0           ; 0            ; 0       ; 0         ; 0    ; 0            ; |RAM16_8|RAM4_4:inst6|MC:inst1        ; work         ;
;       |MC:inst2|           ; 1 (1)             ; 0 (0)        ; 0           ; 0            ; 0       ; 0         ; 0    ; 0            ; |RAM16_8|RAM4_4:inst6|MC:inst2        ; work         ;
;       |MC:inst3|           ; 1 (1)             ; 0 (0)        ; 0           ; 0            ; 0       ; 0         ; 0    ; 0            ; |RAM16_8|RAM4_4:inst6|MC:inst3        ; work         ;
;       |MC:inst4|           ; 1 (1)             ; 0 (0)        ; 0           ; 0            ; 0       ; 0         ; 0    ; 0            ; |RAM16_8|RAM4_4:inst6|MC:inst4        ; work         ;
;       |MC:inst5|           ; 1 (1)             ; 0 (0)        ; 0           ; 0            ; 0       ; 0         ; 0    ; 0            ; |RAM16_8|RAM4_4:inst6|MC:inst5        ; work         ;
;       |MC:inst6|           ; 1 (1)             ; 0 (0)        ; 0           ; 0            ; 0       ; 0         ; 0    ; 0            ; |RAM16_8|RAM4_4:inst6|MC:inst6        ; work         ;
;       |MC:inst7|           ; 1 (1)             ; 0 (0)        ; 0           ; 0            ; 0       ; 0         ; 0    ; 0            ; |RAM16_8|RAM4_4:inst6|MC:inst7        ; work         ;
;       |MC:inst8|           ; 1 (1)             ; 0 (0)        ; 0           ; 0            ; 0       ; 0         ; 0    ; 0            ; |RAM16_8|RAM4_4:inst6|MC:inst8        ; work         ;
;       |MC:inst9|           ; 1 (1)             ; 0 (0)        ; 0           ; 0            ; 0       ; 0         ; 0    ; 0            ; |RAM16_8|RAM4_4:inst6|MC:inst9        ; work         ;
;    |RAM4_4:inst7|          ; 28 (12)           ; 0 (0)        ; 0           ; 0            ; 0       ; 0         ; 0    ; 0            ; |RAM16_8|RAM4_4:inst7                 ; work         ;
;       |MC:inst10|          ; 1 (1)             ; 0 (0)        ; 0           ; 0            ; 0       ; 0         ; 0    ; 0            ; |RAM16_8|RAM4_4:inst7|MC:inst10       ; work         ;
;       |MC:inst11|          ; 1 (1)             ; 0 (0)        ; 0           ; 0            ; 0       ; 0         ; 0    ; 0            ; |RAM16_8|RAM4_4:inst7|MC:inst11       ; work         ;
;       |MC:inst12|          ; 1 (1)             ; 0 (0)        ; 0           ; 0            ; 0       ; 0         ; 0    ; 0            ; |RAM16_8|RAM4_4:inst7|MC:inst12       ; work         ;
;       |MC:inst13|          ; 1 (1)             ; 0 (0)        ; 0           ; 0            ; 0       ; 0         ; 0    ; 0            ; |RAM16_8|RAM4_4:inst7|MC:inst13       ; work         ;
;       |MC:inst14|          ; 1 (1)             ; 0 (0)        ; 0           ; 0            ; 0       ; 0         ; 0    ; 0            ; |RAM16_8|RAM4_4:inst7|MC:inst14       ; work         ;
;       |MC:inst15|          ; 1 (1)             ; 0 (0)        ; 0           ; 0            ; 0       ; 0         ; 0    ; 0            ; |RAM16_8|RAM4_4:inst7|MC:inst15       ; work         ;
;       |MC:inst16|          ; 1 (1)             ; 0 (0)        ; 0           ; 0            ; 0       ; 0         ; 0    ; 0            ; |RAM16_8|RAM4_4:inst7|MC:inst16       ; work         ;
;       |MC:inst1|           ; 1 (1)             ; 0 (0)        ; 0           ; 0            ; 0       ; 0         ; 0    ; 0            ; |RAM16_8|RAM4_4:inst7|MC:inst1        ; work         ;
;       |MC:inst2|           ; 1 (1)             ; 0 (0)        ; 0           ; 0            ; 0       ; 0         ; 0    ; 0            ; |RAM16_8|RAM4_4:inst7|MC:inst2        ; work         ;
;       |MC:inst3|           ; 1 (1)             ; 0 (0)        ; 0           ; 0            ; 0       ; 0         ; 0    ; 0            ; |RAM16_8|RAM4_4:inst7|MC:inst3        ; work         ;
;       |MC:inst4|           ; 1 (1)             ; 0 (0)        ; 0           ; 0            ; 0       ; 0         ; 0    ; 0            ; |RAM16_8|RAM4_4:inst7|MC:inst4        ; work         ;
;       |MC:inst5|           ; 1 (1)             ; 0 (0)        ; 0           ; 0            ; 0       ; 0         ; 0    ; 0            ; |RAM16_8|RAM4_4:inst7|MC:inst5        ; work         ;
;       |MC:inst6|           ; 1 (1)             ; 0 (0)        ; 0           ; 0            ; 0       ; 0         ; 0    ; 0            ; |RAM16_8|RAM4_4:inst7|MC:inst6        ; work         ;
;       |MC:inst7|           ; 1 (1)             ; 0 (0)        ; 0           ; 0            ; 0       ; 0         ; 0    ; 0            ; |RAM16_8|RAM4_4:inst7|MC:inst7        ; work         ;
;       |MC:inst8|           ; 1 (1)             ; 0 (0)        ; 0           ; 0            ; 0       ; 0         ; 0    ; 0            ; |RAM16_8|RAM4_4:inst7|MC:inst8        ; work         ;
;       |MC:inst9|           ; 1 (1)             ; 0 (0)        ; 0           ; 0            ; 0       ; 0         ; 0    ; 0            ; |RAM16_8|RAM4_4:inst7|MC:inst9        ; work         ;
;    |RAM4_4:inst8|          ; 28 (12)           ; 0 (0)        ; 0           ; 0            ; 0       ; 0         ; 0    ; 0            ; |RAM16_8|RAM4_4:inst8                 ; work         ;
;       |MC:inst10|          ; 1 (1)             ; 0 (0)        ; 0           ; 0            ; 0       ; 0         ; 0    ; 0            ; |RAM16_8|RAM4_4:inst8|MC:inst10       ; work         ;
;       |MC:inst11|          ; 1 (1)             ; 0 (0)        ; 0           ; 0            ; 0       ; 0         ; 0    ; 0            ; |RAM16_8|RAM4_4:inst8|MC:inst11       ; work         ;
;       |MC:inst12|          ; 1 (1)             ; 0 (0)        ; 0           ; 0            ; 0       ; 0         ; 0    ; 0            ; |RAM16_8|RAM4_4:inst8|MC:inst12       ; work         ;
;       |MC:inst13|          ; 1 (1)             ; 0 (0)        ; 0           ; 0            ; 0       ; 0         ; 0    ; 0            ; |RAM16_8|RAM4_4:inst8|MC:inst13       ; work         ;
;       |MC:inst14|          ; 1 (1)             ; 0 (0)        ; 0           ; 0            ; 0       ; 0         ; 0    ; 0            ; |RAM16_8|RAM4_4:inst8|MC:inst14       ; work         ;
;       |MC:inst15|          ; 1 (1)             ; 0 (0)        ; 0           ; 0            ; 0       ; 0         ; 0    ; 0            ; |RAM16_8|RAM4_4:inst8|MC:inst15       ; work         ;
;       |MC:inst16|          ; 1 (1)             ; 0 (0)        ; 0           ; 0            ; 0       ; 0         ; 0    ; 0            ; |RAM16_8|RAM4_4:inst8|MC:inst16       ; work         ;
;       |MC:inst1|           ; 1 (1)             ; 0 (0)        ; 0           ; 0            ; 0       ; 0         ; 0    ; 0            ; |RAM16_8|RAM4_4:inst8|MC:inst1        ; work         ;
;       |MC:inst2|           ; 1 (1)             ; 0 (0)        ; 0           ; 0            ; 0       ; 0         ; 0    ; 0            ; |RAM16_8|RAM4_4:inst8|MC:inst2        ; work         ;
;       |MC:inst3|           ; 1 (1)             ; 0 (0)        ; 0           ; 0            ; 0       ; 0         ; 0    ; 0            ; |RAM16_8|RAM4_4:inst8|MC:inst3        ; work         ;
;       |MC:inst4|           ; 1 (1)             ; 0 (0)        ; 0           ; 0            ; 0       ; 0         ; 0    ; 0            ; |RAM16_8|RAM4_4:inst8|MC:inst4        ; work         ;
;       |MC:inst5|           ; 1 (1)             ; 0 (0)        ; 0           ; 0            ; 0       ; 0         ; 0    ; 0            ; |RAM16_8|RAM4_4:inst8|MC:inst5        ; work         ;
;       |MC:inst6|           ; 1 (1)             ; 0 (0)        ; 0           ; 0            ; 0       ; 0         ; 0    ; 0            ; |RAM16_8|RAM4_4:inst8|MC:inst6        ; work         ;
;       |MC:inst7|           ; 1 (1)             ; 0 (0)        ; 0           ; 0            ; 0       ; 0         ; 0    ; 0            ; |RAM16_8|RAM4_4:inst8|MC:inst7        ; work         ;
;       |MC:inst8|           ; 1 (1)             ; 0 (0)        ; 0           ; 0            ; 0       ; 0         ; 0    ; 0            ; |RAM16_8|RAM4_4:inst8|MC:inst8        ; work         ;
;       |MC:inst9|           ; 1 (1)             ; 0 (0)        ; 0           ; 0            ; 0       ; 0         ; 0    ; 0            ; |RAM16_8|RAM4_4:inst8|MC:inst9        ; work         ;
;    |RAM4_4:inst9|          ; 37 (13)           ; 0 (0)        ; 0           ; 0            ; 0       ; 0         ; 0    ; 0            ; |RAM16_8|RAM4_4:inst9                 ; work         ;
;       |Decoder2_4:inst|    ; 4 (4)             ; 0 (0)        ; 0           ; 0            ; 0       ; 0         ; 0    ; 0            ; |RAM16_8|RAM4_4:inst9|Decoder2_4:inst ; work         ;
;       |MC:inst10|          ; 1 (1)             ; 0 (0)        ; 0           ; 0            ; 0       ; 0         ; 0    ; 0            ; |RAM16_8|RAM4_4:inst9|MC:inst10       ; work         ;
;       |MC:inst11|          ; 1 (1)             ; 0 (0)        ; 0           ; 0            ; 0       ; 0         ; 0    ; 0            ; |RAM16_8|RAM4_4:inst9|MC:inst11       ; work         ;
;       |MC:inst12|          ; 1 (1)             ; 0 (0)        ; 0           ; 0            ; 0       ; 0         ; 0    ; 0            ; |RAM16_8|RAM4_4:inst9|MC:inst12       ; work         ;
;       |MC:inst13|          ; 2 (2)             ; 0 (0)        ; 0           ; 0            ; 0       ; 0         ; 0    ; 0            ; |RAM16_8|RAM4_4:inst9|MC:inst13       ; work         ;
;       |MC:inst14|          ; 1 (1)             ; 0 (0)        ; 0           ; 0            ; 0       ; 0         ; 0    ; 0            ; |RAM16_8|RAM4_4:inst9|MC:inst14       ; work         ;
;       |MC:inst15|          ; 1 (1)             ; 0 (0)        ; 0           ; 0            ; 0       ; 0         ; 0    ; 0            ; |RAM16_8|RAM4_4:inst9|MC:inst15       ; work         ;
;       |MC:inst16|          ; 1 (1)             ; 0 (0)        ; 0           ; 0            ; 0       ; 0         ; 0    ; 0            ; |RAM16_8|RAM4_4:inst9|MC:inst16       ; work         ;
;       |MC:inst1|           ; 2 (2)             ; 0 (0)        ; 0           ; 0            ; 0       ; 0         ; 0    ; 0            ; |RAM16_8|RAM4_4:inst9|MC:inst1        ; work         ;
;       |MC:inst2|           ; 1 (1)             ; 0 (0)        ; 0           ; 0            ; 0       ; 0         ; 0    ; 0            ; |RAM16_8|RAM4_4:inst9|MC:inst2        ; work         ;
;       |MC:inst3|           ; 1 (1)             ; 0 (0)        ; 0           ; 0            ; 0       ; 0         ; 0    ; 0            ; |RAM16_8|RAM4_4:inst9|MC:inst3        ; work         ;
;       |MC:inst4|           ; 1 (1)             ; 0 (0)        ; 0           ; 0            ; 0       ; 0         ; 0    ; 0            ; |RAM16_8|RAM4_4:inst9|MC:inst4        ; work         ;
;       |MC:inst5|           ; 2 (2)             ; 0 (0)        ; 0           ; 0            ; 0       ; 0         ; 0    ; 0            ; |RAM16_8|RAM4_4:inst9|MC:inst5        ; work         ;
;       |MC:inst6|           ; 1 (1)             ; 0 (0)        ; 0           ; 0            ; 0       ; 0         ; 0    ; 0            ; |RAM16_8|RAM4_4:inst9|MC:inst6        ; work         ;
;       |MC:inst7|           ; 1 (1)             ; 0 (0)        ; 0           ; 0            ; 0       ; 0         ; 0    ; 0            ; |RAM16_8|RAM4_4:inst9|MC:inst7        ; work         ;
;       |MC:inst8|           ; 1 (1)             ; 0 (0)        ; 0           ; 0            ; 0       ; 0         ; 0    ; 0            ; |RAM16_8|RAM4_4:inst9|MC:inst8        ; work         ;
;       |MC:inst9|           ; 2 (2)             ; 0 (0)        ; 0           ; 0            ; 0       ; 0         ; 0    ; 0            ; |RAM16_8|RAM4_4:inst9|MC:inst9        ; work         ;
+----------------------------+-------------------+--------------+-------------+--------------+---------+-----------+------+--------------+---------------------------------------+--------------+
Note: For table entries with two numbers listed, the numbers in parentheses indicate the number of resources of the given type used by the specific entity alone. The numbers listed outside of parentheses indicate the total resources of the given type used by the specific entity and all of its sub-entities in the hierarchy.


+--------------------------------------------------------------------------------------------------------------+
; User-Specified and Inferred Latches                                                                          ;
+------------------------------------------------------+------------------------------+------------------------+
; Latch Name                                           ; Latch Enable Signal          ; Free of Timing Hazards ;
+------------------------------------------------------+------------------------------+------------------------+
; RAM4_4:inst1|MC:inst1|inst                           ; RAM4_4:inst1|MC:inst1|inst1  ; yes                    ;
; RAM4_4:inst1|MC:inst5|inst                           ; RAM4_4:inst1|MC:inst5|inst1  ; yes                    ;
; RAM4_4:inst1|MC:inst9|inst                           ; RAM4_4:inst1|MC:inst9|inst1  ; yes                    ;
; RAM4_4:inst1|MC:inst13|inst                          ; RAM4_4:inst1|MC:inst13|inst1 ; yes                    ;
; RAM4_4:inst2|MC:inst1|inst                           ; RAM4_4:inst2|MC:inst1|inst1  ; yes                    ;
; RAM4_4:inst2|MC:inst5|inst                           ; RAM4_4:inst2|MC:inst5|inst1  ; yes                    ;
; RAM4_4:inst2|MC:inst9|inst                           ; RAM4_4:inst2|MC:inst9|inst1  ; yes                    ;
; RAM4_4:inst2|MC:inst13|inst                          ; RAM4_4:inst2|MC:inst13|inst1 ; yes                    ;
; RAM4_4:inst4|MC:inst1|inst                           ; RAM4_4:inst4|MC:inst1|inst1  ; yes                    ;
; RAM4_4:inst4|MC:inst5|inst                           ; RAM4_4:inst4|MC:inst5|inst1  ; yes                    ;
; RAM4_4:inst4|MC:inst9|inst                           ; RAM4_4:inst4|MC:inst9|inst1  ; yes                    ;
; RAM4_4:inst4|MC:inst13|inst                          ; RAM4_4:inst4|MC:inst13|inst1 ; yes                    ;
; RAM4_4:inst9|MC:inst1|inst                           ; RAM4_4:inst9|MC:inst1|inst1  ; yes                    ;
; RAM4_4:inst9|MC:inst5|inst                           ; RAM4_4:inst9|MC:inst5|inst1  ; yes                    ;
; RAM4_4:inst9|MC:inst9|inst                           ; RAM4_4:inst9|MC:inst9|inst1  ; yes                    ;
; RAM4_4:inst9|MC:inst13|inst                          ; RAM4_4:inst9|MC:inst13|inst1 ; yes                    ;
; RAM4_4:inst1|MC:inst2|inst                           ; RAM4_4:inst1|MC:inst1|inst1  ; yes                    ;
; RAM4_4:inst1|MC:inst6|inst                           ; RAM4_4:inst1|MC:inst5|inst1  ; yes                    ;
; RAM4_4:inst1|MC:inst12|inst                          ; RAM4_4:inst1|MC:inst9|inst1  ; yes                    ;
; RAM4_4:inst1|MC:inst14|inst                          ; RAM4_4:inst1|MC:inst13|inst1 ; yes                    ;
; RAM4_4:inst2|MC:inst2|inst                           ; RAM4_4:inst2|MC:inst1|inst1  ; yes                    ;
; RAM4_4:inst2|MC:inst6|inst                           ; RAM4_4:inst2|MC:inst5|inst1  ; yes                    ;
; RAM4_4:inst2|MC:inst12|inst                          ; RAM4_4:inst2|MC:inst9|inst1  ; yes                    ;
; RAM4_4:inst2|MC:inst14|inst                          ; RAM4_4:inst2|MC:inst13|inst1 ; yes                    ;
; RAM4_4:inst4|MC:inst2|inst                           ; RAM4_4:inst4|MC:inst1|inst1  ; yes                    ;
; RAM4_4:inst4|MC:inst6|inst                           ; RAM4_4:inst4|MC:inst5|inst1  ; yes                    ;
; RAM4_4:inst4|MC:inst12|inst                          ; RAM4_4:inst4|MC:inst9|inst1  ; yes                    ;
; RAM4_4:inst4|MC:inst14|inst                          ; RAM4_4:inst4|MC:inst13|inst1 ; yes                    ;
; RAM4_4:inst9|MC:inst2|inst                           ; RAM4_4:inst9|MC:inst1|inst1  ; yes                    ;
; RAM4_4:inst9|MC:inst6|inst                           ; RAM4_4:inst9|MC:inst5|inst1  ; yes                    ;
; RAM4_4:inst9|MC:inst12|inst                          ; RAM4_4:inst9|MC:inst9|inst1  ; yes                    ;
; RAM4_4:inst9|MC:inst14|inst                          ; RAM4_4:inst9|MC:inst13|inst1 ; yes                    ;
; RAM4_4:inst1|MC:inst3|inst                           ; RAM4_4:inst1|MC:inst1|inst1  ; yes                    ;
; RAM4_4:inst1|MC:inst7|inst                           ; RAM4_4:inst1|MC:inst5|inst1  ; yes                    ;
; RAM4_4:inst1|MC:inst10|inst                          ; RAM4_4:inst1|MC:inst9|inst1  ; yes                    ;
; RAM4_4:inst1|MC:inst15|inst                          ; RAM4_4:inst1|MC:inst13|inst1 ; yes                    ;
; RAM4_4:inst2|MC:inst3|inst                           ; RAM4_4:inst2|MC:inst1|inst1  ; yes                    ;
; RAM4_4:inst2|MC:inst7|inst                           ; RAM4_4:inst2|MC:inst5|inst1  ; yes                    ;
; RAM4_4:inst2|MC:inst10|inst                          ; RAM4_4:inst2|MC:inst9|inst1  ; yes                    ;
; RAM4_4:inst2|MC:inst15|inst                          ; RAM4_4:inst2|MC:inst13|inst1 ; yes                    ;
; RAM4_4:inst4|MC:inst3|inst                           ; RAM4_4:inst4|MC:inst1|inst1  ; yes                    ;
; RAM4_4:inst4|MC:inst7|inst                           ; RAM4_4:inst4|MC:inst5|inst1  ; yes                    ;
; RAM4_4:inst4|MC:inst10|inst                          ; RAM4_4:inst4|MC:inst9|inst1  ; yes                    ;
; RAM4_4:inst4|MC:inst15|inst                          ; RAM4_4:inst4|MC:inst13|inst1 ; yes                    ;
; RAM4_4:inst9|MC:inst3|inst                           ; RAM4_4:inst9|MC:inst1|inst1  ; yes                    ;
; RAM4_4:inst9|MC:inst7|inst                           ; RAM4_4:inst9|MC:inst5|inst1  ; yes                    ;
; RAM4_4:inst9|MC:inst10|inst                          ; RAM4_4:inst9|MC:inst9|inst1  ; yes                    ;
; RAM4_4:inst9|MC:inst15|inst                          ; RAM4_4:inst9|MC:inst13|inst1 ; yes                    ;
; RAM4_4:inst1|MC:inst4|inst                           ; RAM4_4:inst1|MC:inst1|inst1  ; yes                    ;
; RAM4_4:inst1|MC:inst8|inst                           ; RAM4_4:inst1|MC:inst5|inst1  ; yes                    ;
; RAM4_4:inst1|MC:inst11|inst                          ; RAM4_4:inst1|MC:inst9|inst1  ; yes                    ;
; RAM4_4:inst1|MC:inst16|inst                          ; RAM4_4:inst1|MC:inst13|inst1 ; yes                    ;
; RAM4_4:inst2|MC:inst4|inst                           ; RAM4_4:inst2|MC:inst1|inst1  ; yes                    ;
; RAM4_4:inst2|MC:inst8|inst                           ; RAM4_4:inst2|MC:inst5|inst1  ; yes                    ;
; RAM4_4:inst2|MC:inst11|inst                          ; RAM4_4:inst2|MC:inst9|inst1  ; yes                    ;
; RAM4_4:inst2|MC:inst16|inst                          ; RAM4_4:inst2|MC:inst13|inst1 ; yes                    ;
; RAM4_4:inst4|MC:inst4|inst                           ; RAM4_4:inst4|MC:inst1|inst1  ; yes                    ;
; RAM4_4:inst4|MC:inst8|inst                           ; RAM4_4:inst4|MC:inst5|inst1  ; yes                    ;
; RAM4_4:inst4|MC:inst11|inst                          ; RAM4_4:inst4|MC:inst9|inst1  ; yes                    ;
; RAM4_4:inst4|MC:inst16|inst                          ; RAM4_4:inst4|MC:inst13|inst1 ; yes                    ;
; RAM4_4:inst9|MC:inst4|inst                           ; RAM4_4:inst9|MC:inst1|inst1  ; yes                    ;
; RAM4_4:inst9|MC:inst8|inst                           ; RAM4_4:inst9|MC:inst5|inst1  ; yes                    ;
; RAM4_4:inst9|MC:inst11|inst                          ; RAM4_4:inst9|MC:inst9|inst1  ; yes                    ;
; RAM4_4:inst9|MC:inst16|inst                          ; RAM4_4:inst9|MC:inst13|inst1 ; yes                    ;
; RAM4_4:inst5|MC:inst1|inst                           ; RAM4_4:inst1|MC:inst1|inst1  ; yes                    ;
; RAM4_4:inst5|MC:inst5|inst                           ; RAM4_4:inst1|MC:inst5|inst1  ; yes                    ;
; RAM4_4:inst5|MC:inst9|inst                           ; RAM4_4:inst1|MC:inst9|inst1  ; yes                    ;
; RAM4_4:inst5|MC:inst13|inst                          ; RAM4_4:inst1|MC:inst13|inst1 ; yes                    ;
; RAM4_4:inst6|MC:inst1|inst                           ; RAM4_4:inst2|MC:inst1|inst1  ; yes                    ;
; RAM4_4:inst6|MC:inst5|inst                           ; RAM4_4:inst2|MC:inst5|inst1  ; yes                    ;
; RAM4_4:inst6|MC:inst9|inst                           ; RAM4_4:inst2|MC:inst9|inst1  ; yes                    ;
; RAM4_4:inst6|MC:inst13|inst                          ; RAM4_4:inst2|MC:inst13|inst1 ; yes                    ;
; RAM4_4:inst7|MC:inst1|inst                           ; RAM4_4:inst4|MC:inst1|inst1  ; yes                    ;
; RAM4_4:inst7|MC:inst5|inst                           ; RAM4_4:inst4|MC:inst5|inst1  ; yes                    ;
; RAM4_4:inst7|MC:inst9|inst                           ; RAM4_4:inst4|MC:inst9|inst1  ; yes                    ;
; RAM4_4:inst7|MC:inst13|inst                          ; RAM4_4:inst4|MC:inst13|inst1 ; yes                    ;
; RAM4_4:inst8|MC:inst1|inst                           ; RAM4_4:inst9|MC:inst1|inst1  ; yes                    ;
; RAM4_4:inst8|MC:inst5|inst                           ; RAM4_4:inst9|MC:inst5|inst1  ; yes                    ;
; RAM4_4:inst8|MC:inst9|inst                           ; RAM4_4:inst9|MC:inst9|inst1  ; yes                    ;
; RAM4_4:inst8|MC:inst13|inst                          ; RAM4_4:inst9|MC:inst13|inst1 ; yes                    ;
; RAM4_4:inst5|MC:inst2|inst                           ; RAM4_4:inst1|MC:inst1|inst1  ; yes                    ;
; RAM4_4:inst5|MC:inst6|inst                           ; RAM4_4:inst1|MC:inst5|inst1  ; yes                    ;
; RAM4_4:inst5|MC:inst12|inst                          ; RAM4_4:inst1|MC:inst9|inst1  ; yes                    ;
; RAM4_4:inst5|MC:inst14|inst                          ; RAM4_4:inst1|MC:inst13|inst1 ; yes                    ;
; RAM4_4:inst6|MC:inst2|inst                           ; RAM4_4:inst2|MC:inst1|inst1  ; yes                    ;
; RAM4_4:inst6|MC:inst6|inst                           ; RAM4_4:inst2|MC:inst5|inst1  ; yes                    ;
; RAM4_4:inst6|MC:inst12|inst                          ; RAM4_4:inst2|MC:inst9|inst1  ; yes                    ;
; RAM4_4:inst6|MC:inst14|inst                          ; RAM4_4:inst2|MC:inst13|inst1 ; yes                    ;
; RAM4_4:inst7|MC:inst2|inst                           ; RAM4_4:inst4|MC:inst1|inst1  ; yes                    ;
; RAM4_4:inst7|MC:inst6|inst                           ; RAM4_4:inst4|MC:inst5|inst1  ; yes                    ;
; RAM4_4:inst7|MC:inst12|inst                          ; RAM4_4:inst4|MC:inst9|inst1  ; yes                    ;
; RAM4_4:inst7|MC:inst14|inst                          ; RAM4_4:inst4|MC:inst13|inst1 ; yes                    ;
; RAM4_4:inst8|MC:inst2|inst                           ; RAM4_4:inst9|MC:inst1|inst1  ; yes                    ;
; RAM4_4:inst8|MC:inst6|inst                           ; RAM4_4:inst9|MC:inst5|inst1  ; yes                    ;
; RAM4_4:inst8|MC:inst12|inst                          ; RAM4_4:inst9|MC:inst9|inst1  ; yes                    ;
; RAM4_4:inst8|MC:inst14|inst                          ; RAM4_4:inst9|MC:inst13|inst1 ; yes                    ;
; RAM4_4:inst5|MC:inst3|inst                           ; RAM4_4:inst1|MC:inst1|inst1  ; yes                    ;
; RAM4_4:inst5|MC:inst7|inst                           ; RAM4_4:inst1|MC:inst5|inst1  ; yes                    ;
; RAM4_4:inst5|MC:inst10|inst                          ; RAM4_4:inst1|MC:inst9|inst1  ; yes                    ;
; RAM4_4:inst5|MC:inst15|inst                          ; RAM4_4:inst1|MC:inst13|inst1 ; yes                    ;
; Number of user-specified and inferred latches = 128  ;                              ;                        ;
+------------------------------------------------------+------------------------------+------------------------+
Table restricted to first 100 entries. Note: All latches listed above may not be present at the end of synthesis due to various synthesis optimizations.


+------------------------------------------------------+
; General Register Statistics                          ;
+----------------------------------------------+-------+
; Statistic                                    ; Value ;
+----------------------------------------------+-------+
; Total registers                              ; 0     ;
; Number of registers using Synchronous Clear  ; 0     ;
; Number of registers using Synchronous Load   ; 0     ;
; Number of registers using Asynchronous Clear ; 0     ;
; Number of registers using Asynchronous Load  ; 0     ;
; Number of registers using Clock Enable       ; 0     ;
; Number of registers using Preset             ; 0     ;
+----------------------------------------------+-------+


+-------------------------------+
; Elapsed Time Per Partition    ;
+----------------+--------------+
; Partition Name ; Elapsed Time ;
+----------------+--------------+
; Top            ; 00:00:00     ;
+----------------+--------------+


+-------------------------------+
; Analysis & Synthesis Messages ;
+-------------------------------+
Info: *******************************************************************
Info: Running Quartus II 64-Bit Analysis & Synthesis
    Info: Version 13.0.1 Build 232 06/12/2013 Service Pack 1 SJ Web Edition
    Info: Processing started: Sun Dec 01 01:04:49 2024
Info: Command: quartus_map --read_settings_files=on --write_settings_files=off RAM16_8 -c RAM16_8
Warning (20028): Parallel compilation is not licensed and has been disabled
Info (12021): Found 1 design units, including 1 entities, in source file ram16_8.bdf
    Info (12023): Found entity 1: RAM16_8
Info (12021): Found 1 design units, including 1 entities, in source file mc.bdf
    Info (12023): Found entity 1: MC
Info (12021): Found 1 design units, including 1 entities, in source file decoder2_4.bdf
    Info (12023): Found entity 1: Decoder2_4
Info (12021): Found 1 design units, including 1 entities, in source file ram4_4.bdf
    Info (12023): Found entity 1: RAM4_4
Info (12127): Elaborating entity "RAM16_8" for the top level hierarchy
Info (12128): Elaborating entity "RAM4_4" for hierarchy "RAM4_4:inst1"
Info (12128): Elaborating entity "MC" for hierarchy "RAM4_4:inst1|MC:inst1"
Info (12128): Elaborating entity "Decoder2_4" for hierarchy "RAM4_4:inst1|Decoder2_4:inst"
Warning (13046): Tri-state node(s) do not directly drive top-level pin(s)
    Warning (13047): Converted the fan-out from the tri-state buffer "RAM4_4:inst1|MC:inst1|inst3" to the node "RAM4_4:inst1|inst25" into an OR gate
    Warning (13047): Converted the fan-out from the tri-state buffer "RAM4_4:inst2|MC:inst1|inst3" to the node "RAM4_4:inst2|inst25" into an OR gate
    Warning (13047): Converted the fan-out from the tri-state buffer "RAM4_4:inst4|MC:inst1|inst3" to the node "RAM4_4:inst4|inst25" into an OR gate
    Warning (13047): Converted the fan-out from the tri-state buffer "RAM4_4:inst9|MC:inst1|inst3" to the node "RAM4_4:inst9|inst25" into an OR gate
    Warning (13047): Converted the fan-out from the tri-state buffer "RAM4_4:inst1|MC:inst2|inst3" to the node "RAM4_4:inst1|inst24" into an OR gate
    Warning (13047): Converted the fan-out from the tri-state buffer "RAM4_4:inst2|MC:inst2|inst3" to the node "RAM4_4:inst2|inst24" into an OR gate
    Warning (13047): Converted the fan-out from the tri-state buffer "RAM4_4:inst4|MC:inst2|inst3" to the node "RAM4_4:inst4|inst24" into an OR gate
    Warning (13047): Converted the fan-out from the tri-state buffer "RAM4_4:inst9|MC:inst2|inst3" to the node "RAM4_4:inst9|inst24" into an OR gate
    Warning (13047): Converted the fan-out from the tri-state buffer "RAM4_4:inst1|MC:inst3|inst3" to the node "RAM4_4:inst1|inst22" into an OR gate
    Warning (13047): Converted the fan-out from the tri-state buffer "RAM4_4:inst2|MC:inst3|inst3" to the node "RAM4_4:inst2|inst22" into an OR gate
    Warning (13047): Converted the fan-out from the tri-state buffer "RAM4_4:inst4|MC:inst3|inst3" to the node "RAM4_4:inst4|inst22" into an OR gate
    Warning (13047): Converted the fan-out from the tri-state buffer "RAM4_4:inst9|MC:inst3|inst3" to the node "RAM4_4:inst9|inst22" into an OR gate
    Warning (13047): Converted the fan-out from the tri-state buffer "RAM4_4:inst1|MC:inst4|inst3" to the node "RAM4_4:inst1|inst23" into an OR gate
    Warning (13047): Converted the fan-out from the tri-state buffer "RAM4_4:inst2|MC:inst4|inst3" to the node "RAM4_4:inst2|inst23" into an OR gate
    Warning (13047): Converted the fan-out from the tri-state buffer "RAM4_4:inst4|MC:inst4|inst3" to the node "RAM4_4:inst4|inst23" into an OR gate
    Warning (13047): Converted the fan-out from the tri-state buffer "RAM4_4:inst9|MC:inst4|inst3" to the node "RAM4_4:inst9|inst23" into an OR gate
    Warning (13047): Converted the fan-out from the tri-state buffer "RAM4_4:inst5|MC:inst1|inst3" to the node "RAM4_4:inst5|inst25" into an OR gate
    Warning (13047): Converted the fan-out from the tri-state buffer "RAM4_4:inst6|MC:inst1|inst3" to the node "RAM4_4:inst6|inst25" into an OR gate
    Warning (13047): Converted the fan-out from the tri-state buffer "RAM4_4:inst7|MC:inst1|inst3" to the node "RAM4_4:inst7|inst25" into an OR gate
    Warning (13047): Converted the fan-out from the tri-state buffer "RAM4_4:inst8|MC:inst1|inst3" to the node "RAM4_4:inst8|inst25" into an OR gate
    Warning (13047): Converted the fan-out from the tri-state buffer "RAM4_4:inst5|MC:inst2|inst3" to the node "RAM4_4:inst5|inst24" into an OR gate
    Warning (13047): Converted the fan-out from the tri-state buffer "RAM4_4:inst6|MC:inst2|inst3" to the node "RAM4_4:inst6|inst24" into an OR gate
    Warning (13047): Converted the fan-out from the tri-state buffer "RAM4_4:inst7|MC:inst2|inst3" to the node "RAM4_4:inst7|inst24" into an OR gate
    Warning (13047): Converted the fan-out from the tri-state buffer "RAM4_4:inst8|MC:inst2|inst3" to the node "RAM4_4:inst8|inst24" into an OR gate
    Warning (13047): Converted the fan-out from the tri-state buffer "RAM4_4:inst5|MC:inst3|inst3" to the node "RAM4_4:inst5|inst22" into an OR gate
    Warning (13047): Converted the fan-out from the tri-state buffer "RAM4_4:inst6|MC:inst3|inst3" to the node "RAM4_4:inst6|inst22" into an OR gate
    Warning (13047): Converted the fan-out from the tri-state buffer "RAM4_4:inst7|MC:inst3|inst3" to the node "RAM4_4:inst7|inst22" into an OR gate
    Warning (13047): Converted the fan-out from the tri-state buffer "RAM4_4:inst8|MC:inst3|inst3" to the node "RAM4_4:inst8|inst22" into an OR gate
    Warning (13047): Converted the fan-out from the tri-state buffer "RAM4_4:inst5|MC:inst4|inst3" to the node "RAM4_4:inst5|inst23" into an OR gate
    Warning (13047): Converted the fan-out from the tri-state buffer "RAM4_4:inst6|MC:inst4|inst3" to the node "RAM4_4:inst6|inst23" into an OR gate
    Warning (13047): Converted the fan-out from the tri-state buffer "RAM4_4:inst7|MC:inst4|inst3" to the node "RAM4_4:inst7|inst23" into an OR gate
    Warning (13047): Converted the fan-out from the tri-state buffer "RAM4_4:inst8|MC:inst4|inst3" to the node "RAM4_4:inst8|inst23" into an OR gate
Info (16010): Generating hard_block partition "hard_block:auto_generated_inst"
    Info (16011): Adding 0 node(s), including 0 DDIO, 0 PLL, 0 transceiver and 0 LCELL
Info (21057): Implemented 269 device resources after synthesis - the final resource count might be different
    Info (21058): Implemented 5 input pins
    Info (21059): Implemented 0 output pins
    Info (21060): Implemented 8 bidirectional pins
    Info (21061): Implemented 256 logic cells
Info: Quartus II 64-Bit Analysis & Synthesis was successful. 0 errors, 34 warnings
    Info: Peak virtual memory: 4605 megabytes
    Info: Processing ended: Sun Dec 01 01:04:51 2024
    Info: Elapsed time: 00:00:02
    Info: Total CPU time (on all processors): 00:00:01


