Simulator report for Register_mer
Mon Nov 11 00:31:10 2024
Quartus II 64-Bit Version 13.0.1 Build 232 06/12/2013 Service Pack 1 SJ Web Edition


---------------------
; Table of Contents ;
---------------------
  1. Legal Notice
  2. Simulator Summary
  3. Simulator Settings
  4. Simulation Waveforms
  5. Coverage Summary
  6. Complete 1/0-Value Coverage
  7. Missing 1-Value Coverage
  8. Missing 0-Value Coverage
  9. Simulator INI Usage
 10. Simulator Messages



----------------
; Legal Notice ;
----------------
Copyright (C) 1991-2013 Altera Corporation
Your use of Altera Corporation's design tools, logic functions 
and other software and tools, and its AMPP partner logic 
functions, and any output files from any of the foregoing 
(including device programming or simulation files), and any 
associated documentation or information are expressly subject 
to the terms and conditions of the Altera Program License 
Subscription Agreement, Altera MegaCore Function License 
Agreement, or other applicable license agreement, including, 
without limitation, that your use is for the sole purpose of 
programming logic devices manufactured by Altera and sold by 
Altera or its authorized distributors.  Please refer to the 
applicable agreement for further details.



+--------------------------------------------+
; Simulator Summary                          ;
+-----------------------------+--------------+
; Type                        ; Value        ;
+-----------------------------+--------------+
; Simulation Start Time       ; 0 ps         ;
; Simulation End Time         ; 1.0 us       ;
; Simulation Netlist Size     ; 148 nodes    ;
; Simulation Coverage         ;      56.76 % ;
; Total Number of Transitions ; 334          ;
; Simulation Breakpoints      ; 0            ;
; Family                      ; Cyclone II   ;
+-----------------------------+--------------+


+--------------------------------------------------------------------------------------------------------------------------------------------------------------------------+
; Simulator Settings                                                                                                                                                       ;
+--------------------------------------------------------------------------------------------+-------------------------------------------------------------+---------------+
; Option                                                                                     ; Setting                                                     ; Default Value ;
+--------------------------------------------------------------------------------------------+-------------------------------------------------------------+---------------+
; Simulation mode                                                                            ; Functional                                                  ; Timing        ;
; Start time                                                                                 ; 0 ns                                                        ; 0 ns          ;
; Simulation results format                                                                  ; VWF                                                         ;               ;
; Vector input source                                                                        ; D:/study/year3/TKLLS/CE118/DoAn/Register_Mer/Waveform17.vwf ;               ;
; Add pins automatically to simulation output waveforms                                      ; On                                                          ; On            ;
; Check outputs                                                                              ; Off                                                         ; Off           ;
; Report simulation coverage                                                                 ; On                                                          ; On            ;
; Display complete 1/0 value coverage report                                                 ; On                                                          ; On            ;
; Display missing 1-value coverage report                                                    ; On                                                          ; On            ;
; Display missing 0-value coverage report                                                    ; On                                                          ; On            ;
; Detect setup and hold time violations                                                      ; Off                                                         ; Off           ;
; Detect glitches                                                                            ; Off                                                         ; Off           ;
; Disable timing delays in Timing Simulation                                                 ; Off                                                         ; Off           ;
; Generate Signal Activity File                                                              ; Off                                                         ; Off           ;
; Generate VCD File for PowerPlay Power Analyzer                                             ; Off                                                         ; Off           ;
; Group bus channels in simulation results                                                   ; Off                                                         ; Off           ;
; Preserve fewer signal transitions to reduce memory requirements                            ; On                                                          ; On            ;
; Trigger vector comparison with the specified mode                                          ; INPUT_EDGE                                                  ; INPUT_EDGE    ;
; Disable setup and hold time violations detection in input registers of bi-directional pins ; Off                                                         ; Off           ;
; Overwrite Waveform Inputs With Simulation Outputs                                          ; Off                                                         ;               ;
; Perform Glitch Filtering in Timing Simulation                                              ; Auto                                                        ; Auto          ;
+--------------------------------------------------------------------------------------------+-------------------------------------------------------------+---------------+


+----------------------+
; Simulation Waveforms ;
+----------------------+
Waveform report data cannot be output to ASCII.
Please use Quartus II 64-Bit to view the waveform report data.


+--------------------------------------------------------------------+
; Coverage Summary                                                   ;
+-----------------------------------------------------+--------------+
; Type                                                ; Value        ;
+-----------------------------------------------------+--------------+
; Total coverage as a percentage                      ;      56.76 % ;
; Total nodes checked                                 ; 148          ;
; Total output ports checked                          ; 148          ;
; Total output ports with complete 1/0-value coverage ; 84           ;
; Total output ports with no 1/0-value coverage       ; 34           ;
; Total output ports with no 1-value coverage         ; 64           ;
; Total output ports with no 0-value coverage         ; 34           ;
+-----------------------------------------------------+--------------+


The following table displays output ports that toggle between 1 and 0 during simulation.
+----------------------------------------------------------------------------------------------------------------------------------------------------------------------------------------------+
; Complete 1/0-Value Coverage                                                                                                                                                                  ;
+-------------------------------------------------------------------------------------+-------------------------------------------------------------------------------------+------------------+
; Node Name                                                                           ; Output Port Name                                                                    ; Output Port Type ;
+-------------------------------------------------------------------------------------+-------------------------------------------------------------------------------------+------------------+
; |AbsMinAddSub|out[7]                                                                ; |AbsMinAddSub|out[7]                                                                ; pin_out          ;
; |AbsMinAddSub|out[6]                                                                ; |AbsMinAddSub|out[6]                                                                ; pin_out          ;
; |AbsMinAddSub|out[5]                                                                ; |AbsMinAddSub|out[5]                                                                ; pin_out          ;
; |AbsMinAddSub|out[4]                                                                ; |AbsMinAddSub|out[4]                                                                ; pin_out          ;
; |AbsMinAddSub|out[3]                                                                ; |AbsMinAddSub|out[3]                                                                ; pin_out          ;
; |AbsMinAddSub|out[2]                                                                ; |AbsMinAddSub|out[2]                                                                ; pin_out          ;
; |AbsMinAddSub|out[0]                                                                ; |AbsMinAddSub|out[0]                                                                ; pin_out          ;
; |AbsMinAddSub|inst36                                                                ; |AbsMinAddSub|inst36                                                                ; out0             ;
; |AbsMinAddSub|inst37                                                                ; |AbsMinAddSub|inst37                                                                ; out0             ;
; |AbsMinAddSub|S[0]                                                                  ; |AbsMinAddSub|S[0]                                                                  ; out              ;
; |AbsMinAddSub|inst20                                                                ; |AbsMinAddSub|inst20                                                                ; out0             ;
; |AbsMinAddSub|inst23[7]                                                             ; |AbsMinAddSub|inst23[7]                                                             ; out0             ;
; |AbsMinAddSub|inst23[6]                                                             ; |AbsMinAddSub|inst23[6]                                                             ; out0             ;
; |AbsMinAddSub|inst23[5]                                                             ; |AbsMinAddSub|inst23[5]                                                             ; out0             ;
; |AbsMinAddSub|inst23[1]                                                             ; |AbsMinAddSub|inst23[1]                                                             ; out0             ;
; |AbsMinAddSub|B[7]                                                                  ; |AbsMinAddSub|B[7]                                                                  ; out              ;
; |AbsMinAddSub|B[5]                                                                  ; |AbsMinAddSub|B[5]                                                                  ; out              ;
; |AbsMinAddSub|B[4]                                                                  ; |AbsMinAddSub|B[4]                                                                  ; out              ;
; |AbsMinAddSub|B[3]                                                                  ; |AbsMinAddSub|B[3]                                                                  ; out              ;
; |AbsMinAddSub|B[2]                                                                  ; |AbsMinAddSub|B[2]                                                                  ; out              ;
; |AbsMinAddSub|inst31                                                                ; |AbsMinAddSub|inst31                                                                ; out0             ;
; |AbsMinAddSub|Test[7]                                                               ; |AbsMinAddSub|Test[7]                                                               ; pin_out          ;
; |AbsMinAddSub|Test[6]                                                               ; |AbsMinAddSub|Test[6]                                                               ; pin_out          ;
; |AbsMinAddSub|Test[5]                                                               ; |AbsMinAddSub|Test[5]                                                               ; pin_out          ;
; |AbsMinAddSub|Test[4]                                                               ; |AbsMinAddSub|Test[4]                                                               ; pin_out          ;
; |AbsMinAddSub|Test[3]                                                               ; |AbsMinAddSub|Test[3]                                                               ; pin_out          ;
; |AbsMinAddSub|Test[2]                                                               ; |AbsMinAddSub|Test[2]                                                               ; pin_out          ;
; |AbsMinAddSub|Test[0]                                                               ; |AbsMinAddSub|Test[0]                                                               ; pin_out          ;
; |AbsMinAddSub|busmux:inst24|lpm_mux:$00000|mux_smc:auto_generated|result_node[7]~1  ; |AbsMinAddSub|busmux:inst24|lpm_mux:$00000|mux_smc:auto_generated|result_node[7]~1  ; out0             ;
; |AbsMinAddSub|busmux:inst24|lpm_mux:$00000|mux_smc:auto_generated|result_node[7]    ; |AbsMinAddSub|busmux:inst24|lpm_mux:$00000|mux_smc:auto_generated|result_node[7]    ; out0             ;
; |AbsMinAddSub|busmux:inst24|lpm_mux:$00000|mux_smc:auto_generated|result_node[6]~3  ; |AbsMinAddSub|busmux:inst24|lpm_mux:$00000|mux_smc:auto_generated|result_node[6]~3  ; out0             ;
; |AbsMinAddSub|busmux:inst24|lpm_mux:$00000|mux_smc:auto_generated|result_node[6]    ; |AbsMinAddSub|busmux:inst24|lpm_mux:$00000|mux_smc:auto_generated|result_node[6]    ; out0             ;
; |AbsMinAddSub|busmux:inst24|lpm_mux:$00000|mux_smc:auto_generated|result_node[5]~5  ; |AbsMinAddSub|busmux:inst24|lpm_mux:$00000|mux_smc:auto_generated|result_node[5]~5  ; out0             ;
; |AbsMinAddSub|busmux:inst24|lpm_mux:$00000|mux_smc:auto_generated|result_node[5]    ; |AbsMinAddSub|busmux:inst24|lpm_mux:$00000|mux_smc:auto_generated|result_node[5]    ; out0             ;
; |AbsMinAddSub|busmux:inst24|lpm_mux:$00000|mux_smc:auto_generated|result_node[4]~7  ; |AbsMinAddSub|busmux:inst24|lpm_mux:$00000|mux_smc:auto_generated|result_node[4]~7  ; out0             ;
; |AbsMinAddSub|busmux:inst24|lpm_mux:$00000|mux_smc:auto_generated|result_node[4]    ; |AbsMinAddSub|busmux:inst24|lpm_mux:$00000|mux_smc:auto_generated|result_node[4]    ; out0             ;
; |AbsMinAddSub|busmux:inst24|lpm_mux:$00000|mux_smc:auto_generated|result_node[2]~11 ; |AbsMinAddSub|busmux:inst24|lpm_mux:$00000|mux_smc:auto_generated|result_node[2]~11 ; out0             ;
; |AbsMinAddSub|busmux:inst24|lpm_mux:$00000|mux_smc:auto_generated|result_node[2]    ; |AbsMinAddSub|busmux:inst24|lpm_mux:$00000|mux_smc:auto_generated|result_node[2]    ; out0             ;
; |AbsMinAddSub|busmux:inst24|lpm_mux:$00000|mux_smc:auto_generated|result_node[0]~15 ; |AbsMinAddSub|busmux:inst24|lpm_mux:$00000|mux_smc:auto_generated|result_node[0]~15 ; out0             ;
; |AbsMinAddSub|busmux:inst24|lpm_mux:$00000|mux_smc:auto_generated|result_node[0]    ; |AbsMinAddSub|busmux:inst24|lpm_mux:$00000|mux_smc:auto_generated|result_node[0]    ; out0             ;
; |AbsMinAddSub|Sum8Bit:inst|Sum:inst6|inst1                                          ; |AbsMinAddSub|Sum8Bit:inst|Sum:inst6|inst1                                          ; out0             ;
; |AbsMinAddSub|Sum8Bit:inst|Sum:inst7|inst                                           ; |AbsMinAddSub|Sum8Bit:inst|Sum:inst7|inst                                           ; out0             ;
; |AbsMinAddSub|Sum8Bit:inst|Sum:inst7|inst2                                          ; |AbsMinAddSub|Sum8Bit:inst|Sum:inst7|inst2                                          ; out0             ;
; |AbsMinAddSub|Sum8Bit:inst|Sum:inst7|inst4                                          ; |AbsMinAddSub|Sum8Bit:inst|Sum:inst7|inst4                                          ; out0             ;
; |AbsMinAddSub|Sum8Bit:inst|Sum:inst3|inst1                                          ; |AbsMinAddSub|Sum8Bit:inst|Sum:inst3|inst1                                          ; out0             ;
; |AbsMinAddSub|Sum8Bit:inst|Sum:inst3|inst2                                          ; |AbsMinAddSub|Sum8Bit:inst|Sum:inst3|inst2                                          ; out0             ;
; |AbsMinAddSub|Sum8Bit:inst|Sum:inst3|inst4                                          ; |AbsMinAddSub|Sum8Bit:inst|Sum:inst3|inst4                                          ; out0             ;
; |AbsMinAddSub|Sum8Bit:inst|Sum:inst5|inst1                                          ; |AbsMinAddSub|Sum8Bit:inst|Sum:inst5|inst1                                          ; out0             ;
; |AbsMinAddSub|Sum8Bit:inst|Sum:inst5|inst2                                          ; |AbsMinAddSub|Sum8Bit:inst|Sum:inst5|inst2                                          ; out0             ;
; |AbsMinAddSub|Sum8Bit:inst|Sum:inst5|inst4                                          ; |AbsMinAddSub|Sum8Bit:inst|Sum:inst5|inst4                                          ; out0             ;
; |AbsMinAddSub|Sum8Bit:inst|Sum:inst4|inst1                                          ; |AbsMinAddSub|Sum8Bit:inst|Sum:inst4|inst1                                          ; out0             ;
; |AbsMinAddSub|Sum8Bit:inst|Sum:inst4|inst                                           ; |AbsMinAddSub|Sum8Bit:inst|Sum:inst4|inst                                           ; out0             ;
; |AbsMinAddSub|Sum8Bit:inst|Sum:inst4|inst2                                          ; |AbsMinAddSub|Sum8Bit:inst|Sum:inst4|inst2                                          ; out0             ;
; |AbsMinAddSub|Sum8Bit:inst|Sum:inst4|inst4                                          ; |AbsMinAddSub|Sum8Bit:inst|Sum:inst4|inst4                                          ; out0             ;
; |AbsMinAddSub|Sum8Bit:inst|Sum:inst2|inst1                                          ; |AbsMinAddSub|Sum8Bit:inst|Sum:inst2|inst1                                          ; out0             ;
; |AbsMinAddSub|Sum8Bit:inst|Sum:inst2|inst                                           ; |AbsMinAddSub|Sum8Bit:inst|Sum:inst2|inst                                           ; out0             ;
; |AbsMinAddSub|Sum8Bit:inst|Sum:inst2|inst2                                          ; |AbsMinAddSub|Sum8Bit:inst|Sum:inst2|inst2                                          ; out0             ;
; |AbsMinAddSub|Sum8Bit:inst|Sum:inst2|inst4                                          ; |AbsMinAddSub|Sum8Bit:inst|Sum:inst2|inst4                                          ; out0             ;
; |AbsMinAddSub|Sum8Bit:inst|Sum:inst1|inst1                                          ; |AbsMinAddSub|Sum8Bit:inst|Sum:inst1|inst1                                          ; out0             ;
; |AbsMinAddSub|Sum8Bit:inst|Sum:inst1|inst                                           ; |AbsMinAddSub|Sum8Bit:inst|Sum:inst1|inst                                           ; out0             ;
; |AbsMinAddSub|Sum8Bit:inst|Sum:inst1|inst2                                          ; |AbsMinAddSub|Sum8Bit:inst|Sum:inst1|inst2                                          ; out0             ;
; |AbsMinAddSub|Sum8Bit:inst|Sum:inst1|inst4                                          ; |AbsMinAddSub|Sum8Bit:inst|Sum:inst1|inst4                                          ; out0             ;
; |AbsMinAddSub|Sum8Bit:inst|Sum:inst|inst1                                           ; |AbsMinAddSub|Sum8Bit:inst|Sum:inst|inst1                                           ; out0             ;
; |AbsMinAddSub|Sum8Bit:inst|Sum:inst|inst                                            ; |AbsMinAddSub|Sum8Bit:inst|Sum:inst|inst                                            ; out0             ;
; |AbsMinAddSub|busmux:inst25|lpm_mux:$00000|mux_smc:auto_generated|result_node[7]~0  ; |AbsMinAddSub|busmux:inst25|lpm_mux:$00000|mux_smc:auto_generated|result_node[7]~0  ; out0             ;
; |AbsMinAddSub|busmux:inst25|lpm_mux:$00000|mux_smc:auto_generated|result_node[7]~1  ; |AbsMinAddSub|busmux:inst25|lpm_mux:$00000|mux_smc:auto_generated|result_node[7]~1  ; out0             ;
; |AbsMinAddSub|busmux:inst25|lpm_mux:$00000|mux_smc:auto_generated|result_node[7]    ; |AbsMinAddSub|busmux:inst25|lpm_mux:$00000|mux_smc:auto_generated|result_node[7]    ; out0             ;
; |AbsMinAddSub|busmux:inst25|lpm_mux:$00000|mux_smc:auto_generated|result_node[6]~2  ; |AbsMinAddSub|busmux:inst25|lpm_mux:$00000|mux_smc:auto_generated|result_node[6]~2  ; out0             ;
; |AbsMinAddSub|busmux:inst25|lpm_mux:$00000|mux_smc:auto_generated|result_node[6]~3  ; |AbsMinAddSub|busmux:inst25|lpm_mux:$00000|mux_smc:auto_generated|result_node[6]~3  ; out0             ;
; |AbsMinAddSub|busmux:inst25|lpm_mux:$00000|mux_smc:auto_generated|result_node[6]    ; |AbsMinAddSub|busmux:inst25|lpm_mux:$00000|mux_smc:auto_generated|result_node[6]    ; out0             ;
; |AbsMinAddSub|busmux:inst25|lpm_mux:$00000|mux_smc:auto_generated|result_node[5]~4  ; |AbsMinAddSub|busmux:inst25|lpm_mux:$00000|mux_smc:auto_generated|result_node[5]~4  ; out0             ;
; |AbsMinAddSub|busmux:inst25|lpm_mux:$00000|mux_smc:auto_generated|result_node[5]~5  ; |AbsMinAddSub|busmux:inst25|lpm_mux:$00000|mux_smc:auto_generated|result_node[5]~5  ; out0             ;
; |AbsMinAddSub|busmux:inst25|lpm_mux:$00000|mux_smc:auto_generated|result_node[5]    ; |AbsMinAddSub|busmux:inst25|lpm_mux:$00000|mux_smc:auto_generated|result_node[5]    ; out0             ;
; |AbsMinAddSub|busmux:inst25|lpm_mux:$00000|mux_smc:auto_generated|result_node[4]~6  ; |AbsMinAddSub|busmux:inst25|lpm_mux:$00000|mux_smc:auto_generated|result_node[4]~6  ; out0             ;
; |AbsMinAddSub|busmux:inst25|lpm_mux:$00000|mux_smc:auto_generated|result_node[4]~7  ; |AbsMinAddSub|busmux:inst25|lpm_mux:$00000|mux_smc:auto_generated|result_node[4]~7  ; out0             ;
; |AbsMinAddSub|busmux:inst25|lpm_mux:$00000|mux_smc:auto_generated|result_node[4]    ; |AbsMinAddSub|busmux:inst25|lpm_mux:$00000|mux_smc:auto_generated|result_node[4]    ; out0             ;
; |AbsMinAddSub|busmux:inst25|lpm_mux:$00000|mux_smc:auto_generated|result_node[3]~8  ; |AbsMinAddSub|busmux:inst25|lpm_mux:$00000|mux_smc:auto_generated|result_node[3]~8  ; out0             ;
; |AbsMinAddSub|busmux:inst25|lpm_mux:$00000|mux_smc:auto_generated|result_node[3]~9  ; |AbsMinAddSub|busmux:inst25|lpm_mux:$00000|mux_smc:auto_generated|result_node[3]~9  ; out0             ;
; |AbsMinAddSub|busmux:inst25|lpm_mux:$00000|mux_smc:auto_generated|result_node[3]    ; |AbsMinAddSub|busmux:inst25|lpm_mux:$00000|mux_smc:auto_generated|result_node[3]    ; out0             ;
; |AbsMinAddSub|busmux:inst25|lpm_mux:$00000|mux_smc:auto_generated|result_node[2]~10 ; |AbsMinAddSub|busmux:inst25|lpm_mux:$00000|mux_smc:auto_generated|result_node[2]~10 ; out0             ;
; |AbsMinAddSub|busmux:inst25|lpm_mux:$00000|mux_smc:auto_generated|result_node[2]~11 ; |AbsMinAddSub|busmux:inst25|lpm_mux:$00000|mux_smc:auto_generated|result_node[2]~11 ; out0             ;
; |AbsMinAddSub|busmux:inst25|lpm_mux:$00000|mux_smc:auto_generated|result_node[2]    ; |AbsMinAddSub|busmux:inst25|lpm_mux:$00000|mux_smc:auto_generated|result_node[2]    ; out0             ;
; |AbsMinAddSub|busmux:inst25|lpm_mux:$00000|mux_smc:auto_generated|result_node[0]~14 ; |AbsMinAddSub|busmux:inst25|lpm_mux:$00000|mux_smc:auto_generated|result_node[0]~14 ; out0             ;
; |AbsMinAddSub|busmux:inst25|lpm_mux:$00000|mux_smc:auto_generated|result_node[0]    ; |AbsMinAddSub|busmux:inst25|lpm_mux:$00000|mux_smc:auto_generated|result_node[0]    ; out0             ;
+-------------------------------------------------------------------------------------+-------------------------------------------------------------------------------------+------------------+


The following table displays output ports that do not toggle to 1 during simulation.
+----------------------------------------------------------------------------------------------------------------------------------------------------------------------------------------------+
; Missing 1-Value Coverage                                                                                                                                                                     ;
+-------------------------------------------------------------------------------------+-------------------------------------------------------------------------------------+------------------+
; Node Name                                                                           ; Output Port Name                                                                    ; Output Port Type ;
+-------------------------------------------------------------------------------------+-------------------------------------------------------------------------------------+------------------+
; |AbsMinAddSub|out[1]                                                                ; |AbsMinAddSub|out[1]                                                                ; pin_out          ;
; |AbsMinAddSub|inst28                                                                ; |AbsMinAddSub|inst28                                                                ; out0             ;
; |AbsMinAddSub|S[1]                                                                  ; |AbsMinAddSub|S[1]                                                                  ; out              ;
; |AbsMinAddSub|inst19[7]                                                             ; |AbsMinAddSub|inst19[7]                                                             ; out0             ;
; |AbsMinAddSub|inst19[6]                                                             ; |AbsMinAddSub|inst19[6]                                                             ; out0             ;
; |AbsMinAddSub|inst19[5]                                                             ; |AbsMinAddSub|inst19[5]                                                             ; out0             ;
; |AbsMinAddSub|inst19[4]                                                             ; |AbsMinAddSub|inst19[4]                                                             ; out0             ;
; |AbsMinAddSub|inst19[3]                                                             ; |AbsMinAddSub|inst19[3]                                                             ; out0             ;
; |AbsMinAddSub|inst19[2]                                                             ; |AbsMinAddSub|inst19[2]                                                             ; out0             ;
; |AbsMinAddSub|inst19[1]                                                             ; |AbsMinAddSub|inst19[1]                                                             ; out0             ;
; |AbsMinAddSub|inst19[0]                                                             ; |AbsMinAddSub|inst19[0]                                                             ; out0             ;
; |AbsMinAddSub|A[7]                                                                  ; |AbsMinAddSub|A[7]                                                                  ; out              ;
; |AbsMinAddSub|A[6]                                                                  ; |AbsMinAddSub|A[6]                                                                  ; out              ;
; |AbsMinAddSub|A[5]                                                                  ; |AbsMinAddSub|A[5]                                                                  ; out              ;
; |AbsMinAddSub|A[4]                                                                  ; |AbsMinAddSub|A[4]                                                                  ; out              ;
; |AbsMinAddSub|A[3]                                                                  ; |AbsMinAddSub|A[3]                                                                  ; out              ;
; |AbsMinAddSub|A[2]                                                                  ; |AbsMinAddSub|A[2]                                                                  ; out              ;
; |AbsMinAddSub|A[1]                                                                  ; |AbsMinAddSub|A[1]                                                                  ; out              ;
; |AbsMinAddSub|A[0]                                                                  ; |AbsMinAddSub|A[0]                                                                  ; out              ;
; |AbsMinAddSub|inst23[4]                                                             ; |AbsMinAddSub|inst23[4]                                                             ; out0             ;
; |AbsMinAddSub|inst23[3]                                                             ; |AbsMinAddSub|inst23[3]                                                             ; out0             ;
; |AbsMinAddSub|inst23[2]                                                             ; |AbsMinAddSub|inst23[2]                                                             ; out0             ;
; |AbsMinAddSub|inst23[0]                                                             ; |AbsMinAddSub|inst23[0]                                                             ; out0             ;
; |AbsMinAddSub|B[6]                                                                  ; |AbsMinAddSub|B[6]                                                                  ; out              ;
; |AbsMinAddSub|B[1]                                                                  ; |AbsMinAddSub|B[1]                                                                  ; out              ;
; |AbsMinAddSub|B[0]                                                                  ; |AbsMinAddSub|B[0]                                                                  ; out              ;
; |AbsMinAddSub|inst38                                                                ; |AbsMinAddSub|inst38                                                                ; out0             ;
; |AbsMinAddSub|Test[1]                                                               ; |AbsMinAddSub|Test[1]                                                               ; pin_out          ;
; |AbsMinAddSub|busmux:inst24|lpm_mux:$00000|mux_smc:auto_generated|result_node[7]~0  ; |AbsMinAddSub|busmux:inst24|lpm_mux:$00000|mux_smc:auto_generated|result_node[7]~0  ; out0             ;
; |AbsMinAddSub|busmux:inst24|lpm_mux:$00000|mux_smc:auto_generated|result_node[6]~2  ; |AbsMinAddSub|busmux:inst24|lpm_mux:$00000|mux_smc:auto_generated|result_node[6]~2  ; out0             ;
; |AbsMinAddSub|busmux:inst24|lpm_mux:$00000|mux_smc:auto_generated|result_node[5]~4  ; |AbsMinAddSub|busmux:inst24|lpm_mux:$00000|mux_smc:auto_generated|result_node[5]~4  ; out0             ;
; |AbsMinAddSub|busmux:inst24|lpm_mux:$00000|mux_smc:auto_generated|result_node[4]~6  ; |AbsMinAddSub|busmux:inst24|lpm_mux:$00000|mux_smc:auto_generated|result_node[4]~6  ; out0             ;
; |AbsMinAddSub|busmux:inst24|lpm_mux:$00000|mux_smc:auto_generated|result_node[3]~8  ; |AbsMinAddSub|busmux:inst24|lpm_mux:$00000|mux_smc:auto_generated|result_node[3]~8  ; out0             ;
; |AbsMinAddSub|busmux:inst24|lpm_mux:$00000|mux_smc:auto_generated|result_node[3]~9  ; |AbsMinAddSub|busmux:inst24|lpm_mux:$00000|mux_smc:auto_generated|result_node[3]~9  ; out0             ;
; |AbsMinAddSub|busmux:inst24|lpm_mux:$00000|mux_smc:auto_generated|result_node[3]    ; |AbsMinAddSub|busmux:inst24|lpm_mux:$00000|mux_smc:auto_generated|result_node[3]    ; out0             ;
; |AbsMinAddSub|busmux:inst24|lpm_mux:$00000|mux_smc:auto_generated|result_node[2]~10 ; |AbsMinAddSub|busmux:inst24|lpm_mux:$00000|mux_smc:auto_generated|result_node[2]~10 ; out0             ;
; |AbsMinAddSub|busmux:inst24|lpm_mux:$00000|mux_smc:auto_generated|result_node[1]~12 ; |AbsMinAddSub|busmux:inst24|lpm_mux:$00000|mux_smc:auto_generated|result_node[1]~12 ; out0             ;
; |AbsMinAddSub|busmux:inst24|lpm_mux:$00000|mux_smc:auto_generated|result_node[1]~13 ; |AbsMinAddSub|busmux:inst24|lpm_mux:$00000|mux_smc:auto_generated|result_node[1]~13 ; out0             ;
; |AbsMinAddSub|busmux:inst24|lpm_mux:$00000|mux_smc:auto_generated|result_node[1]    ; |AbsMinAddSub|busmux:inst24|lpm_mux:$00000|mux_smc:auto_generated|result_node[1]    ; out0             ;
; |AbsMinAddSub|busmux:inst24|lpm_mux:$00000|mux_smc:auto_generated|result_node[0]~14 ; |AbsMinAddSub|busmux:inst24|lpm_mux:$00000|mux_smc:auto_generated|result_node[0]~14 ; out0             ;
; |AbsMinAddSub|Sum8Bit:inst|Sum:inst6|inst                                           ; |AbsMinAddSub|Sum8Bit:inst|Sum:inst6|inst                                           ; out0             ;
; |AbsMinAddSub|Sum8Bit:inst|Sum:inst6|inst2                                          ; |AbsMinAddSub|Sum8Bit:inst|Sum:inst6|inst2                                          ; out0             ;
; |AbsMinAddSub|Sum8Bit:inst|Sum:inst6|inst4                                          ; |AbsMinAddSub|Sum8Bit:inst|Sum:inst6|inst4                                          ; out0             ;
; |AbsMinAddSub|Sum8Bit:inst|Sum:inst6|inst5                                          ; |AbsMinAddSub|Sum8Bit:inst|Sum:inst6|inst5                                          ; out0             ;
; |AbsMinAddSub|Sum8Bit:inst|Sum:inst6|inst3                                          ; |AbsMinAddSub|Sum8Bit:inst|Sum:inst6|inst3                                          ; out0             ;
; |AbsMinAddSub|Sum8Bit:inst|Sum:inst7|inst1                                          ; |AbsMinAddSub|Sum8Bit:inst|Sum:inst7|inst1                                          ; out0             ;
; |AbsMinAddSub|Sum8Bit:inst|Sum:inst7|inst5                                          ; |AbsMinAddSub|Sum8Bit:inst|Sum:inst7|inst5                                          ; out0             ;
; |AbsMinAddSub|Sum8Bit:inst|Sum:inst7|inst3                                          ; |AbsMinAddSub|Sum8Bit:inst|Sum:inst7|inst3                                          ; out0             ;
; |AbsMinAddSub|Sum8Bit:inst|Sum:inst3|inst                                           ; |AbsMinAddSub|Sum8Bit:inst|Sum:inst3|inst                                           ; out0             ;
; |AbsMinAddSub|Sum8Bit:inst|Sum:inst3|inst5                                          ; |AbsMinAddSub|Sum8Bit:inst|Sum:inst3|inst5                                          ; out0             ;
; |AbsMinAddSub|Sum8Bit:inst|Sum:inst3|inst3                                          ; |AbsMinAddSub|Sum8Bit:inst|Sum:inst3|inst3                                          ; out0             ;
; |AbsMinAddSub|Sum8Bit:inst|Sum:inst5|inst                                           ; |AbsMinAddSub|Sum8Bit:inst|Sum:inst5|inst                                           ; out0             ;
; |AbsMinAddSub|Sum8Bit:inst|Sum:inst5|inst5                                          ; |AbsMinAddSub|Sum8Bit:inst|Sum:inst5|inst5                                          ; out0             ;
; |AbsMinAddSub|Sum8Bit:inst|Sum:inst5|inst3                                          ; |AbsMinAddSub|Sum8Bit:inst|Sum:inst5|inst3                                          ; out0             ;
; |AbsMinAddSub|Sum8Bit:inst|Sum:inst4|inst5                                          ; |AbsMinAddSub|Sum8Bit:inst|Sum:inst4|inst5                                          ; out0             ;
; |AbsMinAddSub|Sum8Bit:inst|Sum:inst4|inst3                                          ; |AbsMinAddSub|Sum8Bit:inst|Sum:inst4|inst3                                          ; out0             ;
; |AbsMinAddSub|Sum8Bit:inst|Sum:inst2|inst5                                          ; |AbsMinAddSub|Sum8Bit:inst|Sum:inst2|inst5                                          ; out0             ;
; |AbsMinAddSub|Sum8Bit:inst|Sum:inst2|inst3                                          ; |AbsMinAddSub|Sum8Bit:inst|Sum:inst2|inst3                                          ; out0             ;
; |AbsMinAddSub|Sum8Bit:inst|Sum:inst1|inst5                                          ; |AbsMinAddSub|Sum8Bit:inst|Sum:inst1|inst5                                          ; out0             ;
; |AbsMinAddSub|Sum8Bit:inst|Sum:inst1|inst3                                          ; |AbsMinAddSub|Sum8Bit:inst|Sum:inst1|inst3                                          ; out0             ;
; |AbsMinAddSub|busmux:inst25|lpm_mux:$00000|mux_smc:auto_generated|result_node[1]~12 ; |AbsMinAddSub|busmux:inst25|lpm_mux:$00000|mux_smc:auto_generated|result_node[1]~12 ; out0             ;
; |AbsMinAddSub|busmux:inst25|lpm_mux:$00000|mux_smc:auto_generated|result_node[1]~13 ; |AbsMinAddSub|busmux:inst25|lpm_mux:$00000|mux_smc:auto_generated|result_node[1]~13 ; out0             ;
; |AbsMinAddSub|busmux:inst25|lpm_mux:$00000|mux_smc:auto_generated|result_node[1]    ; |AbsMinAddSub|busmux:inst25|lpm_mux:$00000|mux_smc:auto_generated|result_node[1]    ; out0             ;
; |AbsMinAddSub|busmux:inst25|lpm_mux:$00000|mux_smc:auto_generated|result_node[0]~15 ; |AbsMinAddSub|busmux:inst25|lpm_mux:$00000|mux_smc:auto_generated|result_node[0]~15 ; out0             ;
+-------------------------------------------------------------------------------------+-------------------------------------------------------------------------------------+------------------+


The following table displays output ports that do not toggle to 0 during simulation.
+----------------------------------------------------------------------------------------------------------------------------------------------------------------------------------------------+
; Missing 0-Value Coverage                                                                                                                                                                     ;
+-------------------------------------------------------------------------------------+-------------------------------------------------------------------------------------+------------------+
; Node Name                                                                           ; Output Port Name                                                                    ; Output Port Type ;
+-------------------------------------------------------------------------------------+-------------------------------------------------------------------------------------+------------------+
; |AbsMinAddSub|inst19[7]                                                             ; |AbsMinAddSub|inst19[7]                                                             ; out0             ;
; |AbsMinAddSub|inst19[6]                                                             ; |AbsMinAddSub|inst19[6]                                                             ; out0             ;
; |AbsMinAddSub|inst19[3]                                                             ; |AbsMinAddSub|inst19[3]                                                             ; out0             ;
; |AbsMinAddSub|inst19[2]                                                             ; |AbsMinAddSub|inst19[2]                                                             ; out0             ;
; |AbsMinAddSub|inst19[1]                                                             ; |AbsMinAddSub|inst19[1]                                                             ; out0             ;
; |AbsMinAddSub|inst19[0]                                                             ; |AbsMinAddSub|inst19[0]                                                             ; out0             ;
; |AbsMinAddSub|A[7]                                                                  ; |AbsMinAddSub|A[7]                                                                  ; out              ;
; |AbsMinAddSub|A[6]                                                                  ; |AbsMinAddSub|A[6]                                                                  ; out              ;
; |AbsMinAddSub|A[3]                                                                  ; |AbsMinAddSub|A[3]                                                                  ; out              ;
; |AbsMinAddSub|A[2]                                                                  ; |AbsMinAddSub|A[2]                                                                  ; out              ;
; |AbsMinAddSub|A[1]                                                                  ; |AbsMinAddSub|A[1]                                                                  ; out              ;
; |AbsMinAddSub|A[0]                                                                  ; |AbsMinAddSub|A[0]                                                                  ; out              ;
; |AbsMinAddSub|B[0]                                                                  ; |AbsMinAddSub|B[0]                                                                  ; out              ;
; |AbsMinAddSub|busmux:inst24|lpm_mux:$00000|mux_smc:auto_generated|result_node[7]~0  ; |AbsMinAddSub|busmux:inst24|lpm_mux:$00000|mux_smc:auto_generated|result_node[7]~0  ; out0             ;
; |AbsMinAddSub|busmux:inst24|lpm_mux:$00000|mux_smc:auto_generated|result_node[6]~2  ; |AbsMinAddSub|busmux:inst24|lpm_mux:$00000|mux_smc:auto_generated|result_node[6]~2  ; out0             ;
; |AbsMinAddSub|busmux:inst24|lpm_mux:$00000|mux_smc:auto_generated|result_node[5]~4  ; |AbsMinAddSub|busmux:inst24|lpm_mux:$00000|mux_smc:auto_generated|result_node[5]~4  ; out0             ;
; |AbsMinAddSub|busmux:inst24|lpm_mux:$00000|mux_smc:auto_generated|result_node[4]~6  ; |AbsMinAddSub|busmux:inst24|lpm_mux:$00000|mux_smc:auto_generated|result_node[4]~6  ; out0             ;
; |AbsMinAddSub|busmux:inst24|lpm_mux:$00000|mux_smc:auto_generated|result_node[3]~8  ; |AbsMinAddSub|busmux:inst24|lpm_mux:$00000|mux_smc:auto_generated|result_node[3]~8  ; out0             ;
; |AbsMinAddSub|busmux:inst24|lpm_mux:$00000|mux_smc:auto_generated|result_node[2]~10 ; |AbsMinAddSub|busmux:inst24|lpm_mux:$00000|mux_smc:auto_generated|result_node[2]~10 ; out0             ;
; |AbsMinAddSub|busmux:inst24|lpm_mux:$00000|mux_smc:auto_generated|result_node[1]~12 ; |AbsMinAddSub|busmux:inst24|lpm_mux:$00000|mux_smc:auto_generated|result_node[1]~12 ; out0             ;
; |AbsMinAddSub|busmux:inst24|lpm_mux:$00000|mux_smc:auto_generated|result_node[0]~14 ; |AbsMinAddSub|busmux:inst24|lpm_mux:$00000|mux_smc:auto_generated|result_node[0]~14 ; out0             ;
; |AbsMinAddSub|Sum8Bit:inst|Sum:inst6|inst5                                          ; |AbsMinAddSub|Sum8Bit:inst|Sum:inst6|inst5                                          ; out0             ;
; |AbsMinAddSub|Sum8Bit:inst|Sum:inst6|inst3                                          ; |AbsMinAddSub|Sum8Bit:inst|Sum:inst6|inst3                                          ; out0             ;
; |AbsMinAddSub|Sum8Bit:inst|Sum:inst7|inst5                                          ; |AbsMinAddSub|Sum8Bit:inst|Sum:inst7|inst5                                          ; out0             ;
; |AbsMinAddSub|Sum8Bit:inst|Sum:inst7|inst3                                          ; |AbsMinAddSub|Sum8Bit:inst|Sum:inst7|inst3                                          ; out0             ;
; |AbsMinAddSub|Sum8Bit:inst|Sum:inst3|inst5                                          ; |AbsMinAddSub|Sum8Bit:inst|Sum:inst3|inst5                                          ; out0             ;
; |AbsMinAddSub|Sum8Bit:inst|Sum:inst3|inst3                                          ; |AbsMinAddSub|Sum8Bit:inst|Sum:inst3|inst3                                          ; out0             ;
; |AbsMinAddSub|Sum8Bit:inst|Sum:inst5|inst5                                          ; |AbsMinAddSub|Sum8Bit:inst|Sum:inst5|inst5                                          ; out0             ;
; |AbsMinAddSub|Sum8Bit:inst|Sum:inst5|inst3                                          ; |AbsMinAddSub|Sum8Bit:inst|Sum:inst5|inst3                                          ; out0             ;
; |AbsMinAddSub|Sum8Bit:inst|Sum:inst4|inst5                                          ; |AbsMinAddSub|Sum8Bit:inst|Sum:inst4|inst5                                          ; out0             ;
; |AbsMinAddSub|Sum8Bit:inst|Sum:inst1|inst5                                          ; |AbsMinAddSub|Sum8Bit:inst|Sum:inst1|inst5                                          ; out0             ;
; |AbsMinAddSub|Sum8Bit:inst|Sum:inst1|inst3                                          ; |AbsMinAddSub|Sum8Bit:inst|Sum:inst1|inst3                                          ; out0             ;
; |AbsMinAddSub|busmux:inst25|lpm_mux:$00000|mux_smc:auto_generated|result_node[1]~13 ; |AbsMinAddSub|busmux:inst25|lpm_mux:$00000|mux_smc:auto_generated|result_node[1]~13 ; out0             ;
; |AbsMinAddSub|busmux:inst25|lpm_mux:$00000|mux_smc:auto_generated|result_node[0]~15 ; |AbsMinAddSub|busmux:inst25|lpm_mux:$00000|mux_smc:auto_generated|result_node[0]~15 ; out0             ;
+-------------------------------------------------------------------------------------+-------------------------------------------------------------------------------------+------------------+


+---------------------+
; Simulator INI Usage ;
+--------+------------+
; Option ; Usage      ;
+--------+------------+


+--------------------+
; Simulator Messages ;
+--------------------+
Info: *******************************************************************
Info: Running Quartus II 64-Bit Simulator
    Info: Version 13.0.1 Build 232 06/12/2013 Service Pack 1 SJ Web Edition
    Info: Processing started: Mon Nov 11 00:31:10 2024
Info: Command: quartus_sim --simulation_results_format=VWF Register_mer -c Register_mer
Info (324025): Using vector source file "D:/study/year3/TKLLS/CE118/DoAn/Register_Mer/Waveform17.vwf"
Info (310003): Option to preserve fewer signal transitions to reduce memory requirements is enabled
    Info (310004): Simulation has been partitioned into sub-simulations according to the maximum transition count determined by the engine. Transitions from memory will be flushed out to disk at the end of each sub-simulation to reduce memory requirements.
Info (310002): Simulation partitioned into 1 sub-simulations
Info (328053): Simulation coverage is      56.76 %
Info (328052): Number of transitions in simulation is 334
Info (324045): Vector file Register_mer.sim.vwf is saved in VWF text format. You can compress it into CVWF format in order to reduce file size. For more details please refer to the Quartus II Help.
Info: Quartus II 64-Bit Simulator was successful. 0 errors, 0 warnings
    Info: Peak virtual memory: 4445 megabytes
    Info: Processing ended: Mon Nov 11 00:31:10 2024
    Info: Elapsed time: 00:00:00
    Info: Total CPU time (on all processors): 00:00:00


