Analysis & Synthesis report for Tong1_9
Mon Dec 02 15:35:29 2024
Quartus II 64-Bit Version 13.0.1 Build 232 06/12/2013 Service Pack 1 SJ Web Edition


---------------------
; Table of Contents ;
---------------------
  1. Legal Notice
  2. Analysis & Synthesis Summary
  3. Analysis & Synthesis Settings
  4. Parallel Compilation
  5. Analysis & Synthesis Source Files Read
  6. Analysis & Synthesis Resource Usage Summary
  7. Analysis & Synthesis Resource Utilization by Entity
  8. General Register Statistics
  9. Parameter Settings for User Entity Instance: Datapath:inst1|Register1x8:inst2|BUSMUX:inst1
 10. Parameter Settings for User Entity Instance: Datapath:inst1|BUSMUX:inst9
 11. Elapsed Time Per Partition
 12. Analysis & Synthesis Messages



----------------
; Legal Notice ;
----------------
Copyright (C) 1991-2013 Altera Corporation
Your use of Altera Corporation's design tools, logic functions 
and other software and tools, and its AMPP partner logic 
functions, and any output files from any of the foregoing 
(including device programming or simulation files), and any 
associated documentation or information are expressly subject 
to the terms and conditions of the Altera Program License 
Subscription Agreement, Altera MegaCore Function License 
Agreement, or other applicable license agreement, including, 
without limitation, that your use is for the sole purpose of 
programming logic devices manufactured by Altera and sold by 
Altera or its authorized distributors.  Please refer to the 
applicable agreement for further details.



+--------------------------------------------------------------------------------------+
; Analysis & Synthesis Summary                                                         ;
+------------------------------------+-------------------------------------------------+
; Analysis & Synthesis Status        ; Successful - Mon Dec 02 15:35:29 2024           ;
; Quartus II 64-Bit Version          ; 13.0.1 Build 232 06/12/2013 SP 1 SJ Web Edition ;
; Revision Name                      ; Tong1_9                                         ;
; Top-level Entity Name              ; Tong1_9                                         ;
; Family                             ; Cyclone II                                      ;
; Total logic elements               ; 26                                              ;
;     Total combinational functions  ; 26                                              ;
;     Dedicated logic registers      ; 12                                              ;
; Total registers                    ; 12                                              ;
; Total pins                         ; 15                                              ;
; Total virtual pins                 ; 0                                               ;
; Total memory bits                  ; 0                                               ;
; Embedded Multiplier 9-bit elements ; 0                                               ;
; Total PLLs                         ; 0                                               ;
+------------------------------------+-------------------------------------------------+


+----------------------------------------------------------------------------------------------------------------------+
; Analysis & Synthesis Settings                                                                                        ;
+----------------------------------------------------------------------------+--------------------+--------------------+
; Option                                                                     ; Setting            ; Default Value      ;
+----------------------------------------------------------------------------+--------------------+--------------------+
; Device                                                                     ; EP2C35F672C6       ;                    ;
; Top-level entity name                                                      ; Tong1_9            ; Tong1_9            ;
; Family name                                                                ; Cyclone II         ; Cyclone IV GX      ;
; Use smart compilation                                                      ; Off                ; Off                ;
; Enable parallel Assembler and TimeQuest Timing Analyzer during compilation ; On                 ; On                 ;
; Enable compact report table                                                ; Off                ; Off                ;
; Restructure Multiplexers                                                   ; Auto               ; Auto               ;
; Create Debugging Nodes for IP Cores                                        ; Off                ; Off                ;
; Preserve fewer node names                                                  ; On                 ; On                 ;
; Disable OpenCore Plus hardware evaluation                                  ; Off                ; Off                ;
; Verilog Version                                                            ; Verilog_2001       ; Verilog_2001       ;
; VHDL Version                                                               ; VHDL_1993          ; VHDL_1993          ;
; State Machine Processing                                                   ; Auto               ; Auto               ;
; Safe State Machine                                                         ; Off                ; Off                ;
; Extract Verilog State Machines                                             ; On                 ; On                 ;
; Extract VHDL State Machines                                                ; On                 ; On                 ;
; Ignore Verilog initial constructs                                          ; Off                ; Off                ;
; Iteration limit for constant Verilog loops                                 ; 5000               ; 5000               ;
; Iteration limit for non-constant Verilog loops                             ; 250                ; 250                ;
; Add Pass-Through Logic to Inferred RAMs                                    ; On                 ; On                 ;
; Infer RAMs from Raw Logic                                                  ; On                 ; On                 ;
; Parallel Synthesis                                                         ; On                 ; On                 ;
; DSP Block Balancing                                                        ; Auto               ; Auto               ;
; NOT Gate Push-Back                                                         ; On                 ; On                 ;
; Power-Up Don't Care                                                        ; On                 ; On                 ;
; Remove Redundant Logic Cells                                               ; Off                ; Off                ;
; Remove Duplicate Registers                                                 ; On                 ; On                 ;
; Ignore CARRY Buffers                                                       ; Off                ; Off                ;
; Ignore CASCADE Buffers                                                     ; Off                ; Off                ;
; Ignore GLOBAL Buffers                                                      ; Off                ; Off                ;
; Ignore ROW GLOBAL Buffers                                                  ; Off                ; Off                ;
; Ignore LCELL Buffers                                                       ; Off                ; Off                ;
; Ignore SOFT Buffers                                                        ; On                 ; On                 ;
; Limit AHDL Integers to 32 Bits                                             ; Off                ; Off                ;
; Optimization Technique                                                     ; Balanced           ; Balanced           ;
; Carry Chain Length                                                         ; 70                 ; 70                 ;
; Auto Carry Chains                                                          ; On                 ; On                 ;
; Auto Open-Drain Pins                                                       ; On                 ; On                 ;
; Perform WYSIWYG Primitive Resynthesis                                      ; Off                ; Off                ;
; Auto ROM Replacement                                                       ; On                 ; On                 ;
; Auto RAM Replacement                                                       ; On                 ; On                 ;
; Auto Shift Register Replacement                                            ; Auto               ; Auto               ;
; Allow Shift Register Merging across Hierarchies                            ; Auto               ; Auto               ;
; Auto Clock Enable Replacement                                              ; On                 ; On                 ;
; Strict RAM Replacement                                                     ; Off                ; Off                ;
; Allow Synchronous Control Signals                                          ; On                 ; On                 ;
; Force Use of Synchronous Clear Signals                                     ; Off                ; Off                ;
; Auto RAM to Logic Cell Conversion                                          ; Off                ; Off                ;
; Auto Resource Sharing                                                      ; Off                ; Off                ;
; Allow Any RAM Size For Recognition                                         ; Off                ; Off                ;
; Allow Any ROM Size For Recognition                                         ; Off                ; Off                ;
; Allow Any Shift Register Size For Recognition                              ; Off                ; Off                ;
; Use LogicLock Constraints during Resource Balancing                        ; On                 ; On                 ;
; Ignore translate_off and synthesis_off directives                          ; Off                ; Off                ;
; Timing-Driven Synthesis                                                    ; Off                ; Off                ;
; Report Parameter Settings                                                  ; On                 ; On                 ;
; Report Source Assignments                                                  ; On                 ; On                 ;
; Report Connectivity Checks                                                 ; On                 ; On                 ;
; Ignore Maximum Fan-Out Assignments                                         ; Off                ; Off                ;
; Synchronization Register Chain Length                                      ; 2                  ; 2                  ;
; PowerPlay Power Optimization                                               ; Normal compilation ; Normal compilation ;
; HDL message level                                                          ; Level2             ; Level2             ;
; Suppress Register Optimization Related Messages                            ; Off                ; Off                ;
; Number of Removed Registers Reported in Synthesis Report                   ; 5000               ; 5000               ;
; Number of Swept Nodes Reported in Synthesis Report                         ; 5000               ; 5000               ;
; Number of Inverted Registers Reported in Synthesis Report                  ; 100                ; 100                ;
; Clock MUX Protection                                                       ; On                 ; On                 ;
; Auto Gated Clock Conversion                                                ; Off                ; Off                ;
; Block Design Naming                                                        ; Auto               ; Auto               ;
; SDC constraint protection                                                  ; Off                ; Off                ;
; Synthesis Effort                                                           ; Auto               ; Auto               ;
; Shift Register Replacement - Allow Asynchronous Clear Signal               ; On                 ; On                 ;
; Pre-Mapping Resynthesis Optimization                                       ; Off                ; Off                ;
; Analysis & Synthesis Message Level                                         ; Medium             ; Medium             ;
; Disable Register Merging Across Hierarchies                                ; Auto               ; Auto               ;
; Resource Aware Inference For Block RAM                                     ; On                 ; On                 ;
; Synthesis Seed                                                             ; 1                  ; 1                  ;
+----------------------------------------------------------------------------+--------------------+--------------------+


Parallel compilation was disabled, but you have multiple processors available. Enable parallel compilation to reduce compilation time.
+-------------------------------------+
; Parallel Compilation                ;
+----------------------------+--------+
; Processors                 ; Number ;
+----------------------------+--------+
; Number detected on machine ; 16     ;
; Maximum allowed            ; 1      ;
+----------------------------+--------+


+-----------------------------------------------------------------------------------------------------------------------------------------------------------------------------+
; Analysis & Synthesis Source Files Read                                                                                                                                      ;
+----------------------------------+-----------------+------------------------------------------+-------------------------------------------------------------------+---------+
; File Name with User-Entered Path ; Used in Netlist ; File Type                                ; File Name with Absolute Path                                      ; Library ;
+----------------------------------+-----------------+------------------------------------------+-------------------------------------------------------------------+---------+
; Tong1_9.bdf                      ; yes             ; User Block Diagram/Schematic File        ; C:/Users/MinzHung/Downloads/Final_do_an/Tong1_9/Tong1_9.bdf       ;         ;
; Sum.bdf                          ; yes             ; User Block Diagram/Schematic File        ; C:/Users/MinzHung/Downloads/Final_do_an/Tong1_9/Sum.bdf           ;         ;
; counter.bdf                      ; yes             ; User Block Diagram/Schematic File        ; C:/Users/MinzHung/Downloads/Final_do_an/Tong1_9/counter.bdf       ;         ;
; Datapath.bdf                     ; yes             ; User Block Diagram/Schematic File        ; C:/Users/MinzHung/Downloads/Final_do_an/Tong1_9/Datapath.bdf      ;         ;
; Control.bdf                      ; yes             ; User Block Diagram/Schematic File        ; C:/Users/MinzHung/Downloads/Final_do_an/Tong1_9/Control.bdf       ;         ;
; Register1x8.bdf                  ; yes             ; User Block Diagram/Schematic File        ; C:/Users/MinzHung/Downloads/Final_do_an/Tong1_9/Register1x8.bdf   ;         ;
; Sum7Bit.bdf                      ; yes             ; User Block Diagram/Schematic File        ; C:/Users/MinzHung/Downloads/Final_do_an/Tong1_9/Sum7Bit.bdf       ;         ;
; OutputBlock2.bdf                 ; yes             ; User Block Diagram/Schematic File        ; C:/Users/MinzHung/Downloads/Final_do_an/Tong1_9/OutputBlock2.bdf  ;         ;
; CurrentState2.bdf                ; yes             ; User Block Diagram/Schematic File        ; C:/Users/MinzHung/Downloads/Final_do_an/Tong1_9/CurrentState2.bdf ;         ;
; NextState2.bdf                   ; yes             ; User Block Diagram/Schematic File        ; C:/Users/MinzHung/Downloads/Final_do_an/Tong1_9/NextState2.bdf    ;         ;
; has.bdf                          ; yes             ; Auto-Found Block Diagram/Schematic File  ; C:/Users/MinzHung/Downloads/Final_do_an/Tong1_9/has.bdf           ;         ;
; 21mux.bdf                        ; yes             ; Megafunction                             ; c:/altera/13.0sp1/quartus/libraries/others/maxplus2/21mux.bdf     ;         ;
; busmux.tdf                       ; yes             ; Megafunction                             ; c:/altera/13.0sp1/quartus/libraries/megafunctions/busmux.tdf      ;         ;
; lpm_mux.inc                      ; yes             ; Megafunction                             ; c:/altera/13.0sp1/quartus/libraries/megafunctions/lpm_mux.inc     ;         ;
; lpm_mux.tdf                      ; yes             ; Megafunction                             ; c:/altera/13.0sp1/quartus/libraries/megafunctions/lpm_mux.tdf     ;         ;
; aglobal130.inc                   ; yes             ; Megafunction                             ; c:/altera/13.0sp1/quartus/libraries/megafunctions/aglobal130.inc  ;         ;
; muxlut.inc                       ; yes             ; Megafunction                             ; c:/altera/13.0sp1/quartus/libraries/megafunctions/muxlut.inc      ;         ;
; bypassff.inc                     ; yes             ; Megafunction                             ; c:/altera/13.0sp1/quartus/libraries/megafunctions/bypassff.inc    ;         ;
; altshift.inc                     ; yes             ; Megafunction                             ; c:/altera/13.0sp1/quartus/libraries/megafunctions/altshift.inc    ;         ;
; db/mux_rmc.tdf                   ; yes             ; Auto-Generated Megafunction              ; C:/Users/MinzHung/Downloads/Final_do_an/Tong1_9/db/mux_rmc.tdf    ;         ;
+----------------------------------+-----------------+------------------------------------------+-------------------------------------------------------------------+---------+


+-----------------------------------------------------+
; Analysis & Synthesis Resource Usage Summary         ;
+---------------------------------------------+-------+
; Resource                                    ; Usage ;
+---------------------------------------------+-------+
; Estimated Total logic elements              ; 26    ;
;                                             ;       ;
; Total combinational functions               ; 26    ;
; Logic element usage by number of LUT inputs ;       ;
;     -- 4 input functions                    ; 17    ;
;     -- 3 input functions                    ; 5     ;
;     -- <=2 input functions                  ; 4     ;
;                                             ;       ;
; Logic elements by mode                      ;       ;
;     -- normal mode                          ; 26    ;
;     -- arithmetic mode                      ; 0     ;
;                                             ;       ;
; Total registers                             ; 12    ;
;     -- Dedicated logic registers            ; 12    ;
;     -- I/O registers                        ; 0     ;
;                                             ;       ;
; I/O pins                                    ; 15    ;
; Embedded Multiplier 9-bit elements          ; 0     ;
; Maximum fan-out node                        ; CLK   ;
; Maximum fan-out                             ; 12    ;
; Total fan-out                               ; 131   ;
; Average fan-out                             ; 2.47  ;
+---------------------------------------------+-------+


+----------------------------------------------------------------------------------------------------------------------------------------------------------------------------------------------------------------------------------------------+
; Analysis & Synthesis Resource Utilization by Entity                                                                                                                                                                                          ;
+--------------------------------------+-------------------+--------------+-------------+--------------+---------+-----------+------+--------------+----------------------------------------------------------------------------+--------------+
; Compilation Hierarchy Node           ; LC Combinationals ; LC Registers ; Memory Bits ; DSP Elements ; DSP 9x9 ; DSP 18x18 ; Pins ; Virtual Pins ; Full Hierarchy Name                                                        ; Library Name ;
+--------------------------------------+-------------------+--------------+-------------+--------------+---------+-----------+------+--------------+----------------------------------------------------------------------------+--------------+
; |Tong1_9                             ; 26 (1)            ; 12 (0)       ; 0           ; 0            ; 0       ; 0         ; 15   ; 0            ; |Tong1_9                                                                   ; work         ;
;    |Control:inst|                    ; 2 (0)             ; 1 (0)        ; 0           ; 0            ; 0       ; 0         ; 0    ; 0            ; |Tong1_9|Control:inst                                                      ; work         ;
;       |CurrentState2:inst1|          ; 0 (0)             ; 1 (1)        ; 0           ; 0            ; 0       ; 0         ; 0    ; 0            ; |Tong1_9|Control:inst|CurrentState2:inst1                                  ; work         ;
;       |NextState2:inst|              ; 2 (2)             ; 0 (0)        ; 0           ; 0            ; 0       ; 0         ; 0    ; 0            ; |Tong1_9|Control:inst|NextState2:inst                                      ; work         ;
;    |Datapath:inst1|                  ; 23 (2)            ; 11 (0)       ; 0           ; 0            ; 0       ; 0         ; 0    ; 0            ; |Tong1_9|Datapath:inst1                                                    ; work         ;
;       |Register1x8:inst2|            ; 0 (0)             ; 7 (7)        ; 0           ; 0            ; 0       ; 0         ; 0    ; 0            ; |Tong1_9|Datapath:inst1|Register1x8:inst2                                  ; work         ;
;       |Sum7Bit:inst11|               ; 6 (0)             ; 0 (0)        ; 0           ; 0            ; 0       ; 0         ; 0    ; 0            ; |Tong1_9|Datapath:inst1|Sum7Bit:inst11                                     ; work         ;
;          |Sum:inst1|                 ; 2 (2)             ; 0 (0)        ; 0           ; 0            ; 0       ; 0         ; 0    ; 0            ; |Tong1_9|Datapath:inst1|Sum7Bit:inst11|Sum:inst1                           ; work         ;
;          |Sum:inst2|                 ; 2 (2)             ; 0 (0)        ; 0           ; 0            ; 0       ; 0         ; 0    ; 0            ; |Tong1_9|Datapath:inst1|Sum7Bit:inst11|Sum:inst2                           ; work         ;
;          |Sum:inst5|                 ; 2 (2)             ; 0 (0)        ; 0           ; 0            ; 0       ; 0         ; 0    ; 0            ; |Tong1_9|Datapath:inst1|Sum7Bit:inst11|Sum:inst5                           ; work         ;
;       |busmux:inst9|                 ; 8 (0)             ; 0 (0)        ; 0           ; 0            ; 0       ; 0         ; 0    ; 0            ; |Tong1_9|Datapath:inst1|busmux:inst9                                       ; work         ;
;          |lpm_mux:$00000|            ; 8 (0)             ; 0 (0)        ; 0           ; 0            ; 0       ; 0         ; 0    ; 0            ; |Tong1_9|Datapath:inst1|busmux:inst9|lpm_mux:$00000                        ; work         ;
;             |mux_rmc:auto_generated| ; 8 (8)             ; 0 (0)        ; 0           ; 0            ; 0       ; 0         ; 0    ; 0            ; |Tong1_9|Datapath:inst1|busmux:inst9|lpm_mux:$00000|mux_rmc:auto_generated ; work         ;
;       |counter:inst10|               ; 7 (0)             ; 4 (4)        ; 0           ; 0            ; 0       ; 0         ; 0    ; 0            ; |Tong1_9|Datapath:inst1|counter:inst10                                     ; work         ;
;          |21mux:inst13|              ; 1 (1)             ; 0 (0)        ; 0           ; 0            ; 0       ; 0         ; 0    ; 0            ; |Tong1_9|Datapath:inst1|counter:inst10|21mux:inst13                        ; work         ;
;          |21mux:inst14|              ; 1 (1)             ; 0 (0)        ; 0           ; 0            ; 0       ; 0         ; 0    ; 0            ; |Tong1_9|Datapath:inst1|counter:inst10|21mux:inst14                        ; work         ;
;          |21mux:inst15|              ; 1 (1)             ; 0 (0)        ; 0           ; 0            ; 0       ; 0         ; 0    ; 0            ; |Tong1_9|Datapath:inst1|counter:inst10|21mux:inst15                        ; work         ;
;          |21mux:inst8|               ; 1 (1)             ; 0 (0)        ; 0           ; 0            ; 0       ; 0         ; 0    ; 0            ; |Tong1_9|Datapath:inst1|counter:inst10|21mux:inst8                         ; work         ;
;          |HAS:inst4|                 ; 1 (1)             ; 0 (0)        ; 0           ; 0            ; 0       ; 0         ; 0    ; 0            ; |Tong1_9|Datapath:inst1|counter:inst10|HAS:inst4                           ; work         ;
;          |HAS:inst5|                 ; 1 (1)             ; 0 (0)        ; 0           ; 0            ; 0       ; 0         ; 0    ; 0            ; |Tong1_9|Datapath:inst1|counter:inst10|HAS:inst5                           ; work         ;
;          |HAS:inst6|                 ; 1 (1)             ; 0 (0)        ; 0           ; 0            ; 0       ; 0         ; 0    ; 0            ; |Tong1_9|Datapath:inst1|counter:inst10|HAS:inst6                           ; work         ;
+--------------------------------------+-------------------+--------------+-------------+--------------+---------+-----------+------+--------------+----------------------------------------------------------------------------+--------------+
Note: For table entries with two numbers listed, the numbers in parentheses indicate the number of resources of the given type used by the specific entity alone. The numbers listed outside of parentheses indicate the total resources of the given type used by the specific entity and all of its sub-entities in the hierarchy.


+------------------------------------------------------+
; General Register Statistics                          ;
+----------------------------------------------+-------+
; Statistic                                    ; Value ;
+----------------------------------------------+-------+
; Total registers                              ; 12    ;
; Number of registers using Synchronous Clear  ; 0     ;
; Number of registers using Synchronous Load   ; 0     ;
; Number of registers using Asynchronous Clear ; 1     ;
; Number of registers using Asynchronous Load  ; 0     ;
; Number of registers using Clock Enable       ; 7     ;
; Number of registers using Preset             ; 0     ;
+----------------------------------------------+-------+


+--------------------------------------------------------------------------------------------+
; Parameter Settings for User Entity Instance: Datapath:inst1|Register1x8:inst2|BUSMUX:inst1 ;
+----------------+-------+-------------------------------------------------------------------+
; Parameter Name ; Value ; Type                                                              ;
+----------------+-------+-------------------------------------------------------------------+
; WIDTH          ; 7     ; Untyped                                                           ;
+----------------+-------+-------------------------------------------------------------------+
Note: In order to hide this table in the UI and the text report file, please set the "Show Parameter Settings in Synthesis Report" option in "Analysis and Synthesis Settings -> More Settings" to "Off".


+--------------------------------------------------------------------------+
; Parameter Settings for User Entity Instance: Datapath:inst1|BUSMUX:inst9 ;
+----------------+-------+-------------------------------------------------+
; Parameter Name ; Value ; Type                                            ;
+----------------+-------+-------------------------------------------------+
; WIDTH          ; 7     ; Untyped                                         ;
+----------------+-------+-------------------------------------------------+
Note: In order to hide this table in the UI and the text report file, please set the "Show Parameter Settings in Synthesis Report" option in "Analysis and Synthesis Settings -> More Settings" to "Off".


+-------------------------------+
; Elapsed Time Per Partition    ;
+----------------+--------------+
; Partition Name ; Elapsed Time ;
+----------------+--------------+
; Top            ; 00:00:00     ;
+----------------+--------------+


+-------------------------------+
; Analysis & Synthesis Messages ;
+-------------------------------+
Info: *******************************************************************
Info: Running Quartus II 64-Bit Analysis & Synthesis
    Info: Version 13.0.1 Build 232 06/12/2013 Service Pack 1 SJ Web Edition
    Info: Processing started: Mon Dec 02 15:35:28 2024
Info: Command: quartus_map --read_settings_files=on --write_settings_files=off Tong1_9 -c Tong1_9
Warning (20028): Parallel compilation is not licensed and has been disabled
Info (12021): Found 1 design units, including 1 entities, in source file tong1_9.bdf
    Info (12023): Found entity 1: Tong1_9
Info (12021): Found 1 design units, including 1 entities, in source file sum.bdf
    Info (12023): Found entity 1: Sum
Info (12021): Found 1 design units, including 1 entities, in source file sum_6bit.bdf
    Info (12023): Found entity 1: Sum_6bit
Info (12021): Found 1 design units, including 1 entities, in source file counter.bdf
    Info (12023): Found entity 1: counter
Info (12021): Found 1 design units, including 1 entities, in source file check_9.bdf
    Info (12023): Found entity 1: check_9
Info (12021): Found 1 design units, including 1 entities, in source file const_0_5bit.bdf
    Info (12023): Found entity 1: Const_0_5bit
Info (12021): Found 1 design units, including 1 entities, in source file const_1_4bit.bdf
    Info (12023): Found entity 1: Const_1_4bit
Info (12021): Found 1 design units, including 1 entities, in source file datapath.bdf
    Info (12023): Found entity 1: Datapath
Info (12021): Found 1 design units, including 1 entities, in source file control.bdf
    Info (12023): Found entity 1: Control
Info (12021): Found 1 design units, including 1 entities, in source file register1x8.bdf
    Info (12023): Found entity 1: Register1x8
Info (12021): Found 1 design units, including 1 entities, in source file sum7bit.bdf
    Info (12023): Found entity 1: Sum7Bit
Info (12021): Found 1 design units, including 1 entities, in source file outputblock.bdf
    Info (12023): Found entity 1: OutputBlock
Info (12021): Found 1 design units, including 1 entities, in source file outputblock2.bdf
    Info (12023): Found entity 1: OutputBlock2
Info (12021): Found 1 design units, including 1 entities, in source file currentstate2.bdf
    Info (12023): Found entity 1: CurrentState2
Info (12021): Found 1 design units, including 1 entities, in source file nextstate2.bdf
    Info (12023): Found entity 1: NextState2
Info (12127): Elaborating entity "Tong1_9" for the top level hierarchy
Info (12128): Elaborating entity "Datapath" for hierarchy "Datapath:inst1"
Warning (275085): Found inconsistent dimensions for element "C"
Warning (275085): Found inconsistent dimensions for element "C"
Warning (275085): Found inconsistent dimensions for element "C"
Warning (275085): Found inconsistent dimensions for element "C"
Warning (275085): Found inconsistent dimensions for element "C"
Warning (275080): Converted elements in bus name "C" using legacy naming rules. Make any assignments on the new names, not on the original names.
    Warning (275081): Converted element name(s) from "C[6..0]" to "C6..0"
    Warning (275081): Converted element name(s) from "C[6..4]" to "C6..4"
    Warning (275081): Converted element name(s) from "C[3]" to "C3"
    Warning (275081): Converted element name(s) from "C[2]" to "C2"
    Warning (275081): Converted element name(s) from "C[1]" to "C1"
    Warning (275081): Converted element name(s) from "C[0]" to "C0"
    Warning (275081): Converted element name(s) from "C[3..0]" to "C3..0"
Info (12128): Elaborating entity "counter" for hierarchy "Datapath:inst1|counter:inst10"
Warning (12125): Using design file has.bdf, which is not specified as a design file for the current project, but contains definitions for 1 design units and 1 entities in project
    Info (12023): Found entity 1: HAS
Info (12128): Elaborating entity "HAS" for hierarchy "Datapath:inst1|counter:inst10|HAS:inst4"
Info (12128): Elaborating entity "21mux" for hierarchy "Datapath:inst1|counter:inst10|21mux:inst14"
Info (12130): Elaborated megafunction instantiation "Datapath:inst1|counter:inst10|21mux:inst14"
Info (12128): Elaborating entity "Register1x8" for hierarchy "Datapath:inst1|Register1x8:inst2"
Info (12128): Elaborating entity "BUSMUX" for hierarchy "Datapath:inst1|Register1x8:inst2|BUSMUX:inst1"
Info (12130): Elaborated megafunction instantiation "Datapath:inst1|Register1x8:inst2|BUSMUX:inst1"
Info (12133): Instantiated megafunction "Datapath:inst1|Register1x8:inst2|BUSMUX:inst1" with the following parameter:
    Info (12134): Parameter "WIDTH" = "7"
Info (12128): Elaborating entity "lpm_mux" for hierarchy "Datapath:inst1|Register1x8:inst2|BUSMUX:inst1|lpm_mux:$00000"
Info (12131): Elaborated megafunction instantiation "Datapath:inst1|Register1x8:inst2|BUSMUX:inst1|lpm_mux:$00000", which is child of megafunction instantiation "Datapath:inst1|Register1x8:inst2|BUSMUX:inst1"
Info (12021): Found 1 design units, including 1 entities, in source file db/mux_rmc.tdf
    Info (12023): Found entity 1: mux_rmc
Info (12128): Elaborating entity "mux_rmc" for hierarchy "Datapath:inst1|Register1x8:inst2|BUSMUX:inst1|lpm_mux:$00000|mux_rmc:auto_generated"
Info (12128): Elaborating entity "BUSMUX" for hierarchy "Datapath:inst1|BUSMUX:inst9"
Info (12130): Elaborated megafunction instantiation "Datapath:inst1|BUSMUX:inst9"
Info (12133): Instantiated megafunction "Datapath:inst1|BUSMUX:inst9" with the following parameter:
    Info (12134): Parameter "WIDTH" = "7"
Info (12128): Elaborating entity "Sum7Bit" for hierarchy "Datapath:inst1|Sum7Bit:inst11"
Info (12128): Elaborating entity "Sum" for hierarchy "Datapath:inst1|Sum7Bit:inst11|Sum:inst7"
Info (12128): Elaborating entity "Control" for hierarchy "Control:inst"
Info (12128): Elaborating entity "OutputBlock2" for hierarchy "Control:inst|OutputBlock2:inst2"
Info (12128): Elaborating entity "CurrentState2" for hierarchy "Control:inst|CurrentState2:inst1"
Info (12128): Elaborating entity "NextState2" for hierarchy "Control:inst|NextState2:inst"
Warning (13044): Always-enabled tri-state buffer(s) removed
    Warning (13045): Converted the fanout from the always-enabled tri-state buffer "Datapath:inst1|Register1x8:inst2|inst2[6]" to the node "Y[6]" into a wire
    Warning (13045): Converted the fanout from the always-enabled tri-state buffer "Datapath:inst1|Register1x8:inst2|inst2[5]" to the node "Y[5]" into a wire
    Warning (13045): Converted the fanout from the always-enabled tri-state buffer "Datapath:inst1|Register1x8:inst2|inst2[4]" to the node "Y[4]" into a wire
    Warning (13045): Converted the fanout from the always-enabled tri-state buffer "Datapath:inst1|Register1x8:inst2|inst2[3]" to the node "Y[3]" into a wire
    Warning (13045): Converted the fanout from the always-enabled tri-state buffer "Datapath:inst1|Register1x8:inst2|inst2[2]" to the node "Y[2]" into a wire
    Warning (13045): Converted the fanout from the always-enabled tri-state buffer "Datapath:inst1|Register1x8:inst2|inst2[1]" to the node "Y[1]" into a wire
    Warning (13045): Converted the fanout from the always-enabled tri-state buffer "Datapath:inst1|Register1x8:inst2|inst2[0]" to the node "Y[0]" into a wire
    Warning (13045): Converted the fanout from the always-enabled tri-state buffer "Datapath:inst1|Register1x8:inst2|inst2[6]" to the node "Datapath:inst1|Sum7Bit:inst11|Sum:inst7|inst1" into a wire
Warning (13046): Tri-state node(s) do not directly drive top-level pin(s)
    Warning (13047): Converted the fan-out from the tri-state buffer "Datapath:inst1|Register1x8:inst2|inst2[5]" to the node "Datapath:inst1|Sum7Bit:inst11|Sum:inst4|inst5" into an OR gate
    Warning (13047): Converted the fan-out from the tri-state buffer "Datapath:inst1|Register1x8:inst2|inst2[4]" to the node "Datapath:inst1|Sum7Bit:inst11|Sum:inst3|inst5" into an OR gate
    Warning (13047): Converted the fan-out from the tri-state buffer "Datapath:inst1|Register1x8:inst2|inst2[3]" to the node "Datapath:inst1|Sum7Bit:inst11|Sum:inst5|inst2" into an OR gate
    Warning (13047): Converted the fan-out from the tri-state buffer "Datapath:inst1|Register1x8:inst2|inst2[2]" to the node "Datapath:inst1|Sum7Bit:inst11|Sum:inst2|inst2" into an OR gate
    Warning (13047): Converted the fan-out from the tri-state buffer "Datapath:inst1|Register1x8:inst2|inst2[1]" to the node "Datapath:inst1|Sum7Bit:inst11|Sum:inst1|inst2" into an OR gate
    Warning (13047): Converted the fan-out from the tri-state buffer "Datapath:inst1|Register1x8:inst2|inst2[0]" to the node "Datapath:inst1|Sum7Bit:inst11|Sum:inst|inst" into an OR gate
Info (16010): Generating hard_block partition "hard_block:auto_generated_inst"
    Info (16011): Adding 0 node(s), including 0 DDIO, 0 PLL, 0 transceiver and 0 LCELL
Info (21057): Implemented 41 device resources after synthesis - the final resource count might be different
    Info (21058): Implemented 7 input pins
    Info (21059): Implemented 8 output pins
    Info (21061): Implemented 26 logic cells
Info: Quartus II 64-Bit Analysis & Synthesis was successful. 0 errors, 31 warnings
    Info: Peak virtual memory: 4602 megabytes
    Info: Processing ended: Mon Dec 02 15:35:29 2024
    Info: Elapsed time: 00:00:01
    Info: Total CPU time (on all processors): 00:00:01


